0 already in labels.jsonl · 13349 to generate
loading base model + adapter (the only GPU work) ...
  loaded in 1.3s
  [50/13349 this process · 50/13349 segment] 2.27s/row · 1473 chunks/h · ETA 9.03h for the segment · last finish=stop gen_tok=16
  [100/13349 this process · 100/13349 segment] 3.14s/row · 1514 chunks/h · ETA 8.75h for the segment · last finish=stop gen_tok=48
  [150/13349 this process · 150/13349 segment] 2.34s/row · 1472 chunks/h · ETA 8.96h for the segment · last finish=stop gen_tok=16
  [200/13349 this process · 200/13349 segment] 2.81s/row · 1408 chunks/h · ETA 9.34h for the segment · last finish=stop gen_tok=34
  [250/13349 this process · 250/13349 segment] 3.57s/row · 1406 chunks/h · ETA 9.31h for the segment · last finish=stop gen_tok=52
  [300/13349 this process · 300/13349 segment] 3.01s/row · 1423 chunks/h · ETA 9.17h for the segment · last finish=stop gen_tok=36
  [350/13349 this process · 350/13349 segment] 2.10s/row · 1427 chunks/h · ETA 9.11h for the segment · last finish=stop gen_tok=16
  [400/13349 this process · 400/13349 segment] 3.58s/row · 1434 chunks/h · ETA 9.03h for the segment · last finish=stop gen_tok=51
  [450/13349 this process · 450/13349 segment] 3.32s/row · 1440 chunks/h · ETA 8.96h for the segment · last finish=stop gen_tok=51
  [500/13349 this process · 500/13349 segment] 2.05s/row · 1441 chunks/h · ETA 8.92h for the segment · last finish=stop gen_tok=16
  [550/13349 this process · 550/13349 segment] 3.38s/row · 1435 chunks/h · ETA 8.92h for the segment · last finish=stop gen_tok=50
  [600/13349 this process · 600/13349 segment] 2.08s/row · 1426 chunks/h · ETA 8.94h for the segment · last finish=stop gen_tok=16
  [650/13349 this process · 650/13349 segment] 2.16s/row · 1425 chunks/h · ETA 8.91h for the segment · last finish=stop gen_tok=16
  [700/13349 this process · 700/13349 segment] 2.01s/row · 1414 chunks/h · ETA 8.94h for the segment · last finish=stop gen_tok=16
  [750/13349 this process · 750/13349 segment] 3.17s/row · 1410 chunks/h · ETA 8.94h for the segment · last finish=stop gen_tok=48
  [800/13349 this process · 800/13349 segment] 2.68s/row · 1405 chunks/h · ETA 8.93h for the segment · last finish=stop gen_tok=33
  [850/13349 this process · 850/13349 segment] 2.31s/row · 1401 chunks/h · ETA 8.92h for the segment · last finish=stop gen_tok=15
  [900/13349 this process · 900/13349 segment] 4.45s/row · 1409 chunks/h · ETA 8.84h for the segment · last finish=stop gen_tok=78
  [950/13349 this process · 950/13349 segment] 2.09s/row · 1410 chunks/h · ETA 8.79h for the segment · last finish=stop gen_tok=16
  [1000/13349 this process · 1000/13349 segment] 3.43s/row · 1408 chunks/h · ETA 8.77h for the segment · last finish=stop gen_tok=50
  [1050/13349 this process · 1050/13349 segment] 1.93s/row · 1403 chunks/h · ETA 8.77h for the segment · last finish=stop gen_tok=16
  [1100/13349 this process · 1100/13349 segment] 3.43s/row · 1408 chunks/h · ETA 8.70h for the segment · last finish=stop gen_tok=42
  [1150/13349 this process · 1150/13349 segment] 2.05s/row · 1402 chunks/h · ETA 8.70h for the segment · last finish=stop gen_tok=15
  [1200/13349 this process · 1200/13349 segment] 2.59s/row · 1401 chunks/h · ETA 8.67h for the segment · last finish=stop gen_tok=34
  [1250/13349 this process · 1250/13349 segment] 2.89s/row · 1402 chunks/h · ETA 8.63h for the segment · last finish=stop gen_tok=34
  [1300/13349 this process · 1300/13349 segment] 1.94s/row · 1401 chunks/h · ETA 8.60h for the segment · last finish=stop gen_tok=16
  [1350/13349 this process · 1350/13349 segment] 1.43s/row · 1400 chunks/h · ETA 8.57h for the segment · last finish=stop gen_tok=7
  [1400/13349 this process · 1400/13349 segment] 2.45s/row · 1398 chunks/h · ETA 8.55h for the segment · last finish=stop gen_tok=24
  [1450/13349 this process · 1450/13349 segment] 1.98s/row · 1400 chunks/h · ETA 8.50h for the segment · last finish=stop gen_tok=16
  [1500/13349 this process · 1500/13349 segment] 1.84s/row · 1403 chunks/h · ETA 8.45h for the segment · last finish=stop gen_tok=16
  [1550/13349 this process · 1550/13349 segment] 3.73s/row · 1404 chunks/h · ETA 8.40h for the segment · last finish=stop gen_tok=57
  [1600/13349 this process · 1600/13349 segment] 3.01s/row · 1403 chunks/h · ETA 8.37h for the segment · last finish=stop gen_tok=45
  [1650/13349 this process · 1650/13349 segment] 2.38s/row · 1404 chunks/h · ETA 8.33h for the segment · last finish=stop gen_tok=27
  [1700/13349 this process · 1700/13349 segment] 2.45s/row · 1406 chunks/h · ETA 8.29h for the segment · last finish=stop gen_tok=16
  [1750/13349 this process · 1750/13349 segment] 3.59s/row · 1407 chunks/h · ETA 8.24h for the segment · last finish=stop gen_tok=41
  [1800/13349 this process · 1800/13349 segment] 2.49s/row · 1401 chunks/h · ETA 8.24h for the segment · last finish=stop gen_tok=32
  [1850/13349 this process · 1850/13349 segment] 3.30s/row · 1401 chunks/h · ETA 8.21h for the segment · last finish=stop gen_tok=50
  [1900/13349 this process · 1900/13349 segment] 3.10s/row · 1399 chunks/h · ETA 8.18h for the segment · last finish=stop gen_tok=16
  [1950/13349 this process · 1950/13349 segment] 2.52s/row · 1399 chunks/h · ETA 8.15h for the segment · last finish=stop gen_tok=16
  [2000/13349 this process · 2000/13349 segment] 2.54s/row · 1399 chunks/h · ETA 8.11h for the segment · last finish=stop gen_tok=23
  [2050/13349 this process · 2050/13349 segment] 1.99s/row · 1399 chunks/h · ETA 8.08h for the segment · last finish=stop gen_tok=16
  [2100/13349 this process · 2100/13349 segment] 2.10s/row · 1396 chunks/h · ETA 8.06h for the segment · last finish=stop gen_tok=16
  [2150/13349 this process · 2150/13349 segment] 1.94s/row · 1392 chunks/h · ETA 8.04h for the segment · last finish=stop gen_tok=16
  [2200/13349 this process · 2200/13349 segment] 2.97s/row · 1387 chunks/h · ETA 8.04h for the segment · last finish=stop gen_tok=33
  [2250/13349 this process · 2250/13349 segment] 1.95s/row · 1388 chunks/h · ETA 8.00h for the segment · last finish=stop gen_tok=16
  [2300/13349 this process · 2300/13349 segment] 2.81s/row · 1385 chunks/h · ETA 7.98h for the segment · last finish=stop gen_tok=42
  [2350/13349 this process · 2350/13349 segment] 2.18s/row · 1385 chunks/h · ETA 7.94h for the segment · last finish=stop gen_tok=16
  [2400/13349 this process · 2400/13349 segment] 1.95s/row · 1383 chunks/h · ETA 7.92h for the segment · last finish=stop gen_tok=16
  [2450/13349 this process · 2450/13349 segment] 2.20s/row · 1385 chunks/h · ETA 7.87h for the segment · last finish=stop gen_tok=16
  [2500/13349 this process · 2500/13349 segment] 2.72s/row · 1386 chunks/h · ETA 7.83h for the segment · last finish=stop gen_tok=23
  [2550/13349 this process · 2550/13349 segment] 2.62s/row · 1384 chunks/h · ETA 7.80h for the segment · last finish=stop gen_tok=37
  [2600/13349 this process · 2600/13349 segment] 3.32s/row · 1384 chunks/h · ETA 7.77h for the segment · last finish=stop gen_tok=41
  [2650/13349 this process · 2650/13349 segment] 2.11s/row · 1382 chunks/h · ETA 7.74h for the segment · last finish=stop gen_tok=16
  [2700/13349 this process · 2700/13349 segment] 2.34s/row · 1383 chunks/h · ETA 7.70h for the segment · last finish=stop gen_tok=23
  [2750/13349 this process · 2750/13349 segment] 2.14s/row · 1382 chunks/h · ETA 7.67h for the segment · last finish=stop gen_tok=16
  [2800/13349 this process · 2800/13349 segment] 2.38s/row · 1381 chunks/h · ETA 7.64h for the segment · last finish=stop gen_tok=16
  [2850/13349 this process · 2850/13349 segment] 2.55s/row · 1378 chunks/h · ETA 7.62h for the segment · last finish=stop gen_tok=16
  [2900/13349 this process · 2900/13349 segment] 3.60s/row · 1379 chunks/h · ETA 7.58h for the segment · last finish=stop gen_tok=42
  [2950/13349 this process · 2950/13349 segment] 3.53s/row · 1378 chunks/h · ETA 7.55h for the segment · last finish=stop gen_tok=52
  [3000/13349 this process · 3000/13349 segment] 2.68s/row · 1377 chunks/h · ETA 7.52h for the segment · last finish=stop gen_tok=33
  [3050/13349 this process · 3050/13349 segment] 1.50s/row · 1376 chunks/h · ETA 7.49h for the segment · last finish=stop gen_tok=16
  [3100/13349 this process · 3100/13349 segment] 1.95s/row · 1377 chunks/h · ETA 7.45h for the segment · last finish=stop gen_tok=16
  [3150/13349 this process · 3150/13349 segment] 1.91s/row · 1377 chunks/h · ETA 7.41h for the segment · last finish=stop gen_tok=16
  [3200/13349 this process · 3200/13349 segment] 3.00s/row · 1375 chunks/h · ETA 7.38h for the segment · last finish=stop gen_tok=41
  [3250/13349 this process · 3250/13349 segment] 2.07s/row · 1375 chunks/h · ETA 7.35h for the segment · last finish=stop gen_tok=16
  [3300/13349 this process · 3300/13349 segment] 2.17s/row · 1374 chunks/h · ETA 7.31h for the segment · last finish=stop gen_tok=24
  [3350/13349 this process · 3350/13349 segment] 5.43s/row · 1370 chunks/h · ETA 7.30h for the segment · last finish=stop gen_tok=101
  [3400/13349 this process · 3400/13349 segment] 1.84s/row · 1372 chunks/h · ETA 7.25h for the segment · last finish=stop gen_tok=15
  [3450/13349 this process · 3450/13349 segment] 2.98s/row · 1371 chunks/h · ETA 7.22h for the segment · last finish=stop gen_tok=37
  [3500/13349 this process · 3500/13349 segment] 2.92s/row · 1370 chunks/h · ETA 7.19h for the segment · last finish=stop gen_tok=32
  [3550/13349 this process · 3550/13349 segment] 3.04s/row · 1369 chunks/h · ETA 7.16h for the segment · last finish=stop gen_tok=40
  [3600/13349 this process · 3600/13349 segment] 2.69s/row · 1368 chunks/h · ETA 7.13h for the segment · last finish=stop gen_tok=34
  [3650/13349 this process · 3650/13349 segment] 2.84s/row · 1365 chunks/h · ETA 7.11h for the segment · last finish=stop gen_tok=34
  [3700/13349 this process · 3700/13349 segment] 2.63s/row · 1364 chunks/h · ETA 7.07h for the segment · last finish=stop gen_tok=34
  [3750/13349 this process · 3750/13349 segment] 3.67s/row · 1362 chunks/h · ETA 7.05h for the segment · last finish=stop gen_tok=58
  [3800/13349 this process · 3800/13349 segment] 3.15s/row · 1361 chunks/h · ETA 7.01h for the segment · last finish=stop gen_tok=42
  [3850/13349 this process · 3850/13349 segment] 3.29s/row · 1362 chunks/h · ETA 6.97h for the segment · last finish=stop gen_tok=50
  [3900/13349 this process · 3900/13349 segment] 1.85s/row · 1363 chunks/h · ETA 6.93h for the segment · last finish=stop gen_tok=15
  [3950/13349 this process · 3950/13349 segment] 2.28s/row · 1363 chunks/h · ETA 6.90h for the segment · last finish=stop gen_tok=16
  [4000/13349 this process · 4000/13349 segment] 2.65s/row · 1361 chunks/h · ETA 6.87h for the segment · last finish=stop gen_tok=33
  [4050/13349 this process · 4050/13349 segment] 2.70s/row · 1361 chunks/h · ETA 6.83h for the segment · last finish=stop gen_tok=24
  [4100/13349 this process · 4100/13349 segment] 1.92s/row · 1362 chunks/h · ETA 6.79h for the segment · last finish=stop gen_tok=16
  [4150/13349 this process · 4150/13349 segment] 2.71s/row · 1365 chunks/h · ETA 6.74h for the segment · last finish=stop gen_tok=33
  [4200/13349 this process · 4200/13349 segment] 2.14s/row · 1365 chunks/h · ETA 6.70h for the segment · last finish=stop gen_tok=15
  [4250/13349 this process · 4250/13349 segment] 2.73s/row · 1364 chunks/h · ETA 6.67h for the segment · last finish=stop gen_tok=33
  [4300/13349 this process · 4300/13349 segment] 3.11s/row · 1363 chunks/h · ETA 6.64h for the segment · last finish=stop gen_tok=42
  [4350/13349 this process · 4350/13349 segment] 2.52s/row · 1364 chunks/h · ETA 6.60h for the segment · last finish=stop gen_tok=24
  [4400/13349 this process · 4400/13349 segment] 3.12s/row · 1363 chunks/h · ETA 6.57h for the segment · last finish=stop gen_tok=34
  [4450/13349 this process · 4450/13349 segment] 2.72s/row · 1362 chunks/h · ETA 6.54h for the segment · last finish=stop gen_tok=33
  [4500/13349 this process · 4500/13349 segment] 2.08s/row · 1363 chunks/h · ETA 6.49h for the segment · last finish=stop gen_tok=16
  [4550/13349 this process · 4550/13349 segment] 2.18s/row · 1364 chunks/h · ETA 6.45h for the segment · last finish=stop gen_tok=16
  [4600/13349 this process · 4600/13349 segment] 2.58s/row · 1365 chunks/h · ETA 6.41h for the segment · last finish=stop gen_tok=33
  [4650/13349 this process · 4650/13349 segment] 2.41s/row · 1367 chunks/h · ETA 6.36h for the segment · last finish=stop gen_tok=16
  [4700/13349 this process · 4700/13349 segment] 2.12s/row · 1368 chunks/h · ETA 6.32h for the segment · last finish=stop gen_tok=16
  [4750/13349 this process · 4750/13349 segment] 2.78s/row · 1368 chunks/h · ETA 6.28h for the segment · last finish=stop gen_tok=32
  [4800/13349 this process · 4800/13349 segment] 1.93s/row · 1370 chunks/h · ETA 6.24h for the segment · last finish=stop gen_tok=15
  [4850/13349 this process · 4850/13349 segment] 2.16s/row · 1370 chunks/h · ETA 6.20h for the segment · last finish=stop gen_tok=24
  [4900/13349 this process · 4900/13349 segment] 3.43s/row · 1369 chunks/h · ETA 6.17h for the segment · last finish=stop gen_tok=51
  [4950/13349 this process · 4950/13349 segment] 3.53s/row · 1367 chunks/h · ETA 6.14h for the segment · last finish=stop gen_tok=44
  [5000/13349 this process · 5000/13349 segment] 2.90s/row · 1365 chunks/h · ETA 6.12h for the segment · last finish=stop gen_tok=40
  [5050/13349 this process · 5050/13349 segment] 1.83s/row · 1365 chunks/h · ETA 6.08h for the segment · last finish=stop gen_tok=15
  [5100/13349 this process · 5100/13349 segment] 2.30s/row · 1365 chunks/h · ETA 6.04h for the segment · last finish=stop gen_tok=27
  [5150/13349 this process · 5150/13349 segment] 1.90s/row · 1366 chunks/h · ETA 6.00h for the segment · last finish=stop gen_tok=16
  [5200/13349 this process · 5200/13349 segment] 2.57s/row · 1365 chunks/h · ETA 5.97h for the segment · last finish=stop gen_tok=25
  [5250/13349 this process · 5250/13349 segment] 2.16s/row · 1365 chunks/h · ETA 5.93h for the segment · last finish=stop gen_tok=24
  [5300/13349 this process · 5300/13349 segment] 2.25s/row · 1365 chunks/h · ETA 5.90h for the segment · last finish=stop gen_tok=16
  [5350/13349 this process · 5350/13349 segment] 2.68s/row · 1367 chunks/h · ETA 5.85h for the segment · last finish=stop gen_tok=32
  [5400/13349 this process · 5400/13349 segment] 1.97s/row · 1367 chunks/h · ETA 5.81h for the segment · last finish=stop gen_tok=15
  [5450/13349 this process · 5450/13349 segment] 2.66s/row · 1367 chunks/h · ETA 5.78h for the segment · last finish=stop gen_tok=34
  [5500/13349 this process · 5500/13349 segment] 3.47s/row · 1367 chunks/h · ETA 5.74h for the segment · last finish=stop gen_tok=51
  [5550/13349 this process · 5550/13349 segment] 3.49s/row · 1367 chunks/h · ETA 5.71h for the segment · last finish=stop gen_tok=51
  [5600/13349 this process · 5600/13349 segment] 2.20s/row · 1367 chunks/h · ETA 5.67h for the segment · last finish=stop gen_tok=16
  [5650/13349 this process · 5650/13349 segment] 2.27s/row · 1367 chunks/h · ETA 5.63h for the segment · last finish=stop gen_tok=27
  [5700/13349 this process · 5700/13349 segment] 3.25s/row · 1367 chunks/h · ETA 5.60h for the segment · last finish=stop gen_tok=42
  [5750/13349 this process · 5750/13349 segment] 2.73s/row · 1367 chunks/h · ETA 5.56h for the segment · last finish=stop gen_tok=33
  [5800/13349 this process · 5800/13349 segment] 2.54s/row · 1365 chunks/h · ETA 5.53h for the segment · last finish=stop gen_tok=33
  [5850/13349 this process · 5850/13349 segment] 1.91s/row · 1366 chunks/h · ETA 5.49h for the segment · last finish=stop gen_tok=16
  [5900/13349 this process · 5900/13349 segment] 3.28s/row · 1366 chunks/h · ETA 5.45h for the segment · last finish=stop gen_tok=51
  [5950/13349 this process · 5950/13349 segment] 1.92s/row · 1366 chunks/h · ETA 5.42h for the segment · last finish=stop gen_tok=16
  [6000/13349 this process · 6000/13349 segment] 2.92s/row · 1366 chunks/h · ETA 5.38h for the segment · last finish=stop gen_tok=32
  [6050/13349 this process · 6050/13349 segment] 1.90s/row · 1366 chunks/h · ETA 5.34h for the segment · last finish=stop gen_tok=15
  [6100/13349 this process · 6100/13349 segment] 2.01s/row · 1366 chunks/h · ETA 5.31h for the segment · last finish=stop gen_tok=16
  [6150/13349 this process · 6150/13349 segment] 2.16s/row · 1367 chunks/h · ETA 5.27h for the segment · last finish=stop gen_tok=16
  [6200/13349 this process · 6200/13349 segment] 2.32s/row · 1367 chunks/h · ETA 5.23h for the segment · last finish=stop gen_tok=15
  [6250/13349 this process · 6250/13349 segment] 2.24s/row · 1368 chunks/h · ETA 5.19h for the segment · last finish=stop gen_tok=16
  [6300/13349 this process · 6300/13349 segment] 2.02s/row · 1368 chunks/h · ETA 5.15h for the segment · last finish=stop gen_tok=16
  [6350/13349 this process · 6350/13349 segment] 2.23s/row · 1370 chunks/h · ETA 5.11h for the segment · last finish=stop gen_tok=16
  [6400/13349 this process · 6400/13349 segment] 2.22s/row · 1371 chunks/h · ETA 5.07h for the segment · last finish=stop gen_tok=23
  [6450/13349 this process · 6450/13349 segment] 1.90s/row · 1372 chunks/h · ETA 5.03h for the segment · last finish=stop gen_tok=16
  [6500/13349 this process · 6500/13349 segment] 2.06s/row · 1372 chunks/h · ETA 4.99h for the segment · last finish=stop gen_tok=15
  [6550/13349 this process · 6550/13349 segment] 2.10s/row · 1373 chunks/h · ETA 4.95h for the segment · last finish=stop gen_tok=16
  [6600/13349 this process · 6600/13349 segment] 2.12s/row · 1374 chunks/h · ETA 4.91h for the segment · last finish=stop gen_tok=15
  [6650/13349 this process · 6650/13349 segment] 2.24s/row · 1373 chunks/h · ETA 4.88h for the segment · last finish=stop gen_tok=24
  [6700/13349 this process · 6700/13349 segment] 2.78s/row · 1373 chunks/h · ETA 4.84h for the segment · last finish=stop gen_tok=34
  [6750/13349 this process · 6750/13349 segment] 2.93s/row · 1373 chunks/h · ETA 4.81h for the segment · last finish=stop gen_tok=32
  [6800/13349 this process · 6800/13349 segment] 3.35s/row · 1372 chunks/h · ETA 4.77h for the segment · last finish=stop gen_tok=57
  [6850/13349 this process · 6850/13349 segment] 1.98s/row · 1373 chunks/h · ETA 4.73h for the segment · last finish=stop gen_tok=16
  [6900/13349 this process · 6900/13349 segment] 2.08s/row · 1374 chunks/h · ETA 4.69h for the segment · last finish=stop gen_tok=16
  [6950/13349 this process · 6950/13349 segment] 1.98s/row · 1376 chunks/h · ETA 4.65h for the segment · last finish=stop gen_tok=16
  [7000/13349 this process · 7000/13349 segment] 2.59s/row · 1377 chunks/h · ETA 4.61h for the segment · last finish=stop gen_tok=24
  [7050/13349 this process · 7050/13349 segment] 2.33s/row · 1378 chunks/h · ETA 4.57h for the segment · last finish=stop gen_tok=27
  [7100/13349 this process · 7100/13349 segment] 2.64s/row · 1378 chunks/h · ETA 4.54h for the segment · last finish=stop gen_tok=32
  [7150/13349 this process · 7150/13349 segment] 2.11s/row · 1377 chunks/h · ETA 4.50h for the segment · last finish=stop gen_tok=16
  [7200/13349 this process · 7200/13349 segment] 2.97s/row · 1377 chunks/h · ETA 4.46h for the segment · last finish=stop gen_tok=33
  [7250/13349 this process · 7250/13349 segment] 2.81s/row · 1378 chunks/h · ETA 4.43h for the segment · last finish=stop gen_tok=32
  [7300/13349 this process · 7300/13349 segment] 3.00s/row · 1378 chunks/h · ETA 4.39h for the segment · last finish=stop gen_tok=34
  [7350/13349 this process · 7350/13349 segment] 1.81s/row · 1380 chunks/h · ETA 4.35h for the segment · last finish=stop gen_tok=16
  [7400/13349 this process · 7400/13349 segment] 2.55s/row · 1380 chunks/h · ETA 4.31h for the segment · last finish=stop gen_tok=34
  [7450/13349 this process · 7450/13349 segment] 1.97s/row · 1380 chunks/h · ETA 4.27h for the segment · last finish=stop gen_tok=15
  [7500/13349 this process · 7500/13349 segment] 1.81s/row · 1382 chunks/h · ETA 4.23h for the segment · last finish=stop gen_tok=16
  [7550/13349 this process · 7550/13349 segment] 2.55s/row · 1382 chunks/h · ETA 4.19h for the segment · last finish=stop gen_tok=32
  [7600/13349 this process · 7600/13349 segment] 2.70s/row · 1383 chunks/h · ETA 4.16h for the segment · last finish=stop gen_tok=34
  [7650/13349 this process · 7650/13349 segment] 1.91s/row · 1383 chunks/h · ETA 4.12h for the segment · last finish=stop gen_tok=16
  [7700/13349 this process · 7700/13349 segment] 1.99s/row · 1383 chunks/h · ETA 4.08h for the segment · last finish=stop gen_tok=16
  [7750/13349 this process · 7750/13349 segment] 1.91s/row · 1384 chunks/h · ETA 4.05h for the segment · last finish=stop gen_tok=16
  [7800/13349 this process · 7800/13349 segment] 2.60s/row · 1385 chunks/h · ETA 4.01h for the segment · last finish=stop gen_tok=32
  [7850/13349 this process · 7850/13349 segment] 2.62s/row · 1387 chunks/h · ETA 3.96h for the segment · last finish=stop gen_tok=33
  [7900/13349 this process · 7900/13349 segment] 3.37s/row · 1387 chunks/h · ETA 3.93h for the segment · last finish=stop gen_tok=51
  [7950/13349 this process · 7950/13349 segment] 2.07s/row · 1388 chunks/h · ETA 3.89h for the segment · last finish=stop gen_tok=16
  [8000/13349 this process · 8000/13349 segment] 3.26s/row · 1388 chunks/h · ETA 3.85h for the segment · last finish=stop gen_tok=52
  [8050/13349 this process · 8050/13349 segment] 2.86s/row · 1388 chunks/h · ETA 3.82h for the segment · last finish=stop gen_tok=40
  [8100/13349 this process · 8100/13349 segment] 2.66s/row · 1388 chunks/h · ETA 3.78h for the segment · last finish=stop gen_tok=33
  [8150/13349 this process · 8150/13349 segment] 2.38s/row · 1389 chunks/h · ETA 3.74h for the segment · last finish=stop gen_tok=16
  [8200/13349 this process · 8200/13349 segment] 2.31s/row · 1389 chunks/h · ETA 3.71h for the segment · last finish=stop gen_tok=16
  [8250/13349 this process · 8250/13349 segment] 1.82s/row · 1390 chunks/h · ETA 3.67h for the segment · last finish=stop gen_tok=16
  [8300/13349 this process · 8300/13349 segment] 1.99s/row · 1391 chunks/h · ETA 3.63h for the segment · last finish=stop gen_tok=16
  [8350/13349 this process · 8350/13349 segment] 2.30s/row · 1391 chunks/h · ETA 3.59h for the segment · last finish=stop gen_tok=16
  [8400/13349 this process · 8400/13349 segment] 4.10s/row · 1392 chunks/h · ETA 3.55h for the segment · last finish=stop gen_tok=66
  [8450/13349 this process · 8450/13349 segment] 2.53s/row · 1392 chunks/h · ETA 3.52h for the segment · last finish=stop gen_tok=32
  [8500/13349 this process · 8500/13349 segment] 2.56s/row · 1392 chunks/h · ETA 3.48h for the segment · last finish=stop gen_tok=32
  [8550/13349 this process · 8550/13349 segment] 2.07s/row · 1393 chunks/h · ETA 3.44h for the segment · last finish=stop gen_tok=24
  [8600/13349 this process · 8600/13349 segment] 2.05s/row · 1394 chunks/h · ETA 3.41h for the segment · last finish=stop gen_tok=16
  [8650/13349 this process · 8650/13349 segment] 2.46s/row · 1394 chunks/h · ETA 3.37h for the segment · last finish=stop gen_tok=32
  [8700/13349 this process · 8700/13349 segment] 1.91s/row · 1394 chunks/h · ETA 3.33h for the segment · last finish=stop gen_tok=16
  [8750/13349 this process · 8750/13349 segment] 2.26s/row · 1395 chunks/h · ETA 3.30h for the segment · last finish=stop gen_tok=27
  [8800/13349 this process · 8800/13349 segment] 2.17s/row · 1395 chunks/h · ETA 3.26h for the segment · last finish=stop gen_tok=27
  [8850/13349 this process · 8850/13349 segment] 2.77s/row · 1396 chunks/h · ETA 3.22h for the segment · last finish=stop gen_tok=34
  [8900/13349 this process · 8900/13349 segment] 2.54s/row · 1397 chunks/h · ETA 3.18h for the segment · last finish=stop gen_tok=32
  [8950/13349 this process · 8950/13349 segment] 2.22s/row · 1397 chunks/h · ETA 3.15h for the segment · last finish=stop gen_tok=24
  [9000/13349 this process · 9000/13349 segment] 2.43s/row · 1398 chunks/h · ETA 3.11h for the segment · last finish=stop gen_tok=23
  [9050/13349 this process · 9050/13349 segment] 1.78s/row · 1398 chunks/h · ETA 3.08h for the segment · last finish=stop gen_tok=15
  [9100/13349 this process · 9100/13349 segment] 2.43s/row · 1399 chunks/h · ETA 3.04h for the segment · last finish=stop gen_tok=33
  [9150/13349 this process · 9150/13349 segment] 2.02s/row · 1399 chunks/h · ETA 3.00h for the segment · last finish=stop gen_tok=16
  [9200/13349 this process · 9200/13349 segment] 2.14s/row · 1400 chunks/h · ETA 2.96h for the segment · last finish=stop gen_tok=15
  [9250/13349 this process · 9250/13349 segment] 2.33s/row · 1400 chunks/h · ETA 2.93h for the segment · last finish=stop gen_tok=15
  [9300/13349 this process · 9300/13349 segment] 2.99s/row · 1400 chunks/h · ETA 2.89h for the segment · last finish=stop gen_tok=40
  [9350/13349 this process · 9350/13349 segment] 2.29s/row · 1400 chunks/h · ETA 2.86h for the segment · last finish=stop gen_tok=23
  [9400/13349 this process · 9400/13349 segment] 2.45s/row · 1400 chunks/h · ETA 2.82h for the segment · last finish=stop gen_tok=24
  [9450/13349 this process · 9450/13349 segment] 2.46s/row · 1399 chunks/h · ETA 2.79h for the segment · last finish=stop gen_tok=24
  [9500/13349 this process · 9500/13349 segment] 1.91s/row · 1399 chunks/h · ETA 2.75h for the segment · last finish=stop gen_tok=16
  [9550/13349 this process · 9550/13349 segment] 2.58s/row · 1398 chunks/h · ETA 2.72h for the segment · last finish=stop gen_tok=41
  [9600/13349 this process · 9600/13349 segment] 2.30s/row · 1398 chunks/h · ETA 2.68h for the segment · last finish=stop gen_tok=16
  [9650/13349 this process · 9650/13349 segment] 2.75s/row · 1397 chunks/h · ETA 2.65h for the segment · last finish=stop gen_tok=33
  [9700/13349 this process · 9700/13349 segment] 3.89s/row · 1396 chunks/h · ETA 2.61h for the segment · last finish=stop gen_tok=60
  [9750/13349 this process · 9750/13349 segment] 2.07s/row · 1397 chunks/h · ETA 2.58h for the segment · last finish=stop gen_tok=16
  [9800/13349 this process · 9800/13349 segment] 1.99s/row · 1397 chunks/h · ETA 2.54h for the segment · last finish=stop gen_tok=16
  [9850/13349 this process · 9850/13349 segment] 4.08s/row · 1397 chunks/h · ETA 2.51h for the segment · last finish=stop gen_tok=65
  [9900/13349 this process · 9900/13349 segment] 1.68s/row · 1397 chunks/h · ETA 2.47h for the segment · last finish=stop gen_tok=16
  [9950/13349 this process · 9950/13349 segment] 2.52s/row · 1397 chunks/h · ETA 2.43h for the segment · last finish=stop gen_tok=24
  [10000/13349 this process · 10000/13349 segment] 3.10s/row · 1396 chunks/h · ETA 2.40h for the segment · last finish=stop gen_tok=48
  [10050/13349 this process · 10050/13349 segment] 5.24s/row · 1396 chunks/h · ETA 2.36h for the segment · last finish=stop gen_tok=86
  [10100/13349 this process · 10100/13349 segment] 2.03s/row · 1395 chunks/h · ETA 2.33h for the segment · last finish=stop gen_tok=16
  [10150/13349 this process · 10150/13349 segment] 2.20s/row · 1395 chunks/h · ETA 2.29h for the segment · last finish=stop gen_tok=23
  [10200/13349 this process · 10200/13349 segment] 1.77s/row · 1395 chunks/h · ETA 2.26h for the segment · last finish=stop gen_tok=16
  [10250/13349 this process · 10250/13349 segment] 2.55s/row · 1394 chunks/h · ETA 2.22h for the segment · last finish=stop gen_tok=16
  [10300/13349 this process · 10300/13349 segment] 2.67s/row · 1395 chunks/h · ETA 2.19h for the segment · last finish=stop gen_tok=33
  [10350/13349 this process · 10350/13349 segment] 3.22s/row · 1394 chunks/h · ETA 2.15h for the segment · last finish=stop gen_tok=42
  [10400/13349 this process · 10400/13349 segment] 2.49s/row · 1394 chunks/h · ETA 2.12h for the segment · last finish=stop gen_tok=32
  [10450/13349 this process · 10450/13349 segment] 3.34s/row · 1394 chunks/h · ETA 2.08h for the segment · last finish=stop gen_tok=51
  [10500/13349 this process · 10500/13349 segment] 2.16s/row · 1394 chunks/h · ETA 2.04h for the segment · last finish=stop gen_tok=16
  [10550/13349 this process · 10550/13349 segment] 3.33s/row · 1393 chunks/h · ETA 2.01h for the segment · last finish=stop gen_tok=51
  [10600/13349 this process · 10600/13349 segment] 2.74s/row · 1393 chunks/h · ETA 1.97h for the segment · last finish=stop gen_tok=34
  [10650/13349 this process · 10650/13349 segment] 2.42s/row · 1393 chunks/h · ETA 1.94h for the segment · last finish=stop gen_tok=16
  [10700/13349 this process · 10700/13349 segment] 2.26s/row · 1393 chunks/h · ETA 1.90h for the segment · last finish=stop gen_tok=16
  [10750/13349 this process · 10750/13349 segment] 3.33s/row · 1393 chunks/h · ETA 1.87h for the segment · last finish=stop gen_tok=41
  [10800/13349 this process · 10800/13349 segment] 2.51s/row · 1394 chunks/h · ETA 1.83h for the segment · last finish=stop gen_tok=16
  [10850/13349 this process · 10850/13349 segment] 1.89s/row · 1394 chunks/h · ETA 1.79h for the segment · last finish=stop gen_tok=15
  [10900/13349 this process · 10900/13349 segment] 2.60s/row · 1395 chunks/h · ETA 1.76h for the segment · last finish=stop gen_tok=33
  [10950/13349 this process · 10950/13349 segment] 1.96s/row · 1395 chunks/h · ETA 1.72h for the segment · last finish=stop gen_tok=15
  [11000/13349 this process · 11000/13349 segment] 1.86s/row · 1395 chunks/h · ETA 1.68h for the segment · last finish=stop gen_tok=16
  [11050/13349 this process · 11050/13349 segment] 2.57s/row · 1396 chunks/h · ETA 1.65h for the segment · last finish=stop gen_tok=32
  [11100/13349 this process · 11100/13349 segment] 2.29s/row · 1396 chunks/h · ETA 1.61h for the segment · last finish=stop gen_tok=23
  [11150/13349 this process · 11150/13349 segment] 1.84s/row · 1396 chunks/h · ETA 1.58h for the segment · last finish=stop gen_tok=16
  [11200/13349 this process · 11200/13349 segment] 3.30s/row · 1396 chunks/h · ETA 1.54h for the segment · last finish=stop gen_tok=54
  [11250/13349 this process · 11250/13349 segment] 2.05s/row · 1396 chunks/h · ETA 1.50h for the segment · last finish=stop gen_tok=15
  [11300/13349 this process · 11300/13349 segment] 3.87s/row · 1396 chunks/h · ETA 1.47h for the segment · last finish=stop gen_tok=59
  [11350/13349 this process · 11350/13349 segment] 3.06s/row · 1396 chunks/h · ETA 1.43h for the segment · last finish=stop gen_tok=48
  [11400/13349 this process · 11400/13349 segment] 3.69s/row · 1396 chunks/h · ETA 1.40h for the segment · last finish=stop gen_tok=58
  [11450/13349 this process · 11450/13349 segment] 1.96s/row · 1396 chunks/h · ETA 1.36h for the segment · last finish=stop gen_tok=15
  [11500/13349 this process · 11500/13349 segment] 2.34s/row · 1397 chunks/h · ETA 1.32h for the segment · last finish=stop gen_tok=24
  [11550/13349 this process · 11550/13349 segment] 3.05s/row · 1397 chunks/h · ETA 1.29h for the segment · last finish=stop gen_tok=34
  [11600/13349 this process · 11600/13349 segment] 1.84s/row · 1397 chunks/h · ETA 1.25h for the segment · last finish=stop gen_tok=16
  [11650/13349 this process · 11650/13349 segment] 3.87s/row · 1397 chunks/h · ETA 1.22h for the segment · last finish=stop gen_tok=60
  [11700/13349 this process · 11700/13349 segment] 2.03s/row · 1396 chunks/h · ETA 1.18h for the segment · last finish=stop gen_tok=16
  [11750/13349 this process · 11750/13349 segment] 2.10s/row · 1397 chunks/h · ETA 1.14h for the segment · last finish=stop gen_tok=16
  [11800/13349 this process · 11800/13349 segment] 2.02s/row · 1397 chunks/h · ETA 1.11h for the segment · last finish=stop gen_tok=15
  [11850/13349 this process · 11850/13349 segment] 2.53s/row · 1398 chunks/h · ETA 1.07h for the segment · last finish=stop gen_tok=27
  [11900/13349 this process · 11900/13349 segment] 2.86s/row · 1398 chunks/h · ETA 1.04h for the segment · last finish=stop gen_tok=40
  [11950/13349 this process · 11950/13349 segment] 2.96s/row · 1398 chunks/h · ETA 1.00h for the segment · last finish=stop gen_tok=48
  [12000/13349 this process · 12000/13349 segment] 1.93s/row · 1399 chunks/h · ETA 0.96h for the segment · last finish=stop gen_tok=16
  [12050/13349 this process · 12050/13349 segment] 1.62s/row · 1399 chunks/h · ETA 0.93h for the segment · last finish=stop gen_tok=16
  [12100/13349 this process · 12100/13349 segment] 2.00s/row · 1399 chunks/h · ETA 0.89h for the segment · last finish=stop gen_tok=16
  [12150/13349 this process · 12150/13349 segment] 2.58s/row · 1399 chunks/h · ETA 0.86h for the segment · last finish=stop gen_tok=32
  [12200/13349 this process · 12200/13349 segment] 2.65s/row · 1399 chunks/h · ETA 0.82h for the segment · last finish=stop gen_tok=32
  [12250/13349 this process · 12250/13349 segment] 2.17s/row · 1399 chunks/h · ETA 0.79h for the segment · last finish=stop gen_tok=16
  [12300/13349 this process · 12300/13349 segment] 1.81s/row · 1399 chunks/h · ETA 0.75h for the segment · last finish=stop gen_tok=15
  [12350/13349 this process · 12350/13349 segment] 1.79s/row · 1399 chunks/h · ETA 0.71h for the segment · last finish=stop gen_tok=16
  [12400/13349 this process · 12400/13349 segment] 3.35s/row · 1399 chunks/h · ETA 0.68h for the segment · last finish=stop gen_tok=48
  [12450/13349 this process · 12450/13349 segment] 2.80s/row · 1399 chunks/h · ETA 0.64h for the segment · last finish=stop gen_tok=32
  [12500/13349 this process · 12500/13349 segment] 2.76s/row · 1399 chunks/h · ETA 0.61h for the segment · last finish=stop gen_tok=33
  [12550/13349 this process · 12550/13349 segment] 2.77s/row · 1399 chunks/h · ETA 0.57h for the segment · last finish=stop gen_tok=34
  [12600/13349 this process · 12600/13349 segment] 2.70s/row · 1399 chunks/h · ETA 0.54h for the segment · last finish=stop gen_tok=33
  [12650/13349 this process · 12650/13349 segment] 2.23s/row · 1400 chunks/h · ETA 0.50h for the segment · last finish=stop gen_tok=24
  [12700/13349 this process · 12700/13349 segment] 2.31s/row · 1400 chunks/h · ETA 0.46h for the segment · last finish=stop gen_tok=23
  [12750/13349 this process · 12750/13349 segment] 2.46s/row · 1400 chunks/h · ETA 0.43h for the segment · last finish=stop gen_tok=33
  [12800/13349 this process · 12800/13349 segment] 2.81s/row · 1400 chunks/h · ETA 0.39h for the segment · last finish=stop gen_tok=32
  [12850/13349 this process · 12850/13349 segment] 1.84s/row · 1401 chunks/h · ETA 0.36h for the segment · last finish=stop gen_tok=16
  [12900/13349 this process · 12900/13349 segment] 1.83s/row · 1401 chunks/h · ETA 0.32h for the segment · last finish=stop gen_tok=16
  [12950/13349 this process · 12950/13349 segment] 2.69s/row · 1401 chunks/h · ETA 0.28h for the segment · last finish=stop gen_tok=37
  [13000/13349 this process · 13000/13349 segment] 3.35s/row · 1401 chunks/h · ETA 0.25h for the segment · last finish=stop gen_tok=49
  [13050/13349 this process · 13050/13349 segment] 2.85s/row · 1401 chunks/h · ETA 0.21h for the segment · last finish=stop gen_tok=33
  [13100/13349 this process · 13100/13349 segment] 2.47s/row · 1401 chunks/h · ETA 0.18h for the segment · last finish=stop gen_tok=27
  [13150/13349 this process · 13150/13349 segment] 2.21s/row · 1402 chunks/h · ETA 0.14h for the segment · last finish=stop gen_tok=27
  [13200/13349 this process · 13200/13349 segment] 1.41s/row · 1402 chunks/h · ETA 0.11h for the segment · last finish=stop gen_tok=7
  [13250/13349 this process · 13250/13349 segment] 1.99s/row · 1403 chunks/h · ETA 0.07h for the segment · last finish=stop gen_tok=15
  [13300/13349 this process · 13300/13349 segment] 1.92s/row · 1403 chunks/h · ETA 0.03h for the segment · last finish=stop gen_tok=16
  [13349/13349 this process · 13349/13349 segment] 2.94s/row · 1404 chunks/h · ETA 0.00h for the segment · last finish=stop gen_tok=48

SEGMENT seg-004 COMPLETE — 13349/13349 rows.
Now finalize with the SYSTEM python3 (no GPU, seconds):
    python3 finetune/label_e2.py --finalize-segment seg-004
