0 already in labels.jsonl · 13217 to generate
loading base model + adapter (the only GPU work) ...
  loaded in 1.2s
  [50/13217 this process · 50/13217 segment] 2.75s/row · 1239 chunks/h · ETA 10.62h for the segment · last finish=stop gen_tok=33
  [100/13217 this process · 100/13217 segment] 1.97s/row · 1316 chunks/h · ETA 9.97h for the segment · last finish=stop gen_tok=24
  [150/13217 this process · 150/13217 segment] 2.04s/row · 1365 chunks/h · ETA 9.57h for the segment · last finish=stop gen_tok=16
  [200/13217 this process · 200/13217 segment] 2.07s/row · 1422 chunks/h · ETA 9.16h for the segment · last finish=stop gen_tok=16
  [250/13217 this process · 250/13217 segment] 1.81s/row · 1445 chunks/h · ETA 8.97h for the segment · last finish=stop gen_tok=15
  [300/13217 this process · 300/13217 segment] 1.39s/row · 1456 chunks/h · ETA 8.87h for the segment · last finish=stop gen_tok=7
  [350/13217 this process · 350/13217 segment] 3.40s/row · 1462 chunks/h · ETA 8.80h for the segment · last finish=stop gen_tok=51
  [400/13217 this process · 400/13217 segment] 3.35s/row · 1436 chunks/h · ETA 8.92h for the segment · last finish=stop gen_tok=53
  [450/13217 this process · 450/13217 segment] 2.58s/row · 1440 chunks/h · ETA 8.86h for the segment · last finish=stop gen_tok=32
  [500/13217 this process · 500/13217 segment] 2.62s/row · 1442 chunks/h · ETA 8.82h for the segment · last finish=stop gen_tok=32
  [550/13217 this process · 550/13217 segment] 1.86s/row · 1448 chunks/h · ETA 8.75h for the segment · last finish=stop gen_tok=16
  [600/13217 this process · 600/13217 segment] 2.13s/row · 1451 chunks/h · ETA 8.69h for the segment · last finish=stop gen_tok=16
  [650/13217 this process · 650/13217 segment] 2.61s/row · 1453 chunks/h · ETA 8.65h for the segment · last finish=stop gen_tok=32
  [700/13217 this process · 700/13217 segment] 2.09s/row · 1460 chunks/h · ETA 8.58h for the segment · last finish=stop gen_tok=15
  [750/13217 this process · 750/13217 segment] 1.93s/row · 1460 chunks/h · ETA 8.54h for the segment · last finish=stop gen_tok=16
  [800/13217 this process · 800/13217 segment] 2.01s/row · 1460 chunks/h · ETA 8.50h for the segment · last finish=stop gen_tok=15
  [850/13217 this process · 850/13217 segment] 2.05s/row · 1465 chunks/h · ETA 8.44h for the segment · last finish=stop gen_tok=15
  [900/13217 this process · 900/13217 segment] 2.11s/row · 1454 chunks/h · ETA 8.47h for the segment · last finish=stop gen_tok=15
  [950/13217 this process · 950/13217 segment] 2.32s/row · 1448 chunks/h · ETA 8.47h for the segment · last finish=stop gen_tok=27
  [1000/13217 this process · 1000/13217 segment] 2.67s/row · 1450 chunks/h · ETA 8.43h for the segment · last finish=stop gen_tok=33
  [1050/13217 this process · 1050/13217 segment] 1.42s/row · 1450 chunks/h · ETA 8.39h for the segment · last finish=stop gen_tok=16
  [1100/13217 this process · 1100/13217 segment] 1.95s/row · 1446 chunks/h · ETA 8.38h for the segment · last finish=stop gen_tok=15
  [1150/13217 this process · 1150/13217 segment] 4.27s/row · 1443 chunks/h · ETA 8.36h for the segment · last finish=stop gen_tok=60
  [1200/13217 this process · 1200/13217 segment] 2.96s/row · 1436 chunks/h · ETA 8.37h for the segment · last finish=stop gen_tok=33
  [1250/13217 this process · 1250/13217 segment] 2.44s/row · 1439 chunks/h · ETA 8.32h for the segment · last finish=stop gen_tok=16
  [1300/13217 this process · 1300/13217 segment] 2.39s/row · 1445 chunks/h · ETA 8.25h for the segment · last finish=stop gen_tok=24
  [1350/13217 this process · 1350/13217 segment] 2.21s/row · 1444 chunks/h · ETA 8.22h for the segment · last finish=stop gen_tok=15
  [1400/13217 this process · 1400/13217 segment] 2.83s/row · 1443 chunks/h · ETA 8.19h for the segment · last finish=stop gen_tok=33
  [1450/13217 this process · 1450/13217 segment] 2.24s/row · 1445 chunks/h · ETA 8.14h for the segment · last finish=stop gen_tok=23
  [1500/13217 this process · 1500/13217 segment] 1.79s/row · 1441 chunks/h · ETA 8.13h for the segment · last finish=stop gen_tok=16
  [1550/13217 this process · 1550/13217 segment] 2.43s/row · 1441 chunks/h · ETA 8.10h for the segment · last finish=stop gen_tok=23
  [1600/13217 this process · 1600/13217 segment] 1.80s/row · 1437 chunks/h · ETA 8.08h for the segment · last finish=stop gen_tok=16
  [1650/13217 this process · 1650/13217 segment] 3.10s/row · 1435 chunks/h · ETA 8.06h for the segment · last finish=stop gen_tok=41
  [1700/13217 this process · 1700/13217 segment] 2.42s/row · 1436 chunks/h · ETA 8.02h for the segment · last finish=stop gen_tok=27
  [1750/13217 this process · 1750/13217 segment] 2.63s/row · 1435 chunks/h · ETA 7.99h for the segment · last finish=stop gen_tok=32
  [1800/13217 this process · 1800/13217 segment] 1.82s/row · 1439 chunks/h · ETA 7.93h for the segment · last finish=stop gen_tok=16
  [1850/13217 this process · 1850/13217 segment] 2.73s/row · 1437 chunks/h · ETA 7.91h for the segment · last finish=stop gen_tok=16
  [1900/13217 this process · 1900/13217 segment] 3.16s/row · 1433 chunks/h · ETA 7.90h for the segment · last finish=stop gen_tok=32
  [1950/13217 this process · 1950/13217 segment] 2.61s/row · 1429 chunks/h · ETA 7.88h for the segment · last finish=stop gen_tok=16
  [2000/13217 this process · 2000/13217 segment] 2.32s/row · 1430 chunks/h · ETA 7.84h for the segment · last finish=stop gen_tok=24
  [2050/13217 this process · 2050/13217 segment] 2.33s/row · 1429 chunks/h · ETA 7.81h for the segment · last finish=stop gen_tok=24
  [2100/13217 this process · 2100/13217 segment] 1.90s/row · 1432 chunks/h · ETA 7.76h for the segment · last finish=stop gen_tok=24
  [2150/13217 this process · 2150/13217 segment] 2.19s/row · 1436 chunks/h · ETA 7.71h for the segment · last finish=stop gen_tok=32
  [2200/13217 this process · 2200/13217 segment] 2.51s/row · 1438 chunks/h · ETA 7.66h for the segment · last finish=stop gen_tok=32
  [2250/13217 this process · 2250/13217 segment] 2.10s/row · 1440 chunks/h · ETA 7.62h for the segment · last finish=stop gen_tok=32
  [2300/13217 this process · 2300/13217 segment] 2.13s/row · 1442 chunks/h · ETA 7.57h for the segment · last finish=stop gen_tok=23
  [2350/13217 this process · 2350/13217 segment] 1.85s/row · 1443 chunks/h · ETA 7.53h for the segment · last finish=stop gen_tok=23
  [2400/13217 this process · 2400/13217 segment] 3.42s/row · 1443 chunks/h · ETA 7.50h for the segment · last finish=stop gen_tok=60
  [2450/13217 this process · 2450/13217 segment] 2.26s/row · 1443 chunks/h · ETA 7.46h for the segment · last finish=stop gen_tok=34
  [2500/13217 this process · 2500/13217 segment] 3.12s/row · 1441 chunks/h · ETA 7.44h for the segment · last finish=stop gen_tok=41
  [2550/13217 this process · 2550/13217 segment] 1.67s/row · 1443 chunks/h · ETA 7.39h for the segment · last finish=stop gen_tok=16
  [2600/13217 this process · 2600/13217 segment] 2.85s/row · 1448 chunks/h · ETA 7.33h for the segment · last finish=stop gen_tok=42
  [2650/13217 this process · 2650/13217 segment] 1.95s/row · 1446 chunks/h · ETA 7.31h for the segment · last finish=stop gen_tok=16
  [2700/13217 this process · 2700/13217 segment] 1.96s/row · 1449 chunks/h · ETA 7.26h for the segment · last finish=stop gen_tok=27
  [2750/13217 this process · 2750/13217 segment] 2.30s/row · 1449 chunks/h · ETA 7.22h for the segment · last finish=stop gen_tok=33
  [2800/13217 this process · 2800/13217 segment] 2.42s/row · 1452 chunks/h · ETA 7.17h for the segment · last finish=stop gen_tok=36
  [2850/13217 this process · 2850/13217 segment] 2.03s/row · 1453 chunks/h · ETA 7.13h for the segment · last finish=stop gen_tok=24
  [2900/13217 this process · 2900/13217 segment] 2.08s/row · 1454 chunks/h · ETA 7.10h for the segment · last finish=stop gen_tok=16
  [2950/13217 this process · 2950/13217 segment] 1.87s/row · 1457 chunks/h · ETA 7.05h for the segment · last finish=stop gen_tok=16
  [3000/13217 this process · 3000/13217 segment] 1.88s/row · 1454 chunks/h · ETA 7.03h for the segment · last finish=stop gen_tok=16
  [3050/13217 this process · 3050/13217 segment] 2.01s/row · 1455 chunks/h · ETA 6.99h for the segment · last finish=stop gen_tok=24
  [3100/13217 this process · 3100/13217 segment] 1.96s/row · 1458 chunks/h · ETA 6.94h for the segment · last finish=stop gen_tok=15
  [3150/13217 this process · 3150/13217 segment] 1.86s/row · 1461 chunks/h · ETA 6.89h for the segment · last finish=stop gen_tok=24
  [3200/13217 this process · 3200/13217 segment] 1.73s/row · 1461 chunks/h · ETA 6.86h for the segment · last finish=stop gen_tok=24
  [3250/13217 this process · 3250/13217 segment] 2.87s/row · 1464 chunks/h · ETA 6.81h for the segment · last finish=stop gen_tok=49
  [3300/13217 this process · 3300/13217 segment] 2.51s/row · 1466 chunks/h · ETA 6.77h for the segment · last finish=stop gen_tok=16
  [3350/13217 this process · 3350/13217 segment] 2.25s/row · 1468 chunks/h · ETA 6.72h for the segment · last finish=stop gen_tok=32
  [3400/13217 this process · 3400/13217 segment] 1.61s/row · 1471 chunks/h · ETA 6.67h for the segment · last finish=stop gen_tok=16
  [3450/13217 this process · 3450/13217 segment] 2.16s/row · 1475 chunks/h · ETA 6.62h for the segment · last finish=stop gen_tok=16
  [3500/13217 this process · 3500/13217 segment] 2.44s/row · 1476 chunks/h · ETA 6.58h for the segment · last finish=stop gen_tok=16
  [3550/13217 this process · 3550/13217 segment] 2.08s/row · 1478 chunks/h · ETA 6.54h for the segment · last finish=stop gen_tok=24
  [3600/13217 this process · 3600/13217 segment] 1.68s/row · 1480 chunks/h · ETA 6.50h for the segment · last finish=stop gen_tok=16
  [3650/13217 this process · 3650/13217 segment] 1.65s/row · 1480 chunks/h · ETA 6.46h for the segment · last finish=stop gen_tok=16
  [3700/13217 this process · 3700/13217 segment] 2.74s/row · 1482 chunks/h · ETA 6.42h for the segment · last finish=stop gen_tok=33
  [3750/13217 this process · 3750/13217 segment] 2.87s/row · 1482 chunks/h · ETA 6.39h for the segment · last finish=stop gen_tok=24
  [3800/13217 this process · 3800/13217 segment] 2.28s/row · 1483 chunks/h · ETA 6.35h for the segment · last finish=stop gen_tok=32
  [3850/13217 this process · 3850/13217 segment] 1.88s/row · 1484 chunks/h · ETA 6.31h for the segment · last finish=stop gen_tok=16
  [3900/13217 this process · 3900/13217 segment] 1.97s/row · 1486 chunks/h · ETA 6.27h for the segment · last finish=stop gen_tok=27
  [3950/13217 this process · 3950/13217 segment] 2.31s/row · 1486 chunks/h · ETA 6.24h for the segment · last finish=stop gen_tok=32
  [4000/13217 this process · 4000/13217 segment] 1.73s/row · 1487 chunks/h · ETA 6.20h for the segment · last finish=stop gen_tok=16
  [4050/13217 this process · 4050/13217 segment] 2.04s/row · 1489 chunks/h · ETA 6.16h for the segment · last finish=stop gen_tok=23
  [4100/13217 this process · 4100/13217 segment] 2.07s/row · 1490 chunks/h · ETA 6.12h for the segment · last finish=stop gen_tok=24
  [4150/13217 this process · 4150/13217 segment] 2.52s/row · 1489 chunks/h · ETA 6.09h for the segment · last finish=stop gen_tok=32
  [4200/13217 this process · 4200/13217 segment] 2.90s/row · 1491 chunks/h · ETA 6.05h for the segment · last finish=stop gen_tok=52
  [4250/13217 this process · 4250/13217 segment] 1.86s/row · 1492 chunks/h · ETA 6.01h for the segment · last finish=stop gen_tok=16
  [4300/13217 this process · 4300/13217 segment] 2.27s/row · 1494 chunks/h · ETA 5.97h for the segment · last finish=stop gen_tok=24
  [4350/13217 this process · 4350/13217 segment] 2.37s/row · 1493 chunks/h · ETA 5.94h for the segment · last finish=stop gen_tok=16
  [4400/13217 this process · 4400/13217 segment] 1.98s/row · 1493 chunks/h · ETA 5.91h for the segment · last finish=stop gen_tok=23
  [4450/13217 this process · 4450/13217 segment] 1.82s/row · 1495 chunks/h · ETA 5.87h for the segment · last finish=stop gen_tok=15
  [4500/13217 this process · 4500/13217 segment] 1.65s/row · 1497 chunks/h · ETA 5.82h for the segment · last finish=stop gen_tok=16
  [4550/13217 this process · 4550/13217 segment] 2.75s/row · 1500 chunks/h · ETA 5.78h for the segment · last finish=stop gen_tok=49
  [4600/13217 this process · 4600/13217 segment] 2.13s/row · 1502 chunks/h · ETA 5.74h for the segment · last finish=stop gen_tok=27
  [4650/13217 this process · 4650/13217 segment] 2.25s/row · 1503 chunks/h · ETA 5.70h for the segment · last finish=stop gen_tok=33
  [4700/13217 this process · 4700/13217 segment] 1.98s/row · 1501 chunks/h · ETA 5.67h for the segment · last finish=stop gen_tok=27
  [4750/13217 this process · 4750/13217 segment] 1.73s/row · 1502 chunks/h · ETA 5.64h for the segment · last finish=stop gen_tok=16
  [4800/13217 this process · 4800/13217 segment] 2.52s/row · 1504 chunks/h · ETA 5.60h for the segment · last finish=stop gen_tok=34
  [4850/13217 this process · 4850/13217 segment] 2.49s/row · 1505 chunks/h · ETA 5.56h for the segment · last finish=stop gen_tok=24
  [4900/13217 this process · 4900/13217 segment] 3.32s/row · 1506 chunks/h · ETA 5.52h for the segment · last finish=stop gen_tok=67
  [4950/13217 this process · 4950/13217 segment] 2.63s/row · 1506 chunks/h · ETA 5.49h for the segment · last finish=stop gen_tok=40
  [5000/13217 this process · 5000/13217 segment] 2.07s/row · 1507 chunks/h · ETA 5.45h for the segment · last finish=stop gen_tok=24
  [5050/13217 this process · 5050/13217 segment] 1.81s/row · 1507 chunks/h · ETA 5.42h for the segment · last finish=stop gen_tok=16
  [5100/13217 this process · 5100/13217 segment] 2.54s/row · 1509 chunks/h · ETA 5.38h for the segment · last finish=stop gen_tok=41
  [5150/13217 this process · 5150/13217 segment] 2.76s/row · 1510 chunks/h · ETA 5.34h for the segment · last finish=stop gen_tok=48
  [5200/13217 this process · 5200/13217 segment] 2.85s/row · 1510 chunks/h · ETA 5.31h for the segment · last finish=stop gen_tok=42
  [5250/13217 this process · 5250/13217 segment] 2.29s/row · 1510 chunks/h · ETA 5.28h for the segment · last finish=stop gen_tok=34
  [5300/13217 this process · 5300/13217 segment] 1.78s/row · 1511 chunks/h · ETA 5.24h for the segment · last finish=stop gen_tok=15
  [5350/13217 this process · 5350/13217 segment] 1.53s/row · 1513 chunks/h · ETA 5.20h for the segment · last finish=stop gen_tok=16
  [5400/13217 this process · 5400/13217 segment] 3.42s/row · 1515 chunks/h · ETA 5.16h for the segment · last finish=stop gen_tok=69
  [5450/13217 this process · 5450/13217 segment] 2.01s/row · 1516 chunks/h · ETA 5.12h for the segment · last finish=stop gen_tok=24
  [5500/13217 this process · 5500/13217 segment] 2.40s/row · 1517 chunks/h · ETA 5.09h for the segment · last finish=stop gen_tok=33
  [5550/13217 this process · 5550/13217 segment] 1.66s/row · 1518 chunks/h · ETA 5.05h for the segment · last finish=stop gen_tok=16
  [5600/13217 this process · 5600/13217 segment] 1.59s/row · 1520 chunks/h · ETA 5.01h for the segment · last finish=stop gen_tok=16
  [5650/13217 this process · 5650/13217 segment] 2.29s/row · 1521 chunks/h · ETA 4.97h for the segment · last finish=stop gen_tok=34
  [5700/13217 this process · 5700/13217 segment] 1.60s/row · 1524 chunks/h · ETA 4.93h for the segment · last finish=stop gen_tok=16
  [5750/13217 this process · 5750/13217 segment] 1.66s/row · 1526 chunks/h · ETA 4.89h for the segment · last finish=stop gen_tok=16
  [5800/13217 this process · 5800/13217 segment] 1.71s/row · 1526 chunks/h · ETA 4.86h for the segment · last finish=stop gen_tok=15
  [5850/13217 this process · 5850/13217 segment] 2.50s/row · 1528 chunks/h · ETA 4.82h for the segment · last finish=stop gen_tok=34
  [5900/13217 this process · 5900/13217 segment] 1.62s/row · 1529 chunks/h · ETA 4.79h for the segment · last finish=stop gen_tok=15
  [5950/13217 this process · 5950/13217 segment] 2.17s/row · 1530 chunks/h · ETA 4.75h for the segment · last finish=stop gen_tok=16
  [6000/13217 this process · 6000/13217 segment] 2.21s/row · 1531 chunks/h · ETA 4.71h for the segment · last finish=stop gen_tok=32
  [6050/13217 this process · 6050/13217 segment] 1.66s/row · 1532 chunks/h · ETA 4.68h for the segment · last finish=stop gen_tok=16
  [6100/13217 this process · 6100/13217 segment] 1.86s/row · 1534 chunks/h · ETA 4.64h for the segment · last finish=stop gen_tok=16
  [6150/13217 this process · 6150/13217 segment] 1.64s/row · 1536 chunks/h · ETA 4.60h for the segment · last finish=stop gen_tok=16
  [6200/13217 this process · 6200/13217 segment] 1.70s/row · 1538 chunks/h · ETA 4.56h for the segment · last finish=stop gen_tok=15
  [6250/13217 this process · 6250/13217 segment] 1.86s/row · 1541 chunks/h · ETA 4.52h for the segment · last finish=stop gen_tok=24
  [6300/13217 this process · 6300/13217 segment] 1.78s/row · 1543 chunks/h · ETA 4.48h for the segment · last finish=stop gen_tok=7
  [6350/13217 this process · 6350/13217 segment] 1.97s/row · 1543 chunks/h · ETA 4.45h for the segment · last finish=stop gen_tok=27
  [6400/13217 this process · 6400/13217 segment] 2.05s/row · 1544 chunks/h · ETA 4.42h for the segment · last finish=stop gen_tok=27
  [6450/13217 this process · 6450/13217 segment] 3.04s/row · 1542 chunks/h · ETA 4.39h for the segment · last finish=stop gen_tok=51
  [6500/13217 this process · 6500/13217 segment] 1.61s/row · 1542 chunks/h · ETA 4.35h for the segment · last finish=stop gen_tok=16
  [6550/13217 this process · 6550/13217 segment] 2.45s/row · 1544 chunks/h · ETA 4.32h for the segment · last finish=stop gen_tok=33
  [6600/13217 this process · 6600/13217 segment] 3.56s/row · 1544 chunks/h · ETA 4.28h for the segment · last finish=stop gen_tok=69
  [6650/13217 this process · 6650/13217 segment] 1.94s/row · 1545 chunks/h · ETA 4.25h for the segment · last finish=stop gen_tok=24
  [6700/13217 this process · 6700/13217 segment] 1.84s/row · 1546 chunks/h · ETA 4.21h for the segment · last finish=stop gen_tok=15
  [6750/13217 this process · 6750/13217 segment] 2.37s/row · 1547 chunks/h · ETA 4.18h for the segment · last finish=stop gen_tok=24
  [6800/13217 this process · 6800/13217 segment] 2.66s/row · 1547 chunks/h · ETA 4.15h for the segment · last finish=stop gen_tok=33
  [6850/13217 this process · 6850/13217 segment] 1.59s/row · 1547 chunks/h · ETA 4.12h for the segment · last finish=stop gen_tok=16
  [6900/13217 this process · 6900/13217 segment] 2.17s/row · 1549 chunks/h · ETA 4.08h for the segment · last finish=stop gen_tok=27
  [6950/13217 this process · 6950/13217 segment] 1.58s/row · 1549 chunks/h · ETA 4.05h for the segment · last finish=stop gen_tok=16
  [7000/13217 this process · 7000/13217 segment] 1.88s/row · 1550 chunks/h · ETA 4.01h for the segment · last finish=stop gen_tok=24
  [7050/13217 this process · 7050/13217 segment] 2.39s/row · 1550 chunks/h · ETA 3.98h for the segment · last finish=stop gen_tok=33
  [7100/13217 this process · 7100/13217 segment] 1.90s/row · 1551 chunks/h · ETA 3.94h for the segment · last finish=stop gen_tok=15
  [7150/13217 this process · 7150/13217 segment] 2.05s/row · 1552 chunks/h · ETA 3.91h for the segment · last finish=stop gen_tok=27
  [7200/13217 this process · 7200/13217 segment] 1.66s/row · 1551 chunks/h · ETA 3.88h for the segment · last finish=stop gen_tok=16
  [7250/13217 this process · 7250/13217 segment] 3.47s/row · 1552 chunks/h · ETA 3.84h for the segment · last finish=stop gen_tok=70
  [7300/13217 this process · 7300/13217 segment] 2.09s/row · 1552 chunks/h · ETA 3.81h for the segment · last finish=stop gen_tok=24
  [7350/13217 this process · 7350/13217 segment] 1.87s/row · 1553 chunks/h · ETA 3.78h for the segment · last finish=stop gen_tok=16
  [7400/13217 this process · 7400/13217 segment] 2.76s/row · 1554 chunks/h · ETA 3.74h for the segment · last finish=stop gen_tok=48
  [7450/13217 this process · 7450/13217 segment] 1.74s/row · 1556 chunks/h · ETA 3.71h for the segment · last finish=stop gen_tok=16
  [7500/13217 this process · 7500/13217 segment] 2.04s/row · 1558 chunks/h · ETA 3.67h for the segment · last finish=stop gen_tok=27
  [7550/13217 this process · 7550/13217 segment] 3.15s/row · 1558 chunks/h · ETA 3.64h for the segment · last finish=stop gen_tok=49
  [7600/13217 this process · 7600/13217 segment] 1.28s/row · 1559 chunks/h · ETA 3.60h for the segment · last finish=stop gen_tok=7
  [7650/13217 this process · 7650/13217 segment] 2.36s/row · 1559 chunks/h · ETA 3.57h for the segment · last finish=stop gen_tok=32
  [7700/13217 this process · 7700/13217 segment] 1.87s/row · 1560 chunks/h · ETA 3.54h for the segment · last finish=stop gen_tok=16
  [7750/13217 this process · 7750/13217 segment] 2.33s/row · 1560 chunks/h · ETA 3.50h for the segment · last finish=stop gen_tok=33
  [7800/13217 this process · 7800/13217 segment] 1.80s/row · 1561 chunks/h · ETA 3.47h for the segment · last finish=stop gen_tok=16
  [7850/13217 this process · 7850/13217 segment] 2.05s/row · 1562 chunks/h · ETA 3.44h for the segment · last finish=stop gen_tok=16
  [7900/13217 this process · 7900/13217 segment] 1.99s/row · 1564 chunks/h · ETA 3.40h for the segment · last finish=stop gen_tok=16
  [7950/13217 this process · 7950/13217 segment] 2.08s/row · 1564 chunks/h · ETA 3.37h for the segment · last finish=stop gen_tok=16
  [8000/13217 this process · 8000/13217 segment] 2.83s/row · 1566 chunks/h · ETA 3.33h for the segment · last finish=stop gen_tok=48
  [8050/13217 this process · 8050/13217 segment] 2.31s/row · 1567 chunks/h · ETA 3.30h for the segment · last finish=stop gen_tok=33
  [8100/13217 this process · 8100/13217 segment] 1.28s/row · 1568 chunks/h · ETA 3.26h for the segment · last finish=stop gen_tok=7
  [8150/13217 this process · 8150/13217 segment] 2.25s/row · 1569 chunks/h · ETA 3.23h for the segment · last finish=stop gen_tok=16
  [8200/13217 this process · 8200/13217 segment] 1.97s/row · 1569 chunks/h · ETA 3.20h for the segment · last finish=stop gen_tok=27
  [8250/13217 this process · 8250/13217 segment] 2.33s/row · 1570 chunks/h · ETA 3.16h for the segment · last finish=stop gen_tok=33
  [8300/13217 this process · 8300/13217 segment] 2.70s/row · 1570 chunks/h · ETA 3.13h for the segment · last finish=stop gen_tok=23
  [8350/13217 this process · 8350/13217 segment] 2.35s/row · 1569 chunks/h · ETA 3.10h for the segment · last finish=stop gen_tok=36
  [8400/13217 this process · 8400/13217 segment] 1.86s/row · 1571 chunks/h · ETA 3.07h for the segment · last finish=stop gen_tok=16
  [8450/13217 this process · 8450/13217 segment] 2.82s/row · 1572 chunks/h · ETA 3.03h for the segment · last finish=stop gen_tok=33
  [8500/13217 this process · 8500/13217 segment] 2.36s/row · 1573 chunks/h · ETA 3.00h for the segment · last finish=stop gen_tok=33
  [8550/13217 this process · 8550/13217 segment] 2.71s/row · 1575 chunks/h · ETA 2.96h for the segment · last finish=stop gen_tok=49
  [8600/13217 this process · 8600/13217 segment] 2.25s/row · 1576 chunks/h · ETA 2.93h for the segment · last finish=stop gen_tok=33
  [8650/13217 this process · 8650/13217 segment] 2.63s/row · 1576 chunks/h · ETA 2.90h for the segment · last finish=stop gen_tok=16
  [8700/13217 this process · 8700/13217 segment] 2.06s/row · 1577 chunks/h · ETA 2.86h for the segment · last finish=stop gen_tok=16
  [8750/13217 this process · 8750/13217 segment] 2.51s/row · 1578 chunks/h · ETA 2.83h for the segment · last finish=stop gen_tok=33
  [8800/13217 this process · 8800/13217 segment] 2.02s/row · 1579 chunks/h · ETA 2.80h for the segment · last finish=stop gen_tok=27
  [8850/13217 this process · 8850/13217 segment] 3.12s/row · 1578 chunks/h · ETA 2.77h for the segment · last finish=stop gen_tok=60
  [8900/13217 this process · 8900/13217 segment] 2.31s/row · 1579 chunks/h · ETA 2.73h for the segment · last finish=stop gen_tok=16
  [8950/13217 this process · 8950/13217 segment] 3.03s/row · 1579 chunks/h · ETA 2.70h for the segment · last finish=stop gen_tok=50
  [9000/13217 this process · 9000/13217 segment] 1.73s/row · 1579 chunks/h · ETA 2.67h for the segment · last finish=stop gen_tok=16
  [9050/13217 this process · 9050/13217 segment] 1.59s/row · 1580 chunks/h · ETA 2.64h for the segment · last finish=stop gen_tok=16
  [9100/13217 this process · 9100/13217 segment] 2.75s/row · 1582 chunks/h · ETA 2.60h for the segment · last finish=stop gen_tok=48
  [9150/13217 this process · 9150/13217 segment] 1.66s/row · 1582 chunks/h · ETA 2.57h for the segment · last finish=stop gen_tok=16
  [9200/13217 this process · 9200/13217 segment] 2.69s/row · 1582 chunks/h · ETA 2.54h for the segment · last finish=stop gen_tok=33
  [9250/13217 this process · 9250/13217 segment] 2.15s/row · 1583 chunks/h · ETA 2.51h for the segment · last finish=stop gen_tok=16
  [9300/13217 this process · 9300/13217 segment] 2.53s/row · 1583 chunks/h · ETA 2.47h for the segment · last finish=stop gen_tok=42
  [9350/13217 this process · 9350/13217 segment] 1.73s/row · 1583 chunks/h · ETA 2.44h for the segment · last finish=stop gen_tok=16
  [9400/13217 this process · 9400/13217 segment] 2.70s/row · 1584 chunks/h · ETA 2.41h for the segment · last finish=stop gen_tok=48
  [9450/13217 this process · 9450/13217 segment] 2.47s/row · 1584 chunks/h · ETA 2.38h for the segment · last finish=stop gen_tok=33
  [9500/13217 this process · 9500/13217 segment] 1.80s/row · 1584 chunks/h · ETA 2.35h for the segment · last finish=stop gen_tok=28
  [9550/13217 this process · 9550/13217 segment] 1.73s/row · 1585 chunks/h · ETA 2.31h for the segment · last finish=stop gen_tok=16
  [9600/13217 this process · 9600/13217 segment] 2.18s/row · 1586 chunks/h · ETA 2.28h for the segment · last finish=stop gen_tok=27
  [9650/13217 this process · 9650/13217 segment] 2.09s/row · 1586 chunks/h · ETA 2.25h for the segment · last finish=stop gen_tok=24
  [9700/13217 this process · 9700/13217 segment] 1.87s/row · 1586 chunks/h · ETA 2.22h for the segment · last finish=stop gen_tok=24
  [9750/13217 this process · 9750/13217 segment] 3.85s/row · 1586 chunks/h · ETA 2.19h for the segment · last finish=stop gen_tok=79
  [9800/13217 this process · 9800/13217 segment] 1.60s/row · 1588 chunks/h · ETA 2.15h for the segment · last finish=stop gen_tok=16
  [9850/13217 this process · 9850/13217 segment] 1.66s/row · 1588 chunks/h · ETA 2.12h for the segment · last finish=stop gen_tok=16
  [9900/13217 this process · 9900/13217 segment] 2.03s/row · 1589 chunks/h · ETA 2.09h for the segment · last finish=stop gen_tok=16
  [9950/13217 this process · 9950/13217 segment] 1.77s/row · 1589 chunks/h · ETA 2.06h for the segment · last finish=stop gen_tok=15
  [10000/13217 this process · 10000/13217 segment] 1.96s/row · 1589 chunks/h · ETA 2.02h for the segment · last finish=stop gen_tok=27
  [10050/13217 this process · 10050/13217 segment] 1.97s/row · 1590 chunks/h · ETA 1.99h for the segment · last finish=stop gen_tok=27
  [10100/13217 this process · 10100/13217 segment] 1.66s/row · 1591 chunks/h · ETA 1.96h for the segment · last finish=stop gen_tok=16
  [10150/13217 this process · 10150/13217 segment] 2.43s/row · 1591 chunks/h · ETA 1.93h for the segment · last finish=stop gen_tok=34
  [10200/13217 this process · 10200/13217 segment] 1.83s/row · 1592 chunks/h · ETA 1.90h for the segment · last finish=stop gen_tok=16
  [10250/13217 this process · 10250/13217 segment] 2.87s/row · 1592 chunks/h · ETA 1.86h for the segment · last finish=stop gen_tok=51
  [10300/13217 this process · 10300/13217 segment] 1.97s/row · 1593 chunks/h · ETA 1.83h for the segment · last finish=stop gen_tok=27
  [10350/13217 this process · 10350/13217 segment] 2.02s/row · 1593 chunks/h · ETA 1.80h for the segment · last finish=stop gen_tok=16
  [10400/13217 this process · 10400/13217 segment] 1.57s/row · 1594 chunks/h · ETA 1.77h for the segment · last finish=stop gen_tok=15
  [10450/13217 this process · 10450/13217 segment] 1.96s/row · 1595 chunks/h · ETA 1.74h for the segment · last finish=stop gen_tok=27
  [10500/13217 this process · 10500/13217 segment] 2.33s/row · 1596 chunks/h · ETA 1.70h for the segment · last finish=stop gen_tok=33
  [10550/13217 this process · 10550/13217 segment] 1.28s/row · 1596 chunks/h · ETA 1.67h for the segment · last finish=stop gen_tok=7
  [10600/13217 this process · 10600/13217 segment] 1.80s/row · 1597 chunks/h · ETA 1.64h for the segment · last finish=stop gen_tok=16
  [10650/13217 this process · 10650/13217 segment] 1.84s/row · 1598 chunks/h · ETA 1.61h for the segment · last finish=stop gen_tok=15
  [10700/13217 this process · 10700/13217 segment] 2.01s/row · 1599 chunks/h · ETA 1.57h for the segment · last finish=stop gen_tok=16
  [10750/13217 this process · 10750/13217 segment] 1.22s/row · 1599 chunks/h · ETA 1.54h for the segment · last finish=stop gen_tok=7
  [10800/13217 this process · 10800/13217 segment] 2.32s/row · 1601 chunks/h · ETA 1.51h for the segment · last finish=stop gen_tok=33
  [10850/13217 this process · 10850/13217 segment] 1.59s/row · 1601 chunks/h · ETA 1.48h for the segment · last finish=stop gen_tok=16
  [10900/13217 this process · 10900/13217 segment] 1.67s/row · 1601 chunks/h · ETA 1.45h for the segment · last finish=stop gen_tok=16
  [10950/13217 this process · 10950/13217 segment] 1.97s/row · 1602 chunks/h · ETA 1.41h for the segment · last finish=stop gen_tok=27
  [11000/13217 this process · 11000/13217 segment] 2.10s/row · 1604 chunks/h · ETA 1.38h for the segment · last finish=stop gen_tok=27
  [11050/13217 this process · 11050/13217 segment] 1.97s/row · 1604 chunks/h · ETA 1.35h for the segment · last finish=stop gen_tok=27
  [11100/13217 this process · 11100/13217 segment] 2.12s/row · 1605 chunks/h · ETA 1.32h for the segment · last finish=stop gen_tok=23
  [11150/13217 this process · 11150/13217 segment] 1.87s/row · 1606 chunks/h · ETA 1.29h for the segment · last finish=stop gen_tok=16
  [11200/13217 this process · 11200/13217 segment] 2.22s/row · 1606 chunks/h · ETA 1.26h for the segment · last finish=stop gen_tok=34
  [11250/13217 this process · 11250/13217 segment] 1.73s/row · 1606 chunks/h · ETA 1.22h for the segment · last finish=stop gen_tok=16
  [11300/13217 this process · 11300/13217 segment] 2.36s/row · 1606 chunks/h · ETA 1.19h for the segment · last finish=stop gen_tok=34
  [11350/13217 this process · 11350/13217 segment] 2.38s/row · 1605 chunks/h · ETA 1.16h for the segment · last finish=stop gen_tok=32
  [11400/13217 this process · 11400/13217 segment] 2.04s/row · 1605 chunks/h · ETA 1.13h for the segment · last finish=stop gen_tok=27
  [11450/13217 this process · 11450/13217 segment] 1.87s/row · 1605 chunks/h · ETA 1.10h for the segment · last finish=stop gen_tok=24
  [11500/13217 this process · 11500/13217 segment] 2.56s/row · 1605 chunks/h · ETA 1.07h for the segment · last finish=stop gen_tok=41
  [11550/13217 this process · 11550/13217 segment] 1.69s/row · 1605 chunks/h · ETA 1.04h for the segment · last finish=stop gen_tok=16
  [11600/13217 this process · 11600/13217 segment] 1.95s/row · 1604 chunks/h · ETA 1.01h for the segment · last finish=stop gen_tok=25
  [11650/13217 this process · 11650/13217 segment] 1.86s/row · 1604 chunks/h · ETA 0.98h for the segment · last finish=stop gen_tok=16
  [11700/13217 this process · 11700/13217 segment] 2.08s/row · 1603 chunks/h · ETA 0.95h for the segment · last finish=stop gen_tok=24
  [11750/13217 this process · 11750/13217 segment] 1.78s/row · 1604 chunks/h · ETA 0.91h for the segment · last finish=stop gen_tok=15
  [11800/13217 this process · 11800/13217 segment] 2.05s/row · 1604 chunks/h · ETA 0.88h for the segment · last finish=stop gen_tok=23
  [11850/13217 this process · 11850/13217 segment] 3.34s/row · 1603 chunks/h · ETA 0.85h for the segment · last finish=stop gen_tok=61
  [11900/13217 this process · 11900/13217 segment] 3.27s/row · 1603 chunks/h · ETA 0.82h for the segment · last finish=stop gen_tok=60
  [11950/13217 this process · 11950/13217 segment] 2.02s/row · 1603 chunks/h · ETA 0.79h for the segment · last finish=stop gen_tok=16
  [12000/13217 this process · 12000/13217 segment] 1.99s/row · 1602 chunks/h · ETA 0.76h for the segment · last finish=stop gen_tok=15
  [12050/13217 this process · 12050/13217 segment] 1.73s/row · 1602 chunks/h · ETA 0.73h for the segment · last finish=stop gen_tok=16
  [12100/13217 this process · 12100/13217 segment] 1.75s/row · 1602 chunks/h · ETA 0.70h for the segment · last finish=stop gen_tok=15
  [12150/13217 this process · 12150/13217 segment] 2.10s/row · 1602 chunks/h · ETA 0.67h for the segment · last finish=stop gen_tok=27
  [12200/13217 this process · 12200/13217 segment] 2.03s/row · 1602 chunks/h · ETA 0.63h for the segment · last finish=stop gen_tok=24
  [12250/13217 this process · 12250/13217 segment] 2.62s/row · 1601 chunks/h · ETA 0.60h for the segment · last finish=stop gen_tok=16
  [12300/13217 this process · 12300/13217 segment] 1.70s/row · 1602 chunks/h · ETA 0.57h for the segment · last finish=stop gen_tok=23
  [12350/13217 this process · 12350/13217 segment] 1.65s/row · 1602 chunks/h · ETA 0.54h for the segment · last finish=stop gen_tok=16
  [12400/13217 this process · 12400/13217 segment] 1.74s/row · 1602 chunks/h · ETA 0.51h for the segment · last finish=stop gen_tok=16
  [12450/13217 this process · 12450/13217 segment] 3.73s/row · 1601 chunks/h · ETA 0.48h for the segment · last finish=stop gen_tok=79
  [12500/13217 this process · 12500/13217 segment] 2.72s/row · 1600 chunks/h · ETA 0.45h for the segment · last finish=stop gen_tok=40
  [12550/13217 this process · 12550/13217 segment] 2.00s/row · 1600 chunks/h · ETA 0.42h for the segment · last finish=stop gen_tok=24
  [12600/13217 this process · 12600/13217 segment] 2.21s/row · 1600 chunks/h · ETA 0.39h for the segment · last finish=stop gen_tok=24
  [12650/13217 this process · 12650/13217 segment] 2.17s/row · 1601 chunks/h · ETA 0.35h for the segment · last finish=stop gen_tok=33
  [12700/13217 this process · 12700/13217 segment] 3.53s/row · 1600 chunks/h · ETA 0.32h for the segment · last finish=stop gen_tok=68
  [12750/13217 this process · 12750/13217 segment] 1.88s/row · 1601 chunks/h · ETA 0.29h for the segment · last finish=stop gen_tok=16
  [12800/13217 this process · 12800/13217 segment] 1.73s/row · 1600 chunks/h · ETA 0.26h for the segment · last finish=stop gen_tok=16
  [12850/13217 this process · 12850/13217 segment] 2.12s/row · 1600 chunks/h · ETA 0.23h for the segment · last finish=stop gen_tok=27
  [12900/13217 this process · 12900/13217 segment] 1.74s/row · 1601 chunks/h · ETA 0.20h for the segment · last finish=stop gen_tok=16
  [12950/13217 this process · 12950/13217 segment] 2.02s/row · 1601 chunks/h · ETA 0.17h for the segment · last finish=stop gen_tok=23
  [13000/13217 this process · 13000/13217 segment] 2.40s/row · 1601 chunks/h · ETA 0.14h for the segment · last finish=stop gen_tok=33
  [13050/13217 this process · 13050/13217 segment] 2.25s/row · 1602 chunks/h · ETA 0.10h for the segment · last finish=stop gen_tok=33
  [13100/13217 this process · 13100/13217 segment] 2.86s/row · 1601 chunks/h · ETA 0.07h for the segment · last finish=stop gen_tok=42
  [13150/13217 this process · 13150/13217 segment] 2.94s/row · 1601 chunks/h · ETA 0.04h for the segment · last finish=stop gen_tok=51
  [13200/13217 this process · 13200/13217 segment] 1.73s/row · 1601 chunks/h · ETA 0.01h for the segment · last finish=stop gen_tok=16
  [13217/13217 this process · 13217/13217 segment] 2.39s/row · 1601 chunks/h · ETA 0.00h for the segment · last finish=stop gen_tok=33

SEGMENT seg-009 COMPLETE — 13217/13217 rows.
Now finalize with the SYSTEM python3 (no GPU, seconds):
    python3 finetune/label_e2.py --finalize-segment seg-009
