[earnings] 10567 filings -> 8 shards of 1500
  shard earnings_0000: 1500 filings -> 1500 attempts / 1499 sections  {'OK': 1287, 'FLAGGED': 212, 'FAIL': 1}  cache_miss=0  205.0s  network_gets=0
  shard earnings_0001: 1500 filings -> 1500 attempts / 1498 sections  {'OK': 1174, 'FLAGGED': 324, 'FAIL': 2}  cache_miss=0  266.2s  network_gets=0
  shard earnings_0002: 1500 filings -> 1500 attempts / 1499 sections  {'OK': 1289, 'FLAGGED': 210, 'FAIL': 1}  cache_miss=0  368.5s  network_gets=0
  shard earnings_0003: 1500 filings -> 1500 attempts / 1499 sections  {'OK': 1224, 'FLAGGED': 275, 'FAIL': 1}  cache_miss=0  340.1s  network_gets=0
  shard earnings_0004: 1500 filings -> 1500 attempts / 1495 sections  {'OK': 1238, 'FLAGGED': 257, 'FAIL': 5}  cache_miss=0  258.4s  network_gets=0
  shard earnings_0005: 1500 filings -> 1500 attempts / 1500 sections  {'OK': 1260, 'FLAGGED': 240}  cache_miss=0  282.1s  network_gets=0
  shard earnings_0006: 1500 filings -> 1500 attempts / 1498 sections  {'OK': 1143, 'FLAGGED': 355, 'FAIL': 2}  cache_miss=0  265.2s  network_gets=0
  shard earnings_0007: 67 filings -> 67 attempts / 67 sections  {'OK': 58, 'FLAGGED': 9}  cache_miss=0  6.8s  network_gets=0
Total EDGAR network GETs this run: 0 (cache-only by construction)
Edge handlers fired: {}; DEAD: ['nike_10q_mda_shared_toc_anchor']
[10-K] 2445 filings -> 10 shards of 250
  shard 10-K_0000: 250 filings -> 500 attempts / 463 sections  {'OK': 420, 'FLAGGED': 43, 'FAIL': 37}  cache_miss=0  602.0s  network_gets=0
Total EDGAR network GETs this run: 0 (cache-only by construction)
Edge handlers fired: {}; DEAD: ['nike_10q_mda_shared_toc_anchor']
[10-K] 2445 filings -> 10 shards of 250
  shard 10-K_0001: 250 filings -> 500 attempts / 497 sections  {'OK': 403, 'FLAGGED': 94, 'FAIL': 3}  cache_miss=0  763.1s  network_gets=0
Total EDGAR network GETs this run: 0 (cache-only by construction)
Edge handlers fired: {}; DEAD: ['nike_10q_mda_shared_toc_anchor']
[10-K] 2445 filings -> 10 shards of 250
  shard 10-K_0002: 250 filings -> 500 attempts / 500 sections  {'OK': 438, 'FLAGGED': 62}  cache_miss=0  461.9s  network_gets=0
Total EDGAR network GETs this run: 0 (cache-only by construction)
Edge handlers fired: {}; DEAD: ['nike_10q_mda_shared_toc_anchor']
[10-K] 2445 filings -> 10 shards of 250
  shard 10-K_0003: done, skipped
Total EDGAR network GETs this run: 0 (cache-only by construction)
Edge handlers fired: {}; DEAD: ['nike_10q_mda_shared_toc_anchor']
[10-K] 2445 filings -> 10 shards of 250
  shard 10-K_0004: done, skipped
Total EDGAR network GETs this run: 0 (cache-only by construction)
Edge handlers fired: {}; DEAD: ['nike_10q_mda_shared_toc_anchor']
WORKER A DONE 2026-08-28T04:36:30Z
