[10-Q] 7509 filings -> 16 shards of 500
  shard 10-Q_0010: 500 filings -> 1000 attempts / 912 sections  {'OK': 830, 'FLAGGED': 82, 'FAIL': 54, 'ITEM_ABSENT_FROM_TOC': 34}  cache_miss=0  734.4s  network_gets=0
Total EDGAR network GETs this run: 0 (cache-only by construction)
Edge handlers fired: {}; DEAD: ['nike_10q_mda_shared_toc_anchor']
[10-Q] 7509 filings -> 16 shards of 500
  shard 10-Q_0011: 500 filings -> 1000 attempts / 927 sections  {'OK': 922, 'ITEM_ABSENT_FROM_TOC': 49, 'FAIL': 24, 'FLAGGED': 5}  cache_miss=0  477.6s  network_gets=0
Total EDGAR network GETs this run: 0 (cache-only by construction)
Edge handlers fired: {}; DEAD: ['nike_10q_mda_shared_toc_anchor']
[10-Q] 7509 filings -> 16 shards of 500
  shard 10-Q_0012: 500 filings -> 1000 attempts / 903 sections  {'OK': 626, 'FLAGGED': 277, 'ITEM_ABSENT_FROM_TOC': 77, 'FAIL': 20}  cache_miss=0  529.7s  network_gets=0
Total EDGAR network GETs this run: 0 (cache-only by construction)
Edge handlers fired: {}; DEAD: ['nike_10q_mda_shared_toc_anchor']
[10-Q] 7509 filings -> 16 shards of 500
  shard 10-Q_0013: 500 filings -> 1000 attempts / 931 sections  {'OK': 897, 'ITEM_ABSENT_FROM_TOC': 61, 'FLAGGED': 34, 'FAIL': 8}  cache_miss=0  453.8s  network_gets=0
Total EDGAR network GETs this run: 0 (cache-only by construction)
Edge handlers fired: {}; DEAD: ['nike_10q_mda_shared_toc_anchor']
[10-Q] 7509 filings -> 16 shards of 500
  shard 10-Q_0014: 500 filings -> 1000 attempts / 971 sections  {'OK': 911, 'FLAGGED': 60, 'ITEM_ABSENT_FROM_TOC': 18, 'FAIL': 11}  cache_miss=0  407.8s  network_gets=0
Total EDGAR network GETs this run: 0 (cache-only by construction)
Edge handlers fired: {}; DEAD: ['nike_10q_mda_shared_toc_anchor']
[10-Q] 7509 filings -> 16 shards of 500
  shard 10-Q_0015: 9 filings -> 18 attempts / 14 sections  {'OK': 14, 'ITEM_ABSENT_FROM_TOC': 3, 'FAIL': 1}  cache_miss=0  10.2s  network_gets=0
Total EDGAR network GETs this run: 0 (cache-only by construction)
Edge handlers fired: {}; DEAD: ['nike_10q_mda_shared_toc_anchor']
WORKER D DONE 2026-08-28T04:16:24Z
