[10-Q] 7509 filings -> 16 shards of 500
  shard 10-Q_0004: 500 filings -> 1000 attempts / 985 sections  {'OK': 827, 'FLAGGED': 158, 'ITEM_ABSENT_FROM_TOC': 14, 'FAIL': 1}  cache_miss=0  366.9s  network_gets=0
Total EDGAR network GETs this run: 0 (cache-only by construction)
Edge handlers fired: {'nike_10q_mda_shared_toc_anchor': 21}; DEAD: []
[10-Q] 7509 filings -> 16 shards of 500
  shard 10-Q_0005: 500 filings -> 1000 attempts / 779 sections  {'OK': 774, 'FAIL': 136, 'ITEM_ABSENT_FROM_TOC': 85, 'FLAGGED': 5}  cache_miss=0  805.6s  network_gets=0
Total EDGAR network GETs this run: 0 (cache-only by construction)
Edge handlers fired: {}; DEAD: ['nike_10q_mda_shared_toc_anchor']
[10-Q] 7509 filings -> 16 shards of 500
  shard 10-Q_0006: 500 filings -> 1000 attempts / 940 sections  {'OK': 882, 'FLAGGED': 58, 'ITEM_ABSENT_FROM_TOC': 40, 'FAIL': 20}  cache_miss=0  630.5s  network_gets=0
Total EDGAR network GETs this run: 0 (cache-only by construction)
Edge handlers fired: {}; DEAD: ['nike_10q_mda_shared_toc_anchor']
[10-Q] 7509 filings -> 16 shards of 500
  shard 10-Q_0007: 500 filings -> 1000 attempts / 947 sections  {'OK': 927, 'ITEM_ABSENT_FROM_TOC': 50, 'FLAGGED': 20, 'FAIL': 3}  cache_miss=0  370.1s  network_gets=0
Total EDGAR network GETs this run: 0 (cache-only by construction)
Edge handlers fired: {}; DEAD: ['nike_10q_mda_shared_toc_anchor']
[10-Q] 7509 filings -> 16 shards of 500
  shard 10-Q_0008: 500 filings -> 1000 attempts / 931 sections  {'OK': 770, 'FLAGGED': 161, 'ITEM_ABSENT_FROM_TOC': 69}  cache_miss=0  587.3s  network_gets=0
Total EDGAR network GETs this run: 0 (cache-only by construction)
Edge handlers fired: {}; DEAD: ['nike_10q_mda_shared_toc_anchor']
[10-Q] 7509 filings -> 16 shards of 500
  shard 10-Q_0009: 500 filings -> 1000 attempts / 972 sections  {'OK': 916, 'FLAGGED': 56, 'ITEM_ABSENT_FROM_TOC': 19, 'FAIL': 9}  cache_miss=0  608.7s  network_gets=0
Total EDGAR network GETs this run: 0 (cache-only by construction)
Edge handlers fired: {}; DEAD: ['nike_10q_mda_shared_toc_anchor']
WORKER C DONE 2026-08-28T04:28:59Z
