0 already in labels.jsonl · 13228 to generate
loading base model + adapter (the only GPU work) ...
  loaded in 1.1s
  [50/13228 this process · 50/13228 segment] 2.13s/row · 1580 chunks/h · ETA 8.34h for the segment · last finish=stop gen_tok=27
  [100/13228 this process · 100/13228 segment] 1.98s/row · 1577 chunks/h · ETA 8.33h for the segment · last finish=stop gen_tok=15
  [150/13228 this process · 150/13228 segment] 1.81s/row · 1580 chunks/h · ETA 8.28h for the segment · last finish=stop gen_tok=16
  [200/13228 this process · 200/13228 segment] 6.35s/row · 1522 chunks/h · ETA 8.56h for the segment · last finish=stop gen_tok=130
  [250/13228 this process · 250/13228 segment] 2.03s/row · 1469 chunks/h · ETA 8.83h for the segment · last finish=stop gen_tok=24
  [300/13228 this process · 300/13228 segment] 2.50s/row · 1449 chunks/h · ETA 8.92h for the segment · last finish=stop gen_tok=33
  [350/13228 this process · 350/13228 segment] 2.88s/row · 1414 chunks/h · ETA 9.11h for the segment · last finish=stop gen_tok=33
  [400/13228 this process · 400/13228 segment] 2.59s/row · 1413 chunks/h · ETA 9.08h for the segment · last finish=stop gen_tok=33
  [450/13228 this process · 450/13228 segment] 2.74s/row · 1423 chunks/h · ETA 8.98h for the segment · last finish=stop gen_tok=33
  [500/13228 this process · 500/13228 segment] 1.73s/row · 1435 chunks/h · ETA 8.87h for the segment · last finish=stop gen_tok=16
  [550/13228 this process · 550/13228 segment] 2.85s/row · 1429 chunks/h · ETA 8.87h for the segment · last finish=stop gen_tok=32
  [600/13228 this process · 600/13228 segment] 2.61s/row · 1418 chunks/h · ETA 8.91h for the segment · last finish=stop gen_tok=33
  [650/13228 this process · 650/13228 segment] 2.07s/row · 1413 chunks/h · ETA 8.90h for the segment · last finish=stop gen_tok=16
  [700/13228 this process · 700/13228 segment] 2.78s/row · 1408 chunks/h · ETA 8.90h for the segment · last finish=stop gen_tok=40
  [750/13228 this process · 750/13228 segment] 1.78s/row · 1419 chunks/h · ETA 8.79h for the segment · last finish=stop gen_tok=16
  [800/13228 this process · 800/13228 segment] 3.75s/row · 1412 chunks/h · ETA 8.80h for the segment · last finish=stop gen_tok=68
  [850/13228 this process · 850/13228 segment] 1.79s/row · 1418 chunks/h · ETA 8.73h for the segment · last finish=stop gen_tok=16
  [900/13228 this process · 900/13228 segment] 2.52s/row · 1410 chunks/h · ETA 8.74h for the segment · last finish=stop gen_tok=33
  [950/13228 this process · 950/13228 segment] 2.19s/row · 1396 chunks/h · ETA 8.79h for the segment · last finish=stop gen_tok=36
  [1000/13228 this process · 1000/13228 segment] 3.05s/row · 1407 chunks/h · ETA 8.69h for the segment · last finish=stop gen_tok=43
  [1050/13228 this process · 1050/13228 segment] 2.44s/row · 1407 chunks/h · ETA 8.66h for the segment · last finish=stop gen_tok=33
  [1100/13228 this process · 1100/13228 segment] 2.39s/row · 1409 chunks/h · ETA 8.61h for the segment · last finish=stop gen_tok=15
  [1150/13228 this process · 1150/13228 segment] 1.73s/row · 1410 chunks/h · ETA 8.57h for the segment · last finish=stop gen_tok=16
  [1200/13228 this process · 1200/13228 segment] 2.46s/row · 1414 chunks/h · ETA 8.51h for the segment · last finish=stop gen_tok=33
  [1250/13228 this process · 1250/13228 segment] 2.07s/row · 1411 chunks/h · ETA 8.49h for the segment · last finish=stop gen_tok=16
  [1300/13228 this process · 1300/13228 segment] 2.58s/row · 1412 chunks/h · ETA 8.45h for the segment · last finish=stop gen_tok=33
  [1350/13228 this process · 1350/13228 segment] 2.15s/row · 1417 chunks/h · ETA 8.38h for the segment · last finish=stop gen_tok=16
  [1400/13228 this process · 1400/13228 segment] 1.67s/row · 1417 chunks/h · ETA 8.35h for the segment · last finish=stop gen_tok=15
  [1450/13228 this process · 1450/13228 segment] 1.85s/row · 1420 chunks/h · ETA 8.29h for the segment · last finish=stop gen_tok=16
  [1500/13228 this process · 1500/13228 segment] 2.15s/row · 1427 chunks/h · ETA 8.22h for the segment · last finish=stop gen_tok=16
  [1550/13228 this process · 1550/13228 segment] 2.12s/row · 1433 chunks/h · ETA 8.15h for the segment · last finish=stop gen_tok=15
  [1600/13228 this process · 1600/13228 segment] 2.50s/row · 1440 chunks/h · ETA 8.07h for the segment · last finish=stop gen_tok=33
  [1650/13228 this process · 1650/13228 segment] 3.12s/row · 1442 chunks/h · ETA 8.03h for the segment · last finish=stop gen_tok=51
  [1700/13228 this process · 1700/13228 segment] 3.09s/row · 1438 chunks/h · ETA 8.01h for the segment · last finish=stop gen_tok=41
  [1750/13228 this process · 1750/13228 segment] 3.32s/row · 1435 chunks/h · ETA 8.00h for the segment · last finish=stop gen_tok=50
  [1800/13228 this process · 1800/13228 segment] 2.23s/row · 1437 chunks/h · ETA 7.96h for the segment · last finish=stop gen_tok=16
  [1850/13228 this process · 1850/13228 segment] 3.36s/row · 1438 chunks/h · ETA 7.91h for the segment · last finish=stop gen_tok=51
  [1900/13228 this process · 1900/13228 segment] 2.75s/row · 1438 chunks/h · ETA 7.88h for the segment · last finish=stop gen_tok=33
  [1950/13228 this process · 1950/13228 segment] 2.23s/row · 1437 chunks/h · ETA 7.85h for the segment · last finish=stop gen_tok=16
  [2000/13228 this process · 2000/13228 segment] 3.09s/row · 1438 chunks/h · ETA 7.81h for the segment · last finish=stop gen_tok=50
  [2050/13228 this process · 2050/13228 segment] 2.49s/row · 1439 chunks/h · ETA 7.77h for the segment · last finish=stop gen_tok=15
  [2100/13228 this process · 2100/13228 segment] 1.38s/row · 1434 chunks/h · ETA 7.76h for the segment · last finish=stop gen_tok=16
  [2150/13228 this process · 2150/13228 segment] 1.87s/row · 1434 chunks/h · ETA 7.72h for the segment · last finish=stop gen_tok=16
  [2200/13228 this process · 2200/13228 segment] 2.55s/row · 1436 chunks/h · ETA 7.68h for the segment · last finish=stop gen_tok=15
  [2250/13228 this process · 2250/13228 segment] 2.29s/row · 1438 chunks/h · ETA 7.64h for the segment · last finish=stop gen_tok=23
  [2300/13228 this process · 2300/13228 segment] 3.22s/row · 1438 chunks/h · ETA 7.60h for the segment · last finish=stop gen_tok=50
  [2350/13228 this process · 2350/13228 segment] 2.76s/row · 1435 chunks/h · ETA 7.58h for the segment · last finish=stop gen_tok=45
  [2400/13228 this process · 2400/13228 segment] 2.40s/row · 1439 chunks/h · ETA 7.53h for the segment · last finish=stop gen_tok=34
  [2450/13228 this process · 2450/13228 segment] 2.16s/row · 1440 chunks/h · ETA 7.48h for the segment · last finish=stop gen_tok=16
  [2500/13228 this process · 2500/13228 segment] 1.91s/row · 1445 chunks/h · ETA 7.42h for the segment · last finish=stop gen_tok=16
  [2550/13228 this process · 2550/13228 segment] 2.47s/row · 1449 chunks/h · ETA 7.37h for the segment · last finish=stop gen_tok=16
  [2600/13228 this process · 2600/13228 segment] 2.65s/row · 1450 chunks/h · ETA 7.33h for the segment · last finish=stop gen_tok=34
  [2650/13228 this process · 2650/13228 segment] 2.26s/row · 1450 chunks/h · ETA 7.29h for the segment · last finish=stop gen_tok=16
  [2700/13228 this process · 2700/13228 segment] 2.76s/row · 1451 chunks/h · ETA 7.25h for the segment · last finish=stop gen_tok=41
  [2750/13228 this process · 2750/13228 segment] 3.10s/row · 1450 chunks/h · ETA 7.23h for the segment · last finish=stop gen_tok=34
  [2800/13228 this process · 2800/13228 segment] 1.73s/row · 1452 chunks/h · ETA 7.18h for the segment · last finish=stop gen_tok=15
  [2850/13228 this process · 2850/13228 segment] 2.12s/row · 1455 chunks/h · ETA 7.13h for the segment · last finish=stop gen_tok=27
  [2900/13228 this process · 2900/13228 segment] 1.72s/row · 1457 chunks/h · ETA 7.09h for the segment · last finish=stop gen_tok=16
  [2950/13228 this process · 2950/13228 segment] 2.60s/row · 1454 chunks/h · ETA 7.07h for the segment · last finish=stop gen_tok=32
  [3000/13228 this process · 3000/13228 segment] 1.70s/row · 1451 chunks/h · ETA 7.05h for the segment · last finish=stop gen_tok=16
  [3050/13228 this process · 3050/13228 segment] 2.18s/row · 1449 chunks/h · ETA 7.02h for the segment · last finish=stop gen_tok=16
  [3100/13228 this process · 3100/13228 segment] 3.35s/row · 1450 chunks/h · ETA 6.98h for the segment · last finish=stop gen_tok=51
  [3150/13228 this process · 3150/13228 segment] 2.07s/row · 1450 chunks/h · ETA 6.95h for the segment · last finish=stop gen_tok=16
  [3200/13228 this process · 3200/13228 segment] 1.86s/row · 1451 chunks/h · ETA 6.91h for the segment · last finish=stop gen_tok=16
  [3250/13228 this process · 3250/13228 segment] 1.87s/row · 1452 chunks/h · ETA 6.87h for the segment · last finish=stop gen_tok=16
  [3300/13228 this process · 3300/13228 segment] 1.79s/row · 1455 chunks/h · ETA 6.82h for the segment · last finish=stop gen_tok=16
  [3350/13228 this process · 3350/13228 segment] 1.83s/row · 1456 chunks/h · ETA 6.78h for the segment · last finish=stop gen_tok=15
  [3400/13228 this process · 3400/13228 segment] 1.89s/row · 1458 chunks/h · ETA 6.74h for the segment · last finish=stop gen_tok=15
  [3450/13228 this process · 3450/13228 segment] 1.31s/row · 1458 chunks/h · ETA 6.71h for the segment · last finish=stop gen_tok=7
  [3500/13228 this process · 3500/13228 segment] 2.04s/row · 1458 chunks/h · ETA 6.67h for the segment · last finish=stop gen_tok=24
  [3550/13228 this process · 3550/13228 segment] 1.88s/row · 1459 chunks/h · ETA 6.63h for the segment · last finish=stop gen_tok=16
  [3600/13228 this process · 3600/13228 segment] 2.03s/row · 1461 chunks/h · ETA 6.59h for the segment · last finish=stop gen_tok=24
  [3650/13228 this process · 3650/13228 segment] 2.41s/row · 1462 chunks/h · ETA 6.55h for the segment · last finish=stop gen_tok=32
  [3700/13228 this process · 3700/13228 segment] 1.88s/row · 1459 chunks/h · ETA 6.53h for the segment · last finish=stop gen_tok=15
  [3750/13228 this process · 3750/13228 segment] 3.26s/row · 1460 chunks/h · ETA 6.49h for the segment · last finish=stop gen_tok=56
  [3800/13228 this process · 3800/13228 segment] 2.31s/row · 1462 chunks/h · ETA 6.45h for the segment · last finish=stop gen_tok=33
  [3850/13228 this process · 3850/13228 segment] 1.97s/row · 1464 chunks/h · ETA 6.41h for the segment · last finish=stop gen_tok=16
  [3900/13228 this process · 3900/13228 segment] 2.73s/row · 1462 chunks/h · ETA 6.38h for the segment · last finish=stop gen_tok=15
  [3950/13228 this process · 3950/13228 segment] 2.22s/row · 1462 chunks/h · ETA 6.34h for the segment · last finish=stop gen_tok=16
  [4000/13228 this process · 4000/13228 segment] 1.82s/row · 1462 chunks/h · ETA 6.31h for the segment · last finish=stop gen_tok=16
  [4050/13228 this process · 4050/13228 segment] 2.52s/row · 1464 chunks/h · ETA 6.27h for the segment · last finish=stop gen_tok=32
  [4100/13228 this process · 4100/13228 segment] 2.07s/row · 1465 chunks/h · ETA 6.23h for the segment · last finish=stop gen_tok=24
  [4150/13228 this process · 4150/13228 segment] 2.25s/row · 1466 chunks/h · ETA 6.19h for the segment · last finish=stop gen_tok=27
  [4200/13228 this process · 4200/13228 segment] 1.92s/row · 1463 chunks/h · ETA 6.17h for the segment · last finish=stop gen_tok=16
  [4250/13228 this process · 4250/13228 segment] 1.78s/row · 1465 chunks/h · ETA 6.13h for the segment · last finish=stop gen_tok=7
  [4300/13228 this process · 4300/13228 segment] 2.68s/row · 1465 chunks/h · ETA 6.09h for the segment · last finish=stop gen_tok=32
  [4350/13228 this process · 4350/13228 segment] 2.79s/row · 1468 chunks/h · ETA 6.05h for the segment · last finish=stop gen_tok=45
  [4400/13228 this process · 4400/13228 segment] 1.93s/row · 1469 chunks/h · ETA 6.01h for the segment · last finish=stop gen_tok=16
  [4450/13228 this process · 4450/13228 segment] 2.72s/row · 1469 chunks/h · ETA 5.98h for the segment · last finish=stop gen_tok=33
  [4500/13228 this process · 4500/13228 segment] 3.14s/row · 1467 chunks/h · ETA 5.95h for the segment · last finish=stop gen_tok=32
  [4550/13228 this process · 4550/13228 segment] 2.27s/row · 1465 chunks/h · ETA 5.93h for the segment · last finish=stop gen_tok=25
  [4600/13228 this process · 4600/13228 segment] 2.15s/row · 1462 chunks/h · ETA 5.90h for the segment · last finish=stop gen_tok=24
  [4650/13228 this process · 4650/13228 segment] 3.52s/row · 1460 chunks/h · ETA 5.87h for the segment · last finish=stop gen_tok=63
  [4700/13228 this process · 4700/13228 segment] 1.95s/row · 1459 chunks/h · ETA 5.85h for the segment · last finish=stop gen_tok=24
  [4750/13228 this process · 4750/13228 segment] 2.87s/row · 1460 chunks/h · ETA 5.81h for the segment · last finish=stop gen_tok=32
  [4800/13228 this process · 4800/13228 segment] 1.51s/row · 1458 chunks/h · ETA 5.78h for the segment · last finish=stop gen_tok=16
  [4850/13228 this process · 4850/13228 segment] 2.63s/row · 1457 chunks/h · ETA 5.75h for the segment · last finish=stop gen_tok=32
  [4900/13228 this process · 4900/13228 segment] 2.80s/row · 1454 chunks/h · ETA 5.73h for the segment · last finish=stop gen_tok=41
  [4950/13228 this process · 4950/13228 segment] 5.07s/row · 1453 chunks/h · ETA 5.70h for the segment · last finish=stop gen_tok=104
  [5000/13228 this process · 5000/13228 segment] 3.87s/row · 1452 chunks/h · ETA 5.67h for the segment · last finish=stop gen_tok=69
  [5050/13228 this process · 5050/13228 segment] 3.84s/row · 1452 chunks/h · ETA 5.63h for the segment · last finish=stop gen_tok=68
  [5100/13228 this process · 5100/13228 segment] 2.60s/row · 1450 chunks/h · ETA 5.61h for the segment · last finish=stop gen_tok=33
  [5150/13228 this process · 5150/13228 segment] 2.23s/row · 1451 chunks/h · ETA 5.57h for the segment · last finish=stop gen_tok=15
  [5200/13228 this process · 5200/13228 segment] 2.45s/row · 1450 chunks/h · ETA 5.54h for the segment · last finish=stop gen_tok=33
  [5250/13228 this process · 5250/13228 segment] 1.79s/row · 1450 chunks/h · ETA 5.50h for the segment · last finish=stop gen_tok=16
  [5300/13228 this process · 5300/13228 segment] 1.77s/row · 1448 chunks/h · ETA 5.47h for the segment · last finish=stop gen_tok=16
  [5350/13228 this process · 5350/13228 segment] 2.63s/row · 1446 chunks/h · ETA 5.45h for the segment · last finish=stop gen_tok=34
  [5400/13228 this process · 5400/13228 segment] 3.19s/row · 1446 chunks/h · ETA 5.42h for the segment · last finish=stop gen_tok=51
  [5450/13228 this process · 5450/13228 segment] 2.02s/row · 1444 chunks/h · ETA 5.39h for the segment · last finish=stop gen_tok=16
  [5500/13228 this process · 5500/13228 segment] 2.67s/row · 1443 chunks/h · ETA 5.36h for the segment · last finish=stop gen_tok=33
  [5550/13228 this process · 5550/13228 segment] 1.64s/row · 1442 chunks/h · ETA 5.32h for the segment · last finish=stop gen_tok=24
  [5600/13228 this process · 5600/13228 segment] 2.50s/row · 1441 chunks/h · ETA 5.29h for the segment · last finish=stop gen_tok=16
  [5650/13228 this process · 5650/13228 segment] 2.58s/row · 1439 chunks/h · ETA 5.26h for the segment · last finish=stop gen_tok=24
  [5700/13228 this process · 5700/13228 segment] 3.63s/row · 1437 chunks/h · ETA 5.24h for the segment · last finish=stop gen_tok=60
  [5750/13228 this process · 5750/13228 segment] 2.85s/row · 1437 chunks/h · ETA 5.21h for the segment · last finish=stop gen_tok=33
  [5800/13228 this process · 5800/13228 segment] 3.15s/row · 1437 chunks/h · ETA 5.17h for the segment · last finish=stop gen_tok=52
  [5850/13228 this process · 5850/13228 segment] 2.24s/row · 1438 chunks/h · ETA 5.13h for the segment · last finish=stop gen_tok=16
  [5900/13228 this process · 5900/13228 segment] 3.09s/row · 1439 chunks/h · ETA 5.09h for the segment · last finish=stop gen_tok=23
  [5950/13228 this process · 5950/13228 segment] 3.95s/row · 1437 chunks/h · ETA 5.07h for the segment · last finish=stop gen_tok=51
  [6000/13228 this process · 6000/13228 segment] 1.78s/row · 1436 chunks/h · ETA 5.03h for the segment · last finish=stop gen_tok=15
  [6050/13228 this process · 6050/13228 segment] 2.79s/row · 1435 chunks/h · ETA 5.00h for the segment · last finish=stop gen_tok=32
  [6100/13228 this process · 6100/13228 segment] 2.77s/row · 1435 chunks/h · ETA 4.97h for the segment · last finish=stop gen_tok=32
  [6150/13228 this process · 6150/13228 segment] 2.86s/row · 1435 chunks/h · ETA 4.93h for the segment · last finish=stop gen_tok=45
  [6200/13228 this process · 6200/13228 segment] 2.53s/row · 1435 chunks/h · ETA 4.90h for the segment · last finish=stop gen_tok=32
  [6250/13228 this process · 6250/13228 segment] 2.95s/row · 1435 chunks/h · ETA 4.86h for the segment · last finish=stop gen_tok=41
  [6300/13228 this process · 6300/13228 segment] 2.01s/row · 1433 chunks/h · ETA 4.83h for the segment · last finish=stop gen_tok=16
  [6350/13228 this process · 6350/13228 segment] 4.83s/row · 1433 chunks/h · ETA 4.80h for the segment · last finish=stop gen_tok=97
  [6400/13228 this process · 6400/13228 segment] 1.79s/row · 1432 chunks/h · ETA 4.77h for the segment · last finish=stop gen_tok=16
  [6450/13228 this process · 6450/13228 segment] 2.44s/row · 1432 chunks/h · ETA 4.73h for the segment · last finish=stop gen_tok=33
  [6500/13228 this process · 6500/13228 segment] 1.75s/row · 1432 chunks/h · ETA 4.70h for the segment · last finish=stop gen_tok=16
  [6550/13228 this process · 6550/13228 segment] 2.64s/row · 1431 chunks/h · ETA 4.67h for the segment · last finish=stop gen_tok=33
  [6600/13228 this process · 6600/13228 segment] 2.48s/row · 1430 chunks/h · ETA 4.63h for the segment · last finish=stop gen_tok=32
  [6650/13228 this process · 6650/13228 segment] 3.91s/row · 1430 chunks/h · ETA 4.60h for the segment · last finish=stop gen_tok=59
  [6700/13228 this process · 6700/13228 segment] 2.71s/row · 1429 chunks/h · ETA 4.57h for the segment · last finish=stop gen_tok=32
  [6750/13228 this process · 6750/13228 segment] 3.12s/row · 1429 chunks/h · ETA 4.53h for the segment · last finish=stop gen_tok=41
  [6800/13228 this process · 6800/13228 segment] 3.22s/row · 1427 chunks/h · ETA 4.50h for the segment · last finish=stop gen_tok=44
  [6850/13228 this process · 6850/13228 segment] 2.09s/row · 1424 chunks/h · ETA 4.48h for the segment · last finish=stop gen_tok=24
  [6900/13228 this process · 6900/13228 segment] 3.41s/row · 1424 chunks/h · ETA 4.44h for the segment · last finish=stop gen_tok=41
  [6950/13228 this process · 6950/13228 segment] 2.42s/row · 1424 chunks/h · ETA 4.41h for the segment · last finish=stop gen_tok=15
  [7000/13228 this process · 7000/13228 segment] 2.77s/row · 1423 chunks/h · ETA 4.38h for the segment · last finish=stop gen_tok=33
  [7050/13228 this process · 7050/13228 segment] 2.09s/row · 1422 chunks/h · ETA 4.34h for the segment · last finish=stop gen_tok=16
  [7100/13228 this process · 7100/13228 segment] 2.69s/row · 1422 chunks/h · ETA 4.31h for the segment · last finish=stop gen_tok=49
  [7150/13228 this process · 7150/13228 segment] 1.86s/row · 1423 chunks/h · ETA 4.27h for the segment · last finish=stop gen_tok=16
  [7200/13228 this process · 7200/13228 segment] 1.87s/row · 1421 chunks/h · ETA 4.24h for the segment · last finish=stop gen_tok=16
  [7250/13228 this process · 7250/13228 segment] 2.48s/row · 1421 chunks/h · ETA 4.21h for the segment · last finish=stop gen_tok=16
  [7300/13228 this process · 7300/13228 segment] 2.89s/row · 1421 chunks/h · ETA 4.17h for the segment · last finish=stop gen_tok=33
  [7350/13228 this process · 7350/13228 segment] 2.68s/row · 1422 chunks/h · ETA 4.13h for the segment · last finish=stop gen_tok=32
  [7400/13228 this process · 7400/13228 segment] 2.57s/row · 1423 chunks/h · ETA 4.10h for the segment · last finish=stop gen_tok=32
  [7450/13228 this process · 7450/13228 segment] 2.52s/row · 1423 chunks/h · ETA 4.06h for the segment · last finish=stop gen_tok=32
  [7500/13228 this process · 7500/13228 segment] 1.79s/row · 1424 chunks/h · ETA 4.02h for the segment · last finish=stop gen_tok=16
  [7550/13228 this process · 7550/13228 segment] 2.51s/row · 1423 chunks/h · ETA 3.99h for the segment · last finish=stop gen_tok=33
  [7600/13228 this process · 7600/13228 segment] 2.87s/row · 1423 chunks/h · ETA 3.95h for the segment · last finish=stop gen_tok=33
  [7650/13228 this process · 7650/13228 segment] 2.96s/row · 1422 chunks/h · ETA 3.92h for the segment · last finish=stop gen_tok=42
  [7700/13228 this process · 7700/13228 segment] 2.73s/row · 1421 chunks/h · ETA 3.89h for the segment · last finish=stop gen_tok=40
  [7750/13228 this process · 7750/13228 segment] 3.25s/row · 1419 chunks/h · ETA 3.86h for the segment · last finish=stop gen_tok=42
  [7800/13228 this process · 7800/13228 segment] 2.70s/row · 1418 chunks/h · ETA 3.83h for the segment · last finish=stop gen_tok=16
  [7850/13228 this process · 7850/13228 segment] 3.61s/row · 1417 chunks/h · ETA 3.80h for the segment · last finish=stop gen_tok=52
  [7900/13228 this process · 7900/13228 segment] 2.40s/row · 1416 chunks/h · ETA 3.76h for the segment · last finish=stop gen_tok=24
  [7950/13228 this process · 7950/13228 segment] 2.65s/row · 1415 chunks/h · ETA 3.73h for the segment · last finish=stop gen_tok=33
  [8000/13228 this process · 8000/13228 segment] 3.75s/row · 1413 chunks/h · ETA 3.70h for the segment · last finish=stop gen_tok=59
  [8050/13228 this process · 8050/13228 segment] 2.61s/row · 1413 chunks/h · ETA 3.66h for the segment · last finish=stop gen_tok=32
  [8100/13228 this process · 8100/13228 segment] 2.07s/row · 1413 chunks/h · ETA 3.63h for the segment · last finish=stop gen_tok=16
  [8150/13228 this process · 8150/13228 segment] 5.25s/row · 1412 chunks/h · ETA 3.60h for the segment · last finish=stop gen_tok=104
  [8200/13228 this process · 8200/13228 segment] 2.15s/row · 1412 chunks/h · ETA 3.56h for the segment · last finish=stop gen_tok=16
  [8250/13228 this process · 8250/13228 segment] 2.01s/row · 1413 chunks/h · ETA 3.52h for the segment · last finish=stop gen_tok=16
  [8300/13228 this process · 8300/13228 segment] 2.15s/row · 1414 chunks/h · ETA 3.49h for the segment · last finish=stop gen_tok=24
  [8350/13228 this process · 8350/13228 segment] 3.90s/row · 1413 chunks/h · ETA 3.45h for the segment · last finish=stop gen_tok=60
  [8400/13228 this process · 8400/13228 segment] 3.18s/row · 1413 chunks/h · ETA 3.42h for the segment · last finish=stop gen_tok=32
  [8450/13228 this process · 8450/13228 segment] 3.91s/row · 1413 chunks/h · ETA 3.38h for the segment · last finish=stop gen_tok=60
  [8500/13228 this process · 8500/13228 segment] 3.30s/row · 1412 chunks/h · ETA 3.35h for the segment · last finish=stop gen_tok=48
  [8550/13228 this process · 8550/13228 segment] 2.40s/row · 1411 chunks/h · ETA 3.31h for the segment · last finish=stop gen_tok=32
  [8600/13228 this process · 8600/13228 segment] 1.76s/row · 1411 chunks/h · ETA 3.28h for the segment · last finish=stop gen_tok=15
  [8650/13228 this process · 8650/13228 segment] 1.93s/row · 1411 chunks/h · ETA 3.24h for the segment · last finish=stop gen_tok=16
  [8700/13228 this process · 8700/13228 segment] 1.97s/row · 1412 chunks/h · ETA 3.21h for the segment · last finish=stop gen_tok=15
  [8750/13228 this process · 8750/13228 segment] 2.22s/row · 1412 chunks/h · ETA 3.17h for the segment · last finish=stop gen_tok=16
  [8800/13228 this process · 8800/13228 segment] 2.35s/row · 1413 chunks/h · ETA 3.13h for the segment · last finish=stop gen_tok=16
  [8850/13228 this process · 8850/13228 segment] 2.19s/row · 1415 chunks/h · ETA 3.09h for the segment · last finish=stop gen_tok=16
  [8900/13228 this process · 8900/13228 segment] 2.44s/row · 1416 chunks/h · ETA 3.06h for the segment · last finish=stop gen_tok=32
  [8950/13228 this process · 8950/13228 segment] 2.28s/row · 1416 chunks/h · ETA 3.02h for the segment · last finish=stop gen_tok=23
  [9000/13228 this process · 9000/13228 segment] 2.63s/row · 1415 chunks/h · ETA 2.99h for the segment · last finish=stop gen_tok=16
  [9050/13228 this process · 9050/13228 segment] 2.09s/row · 1416 chunks/h · ETA 2.95h for the segment · last finish=stop gen_tok=24
  [9100/13228 this process · 9100/13228 segment] 2.40s/row · 1415 chunks/h · ETA 2.92h for the segment · last finish=stop gen_tok=16
  [9150/13228 this process · 9150/13228 segment] 1.93s/row · 1417 chunks/h · ETA 2.88h for the segment · last finish=stop gen_tok=16
  [9200/13228 this process · 9200/13228 segment] 2.47s/row · 1416 chunks/h · ETA 2.84h for the segment · last finish=stop gen_tok=34
  [9250/13228 this process · 9250/13228 segment] 2.20s/row · 1417 chunks/h · ETA 2.81h for the segment · last finish=stop gen_tok=23
  [9300/13228 this process · 9300/13228 segment] 2.15s/row · 1417 chunks/h · ETA 2.77h for the segment · last finish=stop gen_tok=16
  [9350/13228 this process · 9350/13228 segment] 1.94s/row · 1417 chunks/h · ETA 2.74h for the segment · last finish=stop gen_tok=16
  [9400/13228 this process · 9400/13228 segment] 2.54s/row · 1417 chunks/h · ETA 2.70h for the segment · last finish=stop gen_tok=32
  [9450/13228 this process · 9450/13228 segment] 1.75s/row · 1418 chunks/h · ETA 2.66h for the segment · last finish=stop gen_tok=15
  [9500/13228 this process · 9500/13228 segment] 1.36s/row · 1418 chunks/h · ETA 2.63h for the segment · last finish=stop gen_tok=7
  [9550/13228 this process · 9550/13228 segment] 2.55s/row · 1417 chunks/h · ETA 2.59h for the segment · last finish=stop gen_tok=33
  [9600/13228 this process · 9600/13228 segment] 2.73s/row · 1418 chunks/h · ETA 2.56h for the segment · last finish=stop gen_tok=24
  [9650/13228 this process · 9650/13228 segment] 1.95s/row · 1418 chunks/h · ETA 2.52h for the segment · last finish=stop gen_tok=15
  [9700/13228 this process · 9700/13228 segment] 2.10s/row · 1418 chunks/h · ETA 2.49h for the segment · last finish=stop gen_tok=24
  [9750/13228 this process · 9750/13228 segment] 2.41s/row · 1418 chunks/h · ETA 2.45h for the segment · last finish=stop gen_tok=32
  [9800/13228 this process · 9800/13228 segment] 2.05s/row · 1419 chunks/h · ETA 2.42h for the segment · last finish=stop gen_tok=15
  [9850/13228 this process · 9850/13228 segment] 1.96s/row · 1420 chunks/h · ETA 2.38h for the segment · last finish=stop gen_tok=15
  [9900/13228 this process · 9900/13228 segment] 3.09s/row · 1420 chunks/h · ETA 2.34h for the segment · last finish=stop gen_tok=15
  [9950/13228 this process · 9950/13228 segment] 2.36s/row · 1420 chunks/h · ETA 2.31h for the segment · last finish=stop gen_tok=32
  [10000/13228 this process · 10000/13228 segment] 1.88s/row · 1420 chunks/h · ETA 2.27h for the segment · last finish=stop gen_tok=15
  [10050/13228 this process · 10050/13228 segment] 3.10s/row · 1420 chunks/h · ETA 2.24h for the segment · last finish=stop gen_tok=42
  [10100/13228 this process · 10100/13228 segment] 3.44s/row · 1420 chunks/h · ETA 2.20h for the segment · last finish=stop gen_tok=51
  [10150/13228 this process · 10150/13228 segment] 2.12s/row · 1420 chunks/h · ETA 2.17h for the segment · last finish=stop gen_tok=27
  [10200/13228 this process · 10200/13228 segment] 1.82s/row · 1421 chunks/h · ETA 2.13h for the segment · last finish=stop gen_tok=15
  [10250/13228 this process · 10250/13228 segment] 1.91s/row · 1420 chunks/h · ETA 2.10h for the segment · last finish=stop gen_tok=15
  [10300/13228 this process · 10300/13228 segment] 2.19s/row · 1421 chunks/h · ETA 2.06h for the segment · last finish=stop gen_tok=16
  [10350/13228 this process · 10350/13228 segment] 2.43s/row · 1421 chunks/h · ETA 2.03h for the segment · last finish=stop gen_tok=33
  [10400/13228 this process · 10400/13228 segment] 1.85s/row · 1422 chunks/h · ETA 1.99h for the segment · last finish=stop gen_tok=16
  [10450/13228 this process · 10450/13228 segment] 2.39s/row · 1421 chunks/h · ETA 1.95h for the segment · last finish=stop gen_tok=32
  [10500/13228 this process · 10500/13228 segment] 5.85s/row · 1421 chunks/h · ETA 1.92h for the segment · last finish=stop gen_tok=108
  [10550/13228 this process · 10550/13228 segment] 2.27s/row · 1420 chunks/h · ETA 1.89h for the segment · last finish=stop gen_tok=25
  [10600/13228 this process · 10600/13228 segment] 3.16s/row · 1420 chunks/h · ETA 1.85h for the segment · last finish=stop gen_tok=45
  [10650/13228 this process · 10650/13228 segment] 4.03s/row · 1420 chunks/h · ETA 1.82h for the segment · last finish=stop gen_tok=68
  [10700/13228 this process · 10700/13228 segment] 2.21s/row · 1419 chunks/h · ETA 1.78h for the segment · last finish=stop gen_tok=23
  [10750/13228 this process · 10750/13228 segment] 3.46s/row · 1418 chunks/h · ETA 1.75h for the segment · last finish=stop gen_tok=57
  [10800/13228 this process · 10800/13228 segment] 3.42s/row · 1417 chunks/h · ETA 1.71h for the segment · last finish=stop gen_tok=60
  [10850/13228 this process · 10850/13228 segment] 1.31s/row · 1416 chunks/h · ETA 1.68h for the segment · last finish=stop gen_tok=7
  [10900/13228 this process · 10900/13228 segment] 2.60s/row · 1416 chunks/h · ETA 1.64h for the segment · last finish=stop gen_tok=33
  [10950/13228 this process · 10950/13228 segment] 4.97s/row · 1417 chunks/h · ETA 1.61h for the segment · last finish=stop gen_tok=96
  [11000/13228 this process · 11000/13228 segment] 3.38s/row · 1416 chunks/h · ETA 1.57h for the segment · last finish=stop gen_tok=43
  [11050/13228 this process · 11050/13228 segment] 2.22s/row · 1416 chunks/h · ETA 1.54h for the segment · last finish=stop gen_tok=27
  [11100/13228 this process · 11100/13228 segment] 1.56s/row · 1416 chunks/h · ETA 1.50h for the segment · last finish=stop gen_tok=16
  [11150/13228 this process · 11150/13228 segment] 3.90s/row · 1416 chunks/h · ETA 1.47h for the segment · last finish=stop gen_tok=69
  [11200/13228 this process · 11200/13228 segment] 1.79s/row · 1416 chunks/h · ETA 1.43h for the segment · last finish=stop gen_tok=16
  [11250/13228 this process · 11250/13228 segment] 3.29s/row · 1416 chunks/h · ETA 1.40h for the segment · last finish=stop gen_tok=52
  [11300/13228 this process · 11300/13228 segment] 2.21s/row · 1415 chunks/h · ETA 1.36h for the segment · last finish=stop gen_tok=27
  [11350/13228 this process · 11350/13228 segment] 1.92s/row · 1414 chunks/h · ETA 1.33h for the segment · last finish=stop gen_tok=16
  [11400/13228 this process · 11400/13228 segment] 1.79s/row · 1414 chunks/h · ETA 1.29h for the segment · last finish=stop gen_tok=16
  [11450/13228 this process · 11450/13228 segment] 2.64s/row · 1413 chunks/h · ETA 1.26h for the segment · last finish=stop gen_tok=32
  [11500/13228 this process · 11500/13228 segment] 3.98s/row · 1413 chunks/h · ETA 1.22h for the segment · last finish=stop gen_tok=69
  [11550/13228 this process · 11550/13228 segment] 1.73s/row · 1413 chunks/h · ETA 1.19h for the segment · last finish=stop gen_tok=15
  [11600/13228 this process · 11600/13228 segment] 2.47s/row · 1412 chunks/h · ETA 1.15h for the segment · last finish=stop gen_tok=32
  [11650/13228 this process · 11650/13228 segment] 2.84s/row · 1412 chunks/h · ETA 1.12h for the segment · last finish=stop gen_tok=40
  [11700/13228 this process · 11700/13228 segment] 2.32s/row · 1412 chunks/h · ETA 1.08h for the segment · last finish=stop gen_tok=24
  [11750/13228 this process · 11750/13228 segment] 3.29s/row · 1411 chunks/h · ETA 1.05h for the segment · last finish=stop gen_tok=50
  [11800/13228 this process · 11800/13228 segment] 1.89s/row · 1412 chunks/h · ETA 1.01h for the segment · last finish=stop gen_tok=24
  [11850/13228 this process · 11850/13228 segment] 4.47s/row · 1412 chunks/h · ETA 0.98h for the segment · last finish=stop gen_tok=78
  [11900/13228 this process · 11900/13228 segment] 2.59s/row · 1411 chunks/h · ETA 0.94h for the segment · last finish=stop gen_tok=34
  [11950/13228 this process · 11950/13228 segment] 2.37s/row · 1411 chunks/h · ETA 0.91h for the segment · last finish=stop gen_tok=16
  [12000/13228 this process · 12000/13228 segment] 3.12s/row · 1411 chunks/h · ETA 0.87h for the segment · last finish=stop gen_tok=51
  [12050/13228 this process · 12050/13228 segment] 2.11s/row · 1411 chunks/h · ETA 0.84h for the segment · last finish=stop gen_tok=24
  [12100/13228 this process · 12100/13228 segment] 2.20s/row · 1410 chunks/h · ETA 0.80h for the segment · last finish=stop gen_tok=23
  [12150/13228 this process · 12150/13228 segment] 1.83s/row · 1410 chunks/h · ETA 0.76h for the segment · last finish=stop gen_tok=16
  [12200/13228 this process · 12200/13228 segment] 2.25s/row · 1410 chunks/h · ETA 0.73h for the segment · last finish=stop gen_tok=23
  [12250/13228 this process · 12250/13228 segment] 2.95s/row · 1410 chunks/h · ETA 0.69h for the segment · last finish=stop gen_tok=24
  [12300/13228 this process · 12300/13228 segment] 1.78s/row · 1411 chunks/h · ETA 0.66h for the segment · last finish=stop gen_tok=16
  [12350/13228 this process · 12350/13228 segment] 4.37s/row · 1411 chunks/h · ETA 0.62h for the segment · last finish=stop gen_tok=91
  [12400/13228 this process · 12400/13228 segment] 1.96s/row · 1411 chunks/h · ETA 0.59h for the segment · last finish=stop gen_tok=16
  [12450/13228 this process · 12450/13228 segment] 2.67s/row · 1412 chunks/h · ETA 0.55h for the segment · last finish=stop gen_tok=24
  [12500/13228 this process · 12500/13228 segment] 2.80s/row · 1411 chunks/h · ETA 0.52h for the segment · last finish=stop gen_tok=34
  [12550/13228 this process · 12550/13228 segment] 2.34s/row · 1411 chunks/h · ETA 0.48h for the segment · last finish=stop gen_tok=24
  [12600/13228 this process · 12600/13228 segment] 2.67s/row · 1411 chunks/h · ETA 0.45h for the segment · last finish=stop gen_tok=33
  [12650/13228 this process · 12650/13228 segment] 3.62s/row · 1411 chunks/h · ETA 0.41h for the segment · last finish=stop gen_tok=69
  [12700/13228 this process · 12700/13228 segment] 3.52s/row · 1411 chunks/h · ETA 0.37h for the segment · last finish=stop gen_tok=40
  [12750/13228 this process · 12750/13228 segment] 2.13s/row · 1411 chunks/h · ETA 0.34h for the segment · last finish=stop gen_tok=15
  [12800/13228 this process · 12800/13228 segment] 1.31s/row · 1412 chunks/h · ETA 0.30h for the segment · last finish=stop gen_tok=16
  [12850/13228 this process · 12850/13228 segment] 2.71s/row · 1411 chunks/h · ETA 0.27h for the segment · last finish=stop gen_tok=41
  [12900/13228 this process · 12900/13228 segment] 1.91s/row · 1411 chunks/h · ETA 0.23h for the segment · last finish=stop gen_tok=15
  [12950/13228 this process · 12950/13228 segment] 2.01s/row · 1412 chunks/h · ETA 0.20h for the segment · last finish=stop gen_tok=28
  [13000/13228 this process · 13000/13228 segment] 3.05s/row · 1412 chunks/h · ETA 0.16h for the segment · last finish=stop gen_tok=57
  [13050/13228 this process · 13050/13228 segment] 1.99s/row · 1412 chunks/h · ETA 0.13h for the segment · last finish=stop gen_tok=23
  [13100/13228 this process · 13100/13228 segment] 3.30s/row · 1411 chunks/h · ETA 0.09h for the segment · last finish=stop gen_tok=60
  [13150/13228 this process · 13150/13228 segment] 1.75s/row · 1412 chunks/h · ETA 0.06h for the segment · last finish=stop gen_tok=16
  [13200/13228 this process · 13200/13228 segment] 2.16s/row · 1411 chunks/h · ETA 0.02h for the segment · last finish=stop gen_tok=32
  [13228/13228 this process · 13228/13228 segment] 1.33s/row · 1411 chunks/h · ETA 0.00h for the segment · last finish=stop gen_tok=16

SEGMENT seg-017 COMPLETE — 13228/13228 rows.
Now finalize with the SYSTEM python3 (no GPU, seconds):
    python3 finetune/label_e2.py --finalize-segment seg-017
