0 already in labels.jsonl · 13229 to generate
loading base model + adapter (the only GPU work) ...
  loaded in 0.9s
  [50/13229 this process · 50/13229 segment] 3.51s/row · 1664 chunks/h · ETA 7.92h for the segment · last finish=stop gen_tok=59
  [100/13229 this process · 100/13229 segment] 1.73s/row · 1595 chunks/h · ETA 8.23h for the segment · last finish=stop gen_tok=16
  [150/13229 this process · 150/13229 segment] 1.84s/row · 1595 chunks/h · ETA 8.20h for the segment · last finish=stop gen_tok=16
  [200/13229 this process · 200/13229 segment] 2.01s/row · 1579 chunks/h · ETA 8.25h for the segment · last finish=stop gen_tok=23
  [250/13229 this process · 250/13229 segment] 1.84s/row · 1569 chunks/h · ETA 8.27h for the segment · last finish=stop gen_tok=16
  [300/13229 this process · 300/13229 segment] 2.41s/row · 1579 chunks/h · ETA 8.19h for the segment · last finish=stop gen_tok=32
  [350/13229 this process · 350/13229 segment] 1.92s/row · 1593 chunks/h · ETA 8.08h for the segment · last finish=stop gen_tok=16
  [400/13229 this process · 400/13229 segment] 2.04s/row · 1618 chunks/h · ETA 7.93h for the segment · last finish=stop gen_tok=16
  [450/13229 this process · 450/13229 segment] 1.72s/row · 1613 chunks/h · ETA 7.92h for the segment · last finish=stop gen_tok=15
  [500/13229 this process · 500/13229 segment] 2.28s/row · 1615 chunks/h · ETA 7.88h for the segment · last finish=stop gen_tok=16
  [550/13229 this process · 550/13229 segment] 1.89s/row · 1621 chunks/h · ETA 7.82h for the segment · last finish=stop gen_tok=16
  [600/13229 this process · 600/13229 segment] 1.75s/row · 1633 chunks/h · ETA 7.73h for the segment · last finish=stop gen_tok=16
  [650/13229 this process · 650/13229 segment] 1.96s/row · 1644 chunks/h · ETA 7.65h for the segment · last finish=stop gen_tok=16
  [700/13229 this process · 700/13229 segment] 2.94s/row · 1635 chunks/h · ETA 7.66h for the segment · last finish=stop gen_tok=51
  [750/13229 this process · 750/13229 segment] 2.16s/row · 1639 chunks/h · ETA 7.62h for the segment · last finish=stop gen_tok=15
  [800/13229 this process · 800/13229 segment] 2.76s/row · 1638 chunks/h · ETA 7.59h for the segment · last finish=stop gen_tok=32
  [850/13229 this process · 850/13229 segment] 2.74s/row · 1634 chunks/h · ETA 7.58h for the segment · last finish=stop gen_tok=33
  [900/13229 this process · 900/13229 segment] 1.84s/row · 1614 chunks/h · ETA 7.64h for the segment · last finish=stop gen_tok=16
  [950/13229 this process · 950/13229 segment] 2.86s/row · 1605 chunks/h · ETA 7.65h for the segment · last finish=stop gen_tok=40
  [1000/13229 this process · 1000/13229 segment] 2.45s/row · 1605 chunks/h · ETA 7.62h for the segment · last finish=stop gen_tok=33
  [1050/13229 this process · 1050/13229 segment] 2.15s/row · 1593 chunks/h · ETA 7.65h for the segment · last finish=stop gen_tok=23
  [1100/13229 this process · 1100/13229 segment] 2.66s/row · 1591 chunks/h · ETA 7.62h for the segment · last finish=stop gen_tok=33
  [1150/13229 this process · 1150/13229 segment] 3.07s/row · 1583 chunks/h · ETA 7.63h for the segment · last finish=stop gen_tok=52
  [1200/13229 this process · 1200/13229 segment] 3.62s/row · 1576 chunks/h · ETA 7.63h for the segment · last finish=stop gen_tok=69
  [1250/13229 this process · 1250/13229 segment] 1.83s/row · 1579 chunks/h · ETA 7.59h for the segment · last finish=stop gen_tok=16
  [1300/13229 this process · 1300/13229 segment] 2.43s/row · 1577 chunks/h · ETA 7.57h for the segment · last finish=stop gen_tok=32
  [1350/13229 this process · 1350/13229 segment] 2.93s/row · 1574 chunks/h · ETA 7.55h for the segment · last finish=stop gen_tok=34
  [1400/13229 this process · 1400/13229 segment] 2.26s/row · 1574 chunks/h · ETA 7.51h for the segment · last finish=stop gen_tok=32
  [1450/13229 this process · 1450/13229 segment] 3.47s/row · 1576 chunks/h · ETA 7.47h for the segment · last finish=stop gen_tok=59
  [1500/13229 this process · 1500/13229 segment] 1.98s/row · 1575 chunks/h · ETA 7.45h for the segment · last finish=stop gen_tok=16
  [1550/13229 this process · 1550/13229 segment] 1.83s/row · 1570 chunks/h · ETA 7.44h for the segment · last finish=stop gen_tok=16
  [1600/13229 this process · 1600/13229 segment] 2.09s/row · 1571 chunks/h · ETA 7.40h for the segment · last finish=stop gen_tok=15
  [1650/13229 this process · 1650/13229 segment] 4.06s/row · 1564 chunks/h · ETA 7.40h for the segment · last finish=stop gen_tok=69
  [1700/13229 this process · 1700/13229 segment] 1.99s/row · 1563 chunks/h · ETA 7.37h for the segment · last finish=stop gen_tok=24
  [1750/13229 this process · 1750/13229 segment] 2.48s/row · 1556 chunks/h · ETA 7.37h for the segment · last finish=stop gen_tok=33
  [1800/13229 this process · 1800/13229 segment] 2.13s/row · 1557 chunks/h · ETA 7.34h for the segment · last finish=stop gen_tok=16
  [1850/13229 this process · 1850/13229 segment] 2.48s/row · 1559 chunks/h · ETA 7.30h for the segment · last finish=stop gen_tok=32
  [1900/13229 this process · 1900/13229 segment] 1.83s/row · 1556 chunks/h · ETA 7.28h for the segment · last finish=stop gen_tok=16
  [1950/13229 this process · 1950/13229 segment] 2.42s/row · 1557 chunks/h · ETA 7.24h for the segment · last finish=stop gen_tok=36
  [2000/13229 this process · 2000/13229 segment] 2.11s/row · 1560 chunks/h · ETA 7.20h for the segment · last finish=stop gen_tok=16
  [2050/13229 this process · 2050/13229 segment] 3.13s/row · 1563 chunks/h · ETA 7.15h for the segment · last finish=stop gen_tok=52
  [2100/13229 this process · 2100/13229 segment] 2.68s/row · 1561 chunks/h · ETA 7.13h for the segment · last finish=stop gen_tok=16
  [2150/13229 this process · 2150/13229 segment] 1.83s/row · 1562 chunks/h · ETA 7.09h for the segment · last finish=stop gen_tok=16
  [2200/13229 this process · 2200/13229 segment] 2.58s/row · 1562 chunks/h · ETA 7.06h for the segment · last finish=stop gen_tok=42
  [2250/13229 this process · 2250/13229 segment] 1.83s/row · 1563 chunks/h · ETA 7.02h for the segment · last finish=stop gen_tok=16
  [2300/13229 this process · 2300/13229 segment] 2.13s/row · 1567 chunks/h · ETA 6.97h for the segment · last finish=stop gen_tok=24
  [2350/13229 this process · 2350/13229 segment] 2.26s/row · 1568 chunks/h · ETA 6.94h for the segment · last finish=stop gen_tok=32
  [2400/13229 this process · 2400/13229 segment] 2.85s/row · 1569 chunks/h · ETA 6.90h for the segment · last finish=stop gen_tok=36
  [2450/13229 this process · 2450/13229 segment] 2.35s/row · 1572 chunks/h · ETA 6.86h for the segment · last finish=stop gen_tok=34
  [2500/13229 this process · 2500/13229 segment] 2.27s/row · 1570 chunks/h · ETA 6.83h for the segment · last finish=stop gen_tok=16
  [2550/13229 this process · 2550/13229 segment] 1.83s/row · 1572 chunks/h · ETA 6.79h for the segment · last finish=stop gen_tok=16
  [2600/13229 this process · 2600/13229 segment] 1.79s/row · 1572 chunks/h · ETA 6.76h for the segment · last finish=stop gen_tok=15
  [2650/13229 this process · 2650/13229 segment] 1.78s/row · 1574 chunks/h · ETA 6.72h for the segment · last finish=stop gen_tok=16
  [2700/13229 this process · 2700/13229 segment] 2.31s/row · 1571 chunks/h · ETA 6.70h for the segment · last finish=stop gen_tok=27
  [2750/13229 this process · 2750/13229 segment] 2.24s/row · 1574 chunks/h · ETA 6.66h for the segment · last finish=stop gen_tok=15
  [2800/13229 this process · 2800/13229 segment] 2.41s/row · 1576 chunks/h · ETA 6.62h for the segment · last finish=stop gen_tok=34
  [2850/13229 this process · 2850/13229 segment] 1.74s/row · 1580 chunks/h · ETA 6.57h for the segment · last finish=stop gen_tok=16
  [2900/13229 this process · 2900/13229 segment] 1.80s/row · 1578 chunks/h · ETA 6.55h for the segment · last finish=stop gen_tok=15
  [2950/13229 this process · 2950/13229 segment] 1.70s/row · 1577 chunks/h · ETA 6.52h for the segment · last finish=stop gen_tok=16
  [3000/13229 this process · 3000/13229 segment] 2.27s/row · 1579 chunks/h · ETA 6.48h for the segment · last finish=stop gen_tok=24
  [3050/13229 this process · 3050/13229 segment] 2.09s/row · 1579 chunks/h · ETA 6.45h for the segment · last finish=stop gen_tok=15
  [3100/13229 this process · 3100/13229 segment] 2.16s/row · 1582 chunks/h · ETA 6.40h for the segment · last finish=stop gen_tok=27
  [3150/13229 this process · 3150/13229 segment] 1.31s/row · 1585 chunks/h · ETA 6.36h for the segment · last finish=stop gen_tok=7
  [3200/13229 this process · 3200/13229 segment] 3.05s/row · 1584 chunks/h · ETA 6.33h for the segment · last finish=stop gen_tok=51
  [3250/13229 this process · 3250/13229 segment] 1.80s/row · 1581 chunks/h · ETA 6.31h for the segment · last finish=stop gen_tok=15
  [3300/13229 this process · 3300/13229 segment] 2.09s/row · 1581 chunks/h · ETA 6.28h for the segment · last finish=stop gen_tok=23
  [3350/13229 this process · 3350/13229 segment] 2.11s/row · 1580 chunks/h · ETA 6.25h for the segment · last finish=stop gen_tok=16
  [3400/13229 this process · 3400/13229 segment] 2.37s/row · 1578 chunks/h · ETA 6.23h for the segment · last finish=stop gen_tok=15
  [3450/13229 this process · 3450/13229 segment] 2.75s/row · 1578 chunks/h · ETA 6.20h for the segment · last finish=stop gen_tok=23
  [3500/13229 this process · 3500/13229 segment] 1.88s/row · 1578 chunks/h · ETA 6.17h for the segment · last finish=stop gen_tok=15
  [3550/13229 this process · 3550/13229 segment] 1.96s/row · 1577 chunks/h · ETA 6.14h for the segment · last finish=stop gen_tok=15
  [3600/13229 this process · 3600/13229 segment] 1.30s/row · 1577 chunks/h · ETA 6.11h for the segment · last finish=stop gen_tok=7
  [3650/13229 this process · 3650/13229 segment] 3.10s/row · 1577 chunks/h · ETA 6.07h for the segment · last finish=stop gen_tok=40
  [3700/13229 this process · 3700/13229 segment] 2.02s/row · 1578 chunks/h · ETA 6.04h for the segment · last finish=stop gen_tok=27
  [3750/13229 this process · 3750/13229 segment] 2.53s/row · 1579 chunks/h · ETA 6.00h for the segment · last finish=stop gen_tok=33
  [3800/13229 this process · 3800/13229 segment] 2.04s/row · 1579 chunks/h · ETA 5.97h for the segment · last finish=stop gen_tok=27
  [3850/13229 this process · 3850/13229 segment] 2.03s/row · 1577 chunks/h · ETA 5.95h for the segment · last finish=stop gen_tok=15
  [3900/13229 this process · 3900/13229 segment] 2.40s/row · 1577 chunks/h · ETA 5.92h for the segment · last finish=stop gen_tok=33
  [3950/13229 this process · 3950/13229 segment] 1.91s/row · 1579 chunks/h · ETA 5.88h for the segment · last finish=stop gen_tok=16
  [4000/13229 this process · 4000/13229 segment] 2.03s/row · 1576 chunks/h · ETA 5.86h for the segment · last finish=stop gen_tok=27
  [4050/13229 this process · 4050/13229 segment] 3.07s/row · 1576 chunks/h · ETA 5.83h for the segment · last finish=stop gen_tok=42
  [4100/13229 this process · 4100/13229 segment] 3.78s/row · 1573 chunks/h · ETA 5.80h for the segment · last finish=stop gen_tok=69
  [4150/13229 this process · 4150/13229 segment] 2.38s/row · 1572 chunks/h · ETA 5.78h for the segment · last finish=stop gen_tok=16
  [4200/13229 this process · 4200/13229 segment] 2.67s/row · 1570 chunks/h · ETA 5.75h for the segment · last finish=stop gen_tok=16
  [4250/13229 this process · 4250/13229 segment] 2.30s/row · 1569 chunks/h · ETA 5.72h for the segment · last finish=stop gen_tok=23
  [4300/13229 this process · 4300/13229 segment] 2.03s/row · 1568 chunks/h · ETA 5.70h for the segment · last finish=stop gen_tok=27
  [4350/13229 this process · 4350/13229 segment] 2.58s/row · 1568 chunks/h · ETA 5.66h for the segment · last finish=stop gen_tok=16
  [4400/13229 this process · 4400/13229 segment] 2.34s/row · 1568 chunks/h · ETA 5.63h for the segment · last finish=stop gen_tok=16
  [4450/13229 this process · 4450/13229 segment] 2.91s/row · 1566 chunks/h · ETA 5.60h for the segment · last finish=stop gen_tok=50
  [4500/13229 this process · 4500/13229 segment] 2.50s/row · 1567 chunks/h · ETA 5.57h for the segment · last finish=stop gen_tok=32
  [4550/13229 this process · 4550/13229 segment] 2.82s/row · 1566 chunks/h · ETA 5.54h for the segment · last finish=stop gen_tok=41
  [4600/13229 this process · 4600/13229 segment] 2.17s/row · 1562 chunks/h · ETA 5.52h for the segment · last finish=stop gen_tok=15
  [4650/13229 this process · 4650/13229 segment] 1.90s/row · 1560 chunks/h · ETA 5.50h for the segment · last finish=stop gen_tok=16
  [4700/13229 this process · 4700/13229 segment] 2.43s/row · 1561 chunks/h · ETA 5.46h for the segment · last finish=stop gen_tok=36
  [4750/13229 this process · 4750/13229 segment] 2.39s/row · 1559 chunks/h · ETA 5.44h for the segment · last finish=stop gen_tok=33
  [4800/13229 this process · 4800/13229 segment] 2.27s/row · 1560 chunks/h · ETA 5.40h for the segment · last finish=stop gen_tok=24
  [4850/13229 this process · 4850/13229 segment] 2.25s/row · 1560 chunks/h · ETA 5.37h for the segment · last finish=stop gen_tok=16
  [4900/13229 this process · 4900/13229 segment] 2.12s/row · 1560 chunks/h · ETA 5.34h for the segment · last finish=stop gen_tok=16
  [4950/13229 this process · 4950/13229 segment] 3.08s/row · 1560 chunks/h · ETA 5.31h for the segment · last finish=stop gen_tok=52
  [5000/13229 this process · 5000/13229 segment] 5.34s/row · 1559 chunks/h · ETA 5.28h for the segment · last finish=stop gen_tok=112
  [5050/13229 this process · 5050/13229 segment] 1.71s/row · 1560 chunks/h · ETA 5.24h for the segment · last finish=stop gen_tok=16
  [5100/13229 this process · 5100/13229 segment] 2.09s/row · 1558 chunks/h · ETA 5.22h for the segment · last finish=stop gen_tok=23
  [5150/13229 this process · 5150/13229 segment] 1.85s/row · 1555 chunks/h · ETA 5.19h for the segment · last finish=stop gen_tok=16
  [5200/13229 this process · 5200/13229 segment] 2.83s/row · 1553 chunks/h · ETA 5.17h for the segment · last finish=stop gen_tok=43
  [5250/13229 this process · 5250/13229 segment] 1.98s/row · 1554 chunks/h · ETA 5.13h for the segment · last finish=stop gen_tok=24
  [5300/13229 this process · 5300/13229 segment] 2.07s/row · 1554 chunks/h · ETA 5.10h for the segment · last finish=stop gen_tok=24
  [5350/13229 this process · 5350/13229 segment] 2.69s/row · 1553 chunks/h · ETA 5.07h for the segment · last finish=stop gen_tok=33
  [5400/13229 this process · 5400/13229 segment] 2.06s/row · 1552 chunks/h · ETA 5.04h for the segment · last finish=stop gen_tok=24
  [5450/13229 this process · 5450/13229 segment] 2.09s/row · 1552 chunks/h · ETA 5.01h for the segment · last finish=stop gen_tok=23
  [5500/13229 this process · 5500/13229 segment] 2.13s/row · 1550 chunks/h · ETA 4.99h for the segment · last finish=stop gen_tok=24
  [5550/13229 this process · 5550/13229 segment] 1.36s/row · 1549 chunks/h · ETA 4.96h for the segment · last finish=stop gen_tok=16
  [5600/13229 this process · 5600/13229 segment] 2.27s/row · 1549 chunks/h · ETA 4.92h for the segment · last finish=stop gen_tok=32
  [5650/13229 this process · 5650/13229 segment] 2.51s/row · 1548 chunks/h · ETA 4.90h for the segment · last finish=stop gen_tok=32
  [5700/13229 this process · 5700/13229 segment] 4.83s/row · 1546 chunks/h · ETA 4.87h for the segment · last finish=stop gen_tok=100
  [5750/13229 this process · 5750/13229 segment] 1.77s/row · 1546 chunks/h · ETA 4.84h for the segment · last finish=stop gen_tok=16
  [5800/13229 this process · 5800/13229 segment] 1.86s/row · 1546 chunks/h · ETA 4.81h for the segment · last finish=stop gen_tok=15
  [5850/13229 this process · 5850/13229 segment] 2.49s/row · 1543 chunks/h · ETA 4.78h for the segment · last finish=stop gen_tok=32
  [5900/13229 this process · 5900/13229 segment] 3.82s/row · 1540 chunks/h · ETA 4.76h for the segment · last finish=stop gen_tok=78
  [5950/13229 this process · 5950/13229 segment] 2.49s/row · 1539 chunks/h · ETA 4.73h for the segment · last finish=stop gen_tok=24
  [6000/13229 this process · 6000/13229 segment] 1.79s/row · 1541 chunks/h · ETA 4.69h for the segment · last finish=stop gen_tok=15
  [6050/13229 this process · 6050/13229 segment] 4.69s/row · 1541 chunks/h · ETA 4.66h for the segment · last finish=stop gen_tok=100
  [6100/13229 this process · 6100/13229 segment] 2.20s/row · 1541 chunks/h · ETA 4.63h for the segment · last finish=stop gen_tok=16
  [6150/13229 this process · 6150/13229 segment] 2.45s/row · 1542 chunks/h · ETA 4.59h for the segment · last finish=stop gen_tok=33
  [6200/13229 this process · 6200/13229 segment] 2.38s/row · 1544 chunks/h · ETA 4.55h for the segment · last finish=stop gen_tok=33
  [6250/13229 this process · 6250/13229 segment] 1.74s/row · 1543 chunks/h · ETA 4.52h for the segment · last finish=stop gen_tok=15
  [6300/13229 this process · 6300/13229 segment] 1.96s/row · 1543 chunks/h · ETA 4.49h for the segment · last finish=stop gen_tok=15
  [6350/13229 this process · 6350/13229 segment] 1.97s/row · 1543 chunks/h · ETA 4.46h for the segment · last finish=stop gen_tok=16
  [6400/13229 this process · 6400/13229 segment] 2.48s/row · 1543 chunks/h · ETA 4.43h for the segment · last finish=stop gen_tok=34
  [6450/13229 this process · 6450/13229 segment] 2.34s/row · 1542 chunks/h · ETA 4.40h for the segment · last finish=stop gen_tok=34
  [6500/13229 this process · 6500/13229 segment] 2.49s/row · 1542 chunks/h · ETA 4.37h for the segment · last finish=stop gen_tok=34
  [6550/13229 this process · 6550/13229 segment] 2.48s/row · 1541 chunks/h · ETA 4.33h for the segment · last finish=stop gen_tok=32
  [6600/13229 this process · 6600/13229 segment] 2.05s/row · 1540 chunks/h · ETA 4.31h for the segment · last finish=stop gen_tok=16
  [6650/13229 this process · 6650/13229 segment] 2.26s/row · 1540 chunks/h · ETA 4.27h for the segment · last finish=stop gen_tok=16
  [6700/13229 this process · 6700/13229 segment] 3.18s/row · 1540 chunks/h · ETA 4.24h for the segment · last finish=stop gen_tok=57
  [6750/13229 this process · 6750/13229 segment] 2.29s/row · 1541 chunks/h · ETA 4.21h for the segment · last finish=stop gen_tok=32
  [6800/13229 this process · 6800/13229 segment] 2.01s/row · 1540 chunks/h · ETA 4.18h for the segment · last finish=stop gen_tok=23
  [6850/13229 this process · 6850/13229 segment] 2.04s/row · 1541 chunks/h · ETA 4.14h for the segment · last finish=stop gen_tok=16
  [6900/13229 this process · 6900/13229 segment] 1.96s/row · 1542 chunks/h · ETA 4.10h for the segment · last finish=stop gen_tok=16
  [6950/13229 this process · 6950/13229 segment] 1.90s/row · 1544 chunks/h · ETA 4.07h for the segment · last finish=stop gen_tok=16
  [7000/13229 this process · 7000/13229 segment] 2.76s/row · 1545 chunks/h · ETA 4.03h for the segment · last finish=stop gen_tok=48
  [7050/13229 this process · 7050/13229 segment] 1.41s/row · 1544 chunks/h · ETA 4.00h for the segment · last finish=stop gen_tok=16
  [7100/13229 this process · 7100/13229 segment] 2.14s/row · 1544 chunks/h · ETA 3.97h for the segment · last finish=stop gen_tok=16
  [7150/13229 this process · 7150/13229 segment] 2.36s/row · 1544 chunks/h · ETA 3.94h for the segment · last finish=stop gen_tok=32
  [7200/13229 this process · 7200/13229 segment] 2.11s/row · 1545 chunks/h · ETA 3.90h for the segment · last finish=stop gen_tok=16
  [7250/13229 this process · 7250/13229 segment] 2.22s/row · 1545 chunks/h · ETA 3.87h for the segment · last finish=stop gen_tok=32
  [7300/13229 this process · 7300/13229 segment] 2.88s/row · 1543 chunks/h · ETA 3.84h for the segment · last finish=stop gen_tok=34
  [7350/13229 this process · 7350/13229 segment] 4.76s/row · 1541 chunks/h · ETA 3.81h for the segment · last finish=stop gen_tok=100
  [7400/13229 this process · 7400/13229 segment] 1.70s/row · 1542 chunks/h · ETA 3.78h for the segment · last finish=stop gen_tok=16
  [7450/13229 this process · 7450/13229 segment] 2.42s/row · 1542 chunks/h · ETA 3.75h for the segment · last finish=stop gen_tok=16
  [7500/13229 this process · 7500/13229 segment] 1.86s/row · 1541 chunks/h · ETA 3.72h for the segment · last finish=stop gen_tok=15
  [7550/13229 this process · 7550/13229 segment] 1.43s/row · 1541 chunks/h · ETA 3.68h for the segment · last finish=stop gen_tok=16
  [7600/13229 this process · 7600/13229 segment] 2.44s/row · 1540 chunks/h · ETA 3.65h for the segment · last finish=stop gen_tok=24
  [7650/13229 this process · 7650/13229 segment] 2.24s/row · 1540 chunks/h · ETA 3.62h for the segment · last finish=stop gen_tok=33
  [7700/13229 this process · 7700/13229 segment] 2.64s/row · 1540 chunks/h · ETA 3.59h for the segment · last finish=stop gen_tok=42
  [7750/13229 this process · 7750/13229 segment] 1.77s/row · 1540 chunks/h · ETA 3.56h for the segment · last finish=stop gen_tok=16
  [7800/13229 this process · 7800/13229 segment] 3.73s/row · 1540 chunks/h · ETA 3.52h for the segment · last finish=stop gen_tok=70
  [7850/13229 this process · 7850/13229 segment] 3.66s/row · 1540 chunks/h · ETA 3.49h for the segment · last finish=stop gen_tok=70
  [7900/13229 this process · 7900/13229 segment] 2.61s/row · 1541 chunks/h · ETA 3.46h for the segment · last finish=stop gen_tok=33
  [7950/13229 this process · 7950/13229 segment] 3.01s/row · 1541 chunks/h · ETA 3.43h for the segment · last finish=stop gen_tok=50
  [8000/13229 this process · 8000/13229 segment] 2.87s/row · 1541 chunks/h · ETA 3.39h for the segment · last finish=stop gen_tok=40
  [8050/13229 this process · 8050/13229 segment] 3.45s/row · 1541 chunks/h · ETA 3.36h for the segment · last finish=stop gen_tok=54
  [8100/13229 this process · 8100/13229 segment] 1.94s/row · 1540 chunks/h · ETA 3.33h for the segment · last finish=stop gen_tok=15
  [8150/13229 this process · 8150/13229 segment] 1.76s/row · 1541 chunks/h · ETA 3.30h for the segment · last finish=stop gen_tok=16
  [8200/13229 this process · 8200/13229 segment] 3.04s/row · 1540 chunks/h · ETA 3.27h for the segment · last finish=stop gen_tok=51
  [8250/13229 this process · 8250/13229 segment] 1.35s/row · 1540 chunks/h · ETA 3.23h for the segment · last finish=stop gen_tok=16
  [8300/13229 this process · 8300/13229 segment] 1.83s/row · 1541 chunks/h · ETA 3.20h for the segment · last finish=stop gen_tok=16
  [8350/13229 this process · 8350/13229 segment] 3.05s/row · 1542 chunks/h · ETA 3.16h for the segment · last finish=stop gen_tok=51
  [8400/13229 this process · 8400/13229 segment] 3.02s/row · 1542 chunks/h · ETA 3.13h for the segment · last finish=stop gen_tok=52
  [8450/13229 this process · 8450/13229 segment] 2.67s/row · 1542 chunks/h · ETA 3.10h for the segment · last finish=stop gen_tok=16
  [8500/13229 this process · 8500/13229 segment] 2.70s/row · 1542 chunks/h · ETA 3.07h for the segment · last finish=stop gen_tok=42
  [8550/13229 this process · 8550/13229 segment] 1.35s/row · 1542 chunks/h · ETA 3.03h for the segment · last finish=stop gen_tok=7
  [8600/13229 this process · 8600/13229 segment] 2.12s/row · 1543 chunks/h · ETA 3.00h for the segment · last finish=stop gen_tok=24
  [8650/13229 this process · 8650/13229 segment] 1.72s/row · 1543 chunks/h · ETA 2.97h for the segment · last finish=stop gen_tok=15
  [8700/13229 this process · 8700/13229 segment] 1.69s/row · 1544 chunks/h · ETA 2.93h for the segment · last finish=stop gen_tok=16
  [8750/13229 this process · 8750/13229 segment] 1.98s/row · 1544 chunks/h · ETA 2.90h for the segment · last finish=stop gen_tok=16
  [8800/13229 this process · 8800/13229 segment] 2.46s/row · 1545 chunks/h · ETA 2.87h for the segment · last finish=stop gen_tok=33
  [8850/13229 this process · 8850/13229 segment] 2.67s/row · 1545 chunks/h · ETA 2.83h for the segment · last finish=stop gen_tok=33
  [8900/13229 this process · 8900/13229 segment] 3.01s/row · 1545 chunks/h · ETA 2.80h for the segment · last finish=stop gen_tok=44
  [8950/13229 this process · 8950/13229 segment] 2.54s/row · 1546 chunks/h · ETA 2.77h for the segment · last finish=stop gen_tok=33
  [9000/13229 this process · 9000/13229 segment] 2.05s/row · 1547 chunks/h · ETA 2.73h for the segment · last finish=stop gen_tok=16
  [9050/13229 this process · 9050/13229 segment] 2.29s/row · 1548 chunks/h · ETA 2.70h for the segment · last finish=stop gen_tok=15
  [9100/13229 this process · 9100/13229 segment] 2.53s/row · 1548 chunks/h · ETA 2.67h for the segment · last finish=stop gen_tok=33
  [9150/13229 this process · 9150/13229 segment] 1.89s/row · 1549 chunks/h · ETA 2.63h for the segment · last finish=stop gen_tok=16
  [9200/13229 this process · 9200/13229 segment] 1.96s/row · 1550 chunks/h · ETA 2.60h for the segment · last finish=stop gen_tok=16
  [9250/13229 this process · 9250/13229 segment] 2.69s/row · 1551 chunks/h · ETA 2.57h for the segment · last finish=stop gen_tok=33
  [9300/13229 this process · 9300/13229 segment] 1.77s/row · 1550 chunks/h · ETA 2.53h for the segment · last finish=stop gen_tok=16
  [9350/13229 this process · 9350/13229 segment] 2.32s/row · 1551 chunks/h · ETA 2.50h for the segment · last finish=stop gen_tok=33
  [9400/13229 this process · 9400/13229 segment] 1.83s/row · 1551 chunks/h · ETA 2.47h for the segment · last finish=stop gen_tok=16
  [9450/13229 this process · 9450/13229 segment] 2.41s/row · 1552 chunks/h · ETA 2.44h for the segment · last finish=stop gen_tok=34
  [9500/13229 this process · 9500/13229 segment] 2.81s/row · 1552 chunks/h · ETA 2.40h for the segment · last finish=stop gen_tok=33
  [9550/13229 this process · 9550/13229 segment] 2.44s/row · 1551 chunks/h · ETA 2.37h for the segment · last finish=stop gen_tok=34
  [9600/13229 this process · 9600/13229 segment] 2.03s/row · 1551 chunks/h · ETA 2.34h for the segment · last finish=stop gen_tok=23
  [9650/13229 this process · 9650/13229 segment] 1.84s/row · 1552 chunks/h · ETA 2.31h for the segment · last finish=stop gen_tok=16
  [9700/13229 this process · 9700/13229 segment] 1.35s/row · 1552 chunks/h · ETA 2.27h for the segment · last finish=stop gen_tok=16
  [9750/13229 this process · 9750/13229 segment] 2.79s/row · 1552 chunks/h · ETA 2.24h for the segment · last finish=stop gen_tok=48
  [9800/13229 this process · 9800/13229 segment] 4.01s/row · 1552 chunks/h · ETA 2.21h for the segment · last finish=stop gen_tok=69
  [9850/13229 this process · 9850/13229 segment] 3.70s/row · 1551 chunks/h · ETA 2.18h for the segment · last finish=stop gen_tok=73
  [9900/13229 this process · 9900/13229 segment] 1.99s/row · 1551 chunks/h · ETA 2.15h for the segment · last finish=stop gen_tok=24
  [9950/13229 this process · 9950/13229 segment] 2.21s/row · 1551 chunks/h · ETA 2.11h for the segment · last finish=stop gen_tok=24
  [10000/13229 this process · 10000/13229 segment] 1.36s/row · 1552 chunks/h · ETA 2.08h for the segment · last finish=stop gen_tok=7
  [10050/13229 this process · 10050/13229 segment] 1.87s/row · 1551 chunks/h · ETA 2.05h for the segment · last finish=stop gen_tok=16
  [10100/13229 this process · 10100/13229 segment] 3.55s/row · 1551 chunks/h · ETA 2.02h for the segment · last finish=stop gen_tok=69
  [10150/13229 this process · 10150/13229 segment] 1.84s/row · 1551 chunks/h · ETA 1.99h for the segment · last finish=stop gen_tok=16
  [10200/13229 this process · 10200/13229 segment] 1.50s/row · 1551 chunks/h · ETA 1.95h for the segment · last finish=stop gen_tok=16
  [10250/13229 this process · 10250/13229 segment] 2.16s/row · 1551 chunks/h · ETA 1.92h for the segment · last finish=stop gen_tok=27
  [10300/13229 this process · 10300/13229 segment] 1.70s/row · 1551 chunks/h · ETA 1.89h for the segment · last finish=stop gen_tok=16
  [10350/13229 this process · 10350/13229 segment] 1.78s/row · 1551 chunks/h · ETA 1.86h for the segment · last finish=stop gen_tok=16
  [10400/13229 this process · 10400/13229 segment] 3.77s/row · 1549 chunks/h · ETA 1.83h for the segment · last finish=stop gen_tok=60
  [10450/13229 this process · 10450/13229 segment] 1.85s/row · 1549 chunks/h · ETA 1.79h for the segment · last finish=stop gen_tok=16
  [10500/13229 this process · 10500/13229 segment] 1.72s/row · 1549 chunks/h · ETA 1.76h for the segment · last finish=stop gen_tok=16
  [10550/13229 this process · 10550/13229 segment] 2.88s/row · 1548 chunks/h · ETA 1.73h for the segment · last finish=stop gen_tok=32
  [10600/13229 this process · 10600/13229 segment] 2.28s/row · 1548 chunks/h · ETA 1.70h for the segment · last finish=stop gen_tok=32
  [10650/13229 this process · 10650/13229 segment] 2.37s/row · 1548 chunks/h · ETA 1.67h for the segment · last finish=stop gen_tok=32
  [10700/13229 this process · 10700/13229 segment] 2.37s/row · 1548 chunks/h · ETA 1.63h for the segment · last finish=stop gen_tok=23
  [10750/13229 this process · 10750/13229 segment] 2.68s/row · 1547 chunks/h · ETA 1.60h for the segment · last finish=stop gen_tok=16
  [10800/13229 this process · 10800/13229 segment] 2.77s/row · 1547 chunks/h · ETA 1.57h for the segment · last finish=stop gen_tok=40
  [10850/13229 this process · 10850/13229 segment] 2.58s/row · 1547 chunks/h · ETA 1.54h for the segment · last finish=stop gen_tok=23
  [10900/13229 this process · 10900/13229 segment] 2.93s/row · 1546 chunks/h · ETA 1.51h for the segment · last finish=stop gen_tok=23
  [10950/13229 this process · 10950/13229 segment] 2.10s/row · 1545 chunks/h · ETA 1.47h for the segment · last finish=stop gen_tok=23
  [11000/13229 this process · 11000/13229 segment] 2.01s/row · 1545 chunks/h · ETA 1.44h for the segment · last finish=stop gen_tok=15
  [11050/13229 this process · 11050/13229 segment] 2.63s/row · 1545 chunks/h · ETA 1.41h for the segment · last finish=stop gen_tok=32
  [11100/13229 this process · 11100/13229 segment] 3.55s/row · 1545 chunks/h · ETA 1.38h for the segment · last finish=stop gen_tok=65
  [11150/13229 this process · 11150/13229 segment] 3.88s/row · 1544 chunks/h · ETA 1.35h for the segment · last finish=stop gen_tok=78
  [11200/13229 this process · 11200/13229 segment] 1.76s/row · 1544 chunks/h · ETA 1.31h for the segment · last finish=stop gen_tok=16
  [11250/13229 this process · 11250/13229 segment] 2.15s/row · 1544 chunks/h · ETA 1.28h for the segment · last finish=stop gen_tok=15
  [11300/13229 this process · 11300/13229 segment] 1.69s/row · 1545 chunks/h · ETA 1.25h for the segment · last finish=stop gen_tok=15
  [11350/13229 this process · 11350/13229 segment] 2.09s/row · 1544 chunks/h · ETA 1.22h for the segment · last finish=stop gen_tok=27
  [11400/13229 this process · 11400/13229 segment] 2.35s/row · 1545 chunks/h · ETA 1.18h for the segment · last finish=stop gen_tok=32
  [11450/13229 this process · 11450/13229 segment] 2.59s/row · 1544 chunks/h · ETA 1.15h for the segment · last finish=stop gen_tok=33
  [11500/13229 this process · 11500/13229 segment] 2.35s/row · 1542 chunks/h · ETA 1.12h for the segment · last finish=stop gen_tok=24
  [11550/13229 this process · 11550/13229 segment] 2.85s/row · 1542 chunks/h · ETA 1.09h for the segment · last finish=stop gen_tok=34
  [11600/13229 this process · 11600/13229 segment] 2.80s/row · 1542 chunks/h · ETA 1.06h for the segment · last finish=stop gen_tok=40
  [11650/13229 this process · 11650/13229 segment] 2.69s/row · 1542 chunks/h · ETA 1.02h for the segment · last finish=stop gen_tok=44
  [11700/13229 this process · 11700/13229 segment] 2.79s/row · 1542 chunks/h · ETA 0.99h for the segment · last finish=stop gen_tok=36
  [11750/13229 this process · 11750/13229 segment] 3.54s/row · 1542 chunks/h · ETA 0.96h for the segment · last finish=stop gen_tok=59
  [11800/13229 this process · 11800/13229 segment] 1.95s/row · 1542 chunks/h · ETA 0.93h for the segment · last finish=stop gen_tok=23
  [11850/13229 this process · 11850/13229 segment] 2.34s/row · 1541 chunks/h · ETA 0.89h for the segment · last finish=stop gen_tok=16
  [11900/13229 this process · 11900/13229 segment] 2.86s/row · 1541 chunks/h · ETA 0.86h for the segment · last finish=stop gen_tok=40
  [11950/13229 this process · 11950/13229 segment] 3.55s/row · 1540 chunks/h · ETA 0.83h for the segment · last finish=stop gen_tok=67
  [12000/13229 this process · 12000/13229 segment] 2.57s/row · 1539 chunks/h · ETA 0.80h for the segment · last finish=stop gen_tok=24
  [12050/13229 this process · 12050/13229 segment] 1.98s/row · 1539 chunks/h · ETA 0.77h for the segment · last finish=stop gen_tok=16
  [12100/13229 this process · 12100/13229 segment] 5.82s/row · 1538 chunks/h · ETA 0.73h for the segment · last finish=stop gen_tok=100
  [12150/13229 this process · 12150/13229 segment] 2.08s/row · 1538 chunks/h · ETA 0.70h for the segment · last finish=stop gen_tok=16
  [12200/13229 this process · 12200/13229 segment] 1.37s/row · 1538 chunks/h · ETA 0.67h for the segment · last finish=stop gen_tok=7
  [12250/13229 this process · 12250/13229 segment] 2.16s/row · 1537 chunks/h · ETA 0.64h for the segment · last finish=stop gen_tok=24
  [12300/13229 this process · 12300/13229 segment] 1.37s/row · 1536 chunks/h · ETA 0.60h for the segment · last finish=stop gen_tok=16
  [12350/13229 this process · 12350/13229 segment] 2.08s/row · 1536 chunks/h · ETA 0.57h for the segment · last finish=stop gen_tok=25
  [12400/13229 this process · 12400/13229 segment] 1.77s/row · 1536 chunks/h · ETA 0.54h for the segment · last finish=stop gen_tok=16
  [12450/13229 this process · 12450/13229 segment] 2.69s/row · 1535 chunks/h · ETA 0.51h for the segment · last finish=stop gen_tok=41
  [12500/13229 this process · 12500/13229 segment] 1.67s/row · 1535 chunks/h · ETA 0.48h for the segment · last finish=stop gen_tok=15
  [12550/13229 this process · 12550/13229 segment] 1.87s/row · 1535 chunks/h · ETA 0.44h for the segment · last finish=stop gen_tok=15
  [12600/13229 this process · 12600/13229 segment] 1.94s/row · 1535 chunks/h · ETA 0.41h for the segment · last finish=stop gen_tok=24
  [12650/13229 this process · 12650/13229 segment] 2.20s/row · 1535 chunks/h · ETA 0.38h for the segment · last finish=stop gen_tok=24
  [12700/13229 this process · 12700/13229 segment] 2.97s/row · 1535 chunks/h · ETA 0.34h for the segment · last finish=stop gen_tok=49
  [12750/13229 this process · 12750/13229 segment] 1.77s/row · 1536 chunks/h · ETA 0.31h for the segment · last finish=stop gen_tok=16
  [12800/13229 this process · 12800/13229 segment] 2.25s/row · 1536 chunks/h · ETA 0.28h for the segment · last finish=stop gen_tok=33
  [12850/13229 this process · 12850/13229 segment] 2.36s/row · 1536 chunks/h · ETA 0.25h for the segment · last finish=stop gen_tok=36
  [12900/13229 this process · 12900/13229 segment] 2.40s/row · 1536 chunks/h · ETA 0.21h for the segment · last finish=stop gen_tok=33
  [12950/13229 this process · 12950/13229 segment] 2.46s/row · 1536 chunks/h · ETA 0.18h for the segment · last finish=stop gen_tok=33
  [13000/13229 this process · 13000/13229 segment] 2.16s/row · 1536 chunks/h · ETA 0.15h for the segment · last finish=stop gen_tok=23
  [13050/13229 this process · 13050/13229 segment] 4.13s/row · 1535 chunks/h · ETA 0.12h for the segment · last finish=stop gen_tok=79
  [13100/13229 this process · 13100/13229 segment] 2.86s/row · 1535 chunks/h · ETA 0.08h for the segment · last finish=stop gen_tok=48
  [13150/13229 this process · 13150/13229 segment] 2.08s/row · 1535 chunks/h · ETA 0.05h for the segment · last finish=stop gen_tok=24
  [13200/13229 this process · 13200/13229 segment] 2.76s/row · 1534 chunks/h · ETA 0.02h for the segment · last finish=stop gen_tok=45
  [13229/13229 this process · 13229/13229 segment] 1.52s/row · 1535 chunks/h · ETA 0.00h for the segment · last finish=stop gen_tok=7

SEGMENT seg-015 COMPLETE — 13229/13229 rows.
Now finalize with the SYSTEM python3 (no GPU, seconds):
    python3 finetune/label_e2.py --finalize-segment seg-015
