0 already in labels.jsonl · 13219 to generate
loading base model + adapter (the only GPU work) ...
  loaded in 1.1s
  [50/13219 this process · 50/13219 segment] 1.55s/row · 1946 chunks/h · ETA 6.77h for the segment · last finish=stop gen_tok=16
  [100/13219 this process · 100/13219 segment] 1.22s/row · 1879 chunks/h · ETA 6.98h for the segment · last finish=stop gen_tok=7
  [150/13219 this process · 150/13219 segment] 1.96s/row · 1822 chunks/h · ETA 7.17h for the segment · last finish=stop gen_tok=16
  [200/13219 this process · 200/13219 segment] 2.70s/row · 1839 chunks/h · ETA 7.08h for the segment · last finish=stop gen_tok=48
  [250/13219 this process · 250/13219 segment] 3.29s/row · 1760 chunks/h · ETA 7.37h for the segment · last finish=stop gen_tok=53
  [300/13219 this process · 300/13219 segment] 2.85s/row · 1766 chunks/h · ETA 7.32h for the segment · last finish=stop gen_tok=50
  [350/13219 this process · 350/13219 segment] 1.42s/row · 1788 chunks/h · ETA 7.20h for the segment · last finish=stop gen_tok=7
  [400/13219 this process · 400/13219 segment] 2.93s/row · 1784 chunks/h · ETA 7.18h for the segment · last finish=stop gen_tok=51
  [450/13219 this process · 450/13219 segment] 2.06s/row · 1769 chunks/h · ETA 7.22h for the segment · last finish=stop gen_tok=27
  [500/13219 this process · 500/13219 segment] 1.80s/row · 1763 chunks/h · ETA 7.22h for the segment · last finish=stop gen_tok=16
  [550/13219 this process · 550/13219 segment] 2.32s/row · 1756 chunks/h · ETA 7.21h for the segment · last finish=stop gen_tok=32
  [600/13219 this process · 600/13219 segment] 2.98s/row · 1748 chunks/h · ETA 7.22h for the segment · last finish=stop gen_tok=42
  [650/13219 this process · 650/13219 segment] 1.72s/row · 1740 chunks/h · ETA 7.22h for the segment · last finish=stop gen_tok=16
  [700/13219 this process · 700/13219 segment] 2.41s/row · 1735 chunks/h · ETA 7.22h for the segment · last finish=stop gen_tok=33
  [750/13219 this process · 750/13219 segment] 1.63s/row · 1748 chunks/h · ETA 7.13h for the segment · last finish=stop gen_tok=15
  [800/13219 this process · 800/13219 segment] 2.45s/row · 1759 chunks/h · ETA 7.06h for the segment · last finish=stop gen_tok=32
  [850/13219 this process · 850/13219 segment] 2.38s/row · 1753 chunks/h · ETA 7.06h for the segment · last finish=stop gen_tok=34
  [900/13219 this process · 900/13219 segment] 2.25s/row · 1757 chunks/h · ETA 7.01h for the segment · last finish=stop gen_tok=33
  [950/13219 this process · 950/13219 segment] 3.02s/row · 1752 chunks/h · ETA 7.00h for the segment · last finish=stop gen_tok=40
  [1000/13219 this process · 1000/13219 segment] 1.30s/row · 1742 chunks/h · ETA 7.01h for the segment · last finish=stop gen_tok=7
  [1050/13219 this process · 1050/13219 segment] 1.53s/row · 1746 chunks/h · ETA 6.97h for the segment · last finish=stop gen_tok=16
  [1100/13219 this process · 1100/13219 segment] 2.58s/row · 1744 chunks/h · ETA 6.95h for the segment · last finish=stop gen_tok=32
  [1150/13219 this process · 1150/13219 segment] 1.90s/row · 1743 chunks/h · ETA 6.93h for the segment · last finish=stop gen_tok=23
  [1200/13219 this process · 1200/13219 segment] 1.72s/row · 1743 chunks/h · ETA 6.90h for the segment · last finish=stop gen_tok=16
  [1250/13219 this process · 1250/13219 segment] 2.42s/row · 1738 chunks/h · ETA 6.89h for the segment · last finish=stop gen_tok=33
  [1300/13219 this process · 1300/13219 segment] 1.80s/row · 1733 chunks/h · ETA 6.88h for the segment · last finish=stop gen_tok=16
  [1350/13219 this process · 1350/13219 segment] 1.80s/row · 1728 chunks/h · ETA 6.87h for the segment · last finish=stop gen_tok=16
  [1400/13219 this process · 1400/13219 segment] 2.47s/row · 1718 chunks/h · ETA 6.88h for the segment · last finish=stop gen_tok=16
  [1450/13219 this process · 1450/13219 segment] 2.46s/row · 1714 chunks/h · ETA 6.87h for the segment · last finish=stop gen_tok=16
  [1500/13219 this process · 1500/13219 segment] 2.11s/row · 1709 chunks/h · ETA 6.86h for the segment · last finish=stop gen_tok=16
  [1550/13219 this process · 1550/13219 segment] 2.62s/row · 1700 chunks/h · ETA 6.86h for the segment · last finish=stop gen_tok=16
  [1600/13219 this process · 1600/13219 segment] 2.70s/row · 1693 chunks/h · ETA 6.86h for the segment · last finish=stop gen_tok=41
  [1650/13219 this process · 1650/13219 segment] 3.61s/row · 1693 chunks/h · ETA 6.83h for the segment · last finish=stop gen_tok=60
  [1700/13219 this process · 1700/13219 segment] 2.66s/row · 1685 chunks/h · ETA 6.83h for the segment · last finish=stop gen_tok=42
  [1750/13219 this process · 1750/13219 segment] 2.59s/row · 1674 chunks/h · ETA 6.85h for the segment · last finish=stop gen_tok=40
  [1800/13219 this process · 1800/13219 segment] 2.84s/row · 1670 chunks/h · ETA 6.84h for the segment · last finish=stop gen_tok=51
  [1850/13219 this process · 1850/13219 segment] 1.70s/row · 1669 chunks/h · ETA 6.81h for the segment · last finish=stop gen_tok=15
  [1900/13219 this process · 1900/13219 segment] 2.63s/row · 1664 chunks/h · ETA 6.80h for the segment · last finish=stop gen_tok=33
  [1950/13219 this process · 1950/13219 segment] 1.93s/row · 1657 chunks/h · ETA 6.80h for the segment · last finish=stop gen_tok=16
  [2000/13219 this process · 2000/13219 segment] 1.59s/row · 1652 chunks/h · ETA 6.79h for the segment · last finish=stop gen_tok=16
  [2050/13219 this process · 2050/13219 segment] 2.02s/row · 1647 chunks/h · ETA 6.78h for the segment · last finish=stop gen_tok=16
  [2100/13219 this process · 2100/13219 segment] 1.76s/row · 1646 chunks/h · ETA 6.76h for the segment · last finish=stop gen_tok=15
  [2150/13219 this process · 2150/13219 segment] 3.65s/row · 1640 chunks/h · ETA 6.75h for the segment · last finish=stop gen_tok=69
  [2200/13219 this process · 2200/13219 segment] 3.00s/row · 1640 chunks/h · ETA 6.72h for the segment · last finish=stop gen_tok=51
  [2250/13219 this process · 2250/13219 segment] 2.87s/row · 1637 chunks/h · ETA 6.70h for the segment · last finish=stop gen_tok=42
  [2300/13219 this process · 2300/13219 segment] 2.93s/row · 1632 chunks/h · ETA 6.69h for the segment · last finish=stop gen_tok=41
  [2350/13219 this process · 2350/13219 segment] 3.09s/row · 1631 chunks/h · ETA 6.67h for the segment · last finish=stop gen_tok=51
  [2400/13219 this process · 2400/13219 segment] 2.95s/row · 1628 chunks/h · ETA 6.65h for the segment · last finish=stop gen_tok=49
  [2450/13219 this process · 2450/13219 segment] 2.15s/row · 1631 chunks/h · ETA 6.60h for the segment · last finish=stop gen_tok=16
  [2500/13219 this process · 2500/13219 segment] 2.26s/row · 1631 chunks/h · ETA 6.57h for the segment · last finish=stop gen_tok=33
  [2550/13219 this process · 2550/13219 segment] 2.34s/row · 1629 chunks/h · ETA 6.55h for the segment · last finish=stop gen_tok=33
  [2600/13219 this process · 2600/13219 segment] 2.04s/row · 1626 chunks/h · ETA 6.53h for the segment · last finish=stop gen_tok=23
  [2650/13219 this process · 2650/13219 segment] 2.41s/row · 1623 chunks/h · ETA 6.51h for the segment · last finish=stop gen_tok=33
  [2700/13219 this process · 2700/13219 segment] 1.68s/row · 1624 chunks/h · ETA 6.48h for the segment · last finish=stop gen_tok=15
  [2750/13219 this process · 2750/13219 segment] 2.16s/row · 1624 chunks/h · ETA 6.45h for the segment · last finish=stop gen_tok=24
  [2800/13219 this process · 2800/13219 segment] 2.81s/row · 1624 chunks/h · ETA 6.42h for the segment · last finish=stop gen_tok=42
  [2850/13219 this process · 2850/13219 segment] 3.00s/row · 1622 chunks/h · ETA 6.39h for the segment · last finish=stop gen_tok=51
  [2900/13219 this process · 2900/13219 segment] 2.04s/row · 1623 chunks/h · ETA 6.36h for the segment · last finish=stop gen_tok=27
  [2950/13219 this process · 2950/13219 segment] 1.79s/row · 1623 chunks/h · ETA 6.33h for the segment · last finish=stop gen_tok=16
  [3000/13219 this process · 3000/13219 segment] 2.10s/row · 1622 chunks/h · ETA 6.30h for the segment · last finish=stop gen_tok=15
  [3050/13219 this process · 3050/13219 segment] 1.78s/row · 1621 chunks/h · ETA 6.27h for the segment · last finish=stop gen_tok=16
  [3100/13219 this process · 3100/13219 segment] 4.24s/row · 1616 chunks/h · ETA 6.26h for the segment · last finish=stop gen_tok=87
  [3150/13219 this process · 3150/13219 segment] 2.08s/row · 1615 chunks/h · ETA 6.23h for the segment · last finish=stop gen_tok=16
  [3200/13219 this process · 3200/13219 segment] 1.69s/row · 1616 chunks/h · ETA 6.20h for the segment · last finish=stop gen_tok=15
  [3250/13219 this process · 3250/13219 segment] 2.55s/row · 1613 chunks/h · ETA 6.18h for the segment · last finish=stop gen_tok=37
  [3300/13219 this process · 3300/13219 segment] 1.69s/row · 1613 chunks/h · ETA 6.15h for the segment · last finish=stop gen_tok=15
  [3350/13219 this process · 3350/13219 segment] 1.93s/row · 1614 chunks/h · ETA 6.11h for the segment · last finish=stop gen_tok=16
  [3400/13219 this process · 3400/13219 segment] 2.39s/row · 1615 chunks/h · ETA 6.08h for the segment · last finish=stop gen_tok=36
  [3450/13219 this process · 3450/13219 segment] 2.34s/row · 1616 chunks/h · ETA 6.05h for the segment · last finish=stop gen_tok=33
  [3500/13219 this process · 3500/13219 segment] 2.30s/row · 1618 chunks/h · ETA 6.01h for the segment · last finish=stop gen_tok=16
  [3550/13219 this process · 3550/13219 segment] 2.43s/row · 1621 chunks/h · ETA 5.97h for the segment · last finish=stop gen_tok=16
  [3600/13219 this process · 3600/13219 segment] 2.07s/row · 1623 chunks/h · ETA 5.93h for the segment · last finish=stop gen_tok=16
  [3650/13219 this process · 3650/13219 segment] 2.30s/row · 1623 chunks/h · ETA 5.90h for the segment · last finish=stop gen_tok=32
  [3700/13219 this process · 3700/13219 segment] 1.90s/row · 1623 chunks/h · ETA 5.87h for the segment · last finish=stop gen_tok=15
  [3750/13219 this process · 3750/13219 segment] 2.49s/row · 1621 chunks/h · ETA 5.84h for the segment · last finish=stop gen_tok=34
  [3800/13219 this process · 3800/13219 segment] 1.78s/row · 1622 chunks/h · ETA 5.81h for the segment · last finish=stop gen_tok=16
  [3850/13219 this process · 3850/13219 segment] 1.93s/row · 1621 chunks/h · ETA 5.78h for the segment · last finish=stop gen_tok=24
  [3900/13219 this process · 3900/13219 segment] 1.77s/row · 1621 chunks/h · ETA 5.75h for the segment · last finish=stop gen_tok=15
  [3950/13219 this process · 3950/13219 segment] 2.45s/row · 1622 chunks/h · ETA 5.71h for the segment · last finish=stop gen_tok=34
  [4000/13219 this process · 4000/13219 segment] 2.37s/row · 1623 chunks/h · ETA 5.68h for the segment · last finish=stop gen_tok=34
  [4050/13219 this process · 4050/13219 segment] 2.93s/row · 1621 chunks/h · ETA 5.66h for the segment · last finish=stop gen_tok=51
  [4100/13219 this process · 4100/13219 segment] 1.88s/row · 1621 chunks/h · ETA 5.63h for the segment · last finish=stop gen_tok=16
  [4150/13219 this process · 4150/13219 segment] 2.48s/row · 1618 chunks/h · ETA 5.61h for the segment · last finish=stop gen_tok=33
  [4200/13219 this process · 4200/13219 segment] 2.01s/row · 1618 chunks/h · ETA 5.58h for the segment · last finish=stop gen_tok=16
  [4250/13219 this process · 4250/13219 segment] 2.94s/row · 1618 chunks/h · ETA 5.54h for the segment · last finish=stop gen_tok=51
  [4300/13219 this process · 4300/13219 segment] 2.56s/row · 1617 chunks/h · ETA 5.52h for the segment · last finish=stop gen_tok=33
  [4350/13219 this process · 4350/13219 segment] 1.62s/row · 1616 chunks/h · ETA 5.49h for the segment · last finish=stop gen_tok=15
  [4400/13219 this process · 4400/13219 segment] 2.60s/row · 1618 chunks/h · ETA 5.45h for the segment · last finish=stop gen_tok=34
  [4450/13219 this process · 4450/13219 segment] 2.62s/row · 1617 chunks/h · ETA 5.42h for the segment · last finish=stop gen_tok=41
  [4500/13219 this process · 4500/13219 segment] 1.95s/row · 1617 chunks/h · ETA 5.39h for the segment · last finish=stop gen_tok=16
  [4550/13219 this process · 4550/13219 segment] 2.42s/row · 1617 chunks/h · ETA 5.36h for the segment · last finish=stop gen_tok=33
  [4600/13219 this process · 4600/13219 segment] 1.73s/row · 1619 chunks/h · ETA 5.33h for the segment · last finish=stop gen_tok=16
  [4650/13219 this process · 4650/13219 segment] 1.87s/row · 1622 chunks/h · ETA 5.28h for the segment · last finish=stop gen_tok=16
  [4700/13219 this process · 4700/13219 segment] 2.28s/row · 1625 chunks/h · ETA 5.24h for the segment · last finish=stop gen_tok=33
  [4750/13219 this process · 4750/13219 segment] 2.10s/row · 1625 chunks/h · ETA 5.21h for the segment · last finish=stop gen_tok=23
  [4800/13219 this process · 4800/13219 segment] 2.96s/row · 1626 chunks/h · ETA 5.18h for the segment · last finish=stop gen_tok=52
  [4850/13219 this process · 4850/13219 segment] 3.07s/row · 1628 chunks/h · ETA 5.14h for the segment · last finish=stop gen_tok=57
  [4900/13219 this process · 4900/13219 segment] 1.81s/row · 1630 chunks/h · ETA 5.10h for the segment · last finish=stop gen_tok=16
  [4950/13219 this process · 4950/13219 segment] 1.61s/row · 1629 chunks/h · ETA 5.08h for the segment · last finish=stop gen_tok=15
  [5000/13219 this process · 5000/13219 segment] 1.78s/row · 1630 chunks/h · ETA 5.04h for the segment · last finish=stop gen_tok=16
  [5050/13219 this process · 5050/13219 segment] 1.75s/row · 1630 chunks/h · ETA 5.01h for the segment · last finish=stop gen_tok=15
  [5100/13219 this process · 5100/13219 segment] 2.21s/row · 1630 chunks/h · ETA 4.98h for the segment · last finish=stop gen_tok=24
  [5150/13219 this process · 5150/13219 segment] 2.64s/row · 1631 chunks/h · ETA 4.95h for the segment · last finish=stop gen_tok=41
  [5200/13219 this process · 5200/13219 segment] 1.59s/row · 1630 chunks/h · ETA 4.92h for the segment · last finish=stop gen_tok=16
  [5250/13219 this process · 5250/13219 segment] 3.18s/row · 1631 chunks/h · ETA 4.88h for the segment · last finish=stop gen_tok=54
  [5300/13219 this process · 5300/13219 segment] 2.76s/row · 1631 chunks/h · ETA 4.86h for the segment · last finish=stop gen_tok=41
  [5350/13219 this process · 5350/13219 segment] 1.88s/row · 1632 chunks/h · ETA 4.82h for the segment · last finish=stop gen_tok=16
  [5400/13219 this process · 5400/13219 segment] 2.93s/row · 1631 chunks/h · ETA 4.80h for the segment · last finish=stop gen_tok=32
  [5450/13219 this process · 5450/13219 segment] 2.53s/row · 1630 chunks/h · ETA 4.77h for the segment · last finish=stop gen_tok=32
  [5500/13219 this process · 5500/13219 segment] 1.78s/row · 1629 chunks/h · ETA 4.74h for the segment · last finish=stop gen_tok=16
  [5550/13219 this process · 5550/13219 segment] 1.79s/row · 1630 chunks/h · ETA 4.70h for the segment · last finish=stop gen_tok=16
  [5600/13219 this process · 5600/13219 segment] 1.64s/row · 1630 chunks/h · ETA 4.68h for the segment · last finish=stop gen_tok=16
  [5650/13219 this process · 5650/13219 segment] 2.49s/row · 1627 chunks/h · ETA 4.65h for the segment · last finish=stop gen_tok=37
  [5700/13219 this process · 5700/13219 segment] 2.57s/row · 1626 chunks/h · ETA 4.62h for the segment · last finish=stop gen_tok=33
  [5750/13219 this process · 5750/13219 segment] 1.70s/row · 1626 chunks/h · ETA 4.59h for the segment · last finish=stop gen_tok=16
  [5800/13219 this process · 5800/13219 segment] 1.65s/row · 1627 chunks/h · ETA 4.56h for the segment · last finish=stop gen_tok=16
  [5850/13219 this process · 5850/13219 segment] 1.70s/row · 1626 chunks/h · ETA 4.53h for the segment · last finish=stop gen_tok=16
  [5900/13219 this process · 5900/13219 segment] 4.56s/row · 1625 chunks/h · ETA 4.51h for the segment · last finish=stop gen_tok=79
  [5950/13219 this process · 5950/13219 segment] 3.16s/row · 1622 chunks/h · ETA 4.48h for the segment · last finish=stop gen_tok=52
  [6000/13219 this process · 6000/13219 segment] 1.72s/row · 1623 chunks/h · ETA 4.45h for the segment · last finish=stop gen_tok=16
  [6050/13219 this process · 6050/13219 segment] 2.47s/row · 1624 chunks/h · ETA 4.41h for the segment · last finish=stop gen_tok=32
  [6100/13219 this process · 6100/13219 segment] 2.23s/row · 1624 chunks/h · ETA 4.38h for the segment · last finish=stop gen_tok=24
  [6150/13219 this process · 6150/13219 segment] 2.34s/row · 1624 chunks/h · ETA 4.35h for the segment · last finish=stop gen_tok=33
  [6200/13219 this process · 6200/13219 segment] 1.56s/row · 1625 chunks/h · ETA 4.32h for the segment · last finish=stop gen_tok=16
  [6250/13219 this process · 6250/13219 segment] 2.37s/row · 1625 chunks/h · ETA 4.29h for the segment · last finish=stop gen_tok=32
  [6300/13219 this process · 6300/13219 segment] 3.83s/row · 1624 chunks/h · ETA 4.26h for the segment · last finish=stop gen_tok=70
  [6350/13219 this process · 6350/13219 segment] 1.93s/row · 1625 chunks/h · ETA 4.23h for the segment · last finish=stop gen_tok=24
  [6400/13219 this process · 6400/13219 segment] 2.07s/row · 1625 chunks/h · ETA 4.20h for the segment · last finish=stop gen_tok=16
  [6450/13219 this process · 6450/13219 segment] 1.64s/row · 1627 chunks/h · ETA 4.16h for the segment · last finish=stop gen_tok=16
  [6500/13219 this process · 6500/13219 segment] 2.45s/row · 1627 chunks/h · ETA 4.13h for the segment · last finish=stop gen_tok=33
  [6550/13219 this process · 6550/13219 segment] 2.53s/row · 1628 chunks/h · ETA 4.10h for the segment · last finish=stop gen_tok=32
  [6600/13219 this process · 6600/13219 segment] 2.46s/row · 1628 chunks/h · ETA 4.07h for the segment · last finish=stop gen_tok=32
  [6650/13219 this process · 6650/13219 segment] 1.77s/row · 1627 chunks/h · ETA 4.04h for the segment · last finish=stop gen_tok=16
  [6700/13219 this process · 6700/13219 segment] 1.97s/row · 1627 chunks/h · ETA 4.01h for the segment · last finish=stop gen_tok=23
  [6750/13219 this process · 6750/13219 segment] 1.86s/row · 1628 chunks/h · ETA 3.97h for the segment · last finish=stop gen_tok=16
  [6800/13219 this process · 6800/13219 segment] 1.76s/row · 1627 chunks/h · ETA 3.95h for the segment · last finish=stop gen_tok=16
  [6850/13219 this process · 6850/13219 segment] 2.92s/row · 1627 chunks/h · ETA 3.92h for the segment · last finish=stop gen_tok=48
  [6900/13219 this process · 6900/13219 segment] 1.58s/row · 1627 chunks/h · ETA 3.88h for the segment · last finish=stop gen_tok=16
  [6950/13219 this process · 6950/13219 segment] 2.60s/row · 1626 chunks/h · ETA 3.86h for the segment · last finish=stop gen_tok=34
  [7000/13219 this process · 7000/13219 segment] 2.45s/row · 1626 chunks/h · ETA 3.83h for the segment · last finish=stop gen_tok=34
  [7050/13219 this process · 7050/13219 segment] 2.02s/row · 1626 chunks/h · ETA 3.79h for the segment · last finish=stop gen_tok=24
  [7100/13219 this process · 7100/13219 segment] 2.53s/row · 1624 chunks/h · ETA 3.77h for the segment · last finish=stop gen_tok=16
  [7150/13219 this process · 7150/13219 segment] 1.78s/row · 1624 chunks/h · ETA 3.74h for the segment · last finish=stop gen_tok=16
  [7200/13219 this process · 7200/13219 segment] 2.26s/row · 1624 chunks/h · ETA 3.71h for the segment · last finish=stop gen_tok=27
  [7250/13219 this process · 7250/13219 segment] 2.15s/row · 1624 chunks/h · ETA 3.68h for the segment · last finish=stop gen_tok=24
  [7300/13219 this process · 7300/13219 segment] 2.91s/row · 1624 chunks/h · ETA 3.65h for the segment · last finish=stop gen_tok=42
  [7350/13219 this process · 7350/13219 segment] 1.36s/row · 1623 chunks/h · ETA 3.62h for the segment · last finish=stop gen_tok=7
  [7400/13219 this process · 7400/13219 segment] 2.66s/row · 1624 chunks/h · ETA 3.58h for the segment · last finish=stop gen_tok=45
  [7450/13219 this process · 7450/13219 segment] 2.05s/row · 1624 chunks/h · ETA 3.55h for the segment · last finish=stop gen_tok=25
  [7500/13219 this process · 7500/13219 segment] 1.93s/row · 1623 chunks/h · ETA 3.52h for the segment · last finish=stop gen_tok=16
  [7550/13219 this process · 7550/13219 segment] 3.05s/row · 1622 chunks/h · ETA 3.49h for the segment · last finish=stop gen_tok=50
  [7600/13219 this process · 7600/13219 segment] 1.64s/row · 1623 chunks/h · ETA 3.46h for the segment · last finish=stop gen_tok=16
  [7650/13219 this process · 7650/13219 segment] 1.71s/row · 1624 chunks/h · ETA 3.43h for the segment · last finish=stop gen_tok=16
  [7700/13219 this process · 7700/13219 segment] 1.70s/row · 1623 chunks/h · ETA 3.40h for the segment · last finish=stop gen_tok=16
  [7750/13219 this process · 7750/13219 segment] 2.93s/row · 1622 chunks/h · ETA 3.37h for the segment · last finish=stop gen_tok=48
  [7800/13219 this process · 7800/13219 segment] 1.71s/row · 1622 chunks/h · ETA 3.34h for the segment · last finish=stop gen_tok=16
  [7850/13219 this process · 7850/13219 segment] 1.79s/row · 1622 chunks/h · ETA 3.31h for the segment · last finish=stop gen_tok=16
  [7900/13219 this process · 7900/13219 segment] 3.17s/row · 1621 chunks/h · ETA 3.28h for the segment · last finish=stop gen_tok=51
  [7950/13219 this process · 7950/13219 segment] 2.55s/row · 1619 chunks/h · ETA 3.25h for the segment · last finish=stop gen_tok=34
  [8000/13219 this process · 8000/13219 segment] 2.72s/row · 1618 chunks/h · ETA 3.23h for the segment · last finish=stop gen_tok=16
  [8050/13219 this process · 8050/13219 segment] 2.15s/row · 1617 chunks/h · ETA 3.20h for the segment · last finish=stop gen_tok=16
  [8100/13219 this process · 8100/13219 segment] 2.06s/row · 1616 chunks/h · ETA 3.17h for the segment · last finish=stop gen_tok=16
  [8150/13219 this process · 8150/13219 segment] 2.72s/row · 1616 chunks/h · ETA 3.14h for the segment · last finish=stop gen_tok=16
  [8200/13219 this process · 8200/13219 segment] 2.36s/row · 1614 chunks/h · ETA 3.11h for the segment · last finish=stop gen_tok=32
  [8250/13219 this process · 8250/13219 segment] 1.95s/row · 1613 chunks/h · ETA 3.08h for the segment · last finish=stop gen_tok=15
  [8300/13219 this process · 8300/13219 segment] 2.36s/row · 1611 chunks/h · ETA 3.05h for the segment · last finish=stop gen_tok=16
  [8350/13219 this process · 8350/13219 segment] 1.77s/row · 1609 chunks/h · ETA 3.03h for the segment · last finish=stop gen_tok=15
  [8400/13219 this process · 8400/13219 segment] 1.67s/row · 1610 chunks/h · ETA 2.99h for the segment · last finish=stop gen_tok=15
  [8450/13219 this process · 8450/13219 segment] 1.92s/row · 1609 chunks/h · ETA 2.96h for the segment · last finish=stop gen_tok=16
  [8500/13219 this process · 8500/13219 segment] 1.73s/row · 1608 chunks/h · ETA 2.93h for the segment · last finish=stop gen_tok=15
  [8550/13219 this process · 8550/13219 segment] 1.94s/row · 1607 chunks/h · ETA 2.91h for the segment · last finish=stop gen_tok=16
  [8600/13219 this process · 8600/13219 segment] 3.16s/row · 1607 chunks/h · ETA 2.87h for the segment · last finish=stop gen_tok=50
  [8650/13219 this process · 8650/13219 segment] 3.05s/row · 1607 chunks/h · ETA 2.84h for the segment · last finish=stop gen_tok=40
  [8700/13219 this process · 8700/13219 segment] 3.02s/row · 1604 chunks/h · ETA 2.82h for the segment · last finish=stop gen_tok=16
  [8750/13219 this process · 8750/13219 segment] 2.31s/row · 1602 chunks/h · ETA 2.79h for the segment · last finish=stop gen_tok=16
  [8800/13219 this process · 8800/13219 segment] 4.37s/row · 1600 chunks/h · ETA 2.76h for the segment · last finish=stop gen_tok=70
  [8850/13219 this process · 8850/13219 segment] 2.94s/row · 1599 chunks/h · ETA 2.73h for the segment · last finish=stop gen_tok=34
  [8900/13219 this process · 8900/13219 segment] 2.45s/row · 1597 chunks/h · ETA 2.70h for the segment · last finish=stop gen_tok=24
  [8950/13219 this process · 8950/13219 segment] 3.28s/row · 1596 chunks/h · ETA 2.67h for the segment · last finish=stop gen_tok=48
  [9000/13219 this process · 9000/13219 segment] 1.91s/row · 1595 chunks/h · ETA 2.65h for the segment · last finish=stop gen_tok=16
  [9050/13219 this process · 9050/13219 segment] 2.81s/row · 1593 chunks/h · ETA 2.62h for the segment · last finish=stop gen_tok=32
  [9100/13219 this process · 9100/13219 segment] 3.26s/row · 1591 chunks/h · ETA 2.59h for the segment · last finish=stop gen_tok=41
  [9150/13219 this process · 9150/13219 segment] 2.90s/row · 1590 chunks/h · ETA 2.56h for the segment · last finish=stop gen_tok=16
  [9200/13219 this process · 9200/13219 segment] 2.74s/row · 1588 chunks/h · ETA 2.53h for the segment · last finish=stop gen_tok=32
  [9250/13219 this process · 9250/13219 segment] 2.27s/row · 1587 chunks/h · ETA 2.50h for the segment · last finish=stop gen_tok=27
  [9300/13219 this process · 9300/13219 segment] 3.22s/row · 1586 chunks/h · ETA 2.47h for the segment · last finish=stop gen_tok=42
  [9350/13219 this process · 9350/13219 segment] 3.45s/row · 1584 chunks/h · ETA 2.44h for the segment · last finish=stop gen_tok=51
  [9400/13219 this process · 9400/13219 segment] 2.70s/row · 1583 chunks/h · ETA 2.41h for the segment · last finish=stop gen_tok=49
  [9450/13219 this process · 9450/13219 segment] 2.22s/row · 1583 chunks/h · ETA 2.38h for the segment · last finish=stop gen_tok=32
  [9500/13219 this process · 9500/13219 segment] 2.59s/row · 1583 chunks/h · ETA 2.35h for the segment · last finish=stop gen_tok=34
  [9550/13219 this process · 9550/13219 segment] 2.65s/row · 1583 chunks/h · ETA 2.32h for the segment · last finish=stop gen_tok=42
  [9600/13219 this process · 9600/13219 segment] 2.36s/row · 1582 chunks/h · ETA 2.29h for the segment · last finish=stop gen_tok=34
  [9650/13219 this process · 9650/13219 segment] 2.03s/row · 1582 chunks/h · ETA 2.26h for the segment · last finish=stop gen_tok=16
  [9700/13219 this process · 9700/13219 segment] 2.09s/row · 1583 chunks/h · ETA 2.22h for the segment · last finish=stop gen_tok=16
  [9750/13219 this process · 9750/13219 segment] 1.60s/row · 1583 chunks/h · ETA 2.19h for the segment · last finish=stop gen_tok=16
  [9800/13219 this process · 9800/13219 segment] 2.23s/row · 1583 chunks/h · ETA 2.16h for the segment · last finish=stop gen_tok=32
  [9850/13219 this process · 9850/13219 segment] 1.60s/row · 1583 chunks/h · ETA 2.13h for the segment · last finish=stop gen_tok=16
  [9900/13219 this process · 9900/13219 segment] 2.01s/row · 1583 chunks/h · ETA 2.10h for the segment · last finish=stop gen_tok=16
  [9950/13219 this process · 9950/13219 segment] 2.20s/row · 1583 chunks/h · ETA 2.06h for the segment · last finish=stop gen_tok=15
  [10000/13219 this process · 10000/13219 segment] 2.22s/row · 1583 chunks/h · ETA 2.03h for the segment · last finish=stop gen_tok=15
  [10050/13219 this process · 10050/13219 segment] 2.59s/row · 1582 chunks/h · ETA 2.00h for the segment · last finish=stop gen_tok=24
  [10100/13219 this process · 10100/13219 segment] 2.32s/row · 1581 chunks/h · ETA 1.97h for the segment · last finish=stop gen_tok=16
  [10150/13219 this process · 10150/13219 segment] 2.26s/row · 1581 chunks/h · ETA 1.94h for the segment · last finish=stop gen_tok=27
  [10200/13219 this process · 10200/13219 segment] 3.40s/row · 1579 chunks/h · ETA 1.91h for the segment · last finish=stop gen_tok=51
  [10250/13219 this process · 10250/13219 segment] 2.00s/row · 1578 chunks/h · ETA 1.88h for the segment · last finish=stop gen_tok=16
  [10300/13219 this process · 10300/13219 segment] 2.22s/row · 1577 chunks/h · ETA 1.85h for the segment · last finish=stop gen_tok=16
  [10350/13219 this process · 10350/13219 segment] 2.26s/row · 1576 chunks/h · ETA 1.82h for the segment · last finish=stop gen_tok=23
  [10400/13219 this process · 10400/13219 segment] 1.97s/row · 1574 chunks/h · ETA 1.79h for the segment · last finish=stop gen_tok=15
  [10450/13219 this process · 10450/13219 segment] 2.26s/row · 1574 chunks/h · ETA 1.76h for the segment · last finish=stop gen_tok=16
  [10500/13219 this process · 10500/13219 segment] 2.75s/row · 1574 chunks/h · ETA 1.73h for the segment · last finish=stop gen_tok=33
  [10550/13219 this process · 10550/13219 segment] 3.21s/row · 1573 chunks/h · ETA 1.70h for the segment · last finish=stop gen_tok=42
  [10600/13219 this process · 10600/13219 segment] 2.53s/row · 1573 chunks/h · ETA 1.66h for the segment · last finish=stop gen_tok=33
  [10650/13219 this process · 10650/13219 segment] 1.87s/row · 1574 chunks/h · ETA 1.63h for the segment · last finish=stop gen_tok=16
  [10700/13219 this process · 10700/13219 segment] 2.81s/row · 1574 chunks/h · ETA 1.60h for the segment · last finish=stop gen_tok=34
  [10750/13219 this process · 10750/13219 segment] 3.09s/row · 1574 chunks/h · ETA 1.57h for the segment · last finish=stop gen_tok=42
  [10800/13219 this process · 10800/13219 segment] 2.90s/row · 1572 chunks/h · ETA 1.54h for the segment · last finish=stop gen_tok=41
  [10850/13219 this process · 10850/13219 segment] 2.10s/row · 1572 chunks/h · ETA 1.51h for the segment · last finish=stop gen_tok=24
  [10900/13219 this process · 10900/13219 segment] 3.90s/row · 1570 chunks/h · ETA 1.48h for the segment · last finish=stop gen_tok=60
  [10950/13219 this process · 10950/13219 segment] 2.54s/row · 1569 chunks/h · ETA 1.45h for the segment · last finish=stop gen_tok=32
  [11000/13219 this process · 11000/13219 segment] 2.37s/row · 1568 chunks/h · ETA 1.42h for the segment · last finish=stop gen_tok=25
  [11050/13219 this process · 11050/13219 segment] 3.53s/row · 1567 chunks/h · ETA 1.38h for the segment · last finish=stop gen_tok=60
  [11100/13219 this process · 11100/13219 segment] 1.88s/row · 1567 chunks/h · ETA 1.35h for the segment · last finish=stop gen_tok=16
  [11150/13219 this process · 11150/13219 segment] 1.84s/row · 1566 chunks/h · ETA 1.32h for the segment · last finish=stop gen_tok=15
  [11200/13219 this process · 11200/13219 segment] 3.93s/row · 1565 chunks/h · ETA 1.29h for the segment · last finish=stop gen_tok=69
  [11250/13219 this process · 11250/13219 segment] 2.00s/row · 1564 chunks/h · ETA 1.26h for the segment · last finish=stop gen_tok=15
  [11300/13219 this process · 11300/13219 segment] 2.18s/row · 1564 chunks/h · ETA 1.23h for the segment · last finish=stop gen_tok=16
  [11350/13219 this process · 11350/13219 segment] 2.02s/row · 1564 chunks/h · ETA 1.20h for the segment · last finish=stop gen_tok=16
  [11400/13219 this process · 11400/13219 segment] 2.01s/row · 1564 chunks/h · ETA 1.16h for the segment · last finish=stop gen_tok=16
  [11450/13219 this process · 11450/13219 segment] 1.86s/row · 1565 chunks/h · ETA 1.13h for the segment · last finish=stop gen_tok=16
  [11500/13219 this process · 11500/13219 segment] 2.21s/row · 1564 chunks/h · ETA 1.10h for the segment · last finish=stop gen_tok=23
  [11550/13219 this process · 11550/13219 segment] 2.50s/row · 1564 chunks/h · ETA 1.07h for the segment · last finish=stop gen_tok=32
  [11600/13219 this process · 11600/13219 segment] 2.27s/row · 1564 chunks/h · ETA 1.04h for the segment · last finish=stop gen_tok=16
  [11650/13219 this process · 11650/13219 segment] 2.78s/row · 1565 chunks/h · ETA 1.00h for the segment · last finish=stop gen_tok=32
  [11700/13219 this process · 11700/13219 segment] 2.11s/row · 1565 chunks/h · ETA 0.97h for the segment · last finish=stop gen_tok=16
  [11750/13219 this process · 11750/13219 segment] 1.95s/row · 1566 chunks/h · ETA 0.94h for the segment · last finish=stop gen_tok=16
  [11800/13219 this process · 11800/13219 segment] 1.83s/row · 1565 chunks/h · ETA 0.91h for the segment · last finish=stop gen_tok=15
  [11850/13219 this process · 11850/13219 segment] 2.43s/row · 1566 chunks/h · ETA 0.87h for the segment · last finish=stop gen_tok=32
  [11900/13219 this process · 11900/13219 segment] 3.18s/row · 1566 chunks/h · ETA 0.84h for the segment · last finish=stop gen_tok=50
  [11950/13219 this process · 11950/13219 segment] 1.80s/row · 1566 chunks/h · ETA 0.81h for the segment · last finish=stop gen_tok=16
  [12000/13219 this process · 12000/13219 segment] 3.05s/row · 1565 chunks/h · ETA 0.78h for the segment · last finish=stop gen_tok=34
  [12050/13219 this process · 12050/13219 segment] 2.55s/row · 1565 chunks/h · ETA 0.75h for the segment · last finish=stop gen_tok=32
  [12100/13219 this process · 12100/13219 segment] 2.23s/row · 1565 chunks/h · ETA 0.72h for the segment · last finish=stop gen_tok=15
  [12150/13219 this process · 12150/13219 segment] 2.98s/row · 1564 chunks/h · ETA 0.68h for the segment · last finish=stop gen_tok=42
  [12200/13219 this process · 12200/13219 segment] 3.45s/row · 1563 chunks/h · ETA 0.65h for the segment · last finish=stop gen_tok=58
  [12250/13219 this process · 12250/13219 segment] 2.33s/row · 1563 chunks/h · ETA 0.62h for the segment · last finish=stop gen_tok=24
  [12300/13219 this process · 12300/13219 segment] 3.50s/row · 1563 chunks/h · ETA 0.59h for the segment · last finish=stop gen_tok=32
  [12350/13219 this process · 12350/13219 segment] 1.74s/row · 1562 chunks/h · ETA 0.56h for the segment · last finish=stop gen_tok=16
  [12400/13219 this process · 12400/13219 segment] 3.12s/row · 1561 chunks/h · ETA 0.52h for the segment · last finish=stop gen_tok=50
  [12450/13219 this process · 12450/13219 segment] 2.26s/row · 1560 chunks/h · ETA 0.49h for the segment · last finish=stop gen_tok=24
  [12500/13219 this process · 12500/13219 segment] 2.59s/row · 1560 chunks/h · ETA 0.46h for the segment · last finish=stop gen_tok=16
  [12550/13219 this process · 12550/13219 segment] 1.92s/row · 1560 chunks/h · ETA 0.43h for the segment · last finish=stop gen_tok=15
  [12600/13219 this process · 12600/13219 segment] 2.86s/row · 1560 chunks/h · ETA 0.40h for the segment · last finish=stop gen_tok=33
  [12650/13219 this process · 12650/13219 segment] 2.03s/row · 1560 chunks/h · ETA 0.36h for the segment · last finish=stop gen_tok=16
  [12700/13219 this process · 12700/13219 segment] 1.87s/row · 1560 chunks/h · ETA 0.33h for the segment · last finish=stop gen_tok=16
  [12750/13219 this process · 12750/13219 segment] 2.92s/row · 1559 chunks/h · ETA 0.30h for the segment · last finish=stop gen_tok=41
  [12800/13219 this process · 12800/13219 segment] 3.37s/row · 1558 chunks/h · ETA 0.27h for the segment · last finish=stop gen_tok=50
  [12850/13219 this process · 12850/13219 segment] 1.81s/row · 1558 chunks/h · ETA 0.24h for the segment · last finish=stop gen_tok=16
  [12900/13219 this process · 12900/13219 segment] 2.92s/row · 1558 chunks/h · ETA 0.20h for the segment · last finish=stop gen_tok=16
  [12950/13219 this process · 12950/13219 segment] 3.06s/row · 1558 chunks/h · ETA 0.17h for the segment · last finish=stop gen_tok=33
  [13000/13219 this process · 13000/13219 segment] 1.89s/row · 1558 chunks/h · ETA 0.14h for the segment · last finish=stop gen_tok=15
  [13050/13219 this process · 13050/13219 segment] 2.20s/row · 1557 chunks/h · ETA 0.11h for the segment · last finish=stop gen_tok=15
  [13100/13219 this process · 13100/13219 segment] 2.59s/row · 1556 chunks/h · ETA 0.08h for the segment · last finish=stop gen_tok=33
  [13150/13219 this process · 13150/13219 segment] 2.75s/row · 1556 chunks/h · ETA 0.04h for the segment · last finish=stop gen_tok=36
  [13200/13219 this process · 13200/13219 segment] 2.07s/row · 1556 chunks/h · ETA 0.01h for the segment · last finish=stop gen_tok=16
  [13219/13219 this process · 13219/13219 segment] 1.18s/row · 1556 chunks/h · ETA 0.00h for the segment · last finish=stop gen_tok=7

SEGMENT seg-003 COMPLETE — 13219/13219 rows.
Now finalize with the SYSTEM python3 (no GPU, seconds):
    python3 finetune/label_e2.py --finalize-segment seg-003
