0 already in labels.jsonl · 13228 to generate
loading base model + adapter (the only GPU work) ...
  loaded in 1.1s
  [50/13228 this process · 50/13228 segment] 3.12s/row · 1616 chunks/h · ETA 8.15h for the segment · last finish=stop gen_tok=51
  [100/13228 this process · 100/13228 segment] 2.78s/row · 1568 chunks/h · ETA 8.37h for the segment · last finish=stop gen_tok=41
  [150/13228 this process · 150/13228 segment] 2.33s/row · 1537 chunks/h · ETA 8.51h for the segment · last finish=stop gen_tok=23
  [200/13228 this process · 200/13228 segment] 3.05s/row · 1533 chunks/h · ETA 8.50h for the segment · last finish=stop gen_tok=51
  [250/13228 this process · 250/13228 segment] 2.45s/row · 1511 chunks/h · ETA 8.59h for the segment · last finish=stop gen_tok=16
  [300/13228 this process · 300/13228 segment] 1.79s/row · 1485 chunks/h · ETA 8.71h for the segment · last finish=stop gen_tok=16
  [350/13228 this process · 350/13228 segment] 1.79s/row · 1474 chunks/h · ETA 8.73h for the segment · last finish=stop gen_tok=16
  [400/13228 this process · 400/13228 segment] 2.84s/row · 1492 chunks/h · ETA 8.60h for the segment · last finish=stop gen_tok=48
  [450/13228 this process · 450/13228 segment] 2.21s/row · 1506 chunks/h · ETA 8.49h for the segment · last finish=stop gen_tok=23
  [500/13228 this process · 500/13228 segment] 2.57s/row · 1500 chunks/h · ETA 8.48h for the segment · last finish=stop gen_tok=33
  [550/13228 this process · 550/13228 segment] 3.20s/row · 1496 chunks/h · ETA 8.48h for the segment · last finish=stop gen_tok=48
  [600/13228 this process · 600/13228 segment] 1.94s/row · 1493 chunks/h · ETA 8.46h for the segment · last finish=stop gen_tok=16
  [650/13228 this process · 650/13228 segment] 3.72s/row · 1506 chunks/h · ETA 8.35h for the segment · last finish=stop gen_tok=60
  [700/13228 this process · 700/13228 segment] 2.22s/row · 1493 chunks/h · ETA 8.39h for the segment · last finish=stop gen_tok=24
  [750/13228 this process · 750/13228 segment] 3.93s/row · 1468 chunks/h · ETA 8.50h for the segment · last finish=stop gen_tok=60
  [800/13228 this process · 800/13228 segment] 2.49s/row · 1458 chunks/h · ETA 8.52h for the segment · last finish=stop gen_tok=33
  [850/13228 this process · 850/13228 segment] 2.60s/row · 1459 chunks/h · ETA 8.48h for the segment · last finish=stop gen_tok=34
  [900/13228 this process · 900/13228 segment] 1.68s/row · 1466 chunks/h · ETA 8.41h for the segment · last finish=stop gen_tok=16
  [950/13228 this process · 950/13228 segment] 3.26s/row · 1461 chunks/h · ETA 8.40h for the segment · last finish=stop gen_tok=51
  [1000/13228 this process · 1000/13228 segment] 1.63s/row · 1460 chunks/h · ETA 8.37h for the segment · last finish=stop gen_tok=16
  [1050/13228 this process · 1050/13228 segment] 2.69s/row · 1456 chunks/h · ETA 8.36h for the segment · last finish=stop gen_tok=44
  [1100/13228 this process · 1100/13228 segment] 1.81s/row · 1458 chunks/h · ETA 8.32h for the segment · last finish=stop gen_tok=16
  [1150/13228 this process · 1150/13228 segment] 3.62s/row · 1447 chunks/h · ETA 8.35h for the segment · last finish=stop gen_tok=67
  [1200/13228 this process · 1200/13228 segment] 3.73s/row · 1450 chunks/h · ETA 8.30h for the segment · last finish=stop gen_tok=69
  [1250/13228 this process · 1250/13228 segment] 3.19s/row · 1458 chunks/h · ETA 8.21h for the segment · last finish=stop gen_tok=50
  [1300/13228 this process · 1300/13228 segment] 1.93s/row · 1460 chunks/h · ETA 8.17h for the segment · last finish=stop gen_tok=24
  [1350/13228 this process · 1350/13228 segment] 1.83s/row · 1459 chunks/h · ETA 8.14h for the segment · last finish=stop gen_tok=15
  [1400/13228 this process · 1400/13228 segment] 1.93s/row · 1461 chunks/h · ETA 8.09h for the segment · last finish=stop gen_tok=24
  [1450/13228 this process · 1450/13228 segment] 3.15s/row · 1465 chunks/h · ETA 8.04h for the segment · last finish=stop gen_tok=48
  [1500/13228 this process · 1500/13228 segment] 2.11s/row · 1464 chunks/h · ETA 8.01h for the segment · last finish=stop gen_tok=27
  [1550/13228 this process · 1550/13228 segment] 1.76s/row · 1468 chunks/h · ETA 7.95h for the segment · last finish=stop gen_tok=16
  [1600/13228 this process · 1600/13228 segment] 1.96s/row · 1474 chunks/h · ETA 7.89h for the segment · last finish=stop gen_tok=16
  [1650/13228 this process · 1650/13228 segment] 1.53s/row · 1484 chunks/h · ETA 7.80h for the segment · last finish=stop gen_tok=16
  [1700/13228 this process · 1700/13228 segment] 2.16s/row · 1490 chunks/h · ETA 7.74h for the segment · last finish=stop gen_tok=34
  [1750/13228 this process · 1750/13228 segment] 2.33s/row · 1489 chunks/h · ETA 7.71h for the segment · last finish=stop gen_tok=32
  [1800/13228 this process · 1800/13228 segment] 2.35s/row · 1493 chunks/h · ETA 7.65h for the segment · last finish=stop gen_tok=33
  [1850/13228 this process · 1850/13228 segment] 2.64s/row · 1498 chunks/h · ETA 7.60h for the segment · last finish=stop gen_tok=48
  [1900/13228 this process · 1900/13228 segment] 1.84s/row · 1495 chunks/h · ETA 7.58h for the segment · last finish=stop gen_tok=15
  [1950/13228 this process · 1950/13228 segment] 3.49s/row · 1495 chunks/h · ETA 7.54h for the segment · last finish=stop gen_tok=69
  [2000/13228 this process · 2000/13228 segment] 1.73s/row · 1501 chunks/h · ETA 7.48h for the segment · last finish=stop gen_tok=15
  [2050/13228 this process · 2050/13228 segment] 1.89s/row · 1507 chunks/h · ETA 7.42h for the segment · last finish=stop gen_tok=16
  [2100/13228 this process · 2100/13228 segment] 1.73s/row · 1511 chunks/h · ETA 7.36h for the segment · last finish=stop gen_tok=16
  [2150/13228 this process · 2150/13228 segment] 2.18s/row · 1514 chunks/h · ETA 7.32h for the segment · last finish=stop gen_tok=16
  [2200/13228 this process · 2200/13228 segment] 2.10s/row · 1510 chunks/h · ETA 7.30h for the segment · last finish=stop gen_tok=16
  [2250/13228 this process · 2250/13228 segment] 1.97s/row · 1511 chunks/h · ETA 7.27h for the segment · last finish=stop gen_tok=27
  [2300/13228 this process · 2300/13228 segment] 3.02s/row · 1514 chunks/h · ETA 7.22h for the segment · last finish=stop gen_tok=51
  [2350/13228 this process · 2350/13228 segment] 1.91s/row · 1521 chunks/h · ETA 7.15h for the segment · last finish=stop gen_tok=27
  [2400/13228 this process · 2400/13228 segment] 1.68s/row · 1526 chunks/h · ETA 7.10h for the segment · last finish=stop gen_tok=16
  [2450/13228 this process · 2450/13228 segment] 3.09s/row · 1532 chunks/h · ETA 7.04h for the segment · last finish=stop gen_tok=51
  [2500/13228 this process · 2500/13228 segment] 2.24s/row · 1533 chunks/h · ETA 7.00h for the segment · last finish=stop gen_tok=32
  [2550/13228 this process · 2550/13228 segment] 1.81s/row · 1535 chunks/h · ETA 6.96h for the segment · last finish=stop gen_tok=24
  [2600/13228 this process · 2600/13228 segment] 1.82s/row · 1538 chunks/h · ETA 6.91h for the segment · last finish=stop gen_tok=24
  [2650/13228 this process · 2650/13228 segment] 1.99s/row · 1540 chunks/h · ETA 6.87h for the segment · last finish=stop gen_tok=24
  [2700/13228 this process · 2700/13228 segment] 2.12s/row · 1544 chunks/h · ETA 6.82h for the segment · last finish=stop gen_tok=16
  [2750/13228 this process · 2750/13228 segment] 1.67s/row · 1550 chunks/h · ETA 6.76h for the segment · last finish=stop gen_tok=16
  [2800/13228 this process · 2800/13228 segment] 1.89s/row · 1555 chunks/h · ETA 6.70h for the segment · last finish=stop gen_tok=27
  [2850/13228 this process · 2850/13228 segment] 1.80s/row · 1560 chunks/h · ETA 6.65h for the segment · last finish=stop gen_tok=16
  [2900/13228 this process · 2900/13228 segment] 1.80s/row · 1559 chunks/h · ETA 6.63h for the segment · last finish=stop gen_tok=16
  [2950/13228 this process · 2950/13228 segment] 1.97s/row · 1561 chunks/h · ETA 6.58h for the segment · last finish=stop gen_tok=16
  [3000/13228 this process · 3000/13228 segment] 1.34s/row · 1560 chunks/h · ETA 6.55h for the segment · last finish=stop gen_tok=7
  [3050/13228 this process · 3050/13228 segment] 2.62s/row · 1561 chunks/h · ETA 6.52h for the segment · last finish=stop gen_tok=23
  [3100/13228 this process · 3100/13228 segment] 2.35s/row · 1560 chunks/h · ETA 6.49h for the segment · last finish=stop gen_tok=33
  [3150/13228 this process · 3150/13228 segment] 1.47s/row · 1561 chunks/h · ETA 6.46h for the segment · last finish=stop gen_tok=16
  [3200/13228 this process · 3200/13228 segment] 1.73s/row · 1563 chunks/h · ETA 6.41h for the segment · last finish=stop gen_tok=16
  [3250/13228 this process · 3250/13228 segment] 2.23s/row · 1568 chunks/h · ETA 6.36h for the segment · last finish=stop gen_tok=32
  [3300/13228 this process · 3300/13228 segment] 1.99s/row · 1570 chunks/h · ETA 6.32h for the segment · last finish=stop gen_tok=27
  [3350/13228 this process · 3350/13228 segment] 1.72s/row · 1569 chunks/h · ETA 6.30h for the segment · last finish=stop gen_tok=16
  [3400/13228 this process · 3400/13228 segment] 1.86s/row · 1572 chunks/h · ETA 6.25h for the segment · last finish=stop gen_tok=16
  [3450/13228 this process · 3450/13228 segment] 3.35s/row · 1572 chunks/h · ETA 6.22h for the segment · last finish=stop gen_tok=67
  [3500/13228 this process · 3500/13228 segment] 2.66s/row · 1574 chunks/h · ETA 6.18h for the segment · last finish=stop gen_tok=49
  [3550/13228 this process · 3550/13228 segment] 3.59s/row · 1574 chunks/h · ETA 6.15h for the segment · last finish=stop gen_tok=70
  [3600/13228 this process · 3600/13228 segment] 3.17s/row · 1574 chunks/h · ETA 6.12h for the segment · last finish=stop gen_tok=58
  [3650/13228 this process · 3650/13228 segment] 1.72s/row · 1575 chunks/h · ETA 6.08h for the segment · last finish=stop gen_tok=15
  [3700/13228 this process · 3700/13228 segment] 2.61s/row · 1577 chunks/h · ETA 6.04h for the segment · last finish=stop gen_tok=37
  [3750/13228 this process · 3750/13228 segment] 1.15s/row · 1577 chunks/h · ETA 6.01h for the segment · last finish=stop gen_tok=7
  [3800/13228 this process · 3800/13228 segment] 1.75s/row · 1576 chunks/h · ETA 5.98h for the segment · last finish=stop gen_tok=16
  [3850/13228 this process · 3850/13228 segment] 1.87s/row · 1573 chunks/h · ETA 5.96h for the segment · last finish=stop gen_tok=24
  [3900/13228 this process · 3900/13228 segment] 1.61s/row · 1574 chunks/h · ETA 5.93h for the segment · last finish=stop gen_tok=15
  [3950/13228 this process · 3950/13228 segment] 2.13s/row · 1577 chunks/h · ETA 5.88h for the segment · last finish=stop gen_tok=16
  [4000/13228 this process · 4000/13228 segment] 1.62s/row · 1577 chunks/h · ETA 5.85h for the segment · last finish=stop gen_tok=15
  [4050/13228 this process · 4050/13228 segment] 2.20s/row · 1578 chunks/h · ETA 5.82h for the segment · last finish=stop gen_tok=32
  [4100/13228 this process · 4100/13228 segment] 2.46s/row · 1580 chunks/h · ETA 5.78h for the segment · last finish=stop gen_tok=33
  [4150/13228 this process · 4150/13228 segment] 1.62s/row · 1581 chunks/h · ETA 5.74h for the segment · last finish=stop gen_tok=15
  [4200/13228 this process · 4200/13228 segment] 1.73s/row · 1583 chunks/h · ETA 5.70h for the segment · last finish=stop gen_tok=16
  [4250/13228 this process · 4250/13228 segment] 1.28s/row · 1585 chunks/h · ETA 5.66h for the segment · last finish=stop gen_tok=7
  [4300/13228 this process · 4300/13228 segment] 1.91s/row · 1587 chunks/h · ETA 5.63h for the segment · last finish=stop gen_tok=27
  [4350/13228 this process · 4350/13228 segment] 1.91s/row · 1590 chunks/h · ETA 5.58h for the segment · last finish=stop gen_tok=27
  [4400/13228 this process · 4400/13228 segment] 2.24s/row · 1590 chunks/h · ETA 5.55h for the segment · last finish=stop gen_tok=27
  [4450/13228 this process · 4450/13228 segment] 1.93s/row · 1591 chunks/h · ETA 5.52h for the segment · last finish=stop gen_tok=16
  [4500/13228 this process · 4500/13228 segment] 1.89s/row · 1591 chunks/h · ETA 5.49h for the segment · last finish=stop gen_tok=15
  [4550/13228 this process · 4550/13228 segment] 1.96s/row · 1591 chunks/h · ETA 5.45h for the segment · last finish=stop gen_tok=24
  [4600/13228 this process · 4600/13228 segment] 3.48s/row · 1591 chunks/h · ETA 5.42h for the segment · last finish=stop gen_tok=66
  [4650/13228 this process · 4650/13228 segment] 3.55s/row · 1592 chunks/h · ETA 5.39h for the segment · last finish=stop gen_tok=69
  [4700/13228 this process · 4700/13228 segment] 2.74s/row · 1592 chunks/h · ETA 5.36h for the segment · last finish=stop gen_tok=45
  [4750/13228 this process · 4750/13228 segment] 2.09s/row · 1592 chunks/h · ETA 5.33h for the segment · last finish=stop gen_tok=24
  [4800/13228 this process · 4800/13228 segment] 2.45s/row · 1591 chunks/h · ETA 5.30h for the segment · last finish=stop gen_tok=33
  [4850/13228 this process · 4850/13228 segment] 1.66s/row · 1591 chunks/h · ETA 5.27h for the segment · last finish=stop gen_tok=15
  [4900/13228 this process · 4900/13228 segment] 2.44s/row · 1586 chunks/h · ETA 5.25h for the segment · last finish=stop gen_tok=33
  [4950/13228 this process · 4950/13228 segment] 1.95s/row · 1583 chunks/h · ETA 5.23h for the segment · last finish=stop gen_tok=36
  [5000/13228 this process · 5000/13228 segment] 2.36s/row · 1582 chunks/h · ETA 5.20h for the segment · last finish=stop gen_tok=16
  [5050/13228 this process · 5050/13228 segment] 2.23s/row · 1580 chunks/h · ETA 5.17h for the segment · last finish=stop gen_tok=15
  [5100/13228 this process · 5100/13228 segment] 2.00s/row · 1581 chunks/h · ETA 5.14h for the segment · last finish=stop gen_tok=27
  [5150/13228 this process · 5150/13228 segment] 1.61s/row · 1578 chunks/h · ETA 5.12h for the segment · last finish=stop gen_tok=16
  [5200/13228 this process · 5200/13228 segment] 1.88s/row · 1578 chunks/h · ETA 5.09h for the segment · last finish=stop gen_tok=16
  [5250/13228 this process · 5250/13228 segment] 2.05s/row · 1580 chunks/h · ETA 5.05h for the segment · last finish=stop gen_tok=27
  [5300/13228 this process · 5300/13228 segment] 1.88s/row · 1581 chunks/h · ETA 5.01h for the segment · last finish=stop gen_tok=15
  [5350/13228 this process · 5350/13228 segment] 2.53s/row · 1582 chunks/h · ETA 4.98h for the segment · last finish=stop gen_tok=33
  [5400/13228 this process · 5400/13228 segment] 1.80s/row · 1583 chunks/h · ETA 4.94h for the segment · last finish=stop gen_tok=16
  [5450/13228 this process · 5450/13228 segment] 1.64s/row · 1585 chunks/h · ETA 4.91h for the segment · last finish=stop gen_tok=15
  [5500/13228 this process · 5500/13228 segment] 1.96s/row · 1585 chunks/h · ETA 4.88h for the segment · last finish=stop gen_tok=27
  [5550/13228 this process · 5550/13228 segment] 1.67s/row · 1586 chunks/h · ETA 4.84h for the segment · last finish=stop gen_tok=16
  [5600/13228 this process · 5600/13228 segment] 1.21s/row · 1588 chunks/h · ETA 4.81h for the segment · last finish=stop gen_tok=7
  [5650/13228 this process · 5650/13228 segment] 1.67s/row · 1589 chunks/h · ETA 4.77h for the segment · last finish=stop gen_tok=16
  [5700/13228 this process · 5700/13228 segment] 3.00s/row · 1588 chunks/h · ETA 4.74h for the segment · last finish=stop gen_tok=24
  [5750/13228 this process · 5750/13228 segment] 4.35s/row · 1579 chunks/h · ETA 4.74h for the segment · last finish=stop gen_tok=32
  [5800/13228 this process · 5800/13228 segment] 2.11s/row · 1573 chunks/h · ETA 4.72h for the segment · last finish=stop gen_tok=27
  [5850/13228 this process · 5850/13228 segment] 2.00s/row · 1574 chunks/h · ETA 4.69h for the segment · last finish=stop gen_tok=16
  [5900/13228 this process · 5900/13228 segment] 2.18s/row · 1575 chunks/h · ETA 4.65h for the segment · last finish=stop gen_tok=27
  [5950/13228 this process · 5950/13228 segment] 1.93s/row · 1576 chunks/h · ETA 4.62h for the segment · last finish=stop gen_tok=16
  [6000/13228 this process · 6000/13228 segment] 2.32s/row · 1577 chunks/h · ETA 4.58h for the segment · last finish=stop gen_tok=33
  [6050/13228 this process · 6050/13228 segment] 1.98s/row · 1577 chunks/h · ETA 4.55h for the segment · last finish=stop gen_tok=27
  [6100/13228 this process · 6100/13228 segment] 1.63s/row · 1578 chunks/h · ETA 4.52h for the segment · last finish=stop gen_tok=15
  [6150/13228 this process · 6150/13228 segment] 3.83s/row · 1577 chunks/h · ETA 4.49h for the segment · last finish=stop gen_tok=70
  [6200/13228 this process · 6200/13228 segment] 2.30s/row · 1576 chunks/h · ETA 4.46h for the segment · last finish=stop gen_tok=36
  [6250/13228 this process · 6250/13228 segment] 2.77s/row · 1578 chunks/h · ETA 4.42h for the segment · last finish=stop gen_tok=48
  [6300/13228 this process · 6300/13228 segment] 3.34s/row · 1577 chunks/h · ETA 4.39h for the segment · last finish=stop gen_tok=67
  [6350/13228 this process · 6350/13228 segment] 2.09s/row · 1577 chunks/h · ETA 4.36h for the segment · last finish=stop gen_tok=32
  [6400/13228 this process · 6400/13228 segment] 1.98s/row · 1577 chunks/h · ETA 4.33h for the segment · last finish=stop gen_tok=27
  [6450/13228 this process · 6450/13228 segment] 2.31s/row · 1579 chunks/h · ETA 4.29h for the segment · last finish=stop gen_tok=32
  [6500/13228 this process · 6500/13228 segment] 1.28s/row · 1578 chunks/h · ETA 4.26h for the segment · last finish=stop gen_tok=7
  [6550/13228 this process · 6550/13228 segment] 3.40s/row · 1577 chunks/h · ETA 4.23h for the segment · last finish=stop gen_tok=70
  [6600/13228 this process · 6600/13228 segment] 2.33s/row · 1578 chunks/h · ETA 4.20h for the segment · last finish=stop gen_tok=33
  [6650/13228 this process · 6650/13228 segment] 1.63s/row · 1577 chunks/h · ETA 4.17h for the segment · last finish=stop gen_tok=15
  [6700/13228 this process · 6700/13228 segment] 1.94s/row · 1578 chunks/h · ETA 4.14h for the segment · last finish=stop gen_tok=24
  [6750/13228 this process · 6750/13228 segment] 2.28s/row · 1578 chunks/h · ETA 4.10h for the segment · last finish=stop gen_tok=34
  [6800/13228 this process · 6800/13228 segment] 2.01s/row · 1578 chunks/h · ETA 4.07h for the segment · last finish=stop gen_tok=16
  [6850/13228 this process · 6850/13228 segment] 2.55s/row · 1577 chunks/h · ETA 4.04h for the segment · last finish=stop gen_tok=32
  [6900/13228 this process · 6900/13228 segment] 3.70s/row · 1577 chunks/h · ETA 4.01h for the segment · last finish=stop gen_tok=79
  [6950/13228 this process · 6950/13228 segment] 2.80s/row · 1576 chunks/h · ETA 3.98h for the segment · last finish=stop gen_tok=24
  [7000/13228 this process · 7000/13228 segment] 2.15s/row · 1575 chunks/h · ETA 3.95h for the segment · last finish=stop gen_tok=23
  [7050/13228 this process · 7050/13228 segment] 1.90s/row · 1576 chunks/h · ETA 3.92h for the segment · last finish=stop gen_tok=16
  [7100/13228 this process · 7100/13228 segment] 3.95s/row · 1576 chunks/h · ETA 3.89h for the segment · last finish=stop gen_tok=78
  [7150/13228 this process · 7150/13228 segment] 1.84s/row · 1575 chunks/h · ETA 3.86h for the segment · last finish=stop gen_tok=16
  [7200/13228 this process · 7200/13228 segment] 3.00s/row · 1575 chunks/h · ETA 3.83h for the segment · last finish=stop gen_tok=41
  [7250/13228 this process · 7250/13228 segment] 2.49s/row · 1576 chunks/h · ETA 3.79h for the segment · last finish=stop gen_tok=16
  [7300/13228 this process · 7300/13228 segment] 2.06s/row · 1574 chunks/h · ETA 3.77h for the segment · last finish=stop gen_tok=16
  [7350/13228 this process · 7350/13228 segment] 2.25s/row · 1574 chunks/h · ETA 3.74h for the segment · last finish=stop gen_tok=33
  [7400/13228 this process · 7400/13228 segment] 4.17s/row · 1574 chunks/h · ETA 3.70h for the segment · last finish=stop gen_tok=90
  [7450/13228 this process · 7450/13228 segment] 1.94s/row · 1573 chunks/h · ETA 3.67h for the segment · last finish=stop gen_tok=16
  [7500/13228 this process · 7500/13228 segment] 2.55s/row · 1574 chunks/h · ETA 3.64h for the segment · last finish=stop gen_tok=45
  [7550/13228 this process · 7550/13228 segment] 1.64s/row · 1574 chunks/h · ETA 3.61h for the segment · last finish=stop gen_tok=15
  [7600/13228 this process · 7600/13228 segment] 3.23s/row · 1572 chunks/h · ETA 3.58h for the segment · last finish=stop gen_tok=59
  [7650/13228 this process · 7650/13228 segment] 1.95s/row · 1571 chunks/h · ETA 3.55h for the segment · last finish=stop gen_tok=16
  [7700/13228 this process · 7700/13228 segment] 2.11s/row · 1571 chunks/h · ETA 3.52h for the segment · last finish=stop gen_tok=24
  [7750/13228 this process · 7750/13228 segment] 4.47s/row · 1569 chunks/h · ETA 3.49h for the segment · last finish=stop gen_tok=101
  [7800/13228 this process · 7800/13228 segment] 1.89s/row · 1568 chunks/h · ETA 3.46h for the segment · last finish=stop gen_tok=16
  [7850/13228 this process · 7850/13228 segment] 1.57s/row · 1568 chunks/h · ETA 3.43h for the segment · last finish=stop gen_tok=15
  [7900/13228 this process · 7900/13228 segment] 2.09s/row · 1567 chunks/h · ETA 3.40h for the segment · last finish=stop gen_tok=24
  [7950/13228 this process · 7950/13228 segment] 2.03s/row · 1566 chunks/h · ETA 3.37h for the segment · last finish=stop gen_tok=15
  [8000/13228 this process · 8000/13228 segment] 3.02s/row · 1566 chunks/h · ETA 3.34h for the segment · last finish=stop gen_tok=41
  [8050/13228 this process · 8050/13228 segment] 3.48s/row · 1566 chunks/h · ETA 3.31h for the segment · last finish=stop gen_tok=68
  [8100/13228 this process · 8100/13228 segment] 2.04s/row · 1565 chunks/h · ETA 3.28h for the segment · last finish=stop gen_tok=24
  [8150/13228 this process · 8150/13228 segment] 1.76s/row · 1564 chunks/h · ETA 3.25h for the segment · last finish=stop gen_tok=15
  [8200/13228 this process · 8200/13228 segment] 2.10s/row · 1562 chunks/h · ETA 3.22h for the segment · last finish=stop gen_tok=27
  [8250/13228 this process · 8250/13228 segment] 2.81s/row · 1562 chunks/h · ETA 3.19h for the segment · last finish=stop gen_tok=43
  [8300/13228 this process · 8300/13228 segment] 1.78s/row · 1563 chunks/h · ETA 3.15h for the segment · last finish=stop gen_tok=15
  [8350/13228 this process · 8350/13228 segment] 2.01s/row · 1563 chunks/h · ETA 3.12h for the segment · last finish=stop gen_tok=16
  [8400/13228 this process · 8400/13228 segment] 1.92s/row · 1564 chunks/h · ETA 3.09h for the segment · last finish=stop gen_tok=27
  [8450/13228 this process · 8450/13228 segment] 1.54s/row · 1565 chunks/h · ETA 3.05h for the segment · last finish=stop gen_tok=16
  [8500/13228 this process · 8500/13228 segment] 2.84s/row · 1565 chunks/h · ETA 3.02h for the segment · last finish=stop gen_tok=50
  [8550/13228 this process · 8550/13228 segment] 2.32s/row · 1565 chunks/h · ETA 2.99h for the segment · last finish=stop gen_tok=33
  [8600/13228 this process · 8600/13228 segment] 2.16s/row · 1565 chunks/h · ETA 2.96h for the segment · last finish=stop gen_tok=32
  [8650/13228 this process · 8650/13228 segment] 1.60s/row · 1565 chunks/h · ETA 2.93h for the segment · last finish=stop gen_tok=16
  [8700/13228 this process · 8700/13228 segment] 2.41s/row · 1564 chunks/h · ETA 2.89h for the segment · last finish=stop gen_tok=33
  [8750/13228 this process · 8750/13228 segment] 2.26s/row · 1565 chunks/h · ETA 2.86h for the segment · last finish=stop gen_tok=33
  [8800/13228 this process · 8800/13228 segment] 2.40s/row · 1565 chunks/h · ETA 2.83h for the segment · last finish=stop gen_tok=33
  [8850/13228 this process · 8850/13228 segment] 1.68s/row · 1566 chunks/h · ETA 2.80h for the segment · last finish=stop gen_tok=16
  [8900/13228 this process · 8900/13228 segment] 2.25s/row · 1566 chunks/h · ETA 2.76h for the segment · last finish=stop gen_tok=33
  [8950/13228 this process · 8950/13228 segment] 2.18s/row · 1566 chunks/h · ETA 2.73h for the segment · last finish=stop gen_tok=33
  [9000/13228 this process · 9000/13228 segment] 1.45s/row · 1566 chunks/h · ETA 2.70h for the segment · last finish=stop gen_tok=15
  [9050/13228 this process · 9050/13228 segment] 3.77s/row · 1567 chunks/h · ETA 2.67h for the segment · last finish=stop gen_tok=76
  [9100/13228 this process · 9100/13228 segment] 1.67s/row · 1567 chunks/h · ETA 2.63h for the segment · last finish=stop gen_tok=16
  [9150/13228 this process · 9150/13228 segment] 1.15s/row · 1568 chunks/h · ETA 2.60h for the segment · last finish=stop gen_tok=7
  [9200/13228 this process · 9200/13228 segment] 1.67s/row · 1567 chunks/h · ETA 2.57h for the segment · last finish=stop gen_tok=24
  [9250/13228 this process · 9250/13228 segment] 1.95s/row · 1568 chunks/h · ETA 2.54h for the segment · last finish=stop gen_tok=16
  [9300/13228 this process · 9300/13228 segment] 1.55s/row · 1569 chunks/h · ETA 2.50h for the segment · last finish=stop gen_tok=16
  [9350/13228 this process · 9350/13228 segment] 2.02s/row · 1571 chunks/h · ETA 2.47h for the segment · last finish=stop gen_tok=16
  [9400/13228 this process · 9400/13228 segment] 1.60s/row · 1572 chunks/h · ETA 2.43h for the segment · last finish=stop gen_tok=16
  [9450/13228 this process · 9450/13228 segment] 2.18s/row · 1573 chunks/h · ETA 2.40h for the segment · last finish=stop gen_tok=33
  [9500/13228 this process · 9500/13228 segment] 1.74s/row · 1573 chunks/h · ETA 2.37h for the segment · last finish=stop gen_tok=16
  [9550/13228 this process · 9550/13228 segment] 2.59s/row · 1572 chunks/h · ETA 2.34h for the segment · last finish=stop gen_tok=41
  [9600/13228 this process · 9600/13228 segment] 3.53s/row · 1572 chunks/h · ETA 2.31h for the segment · last finish=stop gen_tok=70
  [9650/13228 this process · 9650/13228 segment] 4.58s/row · 1571 chunks/h · ETA 2.28h for the segment · last finish=stop gen_tok=88
  [9700/13228 this process · 9700/13228 segment] 1.41s/row · 1571 chunks/h · ETA 2.25h for the segment · last finish=stop gen_tok=16
  [9750/13228 this process · 9750/13228 segment] 1.35s/row · 1571 chunks/h · ETA 2.21h for the segment · last finish=stop gen_tok=16
  [9800/13228 this process · 9800/13228 segment] 3.18s/row · 1571 chunks/h · ETA 2.18h for the segment · last finish=stop gen_tok=64
  [9850/13228 this process · 9850/13228 segment] 2.52s/row · 1571 chunks/h · ETA 2.15h for the segment · last finish=stop gen_tok=33
  [9900/13228 this process · 9900/13228 segment] 2.33s/row · 1571 chunks/h · ETA 2.12h for the segment · last finish=stop gen_tok=33
  [9950/13228 this process · 9950/13228 segment] 1.68s/row · 1572 chunks/h · ETA 2.09h for the segment · last finish=stop gen_tok=16
  [10000/13228 this process · 10000/13228 segment] 1.67s/row · 1572 chunks/h · ETA 2.05h for the segment · last finish=stop gen_tok=16
  [10050/13228 this process · 10050/13228 segment] 3.01s/row · 1573 chunks/h · ETA 2.02h for the segment · last finish=stop gen_tok=51
  [10100/13228 this process · 10100/13228 segment] 1.56s/row · 1573 chunks/h · ETA 1.99h for the segment · last finish=stop gen_tok=15
  [10150/13228 this process · 10150/13228 segment] 2.32s/row · 1574 chunks/h · ETA 1.96h for the segment · last finish=stop gen_tok=33
  [10200/13228 this process · 10200/13228 segment] 1.66s/row · 1575 chunks/h · ETA 1.92h for the segment · last finish=stop gen_tok=16
  [10250/13228 this process · 10250/13228 segment] 1.67s/row · 1575 chunks/h · ETA 1.89h for the segment · last finish=stop gen_tok=16
  [10300/13228 this process · 10300/13228 segment] 2.06s/row · 1576 chunks/h · ETA 1.86h for the segment · last finish=stop gen_tok=16
  [10350/13228 this process · 10350/13228 segment] 1.72s/row · 1575 chunks/h · ETA 1.83h for the segment · last finish=stop gen_tok=16
  [10400/13228 this process · 10400/13228 segment] 2.12s/row · 1575 chunks/h · ETA 1.80h for the segment · last finish=stop gen_tok=15
  [10450/13228 this process · 10450/13228 segment] 1.60s/row · 1575 chunks/h · ETA 1.76h for the segment · last finish=stop gen_tok=16
  [10500/13228 this process · 10500/13228 segment] 1.63s/row · 1575 chunks/h · ETA 1.73h for the segment · last finish=stop gen_tok=15
  [10550/13228 this process · 10550/13228 segment] 1.94s/row · 1576 chunks/h · ETA 1.70h for the segment · last finish=stop gen_tok=16
  [10600/13228 this process · 10600/13228 segment] 1.66s/row · 1577 chunks/h · ETA 1.67h for the segment · last finish=stop gen_tok=16
  [10650/13228 this process · 10650/13228 segment] 2.39s/row · 1577 chunks/h · ETA 1.63h for the segment · last finish=stop gen_tok=33
  [10700/13228 this process · 10700/13228 segment] 3.05s/row · 1578 chunks/h · ETA 1.60h for the segment · last finish=stop gen_tok=52
  [10750/13228 this process · 10750/13228 segment] 1.66s/row · 1578 chunks/h · ETA 1.57h for the segment · last finish=stop gen_tok=16
  [10800/13228 this process · 10800/13228 segment] 1.69s/row · 1579 chunks/h · ETA 1.54h for the segment · last finish=stop gen_tok=15
  [10850/13228 this process · 10850/13228 segment] 3.01s/row · 1579 chunks/h · ETA 1.51h for the segment · last finish=stop gen_tok=51
  [10900/13228 this process · 10900/13228 segment] 1.66s/row · 1580 chunks/h · ETA 1.47h for the segment · last finish=stop gen_tok=16
  [10950/13228 this process · 10950/13228 segment] 2.57s/row · 1580 chunks/h · ETA 1.44h for the segment · last finish=stop gen_tok=42
  [11000/13228 this process · 11000/13228 segment] 1.80s/row · 1580 chunks/h · ETA 1.41h for the segment · last finish=stop gen_tok=24
  [11050/13228 this process · 11050/13228 segment] 3.77s/row · 1582 chunks/h · ETA 1.38h for the segment · last finish=stop gen_tok=78
  [11100/13228 this process · 11100/13228 segment] 2.36s/row · 1582 chunks/h · ETA 1.34h for the segment · last finish=stop gen_tok=32
  [11150/13228 this process · 11150/13228 segment] 2.22s/row · 1583 chunks/h · ETA 1.31h for the segment · last finish=stop gen_tok=16
  [11200/13228 this process · 11200/13228 segment] 1.61s/row · 1584 chunks/h · ETA 1.28h for the segment · last finish=stop gen_tok=16
  [11250/13228 this process · 11250/13228 segment] 2.26s/row · 1585 chunks/h · ETA 1.25h for the segment · last finish=stop gen_tok=33
  [11300/13228 this process · 11300/13228 segment] 2.03s/row · 1584 chunks/h · ETA 1.22h for the segment · last finish=stop gen_tok=24
  [11350/13228 this process · 11350/13228 segment] 2.66s/row · 1585 chunks/h · ETA 1.18h for the segment · last finish=stop gen_tok=48
  [11400/13228 this process · 11400/13228 segment] 1.92s/row · 1586 chunks/h · ETA 1.15h for the segment · last finish=stop gen_tok=16
  [11450/13228 this process · 11450/13228 segment] 2.27s/row · 1586 chunks/h · ETA 1.12h for the segment · last finish=stop gen_tok=32
  [11500/13228 this process · 11500/13228 segment] 1.60s/row · 1587 chunks/h · ETA 1.09h for the segment · last finish=stop gen_tok=16
  [11550/13228 this process · 11550/13228 segment] 1.71s/row · 1588 chunks/h · ETA 1.06h for the segment · last finish=stop gen_tok=16
  [11600/13228 this process · 11600/13228 segment] 2.11s/row · 1588 chunks/h · ETA 1.02h for the segment · last finish=stop gen_tok=16
  [11650/13228 this process · 11650/13228 segment] 2.39s/row · 1588 chunks/h · ETA 0.99h for the segment · last finish=stop gen_tok=33
  [11700/13228 this process · 11700/13228 segment] 2.73s/row · 1587 chunks/h · ETA 0.96h for the segment · last finish=stop gen_tok=40
  [11750/13228 this process · 11750/13228 segment] 2.01s/row · 1587 chunks/h · ETA 0.93h for the segment · last finish=stop gen_tok=27
  [11800/13228 this process · 11800/13228 segment] 2.86s/row · 1587 chunks/h · ETA 0.90h for the segment · last finish=stop gen_tok=44
  [11850/13228 this process · 11850/13228 segment] 2.66s/row · 1588 chunks/h · ETA 0.87h for the segment · last finish=stop gen_tok=48
  [11900/13228 this process · 11900/13228 segment] 2.86s/row · 1587 chunks/h · ETA 0.84h for the segment · last finish=stop gen_tok=41
  [11950/13228 this process · 11950/13228 segment] 2.38s/row · 1587 chunks/h · ETA 0.81h for the segment · last finish=stop gen_tok=23
  [12000/13228 this process · 12000/13228 segment] 3.67s/row · 1586 chunks/h · ETA 0.77h for the segment · last finish=stop gen_tok=60
  [12050/13228 this process · 12050/13228 segment] 3.70s/row · 1585 chunks/h · ETA 0.74h for the segment · last finish=stop gen_tok=70
  [12100/13228 this process · 12100/13228 segment] 2.14s/row · 1585 chunks/h · ETA 0.71h for the segment · last finish=stop gen_tok=27
  [12150/13228 this process · 12150/13228 segment] 2.77s/row · 1584 chunks/h · ETA 0.68h for the segment · last finish=stop gen_tok=45
  [12200/13228 this process · 12200/13228 segment] 1.68s/row · 1583 chunks/h · ETA 0.65h for the segment · last finish=stop gen_tok=16
  [12250/13228 this process · 12250/13228 segment] 2.26s/row · 1583 chunks/h · ETA 0.62h for the segment · last finish=stop gen_tok=33
  [12300/13228 this process · 12300/13228 segment] 2.19s/row · 1582 chunks/h · ETA 0.59h for the segment · last finish=stop gen_tok=24
  [12350/13228 this process · 12350/13228 segment] 2.71s/row · 1582 chunks/h · ETA 0.55h for the segment · last finish=stop gen_tok=49
  [12400/13228 this process · 12400/13228 segment] 2.88s/row · 1582 chunks/h · ETA 0.52h for the segment · last finish=stop gen_tok=34
  [12450/13228 this process · 12450/13228 segment] 2.21s/row · 1581 chunks/h · ETA 0.49h for the segment · last finish=stop gen_tok=34
  [12500/13228 this process · 12500/13228 segment] 3.42s/row · 1580 chunks/h · ETA 0.46h for the segment · last finish=stop gen_tok=70
  [12550/13228 this process · 12550/13228 segment] 3.24s/row · 1580 chunks/h · ETA 0.43h for the segment · last finish=stop gen_tok=60
  [12600/13228 this process · 12600/13228 segment] 2.80s/row · 1579 chunks/h · ETA 0.40h for the segment · last finish=stop gen_tok=41
  [12650/13228 this process · 12650/13228 segment] 2.51s/row · 1579 chunks/h · ETA 0.37h for the segment · last finish=stop gen_tok=41
  [12700/13228 this process · 12700/13228 segment] 5.45s/row · 1579 chunks/h · ETA 0.33h for the segment · last finish=stop gen_tok=100
  [12750/13228 this process · 12750/13228 segment] 3.04s/row · 1578 chunks/h · ETA 0.30h for the segment · last finish=stop gen_tok=52
  [12800/13228 this process · 12800/13228 segment] 3.18s/row · 1578 chunks/h · ETA 0.27h for the segment · last finish=stop gen_tok=51
  [12850/13228 this process · 12850/13228 segment] 2.15s/row · 1577 chunks/h · ETA 0.24h for the segment · last finish=stop gen_tok=16
  [12900/13228 this process · 12900/13228 segment] 1.69s/row · 1578 chunks/h · ETA 0.21h for the segment · last finish=stop gen_tok=15
  [12950/13228 this process · 12950/13228 segment] 1.78s/row · 1578 chunks/h · ETA 0.18h for the segment · last finish=stop gen_tok=16
  [13000/13228 this process · 13000/13228 segment] 2.59s/row · 1578 chunks/h · ETA 0.14h for the segment · last finish=stop gen_tok=33
  [13050/13228 this process · 13050/13228 segment] 1.83s/row · 1578 chunks/h · ETA 0.11h for the segment · last finish=stop gen_tok=16
  [13100/13228 this process · 13100/13228 segment] 4.03s/row · 1578 chunks/h · ETA 0.08h for the segment · last finish=stop gen_tok=82
  [13150/13228 this process · 13150/13228 segment] 3.46s/row · 1576 chunks/h · ETA 0.05h for the segment · last finish=stop gen_tok=61
  [13200/13228 this process · 13200/13228 segment] 1.93s/row · 1577 chunks/h · ETA 0.02h for the segment · last finish=stop gen_tok=24
  [13228/13228 this process · 13228/13228 segment] 3.23s/row · 1576 chunks/h · ETA 0.00h for the segment · last finish=stop gen_tok=67

SEGMENT seg-016 COMPLETE — 13228/13228 rows.
Now finalize with the SYSTEM python3 (no GPU, seconds):
    python3 finetune/label_e2.py --finalize-segment seg-016
