0 already in labels.jsonl · 13269 to generate
loading base model + adapter (the only GPU work) ...
  loaded in 1.1s
  [50/13269 this process · 50/13269 segment] 3.68s/row · 1262 chunks/h · ETA 10.48h for the segment · last finish=stop gen_tok=45
  [100/13269 this process · 100/13269 segment] 2.88s/row · 1257 chunks/h · ETA 10.48h for the segment · last finish=stop gen_tok=34
  [150/13269 this process · 150/13269 segment] 3.00s/row · 1318 chunks/h · ETA 9.96h for the segment · last finish=stop gen_tok=48
  [200/13269 this process · 200/13269 segment] 1.84s/row · 1336 chunks/h · ETA 9.78h for the segment · last finish=stop gen_tok=16
  [250/13269 this process · 250/13269 segment] 1.79s/row · 1384 chunks/h · ETA 9.41h for the segment · last finish=stop gen_tok=16
  [300/13269 this process · 300/13269 segment] 3.71s/row · 1378 chunks/h · ETA 9.41h for the segment · last finish=stop gen_tok=63
  [350/13269 this process · 350/13269 segment] 2.34s/row · 1397 chunks/h · ETA 9.25h for the segment · last finish=stop gen_tok=16
  [400/13269 this process · 400/13269 segment] 3.74s/row · 1420 chunks/h · ETA 9.06h for the segment · last finish=stop gen_tok=65
  [450/13269 this process · 450/13269 segment] 1.86s/row · 1413 chunks/h · ETA 9.07h for the segment · last finish=stop gen_tok=15
  [500/13269 this process · 500/13269 segment] 1.99s/row · 1423 chunks/h · ETA 8.97h for the segment · last finish=stop gen_tok=24
  [550/13269 this process · 550/13269 segment] 3.22s/row · 1420 chunks/h · ETA 8.96h for the segment · last finish=stop gen_tok=32
  [600/13269 this process · 600/13269 segment] 2.00s/row · 1438 chunks/h · ETA 8.81h for the segment · last finish=stop gen_tok=24
  [650/13269 this process · 650/13269 segment] 2.52s/row · 1441 chunks/h · ETA 8.75h for the segment · last finish=stop gen_tok=34
  [700/13269 this process · 700/13269 segment] 1.86s/row · 1453 chunks/h · ETA 8.65h for the segment · last finish=stop gen_tok=16
  [750/13269 this process · 750/13269 segment] 1.83s/row · 1465 chunks/h · ETA 8.55h for the segment · last finish=stop gen_tok=16
  [800/13269 this process · 800/13269 segment] 2.31s/row · 1466 chunks/h · ETA 8.50h for the segment · last finish=stop gen_tok=24
  [850/13269 this process · 850/13269 segment] 2.56s/row · 1467 chunks/h · ETA 8.47h for the segment · last finish=stop gen_tok=33
  [900/13269 this process · 900/13269 segment] 2.56s/row · 1462 chunks/h · ETA 8.46h for the segment · last finish=stop gen_tok=33
  [950/13269 this process · 950/13269 segment] 1.74s/row · 1475 chunks/h · ETA 8.35h for the segment · last finish=stop gen_tok=16
  [1000/13269 this process · 1000/13269 segment] 1.66s/row · 1488 chunks/h · ETA 8.24h for the segment · last finish=stop gen_tok=16
  [1050/13269 this process · 1050/13269 segment] 1.97s/row · 1500 chunks/h · ETA 8.15h for the segment · last finish=stop gen_tok=27
  [1100/13269 this process · 1100/13269 segment] 2.66s/row · 1501 chunks/h · ETA 8.11h for the segment · last finish=stop gen_tok=46
  [1150/13269 this process · 1150/13269 segment] 1.74s/row · 1501 chunks/h · ETA 8.07h for the segment · last finish=stop gen_tok=16
  [1200/13269 this process · 1200/13269 segment] 2.25s/row · 1506 chunks/h · ETA 8.02h for the segment · last finish=stop gen_tok=32
  [1250/13269 this process · 1250/13269 segment] 2.47s/row · 1511 chunks/h · ETA 7.95h for the segment · last finish=stop gen_tok=33
  [1300/13269 this process · 1300/13269 segment] 3.27s/row · 1511 chunks/h · ETA 7.92h for the segment · last finish=stop gen_tok=66
  [1350/13269 this process · 1350/13269 segment] 1.84s/row · 1514 chunks/h · ETA 7.87h for the segment · last finish=stop gen_tok=24
  [1400/13269 this process · 1400/13269 segment] 1.63s/row · 1519 chunks/h · ETA 7.81h for the segment · last finish=stop gen_tok=16
  [1450/13269 this process · 1450/13269 segment] 3.34s/row · 1518 chunks/h · ETA 7.79h for the segment · last finish=stop gen_tok=59
  [1500/13269 this process · 1500/13269 segment] 3.09s/row · 1524 chunks/h · ETA 7.72h for the segment · last finish=stop gen_tok=52
  [1550/13269 this process · 1550/13269 segment] 2.81s/row · 1527 chunks/h · ETA 7.68h for the segment · last finish=stop gen_tok=50
  [1600/13269 this process · 1600/13269 segment] 2.39s/row · 1526 chunks/h · ETA 7.65h for the segment · last finish=stop gen_tok=32
  [1650/13269 this process · 1650/13269 segment] 3.58s/row · 1525 chunks/h · ETA 7.62h for the segment · last finish=stop gen_tok=69
  [1700/13269 this process · 1700/13269 segment] 1.63s/row · 1528 chunks/h · ETA 7.57h for the segment · last finish=stop gen_tok=16
  [1750/13269 this process · 1750/13269 segment] 2.15s/row · 1531 chunks/h · ETA 7.52h for the segment · last finish=stop gen_tok=27
  [1800/13269 this process · 1800/13269 segment] 3.01s/row · 1529 chunks/h · ETA 7.50h for the segment · last finish=stop gen_tok=52
  [1850/13269 this process · 1850/13269 segment] 2.22s/row · 1531 chunks/h · ETA 7.46h for the segment · last finish=stop gen_tok=33
  [1900/13269 this process · 1900/13269 segment] 1.42s/row · 1533 chunks/h · ETA 7.42h for the segment · last finish=stop gen_tok=16
  [1950/13269 this process · 1950/13269 segment] 3.28s/row · 1534 chunks/h · ETA 7.38h for the segment · last finish=stop gen_tok=64
  [2000/13269 this process · 2000/13269 segment] 1.70s/row · 1528 chunks/h · ETA 7.37h for the segment · last finish=stop gen_tok=16
  [2050/13269 this process · 2050/13269 segment] 3.01s/row · 1526 chunks/h · ETA 7.35h for the segment · last finish=stop gen_tok=42
  [2100/13269 this process · 2100/13269 segment] 1.87s/row · 1524 chunks/h · ETA 7.33h for the segment · last finish=stop gen_tok=16
  [2150/13269 this process · 2150/13269 segment] 2.67s/row · 1521 chunks/h · ETA 7.31h for the segment · last finish=stop gen_tok=32
  [2200/13269 this process · 2200/13269 segment] 2.07s/row · 1519 chunks/h · ETA 7.29h for the segment · last finish=stop gen_tok=16
  [2250/13269 this process · 2250/13269 segment] 2.08s/row · 1520 chunks/h · ETA 7.25h for the segment · last finish=stop gen_tok=24
  [2300/13269 this process · 2300/13269 segment] 2.85s/row · 1519 chunks/h · ETA 7.22h for the segment · last finish=stop gen_tok=32
  [2350/13269 this process · 2350/13269 segment] 1.98s/row · 1518 chunks/h · ETA 7.19h for the segment · last finish=stop gen_tok=16
  [2400/13269 this process · 2400/13269 segment] 2.00s/row · 1516 chunks/h · ETA 7.17h for the segment · last finish=stop gen_tok=16
  [2450/13269 this process · 2450/13269 segment] 3.37s/row · 1514 chunks/h · ETA 7.15h for the segment · last finish=stop gen_tok=50
  [2500/13269 this process · 2500/13269 segment] 3.56s/row · 1511 chunks/h · ETA 7.13h for the segment · last finish=stop gen_tok=56
  [2550/13269 this process · 2550/13269 segment] 2.31s/row · 1513 chunks/h · ETA 7.08h for the segment · last finish=stop gen_tok=16
  [2600/13269 this process · 2600/13269 segment] 3.11s/row · 1508 chunks/h · ETA 7.07h for the segment · last finish=stop gen_tok=45
  [2650/13269 this process · 2650/13269 segment] 2.01s/row · 1508 chunks/h · ETA 7.04h for the segment · last finish=stop gen_tok=16
  [2700/13269 this process · 2700/13269 segment] 2.61s/row · 1506 chunks/h · ETA 7.02h for the segment · last finish=stop gen_tok=33
  [2750/13269 this process · 2750/13269 segment] 3.35s/row · 1504 chunks/h · ETA 7.00h for the segment · last finish=stop gen_tok=50
  [2800/13269 this process · 2800/13269 segment] 2.12s/row · 1503 chunks/h · ETA 6.97h for the segment · last finish=stop gen_tok=15
  [2850/13269 this process · 2850/13269 segment] 2.30s/row · 1501 chunks/h · ETA 6.94h for the segment · last finish=stop gen_tok=27
  [2900/13269 this process · 2900/13269 segment] 4.10s/row · 1497 chunks/h · ETA 6.93h for the segment · last finish=stop gen_tok=69
  [2950/13269 this process · 2950/13269 segment] 2.46s/row · 1496 chunks/h · ETA 6.90h for the segment · last finish=stop gen_tok=27
  [3000/13269 this process · 3000/13269 segment] 2.72s/row · 1492 chunks/h · ETA 6.88h for the segment · last finish=stop gen_tok=32
  [3050/13269 this process · 3050/13269 segment] 4.43s/row · 1488 chunks/h · ETA 6.87h for the segment · last finish=stop gen_tok=79
  [3100/13269 this process · 3100/13269 segment] 3.16s/row · 1486 chunks/h · ETA 6.84h for the segment · last finish=stop gen_tok=48
  [3150/13269 this process · 3150/13269 segment] 2.81s/row · 1484 chunks/h · ETA 6.82h for the segment · last finish=stop gen_tok=33
  [3200/13269 this process · 3200/13269 segment] 1.80s/row · 1484 chunks/h · ETA 6.79h for the segment · last finish=stop gen_tok=16
  [3250/13269 this process · 3250/13269 segment] 2.78s/row · 1483 chunks/h · ETA 6.76h for the segment · last finish=stop gen_tok=33
  [3300/13269 this process · 3300/13269 segment] 2.45s/row · 1481 chunks/h · ETA 6.73h for the segment · last finish=stop gen_tok=24
  [3350/13269 this process · 3350/13269 segment] 3.60s/row · 1480 chunks/h · ETA 6.70h for the segment · last finish=stop gen_tok=50
  [3400/13269 this process · 3400/13269 segment] 3.78s/row · 1474 chunks/h · ETA 6.69h for the segment · last finish=stop gen_tok=52
  [3450/13269 this process · 3450/13269 segment] 2.31s/row · 1471 chunks/h · ETA 6.67h for the segment · last finish=stop gen_tok=16
  [3500/13269 this process · 3500/13269 segment] 1.70s/row · 1473 chunks/h · ETA 6.63h for the segment · last finish=stop gen_tok=16
  [3550/13269 this process · 3550/13269 segment] 1.84s/row · 1471 chunks/h · ETA 6.61h for the segment · last finish=stop gen_tok=16
  [3600/13269 this process · 3600/13269 segment] 2.19s/row · 1471 chunks/h · ETA 6.57h for the segment · last finish=stop gen_tok=16
  [3650/13269 this process · 3650/13269 segment] 2.61s/row · 1465 chunks/h · ETA 6.56h for the segment · last finish=stop gen_tok=33
  [3700/13269 this process · 3700/13269 segment] 3.23s/row · 1462 chunks/h · ETA 6.54h for the segment · last finish=stop gen_tok=49
  [3750/13269 this process · 3750/13269 segment] 5.03s/row · 1459 chunks/h · ETA 6.52h for the segment · last finish=stop gen_tok=82
  [3800/13269 this process · 3800/13269 segment] 3.65s/row · 1456 chunks/h · ETA 6.51h for the segment · last finish=stop gen_tok=45
  [3850/13269 this process · 3850/13269 segment] 1.99s/row · 1453 chunks/h · ETA 6.48h for the segment · last finish=stop gen_tok=16
  [3900/13269 this process · 3900/13269 segment] 3.12s/row · 1452 chunks/h · ETA 6.45h for the segment · last finish=stop gen_tok=41
  [3950/13269 this process · 3950/13269 segment] 2.20s/row · 1450 chunks/h · ETA 6.43h for the segment · last finish=stop gen_tok=16
  [4000/13269 this process · 4000/13269 segment] 2.43s/row · 1447 chunks/h · ETA 6.41h for the segment · last finish=stop gen_tok=24
  [4050/13269 this process · 4050/13269 segment] 1.93s/row · 1445 chunks/h · ETA 6.38h for the segment · last finish=stop gen_tok=16
  [4100/13269 this process · 4100/13269 segment] 2.37s/row · 1443 chunks/h · ETA 6.35h for the segment · last finish=stop gen_tok=16
  [4150/13269 this process · 4150/13269 segment] 2.39s/row · 1445 chunks/h · ETA 6.31h for the segment · last finish=stop gen_tok=27
  [4200/13269 this process · 4200/13269 segment] 2.37s/row · 1445 chunks/h · ETA 6.28h for the segment · last finish=stop gen_tok=27
  [4250/13269 this process · 4250/13269 segment] 4.97s/row · 1445 chunks/h · ETA 6.24h for the segment · last finish=stop gen_tok=91
  [4300/13269 this process · 4300/13269 segment] 2.32s/row · 1445 chunks/h · ETA 6.21h for the segment · last finish=stop gen_tok=27
  [4350/13269 this process · 4350/13269 segment] 2.39s/row · 1444 chunks/h · ETA 6.18h for the segment · last finish=stop gen_tok=15
  [4400/13269 this process · 4400/13269 segment] 1.91s/row · 1444 chunks/h · ETA 6.14h for the segment · last finish=stop gen_tok=16
  [4450/13269 this process · 4450/13269 segment] 2.53s/row · 1442 chunks/h · ETA 6.12h for the segment · last finish=stop gen_tok=15
  [4500/13269 this process · 4500/13269 segment] 4.85s/row · 1440 chunks/h · ETA 6.09h for the segment · last finish=stop gen_tok=88
  [4550/13269 this process · 4550/13269 segment] 1.99s/row · 1439 chunks/h · ETA 6.06h for the segment · last finish=stop gen_tok=16
  [4600/13269 this process · 4600/13269 segment] 2.39s/row · 1440 chunks/h · ETA 6.02h for the segment · last finish=stop gen_tok=27
  [4650/13269 this process · 4650/13269 segment] 2.19s/row · 1441 chunks/h · ETA 5.98h for the segment · last finish=stop gen_tok=27
  [4700/13269 this process · 4700/13269 segment] 2.11s/row · 1443 chunks/h · ETA 5.94h for the segment · last finish=stop gen_tok=15
  [4750/13269 this process · 4750/13269 segment] 2.30s/row · 1444 chunks/h · ETA 5.90h for the segment · last finish=stop gen_tok=27
  [4800/13269 this process · 4800/13269 segment] 2.68s/row · 1445 chunks/h · ETA 5.86h for the segment · last finish=stop gen_tok=36
  [4850/13269 this process · 4850/13269 segment] 2.52s/row · 1446 chunks/h · ETA 5.82h for the segment · last finish=stop gen_tok=15
  [4900/13269 this process · 4900/13269 segment] 1.51s/row · 1445 chunks/h · ETA 5.79h for the segment · last finish=stop gen_tok=7
  [4950/13269 this process · 4950/13269 segment] 1.90s/row · 1445 chunks/h · ETA 5.76h for the segment · last finish=stop gen_tok=16
  [5000/13269 this process · 5000/13269 segment] 4.23s/row · 1444 chunks/h · ETA 5.72h for the segment · last finish=stop gen_tok=66
  [5050/13269 this process · 5050/13269 segment] 2.06s/row · 1442 chunks/h · ETA 5.70h for the segment · last finish=stop gen_tok=15
  [5100/13269 this process · 5100/13269 segment] 2.16s/row · 1442 chunks/h · ETA 5.66h for the segment · last finish=stop gen_tok=24
  [5150/13269 this process · 5150/13269 segment] 3.02s/row · 1444 chunks/h · ETA 5.62h for the segment · last finish=stop gen_tok=46
  [5200/13269 this process · 5200/13269 segment] 2.28s/row · 1443 chunks/h · ETA 5.59h for the segment · last finish=stop gen_tok=27
  [5250/13269 this process · 5250/13269 segment] 3.14s/row · 1442 chunks/h · ETA 5.56h for the segment · last finish=stop gen_tok=48
  [5300/13269 this process · 5300/13269 segment] 2.87s/row · 1440 chunks/h · ETA 5.53h for the segment · last finish=stop gen_tok=33
  [5350/13269 this process · 5350/13269 segment] 3.06s/row · 1440 chunks/h · ETA 5.50h for the segment · last finish=stop gen_tok=46
  [5400/13269 this process · 5400/13269 segment] 3.22s/row · 1438 chunks/h · ETA 5.47h for the segment · last finish=stop gen_tok=50
  [5450/13269 this process · 5450/13269 segment] 4.87s/row · 1435 chunks/h · ETA 5.45h for the segment · last finish=stop gen_tok=87
  [5500/13269 this process · 5500/13269 segment] 2.47s/row · 1433 chunks/h · ETA 5.42h for the segment · last finish=stop gen_tok=24
  [5550/13269 this process · 5550/13269 segment] 3.76s/row · 1432 chunks/h · ETA 5.39h for the segment · last finish=stop gen_tok=59
  [5600/13269 this process · 5600/13269 segment] 3.28s/row · 1430 chunks/h · ETA 5.36h for the segment · last finish=stop gen_tok=33
  [5650/13269 this process · 5650/13269 segment] 2.71s/row · 1428 chunks/h · ETA 5.33h for the segment · last finish=stop gen_tok=32
  [5700/13269 this process · 5700/13269 segment] 2.82s/row · 1429 chunks/h · ETA 5.30h for the segment · last finish=stop gen_tok=36
  [5750/13269 this process · 5750/13269 segment] 2.03s/row · 1429 chunks/h · ETA 5.26h for the segment · last finish=stop gen_tok=15
  [5800/13269 this process · 5800/13269 segment] 2.91s/row · 1428 chunks/h · ETA 5.23h for the segment · last finish=stop gen_tok=16
  [5850/13269 this process · 5850/13269 segment] 2.95s/row · 1429 chunks/h · ETA 5.19h for the segment · last finish=stop gen_tok=34
  [5900/13269 this process · 5900/13269 segment] 1.04s/row · 1427 chunks/h · ETA 5.16h for the segment · last finish=stop gen_tok=7
  [5950/13269 this process · 5950/13269 segment] 3.93s/row · 1425 chunks/h · ETA 5.13h for the segment · last finish=stop gen_tok=54
  [6000/13269 this process · 6000/13269 segment] 2.56s/row · 1424 chunks/h · ETA 5.11h for the segment · last finish=stop gen_tok=23
  [6050/13269 this process · 6050/13269 segment] 2.79s/row · 1422 chunks/h · ETA 5.08h for the segment · last finish=stop gen_tok=23
  [6100/13269 this process · 6100/13269 segment] 2.25s/row · 1422 chunks/h · ETA 5.04h for the segment · last finish=stop gen_tok=24
  [6150/13269 this process · 6150/13269 segment] 1.93s/row · 1420 chunks/h · ETA 5.01h for the segment · last finish=stop gen_tok=16
  [6200/13269 this process · 6200/13269 segment] 2.56s/row · 1417 chunks/h · ETA 4.99h for the segment · last finish=stop gen_tok=33
  [6250/13269 this process · 6250/13269 segment] 3.03s/row · 1414 chunks/h · ETA 4.96h for the segment · last finish=stop gen_tok=40
  [6300/13269 this process · 6300/13269 segment] 2.26s/row · 1413 chunks/h · ETA 4.93h for the segment · last finish=stop gen_tok=23
  [6350/13269 this process · 6350/13269 segment] 2.47s/row · 1412 chunks/h · ETA 4.90h for the segment · last finish=stop gen_tok=34
  [6400/13269 this process · 6400/13269 segment] 1.61s/row · 1411 chunks/h · ETA 4.87h for the segment · last finish=stop gen_tok=16
  [6450/13269 this process · 6450/13269 segment] 2.39s/row · 1410 chunks/h · ETA 4.84h for the segment · last finish=stop gen_tok=23
  [6500/13269 this process · 6500/13269 segment] 1.53s/row · 1410 chunks/h · ETA 4.80h for the segment · last finish=stop gen_tok=16
  [6550/13269 this process · 6550/13269 segment] 4.03s/row · 1409 chunks/h · ETA 4.77h for the segment · last finish=stop gen_tok=40
  [6600/13269 this process · 6600/13269 segment] 2.15s/row · 1410 chunks/h · ETA 4.73h for the segment · last finish=stop gen_tok=16
  [6650/13269 this process · 6650/13269 segment] 2.12s/row · 1408 chunks/h · ETA 4.70h for the segment · last finish=stop gen_tok=16
  [6700/13269 this process · 6700/13269 segment] 1.92s/row · 1406 chunks/h · ETA 4.67h for the segment · last finish=stop gen_tok=16
  [6750/13269 this process · 6750/13269 segment] 3.06s/row · 1401 chunks/h · ETA 4.65h for the segment · last finish=stop gen_tok=34
  [6800/13269 this process · 6800/13269 segment] 2.34s/row · 1398 chunks/h · ETA 4.63h for the segment · last finish=stop gen_tok=15
  [6850/13269 this process · 6850/13269 segment] 2.43s/row · 1397 chunks/h · ETA 4.59h for the segment · last finish=stop gen_tok=23
  [6900/13269 this process · 6900/13269 segment] 3.33s/row · 1396 chunks/h · ETA 4.56h for the segment · last finish=stop gen_tok=41
  [6950/13269 this process · 6950/13269 segment] 2.50s/row · 1394 chunks/h · ETA 4.53h for the segment · last finish=stop gen_tok=16
  [7000/13269 this process · 7000/13269 segment] 6.69s/row · 1393 chunks/h · ETA 4.50h for the segment · last finish=stop gen_tok=106
  [7050/13269 this process · 7050/13269 segment] 3.15s/row · 1393 chunks/h · ETA 4.46h for the segment · last finish=stop gen_tok=42
  [7100/13269 this process · 7100/13269 segment] 2.21s/row · 1393 chunks/h · ETA 4.43h for the segment · last finish=stop gen_tok=16
  [7150/13269 this process · 7150/13269 segment] 4.25s/row · 1393 chunks/h · ETA 4.39h for the segment · last finish=stop gen_tok=60
  [7200/13269 this process · 7200/13269 segment] 2.25s/row · 1391 chunks/h · ETA 4.36h for the segment · last finish=stop gen_tok=15
  [7250/13269 this process · 7250/13269 segment] 2.37s/row · 1391 chunks/h · ETA 4.33h for the segment · last finish=stop gen_tok=24
  [7300/13269 this process · 7300/13269 segment] 2.06s/row · 1391 chunks/h · ETA 4.29h for the segment · last finish=stop gen_tok=16
  [7350/13269 this process · 7350/13269 segment] 2.97s/row · 1389 chunks/h · ETA 4.26h for the segment · last finish=stop gen_tok=27
  [7400/13269 this process · 7400/13269 segment] 2.11s/row · 1388 chunks/h · ETA 4.23h for the segment · last finish=stop gen_tok=15
  [7450/13269 this process · 7450/13269 segment] 2.18s/row · 1387 chunks/h · ETA 4.19h for the segment · last finish=stop gen_tok=16
  [7500/13269 this process · 7500/13269 segment] 1.94s/row · 1388 chunks/h · ETA 4.16h for the segment · last finish=stop gen_tok=16
  [7550/13269 this process · 7550/13269 segment] 2.52s/row · 1389 chunks/h · ETA 4.12h for the segment · last finish=stop gen_tok=16
  [7600/13269 this process · 7600/13269 segment] 2.78s/row · 1390 chunks/h · ETA 4.08h for the segment · last finish=stop gen_tok=33
  [7650/13269 this process · 7650/13269 segment] 5.59s/row · 1387 chunks/h · ETA 4.05h for the segment · last finish=stop gen_tok=88
  [7700/13269 this process · 7700/13269 segment] 2.92s/row · 1383 chunks/h · ETA 4.03h for the segment · last finish=stop gen_tok=16
  [7750/13269 this process · 7750/13269 segment] 2.02s/row · 1381 chunks/h · ETA 4.00h for the segment · last finish=stop gen_tok=16
  [7800/13269 this process · 7800/13269 segment] 2.96s/row · 1379 chunks/h · ETA 3.97h for the segment · last finish=stop gen_tok=33
  [7850/13269 this process · 7850/13269 segment] 3.03s/row · 1376 chunks/h · ETA 3.94h for the segment · last finish=stop gen_tok=37
  [7900/13269 this process · 7900/13269 segment] 2.76s/row · 1377 chunks/h · ETA 3.90h for the segment · last finish=stop gen_tok=32
  [7950/13269 this process · 7950/13269 segment] 2.21s/row · 1377 chunks/h · ETA 3.86h for the segment · last finish=stop gen_tok=23
  [8000/13269 this process · 8000/13269 segment] 2.49s/row · 1377 chunks/h · ETA 3.83h for the segment · last finish=stop gen_tok=27
  [8050/13269 this process · 8050/13269 segment] 2.60s/row · 1376 chunks/h · ETA 3.79h for the segment · last finish=stop gen_tok=16
  [8100/13269 this process · 8100/13269 segment] 2.74s/row · 1376 chunks/h · ETA 3.76h for the segment · last finish=stop gen_tok=34
  [8150/13269 this process · 8150/13269 segment] 2.64s/row · 1376 chunks/h · ETA 3.72h for the segment · last finish=stop gen_tok=33
  [8200/13269 this process · 8200/13269 segment] 2.14s/row · 1377 chunks/h · ETA 3.68h for the segment · last finish=stop gen_tok=16
  [8250/13269 this process · 8250/13269 segment] 2.07s/row · 1377 chunks/h · ETA 3.65h for the segment · last finish=stop gen_tok=16
  [8300/13269 this process · 8300/13269 segment] 3.57s/row · 1376 chunks/h · ETA 3.61h for the segment · last finish=stop gen_tok=52
  [8350/13269 this process · 8350/13269 segment] 3.14s/row · 1375 chunks/h · ETA 3.58h for the segment · last finish=stop gen_tok=32
  [8400/13269 this process · 8400/13269 segment] 2.25s/row · 1375 chunks/h · ETA 3.54h for the segment · last finish=stop gen_tok=16
  [8450/13269 this process · 8450/13269 segment] 2.06s/row · 1376 chunks/h · ETA 3.50h for the segment · last finish=stop gen_tok=24
  [8500/13269 this process · 8500/13269 segment] 2.09s/row · 1375 chunks/h · ETA 3.47h for the segment · last finish=stop gen_tok=16
  [8550/13269 this process · 8550/13269 segment] 2.72s/row · 1376 chunks/h · ETA 3.43h for the segment · last finish=stop gen_tok=33
  [8600/13269 this process · 8600/13269 segment] 2.82s/row · 1375 chunks/h · ETA 3.40h for the segment · last finish=stop gen_tok=36
  [8650/13269 this process · 8650/13269 segment] 2.65s/row · 1375 chunks/h · ETA 3.36h for the segment · last finish=stop gen_tok=32
  [8700/13269 this process · 8700/13269 segment] 2.60s/row · 1374 chunks/h · ETA 3.32h for the segment · last finish=stop gen_tok=24
  [8750/13269 this process · 8750/13269 segment] 2.68s/row · 1373 chunks/h · ETA 3.29h for the segment · last finish=stop gen_tok=24
  [8800/13269 this process · 8800/13269 segment] 3.48s/row · 1373 chunks/h · ETA 3.26h for the segment · last finish=stop gen_tok=44
  [8850/13269 this process · 8850/13269 segment] 1.96s/row · 1373 chunks/h · ETA 3.22h for the segment · last finish=stop gen_tok=16
  [8900/13269 this process · 8900/13269 segment] 3.16s/row · 1373 chunks/h · ETA 3.18h for the segment · last finish=stop gen_tok=40
  [8950/13269 this process · 8950/13269 segment] 2.10s/row · 1373 chunks/h · ETA 3.15h for the segment · last finish=stop gen_tok=16
  [9000/13269 this process · 9000/13269 segment] 2.63s/row · 1372 chunks/h · ETA 3.11h for the segment · last finish=stop gen_tok=15
  [9050/13269 this process · 9050/13269 segment] 2.87s/row · 1371 chunks/h · ETA 3.08h for the segment · last finish=stop gen_tok=24
  [9100/13269 this process · 9100/13269 segment] 2.13s/row · 1370 chunks/h · ETA 3.04h for the segment · last finish=stop gen_tok=15
  [9150/13269 this process · 9150/13269 segment] 2.46s/row · 1371 chunks/h · ETA 3.00h for the segment · last finish=stop gen_tok=16
  [9200/13269 this process · 9200/13269 segment] 2.68s/row · 1371 chunks/h · ETA 2.97h for the segment · last finish=stop gen_tok=32
  [9250/13269 this process · 9250/13269 segment] 2.12s/row · 1372 chunks/h · ETA 2.93h for the segment · last finish=stop gen_tok=15
  [9300/13269 this process · 9300/13269 segment] 2.43s/row · 1372 chunks/h · ETA 2.89h for the segment · last finish=stop gen_tok=24
  [9350/13269 this process · 9350/13269 segment] 3.49s/row · 1370 chunks/h · ETA 2.86h for the segment · last finish=stop gen_tok=52
  [9400/13269 this process · 9400/13269 segment] 2.81s/row · 1369 chunks/h · ETA 2.83h for the segment · last finish=stop gen_tok=33
  [9450/13269 this process · 9450/13269 segment] 1.96s/row · 1369 chunks/h · ETA 2.79h for the segment · last finish=stop gen_tok=16
  [9500/13269 this process · 9500/13269 segment] 2.24s/row · 1368 chunks/h · ETA 2.75h for the segment · last finish=stop gen_tok=16
  [9550/13269 this process · 9550/13269 segment] 2.18s/row · 1368 chunks/h · ETA 2.72h for the segment · last finish=stop gen_tok=16
  [9600/13269 this process · 9600/13269 segment] 2.89s/row · 1369 chunks/h · ETA 2.68h for the segment · last finish=stop gen_tok=33
  [9650/13269 this process · 9650/13269 segment] 2.74s/row · 1368 chunks/h · ETA 2.65h for the segment · last finish=stop gen_tok=33
  [9700/13269 this process · 9700/13269 segment] 2.40s/row · 1367 chunks/h · ETA 2.61h for the segment · last finish=stop gen_tok=16
  [9750/13269 this process · 9750/13269 segment] 2.08s/row · 1368 chunks/h · ETA 2.57h for the segment · last finish=stop gen_tok=16
  [9800/13269 this process · 9800/13269 segment] 4.21s/row · 1367 chunks/h · ETA 2.54h for the segment · last finish=stop gen_tok=44
  [9850/13269 this process · 9850/13269 segment] 2.41s/row · 1366 chunks/h · ETA 2.50h for the segment · last finish=stop gen_tok=24
  [9900/13269 this process · 9900/13269 segment] 2.66s/row · 1366 chunks/h · ETA 2.47h for the segment · last finish=stop gen_tok=24
  [9950/13269 this process · 9950/13269 segment] 2.70s/row · 1364 chunks/h · ETA 2.43h for the segment · last finish=stop gen_tok=24
  [10000/13269 this process · 10000/13269 segment] 3.29s/row · 1363 chunks/h · ETA 2.40h for the segment · last finish=stop gen_tok=49
  [10050/13269 this process · 10050/13269 segment] 1.63s/row · 1363 chunks/h · ETA 2.36h for the segment · last finish=stop gen_tok=16
  [10100/13269 this process · 10100/13269 segment] 3.59s/row · 1362 chunks/h · ETA 2.33h for the segment · last finish=stop gen_tok=42
  [10150/13269 this process · 10150/13269 segment] 2.09s/row · 1361 chunks/h · ETA 2.29h for the segment · last finish=stop gen_tok=16
  [10200/13269 this process · 10200/13269 segment] 3.54s/row · 1361 chunks/h · ETA 2.25h for the segment · last finish=stop gen_tok=48
  [10250/13269 this process · 10250/13269 segment] 4.87s/row · 1361 chunks/h · ETA 2.22h for the segment · last finish=stop gen_tok=88
  [10300/13269 this process · 10300/13269 segment] 2.24s/row · 1360 chunks/h · ETA 2.18h for the segment · last finish=stop gen_tok=24
  [10350/13269 this process · 10350/13269 segment] 3.42s/row · 1359 chunks/h · ETA 2.15h for the segment · last finish=stop gen_tok=54
  [10400/13269 this process · 10400/13269 segment] 3.72s/row · 1359 chunks/h · ETA 2.11h for the segment · last finish=stop gen_tok=49
  [10450/13269 this process · 10450/13269 segment] 1.67s/row · 1358 chunks/h · ETA 2.08h for the segment · last finish=stop gen_tok=7
  [10500/13269 this process · 10500/13269 segment] 3.12s/row · 1357 chunks/h · ETA 2.04h for the segment · last finish=stop gen_tok=32
  [10550/13269 this process · 10550/13269 segment] 4.25s/row · 1356 chunks/h · ETA 2.01h for the segment · last finish=stop gen_tok=69
  [10600/13269 this process · 10600/13269 segment] 3.36s/row · 1355 chunks/h · ETA 1.97h for the segment · last finish=stop gen_tok=40
  [10650/13269 this process · 10650/13269 segment] 2.38s/row · 1355 chunks/h · ETA 1.93h for the segment · last finish=stop gen_tok=16
  [10700/13269 this process · 10700/13269 segment] 2.22s/row · 1355 chunks/h · ETA 1.90h for the segment · last finish=stop gen_tok=24
  [10750/13269 this process · 10750/13269 segment] 2.62s/row · 1354 chunks/h · ETA 1.86h for the segment · last finish=stop gen_tok=23
  [10800/13269 this process · 10800/13269 segment] 3.04s/row · 1354 chunks/h · ETA 1.82h for the segment · last finish=stop gen_tok=33
  [10850/13269 this process · 10850/13269 segment] 2.72s/row · 1354 chunks/h · ETA 1.79h for the segment · last finish=stop gen_tok=33
  [10900/13269 this process · 10900/13269 segment] 1.39s/row · 1354 chunks/h · ETA 1.75h for the segment · last finish=stop gen_tok=7
  [10950/13269 this process · 10950/13269 segment] 3.81s/row · 1354 chunks/h · ETA 1.71h for the segment · last finish=stop gen_tok=60
  [11000/13269 this process · 11000/13269 segment] 2.30s/row · 1354 chunks/h · ETA 1.68h for the segment · last finish=stop gen_tok=25
  [11050/13269 this process · 11050/13269 segment] 3.68s/row · 1354 chunks/h · ETA 1.64h for the segment · last finish=stop gen_tok=51
  [11100/13269 this process · 11100/13269 segment] 2.58s/row · 1354 chunks/h · ETA 1.60h for the segment · last finish=stop gen_tok=16
  [11150/13269 this process · 11150/13269 segment] 2.18s/row · 1354 chunks/h · ETA 1.57h for the segment · last finish=stop gen_tok=16
  [11200/13269 this process · 11200/13269 segment] 1.96s/row · 1353 chunks/h · ETA 1.53h for the segment · last finish=stop gen_tok=16
  [11250/13269 this process · 11250/13269 segment] 3.10s/row · 1353 chunks/h · ETA 1.49h for the segment · last finish=stop gen_tok=42
  [11300/13269 this process · 11300/13269 segment] 1.75s/row · 1353 chunks/h · ETA 1.46h for the segment · last finish=stop gen_tok=15
  [11350/13269 this process · 11350/13269 segment] 3.65s/row · 1352 chunks/h · ETA 1.42h for the segment · last finish=stop gen_tok=56
  [11400/13269 this process · 11400/13269 segment] 4.41s/row · 1353 chunks/h · ETA 1.38h for the segment · last finish=stop gen_tok=58
  [11450/13269 this process · 11450/13269 segment] 1.59s/row · 1353 chunks/h · ETA 1.34h for the segment · last finish=stop gen_tok=16
  [11500/13269 this process · 11500/13269 segment] 2.65s/row · 1353 chunks/h · ETA 1.31h for the segment · last finish=stop gen_tok=36
  [11550/13269 this process · 11550/13269 segment] 2.58s/row · 1353 chunks/h · ETA 1.27h for the segment · last finish=stop gen_tok=32
  [11600/13269 this process · 11600/13269 segment] 2.68s/row · 1354 chunks/h · ETA 1.23h for the segment · last finish=stop gen_tok=34
  [11650/13269 this process · 11650/13269 segment] 1.98s/row · 1354 chunks/h · ETA 1.20h for the segment · last finish=stop gen_tok=16
  [11700/13269 this process · 11700/13269 segment] 3.09s/row · 1354 chunks/h · ETA 1.16h for the segment · last finish=stop gen_tok=50
  [11750/13269 this process · 11750/13269 segment] 2.13s/row · 1354 chunks/h · ETA 1.12h for the segment · last finish=stop gen_tok=16
  [11800/13269 this process · 11800/13269 segment] 2.84s/row · 1354 chunks/h · ETA 1.08h for the segment · last finish=stop gen_tok=40
  [11850/13269 this process · 11850/13269 segment] 2.50s/row · 1353 chunks/h · ETA 1.05h for the segment · last finish=stop gen_tok=25
  [11900/13269 this process · 11900/13269 segment] 2.62s/row · 1352 chunks/h · ETA 1.01h for the segment · last finish=stop gen_tok=15
  [11950/13269 this process · 11950/13269 segment] 2.72s/row · 1351 chunks/h · ETA 0.98h for the segment · last finish=stop gen_tok=32
  [12000/13269 this process · 12000/13269 segment] 2.18s/row · 1350 chunks/h · ETA 0.94h for the segment · last finish=stop gen_tok=16
  [12050/13269 this process · 12050/13269 segment] 3.71s/row · 1350 chunks/h · ETA 0.90h for the segment · last finish=stop gen_tok=55
  [12100/13269 this process · 12100/13269 segment] 4.47s/row · 1348 chunks/h · ETA 0.87h for the segment · last finish=stop gen_tok=70
  [12150/13269 this process · 12150/13269 segment] 2.04s/row · 1348 chunks/h · ETA 0.83h for the segment · last finish=stop gen_tok=15
  [12200/13269 this process · 12200/13269 segment] 2.16s/row · 1347 chunks/h · ETA 0.79h for the segment · last finish=stop gen_tok=16
  [12250/13269 this process · 12250/13269 segment] 2.35s/row · 1347 chunks/h · ETA 0.76h for the segment · last finish=stop gen_tok=23
  [12300/13269 this process · 12300/13269 segment] 2.87s/row · 1347 chunks/h · ETA 0.72h for the segment · last finish=stop gen_tok=33
  [12350/13269 this process · 12350/13269 segment] 2.35s/row · 1346 chunks/h · ETA 0.68h for the segment · last finish=stop gen_tok=16
  [12400/13269 this process · 12400/13269 segment] 2.30s/row · 1345 chunks/h · ETA 0.65h for the segment · last finish=stop gen_tok=15
  [12450/13269 this process · 12450/13269 segment] 4.13s/row · 1345 chunks/h · ETA 0.61h for the segment · last finish=stop gen_tok=55
  [12500/13269 this process · 12500/13269 segment] 5.23s/row · 1345 chunks/h · ETA 0.57h for the segment · last finish=stop gen_tok=98
  [12550/13269 this process · 12550/13269 segment] 2.65s/row · 1344 chunks/h · ETA 0.53h for the segment · last finish=stop gen_tok=16
  [12600/13269 this process · 12600/13269 segment] 3.00s/row · 1345 chunks/h · ETA 0.50h for the segment · last finish=stop gen_tok=33
  [12650/13269 this process · 12650/13269 segment] 1.97s/row · 1346 chunks/h · ETA 0.46h for the segment · last finish=stop gen_tok=16
  [12700/13269 this process · 12700/13269 segment] 2.69s/row · 1347 chunks/h · ETA 0.42h for the segment · last finish=stop gen_tok=27
  [12750/13269 this process · 12750/13269 segment] 1.73s/row · 1348 chunks/h · ETA 0.39h for the segment · last finish=stop gen_tok=16
  [12800/13269 this process · 12800/13269 segment] 1.90s/row · 1348 chunks/h · ETA 0.35h for the segment · last finish=stop gen_tok=15
  [12850/13269 this process · 12850/13269 segment] 2.71s/row · 1349 chunks/h · ETA 0.31h for the segment · last finish=stop gen_tok=33
  [12900/13269 this process · 12900/13269 segment] 2.69s/row · 1349 chunks/h · ETA 0.27h for the segment · last finish=stop gen_tok=33
  [12950/13269 this process · 12950/13269 segment] 2.46s/row · 1349 chunks/h · ETA 0.24h for the segment · last finish=stop gen_tok=24
  [13000/13269 this process · 13000/13269 segment] 4.18s/row · 1350 chunks/h · ETA 0.20h for the segment · last finish=stop gen_tok=79
  [13050/13269 this process · 13050/13269 segment] 3.66s/row · 1350 chunks/h · ETA 0.16h for the segment · last finish=stop gen_tok=60
  [13100/13269 this process · 13100/13269 segment] 1.95s/row · 1350 chunks/h · ETA 0.13h for the segment · last finish=stop gen_tok=16
  [13150/13269 this process · 13150/13269 segment] 2.76s/row · 1351 chunks/h · ETA 0.09h for the segment · last finish=stop gen_tok=33
  [13200/13269 this process · 13200/13269 segment] 3.25s/row · 1351 chunks/h · ETA 0.05h for the segment · last finish=stop gen_tok=52
  [13250/13269 this process · 13250/13269 segment] 2.52s/row · 1351 chunks/h · ETA 0.01h for the segment · last finish=stop gen_tok=33
  [13269/13269 this process · 13269/13269 segment] 3.16s/row · 1351 chunks/h · ETA 0.00h for the segment · last finish=stop gen_tok=57

SEGMENT seg-022 COMPLETE — 13269/13269 rows.
Now finalize with the SYSTEM python3 (no GPU, seconds):
    python3 finetune/label_e2.py --finalize-segment seg-022
