stage=documents -> data/filings_metadata_e2.db (cache TTL 24.0 h)

--stage documents: 20522 document(s) to have on disk ({'earnings_doc': 10568, '10-Q': 7509, '10-K': 2445}). Nothing is parsed here; this fills the cache-forever data/raw/documents/ cache so extract.py runs at 0 GETs.
  500/20522 documents (0 fetched / 500 already cached / 0 failed)
  1000/20522 documents (0 fetched / 1000 already cached / 0 failed)
  1500/20522 documents (0 fetched / 1500 already cached / 0 failed)
  2000/20522 documents (0 fetched / 2000 already cached / 0 failed)
  2500/20522 documents (0 fetched / 2500 already cached / 0 failed)
  3000/20522 documents (0 fetched / 3000 already cached / 0 failed)
  3500/20522 documents (0 fetched / 3500 already cached / 0 failed)
  4000/20522 documents (0 fetched / 4000 already cached / 0 failed)
  4500/20522 documents (0 fetched / 4500 already cached / 0 failed)
  5000/20522 documents (0 fetched / 5000 already cached / 0 failed)
  5500/20522 documents (0 fetched / 5500 already cached / 0 failed)
  6000/20522 documents (0 fetched / 6000 already cached / 0 failed)
  6500/20522 documents (0 fetched / 6500 already cached / 0 failed)
  7000/20522 documents (0 fetched / 7000 already cached / 0 failed)
  7500/20522 documents (0 fetched / 7500 already cached / 0 failed)
  8000/20522 documents (0 fetched / 8000 already cached / 0 failed)
  8500/20522 documents (0 fetched / 8500 already cached / 0 failed)
  9000/20522 documents (0 fetched / 9000 already cached / 0 failed)
  9500/20522 documents (0 fetched / 9500 already cached / 0 failed)
  10000/20522 documents (0 fetched / 10000 already cached / 0 failed)
  10500/20522 documents (0 fetched / 10500 already cached / 0 failed)
  11000/20522 documents (0 fetched / 11000 already cached / 0 failed)
  11500/20522 documents (0 fetched / 11500 already cached / 0 failed)
  12000/20522 documents (0 fetched / 12000 already cached / 0 failed)
  12500/20522 documents (0 fetched / 12500 already cached / 0 failed)
[EDGAR GET] https://www.sec.gov/Archives/edgar/data/1045609/000156459016016339/pld-ex992_7.htm
  13000/20522 documents (1 fetched / 12999 already cached / 0 failed)
  13500/20522 documents (1 fetched / 13499 already cached / 0 failed)
  14000/20522 documents (1 fetched / 13999 already cached / 0 failed)
  14500/20522 documents (1 fetched / 14499 already cached / 0 failed)
  15000/20522 documents (1 fetched / 14999 already cached / 0 failed)
  15500/20522 documents (1 fetched / 15499 already cached / 0 failed)
  16000/20522 documents (1 fetched / 15999 already cached / 0 failed)
  16500/20522 documents (1 fetched / 16499 already cached / 0 failed)
  17000/20522 documents (1 fetched / 16999 already cached / 0 failed)
  17500/20522 documents (1 fetched / 17499 already cached / 0 failed)
  18000/20522 documents (1 fetched / 17999 already cached / 0 failed)
  18500/20522 documents (1 fetched / 18499 already cached / 0 failed)
  19000/20522 documents (1 fetched / 18999 already cached / 0 failed)
  19500/20522 documents (1 fetched / 19499 already cached / 0 failed)
  20000/20522 documents (1 fetched / 19999 already cached / 0 failed)
  20500/20522 documents (1 fetched / 20499 already cached / 0 failed)

--stage documents done: 20522 target(s), 1 fetched, 20521 already cached, 0 FAILED.
Total EDGAR network GETs this run: 1
