0 already in labels.jsonl · 13214 to generate
loading base model + adapter (the only GPU work) ...
  loaded in 1.2s
  [50/13214 this process · 50/13214 segment] 2.60s/row · 1345 chunks/h · ETA 9.79h for the segment · last finish=stop gen_tok=37
  [100/13214 this process · 100/13214 segment] 1.46s/row · 1428 chunks/h · ETA 9.18h for the segment · last finish=stop gen_tok=7
  [150/13214 this process · 150/13214 segment] 1.92s/row · 1398 chunks/h · ETA 9.35h for the segment · last finish=stop gen_tok=15
  [200/13214 this process · 200/13214 segment] 3.13s/row · 1405 chunks/h · ETA 9.26h for the segment · last finish=stop gen_tok=50
  [250/13214 this process · 250/13214 segment] 1.92s/row · 1398 chunks/h · ETA 9.27h for the segment · last finish=stop gen_tok=15
  [300/13214 this process · 300/13214 segment] 2.52s/row · 1395 chunks/h · ETA 9.26h for the segment · last finish=stop gen_tok=32
  [350/13214 this process · 350/13214 segment] 2.23s/row · 1424 chunks/h · ETA 9.04h for the segment · last finish=stop gen_tok=27
  [400/13214 this process · 400/13214 segment] 2.91s/row · 1417 chunks/h · ETA 9.04h for the segment · last finish=stop gen_tok=43
  [450/13214 this process · 450/13214 segment] 2.73s/row · 1418 chunks/h · ETA 9.00h for the segment · last finish=stop gen_tok=32
  [500/13214 this process · 500/13214 segment] 2.37s/row · 1430 chunks/h · ETA 8.89h for the segment · last finish=stop gen_tok=25
  [550/13214 this process · 550/13214 segment] 2.04s/row · 1441 chunks/h · ETA 8.79h for the segment · last finish=stop gen_tok=16
  [600/13214 this process · 600/13214 segment] 1.87s/row · 1448 chunks/h · ETA 8.71h for the segment · last finish=stop gen_tok=16
  [650/13214 this process · 650/13214 segment] 2.02s/row · 1447 chunks/h · ETA 8.68h for the segment · last finish=stop gen_tok=24
  [700/13214 this process · 700/13214 segment] 1.80s/row · 1453 chunks/h · ETA 8.61h for the segment · last finish=stop gen_tok=16
  [750/13214 this process · 750/13214 segment] 1.73s/row · 1453 chunks/h · ETA 8.58h for the segment · last finish=stop gen_tok=16
  [800/13214 this process · 800/13214 segment] 1.24s/row · 1451 chunks/h · ETA 8.55h for the segment · last finish=stop gen_tok=7
  [850/13214 this process · 850/13214 segment] 2.15s/row · 1453 chunks/h · ETA 8.51h for the segment · last finish=stop gen_tok=27
  [900/13214 this process · 900/13214 segment] 1.38s/row · 1453 chunks/h · ETA 8.48h for the segment · last finish=stop gen_tok=7
  [950/13214 this process · 950/13214 segment] 3.32s/row · 1457 chunks/h · ETA 8.42h for the segment · last finish=stop gen_tok=51
  [1000/13214 this process · 1000/13214 segment] 1.74s/row · 1466 chunks/h · ETA 8.33h for the segment · last finish=stop gen_tok=16
  [1050/13214 this process · 1050/13214 segment] 3.13s/row · 1461 chunks/h · ETA 8.33h for the segment · last finish=stop gen_tok=50
  [1100/13214 this process · 1100/13214 segment] 1.80s/row · 1468 chunks/h · ETA 8.25h for the segment · last finish=stop gen_tok=16
  [1150/13214 this process · 1150/13214 segment] 2.14s/row · 1483 chunks/h · ETA 8.14h for the segment · last finish=stop gen_tok=27
  [1200/13214 this process · 1200/13214 segment] 2.15s/row · 1485 chunks/h · ETA 8.09h for the segment · last finish=stop gen_tok=15
  [1250/13214 this process · 1250/13214 segment] 1.87s/row · 1482 chunks/h · ETA 8.08h for the segment · last finish=stop gen_tok=16
  [1300/13214 this process · 1300/13214 segment] 2.50s/row · 1482 chunks/h · ETA 8.04h for the segment · last finish=stop gen_tok=32
  [1350/13214 this process · 1350/13214 segment] 1.98s/row · 1490 chunks/h · ETA 7.96h for the segment · last finish=stop gen_tok=15
  [1400/13214 this process · 1400/13214 segment] 2.11s/row · 1493 chunks/h · ETA 7.91h for the segment · last finish=stop gen_tok=16
  [1450/13214 this process · 1450/13214 segment] 2.14s/row · 1495 chunks/h · ETA 7.87h for the segment · last finish=stop gen_tok=27
  [1500/13214 this process · 1500/13214 segment] 1.89s/row · 1493 chunks/h · ETA 7.85h for the segment · last finish=stop gen_tok=16
  [1550/13214 this process · 1550/13214 segment] 2.10s/row · 1497 chunks/h · ETA 7.79h for the segment · last finish=stop gen_tok=16
  [1600/13214 this process · 1600/13214 segment] 1.87s/row · 1497 chunks/h · ETA 7.76h for the segment · last finish=stop gen_tok=16
  [1650/13214 this process · 1650/13214 segment] 1.82s/row · 1502 chunks/h · ETA 7.70h for the segment · last finish=stop gen_tok=16
  [1700/13214 this process · 1700/13214 segment] 2.15s/row · 1509 chunks/h · ETA 7.63h for the segment · last finish=stop gen_tok=27
  [1750/13214 this process · 1750/13214 segment] 1.39s/row · 1510 chunks/h · ETA 7.59h for the segment · last finish=stop gen_tok=7
  [1800/13214 this process · 1800/13214 segment] 2.73s/row · 1507 chunks/h · ETA 7.58h for the segment · last finish=stop gen_tok=33
  [1850/13214 this process · 1850/13214 segment] 1.88s/row · 1510 chunks/h · ETA 7.53h for the segment · last finish=stop gen_tok=16
  [1900/13214 this process · 1900/13214 segment] 1.87s/row · 1511 chunks/h · ETA 7.49h for the segment · last finish=stop gen_tok=16
  [1950/13214 this process · 1950/13214 segment] 1.89s/row · 1509 chunks/h · ETA 7.47h for the segment · last finish=stop gen_tok=16
  [2000/13214 this process · 2000/13214 segment] 2.77s/row · 1511 chunks/h · ETA 7.42h for the segment · last finish=stop gen_tok=33
  [2050/13214 this process · 2050/13214 segment] 1.61s/row · 1517 chunks/h · ETA 7.36h for the segment · last finish=stop gen_tok=16
  [2100/13214 this process · 2100/13214 segment] 1.75s/row · 1520 chunks/h · ETA 7.31h for the segment · last finish=stop gen_tok=16
  [2150/13214 this process · 2150/13214 segment] 1.67s/row · 1521 chunks/h · ETA 7.27h for the segment · last finish=stop gen_tok=16
  [2200/13214 this process · 2200/13214 segment] 2.53s/row · 1523 chunks/h · ETA 7.23h for the segment · last finish=stop gen_tok=34
  [2250/13214 this process · 2250/13214 segment] 3.09s/row · 1525 chunks/h · ETA 7.19h for the segment · last finish=stop gen_tok=50
  [2300/13214 this process · 2300/13214 segment] 1.89s/row · 1526 chunks/h · ETA 7.15h for the segment · last finish=stop gen_tok=16
  [2350/13214 this process · 2350/13214 segment] 2.66s/row · 1528 chunks/h · ETA 7.11h for the segment · last finish=stop gen_tok=45
  [2400/13214 this process · 2400/13214 segment] 1.77s/row · 1529 chunks/h · ETA 7.07h for the segment · last finish=stop gen_tok=16
  [2450/13214 this process · 2450/13214 segment] 1.28s/row · 1532 chunks/h · ETA 7.03h for the segment · last finish=stop gen_tok=7
  [2500/13214 this process · 2500/13214 segment] 1.64s/row · 1534 chunks/h · ETA 6.98h for the segment · last finish=stop gen_tok=16
  [2550/13214 this process · 2550/13214 segment] 2.88s/row · 1538 chunks/h · ETA 6.93h for the segment · last finish=stop gen_tok=33
  [2600/13214 this process · 2600/13214 segment] 1.29s/row · 1541 chunks/h · ETA 6.89h for the segment · last finish=stop gen_tok=7
  [2650/13214 this process · 2650/13214 segment] 3.33s/row · 1540 chunks/h · ETA 6.86h for the segment · last finish=stop gen_tok=52
  [2700/13214 this process · 2700/13214 segment] 1.84s/row · 1542 chunks/h · ETA 6.82h for the segment · last finish=stop gen_tok=16
  [2750/13214 this process · 2750/13214 segment] 1.78s/row · 1543 chunks/h · ETA 6.78h for the segment · last finish=stop gen_tok=15
  [2800/13214 this process · 2800/13214 segment] 2.14s/row · 1539 chunks/h · ETA 6.77h for the segment · last finish=stop gen_tok=16
  [2850/13214 this process · 2850/13214 segment] 1.39s/row · 1538 chunks/h · ETA 6.74h for the segment · last finish=stop gen_tok=7
  [2900/13214 this process · 2900/13214 segment] 4.22s/row · 1537 chunks/h · ETA 6.71h for the segment · last finish=stop gen_tok=70
  [2950/13214 this process · 2950/13214 segment] 1.83s/row · 1534 chunks/h · ETA 6.69h for the segment · last finish=stop gen_tok=16
  [3000/13214 this process · 3000/13214 segment] 1.88s/row · 1536 chunks/h · ETA 6.65h for the segment · last finish=stop gen_tok=16
  [3050/13214 this process · 3050/13214 segment] 1.80s/row · 1537 chunks/h · ETA 6.61h for the segment · last finish=stop gen_tok=16
  [3100/13214 this process · 3100/13214 segment] 2.13s/row · 1540 chunks/h · ETA 6.57h for the segment · last finish=stop gen_tok=27
  [3150/13214 this process · 3150/13214 segment] 2.80s/row · 1544 chunks/h · ETA 6.52h for the segment · last finish=stop gen_tok=36
  [3200/13214 this process · 3200/13214 segment] 2.56s/row · 1543 chunks/h · ETA 6.49h for the segment · last finish=stop gen_tok=16
  [3250/13214 this process · 3250/13214 segment] 2.12s/row · 1545 chunks/h · ETA 6.45h for the segment · last finish=stop gen_tok=27
  [3300/13214 this process · 3300/13214 segment] 3.29s/row · 1547 chunks/h · ETA 6.41h for the segment · last finish=stop gen_tok=51
  [3350/13214 this process · 3350/13214 segment] 1.74s/row · 1546 chunks/h · ETA 6.38h for the segment · last finish=stop gen_tok=15
  [3400/13214 this process · 3400/13214 segment] 1.36s/row · 1546 chunks/h · ETA 6.35h for the segment · last finish=stop gen_tok=7
  [3450/13214 this process · 3450/13214 segment] 2.39s/row · 1544 chunks/h · ETA 6.32h for the segment · last finish=stop gen_tok=16
  [3500/13214 this process · 3500/13214 segment] 3.24s/row · 1544 chunks/h · ETA 6.29h for the segment · last finish=stop gen_tok=50
  [3550/13214 this process · 3550/13214 segment] 2.46s/row · 1541 chunks/h · ETA 6.27h for the segment · last finish=stop gen_tok=32
  [3600/13214 this process · 3600/13214 segment] 2.00s/row · 1540 chunks/h · ETA 6.24h for the segment · last finish=stop gen_tok=16
  [3650/13214 this process · 3650/13214 segment] 2.55s/row · 1539 chunks/h · ETA 6.22h for the segment · last finish=stop gen_tok=32
  [3700/13214 this process · 3700/13214 segment] 1.86s/row · 1538 chunks/h · ETA 6.19h for the segment · last finish=stop gen_tok=16
  [3750/13214 this process · 3750/13214 segment] 2.81s/row · 1541 chunks/h · ETA 6.14h for the segment · last finish=stop gen_tok=45
  [3800/13214 this process · 3800/13214 segment] 2.48s/row · 1543 chunks/h · ETA 6.10h for the segment · last finish=stop gen_tok=32
  [3850/13214 this process · 3850/13214 segment] 2.43s/row · 1544 chunks/h · ETA 6.06h for the segment · last finish=stop gen_tok=33
  [3900/13214 this process · 3900/13214 segment] 1.77s/row · 1544 chunks/h · ETA 6.03h for the segment · last finish=stop gen_tok=16
  [3950/13214 this process · 3950/13214 segment] 2.93s/row · 1543 chunks/h · ETA 6.00h for the segment · last finish=stop gen_tok=48
  [4000/13214 this process · 4000/13214 segment] 1.74s/row · 1544 chunks/h · ETA 5.97h for the segment · last finish=stop gen_tok=15
  [4050/13214 this process · 4050/13214 segment] 2.03s/row · 1545 chunks/h · ETA 5.93h for the segment · last finish=stop gen_tok=15
  [4100/13214 this process · 4100/13214 segment] 1.92s/row · 1544 chunks/h · ETA 5.90h for the segment · last finish=stop gen_tok=16
  [4150/13214 this process · 4150/13214 segment] 2.58s/row · 1546 chunks/h · ETA 5.86h for the segment · last finish=stop gen_tok=33
  [4200/13214 this process · 4200/13214 segment] 1.78s/row · 1548 chunks/h · ETA 5.82h for the segment · last finish=stop gen_tok=16
  [4250/13214 this process · 4250/13214 segment] 3.29s/row · 1550 chunks/h · ETA 5.78h for the segment · last finish=stop gen_tok=40
  [4300/13214 this process · 4300/13214 segment] 2.50s/row · 1548 chunks/h · ETA 5.76h for the segment · last finish=stop gen_tok=33
  [4350/13214 this process · 4350/13214 segment] 1.99s/row · 1549 chunks/h · ETA 5.72h for the segment · last finish=stop gen_tok=16
  [4400/13214 this process · 4400/13214 segment] 1.77s/row · 1552 chunks/h · ETA 5.68h for the segment · last finish=stop gen_tok=16
  [4450/13214 this process · 4450/13214 segment] 2.47s/row · 1553 chunks/h · ETA 5.64h for the segment · last finish=stop gen_tok=32
  [4500/13214 this process · 4500/13214 segment] 2.10s/row · 1555 chunks/h · ETA 5.60h for the segment · last finish=stop gen_tok=27
  [4550/13214 this process · 4550/13214 segment] 2.49s/row · 1555 chunks/h · ETA 5.57h for the segment · last finish=stop gen_tok=33
  [4600/13214 this process · 4600/13214 segment] 2.52s/row · 1555 chunks/h · ETA 5.54h for the segment · last finish=stop gen_tok=28
  [4650/13214 this process · 4650/13214 segment] 3.06s/row · 1556 chunks/h · ETA 5.50h for the segment · last finish=stop gen_tok=48
  [4700/13214 this process · 4700/13214 segment] 1.87s/row · 1556 chunks/h · ETA 5.47h for the segment · last finish=stop gen_tok=16
  [4750/13214 this process · 4750/13214 segment] 3.34s/row · 1557 chunks/h · ETA 5.44h for the segment · last finish=stop gen_tok=51
  [4800/13214 this process · 4800/13214 segment] 1.72s/row · 1557 chunks/h · ETA 5.40h for the segment · last finish=stop gen_tok=15
  [4850/13214 this process · 4850/13214 segment] 2.52s/row · 1557 chunks/h · ETA 5.37h for the segment · last finish=stop gen_tok=32
  [4900/13214 this process · 4900/13214 segment] 3.27s/row · 1556 chunks/h · ETA 5.34h for the segment · last finish=stop gen_tok=57
  [4950/13214 this process · 4950/13214 segment] 1.77s/row · 1555 chunks/h · ETA 5.31h for the segment · last finish=stop gen_tok=16
  [5000/13214 this process · 5000/13214 segment] 2.92s/row · 1554 chunks/h · ETA 5.28h for the segment · last finish=stop gen_tok=34
  [5050/13214 this process · 5050/13214 segment] 3.77s/row · 1556 chunks/h · ETA 5.25h for the segment · last finish=stop gen_tok=70
  [5100/13214 this process · 5100/13214 segment] 1.80s/row · 1557 chunks/h · ETA 5.21h for the segment · last finish=stop gen_tok=15
  [5150/13214 this process · 5150/13214 segment] 1.34s/row · 1557 chunks/h · ETA 5.18h for the segment · last finish=stop gen_tok=7
  [5200/13214 this process · 5200/13214 segment] 2.32s/row · 1558 chunks/h · ETA 5.14h for the segment · last finish=stop gen_tok=32
  [5250/13214 this process · 5250/13214 segment] 2.19s/row · 1557 chunks/h · ETA 5.11h for the segment · last finish=stop gen_tok=27
  [5300/13214 this process · 5300/13214 segment] 1.78s/row · 1557 chunks/h · ETA 5.08h for the segment · last finish=stop gen_tok=16
  [5350/13214 this process · 5350/13214 segment] 2.99s/row · 1557 chunks/h · ETA 5.05h for the segment · last finish=stop gen_tok=48
  [5400/13214 this process · 5400/13214 segment] 1.69s/row · 1557 chunks/h · ETA 5.02h for the segment · last finish=stop gen_tok=16
  [5450/13214 this process · 5450/13214 segment] 2.38s/row · 1558 chunks/h · ETA 4.98h for the segment · last finish=stop gen_tok=34
  [5500/13214 this process · 5500/13214 segment] 2.39s/row · 1558 chunks/h · ETA 4.95h for the segment · last finish=stop gen_tok=32
  [5550/13214 this process · 5550/13214 segment] 2.58s/row · 1558 chunks/h · ETA 4.92h for the segment · last finish=stop gen_tok=33
  [5600/13214 this process · 5600/13214 segment] 2.18s/row · 1559 chunks/h · ETA 4.88h for the segment · last finish=stop gen_tok=27
  [5650/13214 this process · 5650/13214 segment] 2.52s/row · 1559 chunks/h · ETA 4.85h for the segment · last finish=stop gen_tok=32
  [5700/13214 this process · 5700/13214 segment] 1.74s/row · 1558 chunks/h · ETA 4.82h for the segment · last finish=stop gen_tok=15
  [5750/13214 this process · 5750/13214 segment] 2.56s/row · 1557 chunks/h · ETA 4.79h for the segment · last finish=stop gen_tok=16
  [5800/13214 this process · 5800/13214 segment] 2.16s/row · 1556 chunks/h · ETA 4.76h for the segment · last finish=stop gen_tok=16
  [5850/13214 this process · 5850/13214 segment] 2.45s/row · 1556 chunks/h · ETA 4.73h for the segment · last finish=stop gen_tok=16
  [5900/13214 this process · 5900/13214 segment] 2.62s/row · 1555 chunks/h · ETA 4.70h for the segment · last finish=stop gen_tok=16
  [5950/13214 this process · 5950/13214 segment] 1.85s/row · 1555 chunks/h · ETA 4.67h for the segment · last finish=stop gen_tok=16
  [6000/13214 this process · 6000/13214 segment] 2.22s/row · 1555 chunks/h · ETA 4.64h for the segment · last finish=stop gen_tok=16
  [6050/13214 this process · 6050/13214 segment] 2.13s/row · 1555 chunks/h · ETA 4.61h for the segment · last finish=stop gen_tok=24
  [6100/13214 this process · 6100/13214 segment] 2.09s/row · 1553 chunks/h · ETA 4.58h for the segment · last finish=stop gen_tok=15
  [6150/13214 this process · 6150/13214 segment] 2.14s/row · 1551 chunks/h · ETA 4.55h for the segment · last finish=stop gen_tok=24
  [6200/13214 this process · 6200/13214 segment] 2.10s/row · 1552 chunks/h · ETA 4.52h for the segment · last finish=stop gen_tok=23
  [6250/13214 this process · 6250/13214 segment] 2.56s/row · 1551 chunks/h · ETA 4.49h for the segment · last finish=stop gen_tok=33
  [6300/13214 this process · 6300/13214 segment] 1.77s/row · 1551 chunks/h · ETA 4.46h for the segment · last finish=stop gen_tok=16
  [6350/13214 this process · 6350/13214 segment] 2.23s/row · 1551 chunks/h · ETA 4.43h for the segment · last finish=stop gen_tok=24
  [6400/13214 this process · 6400/13214 segment] 2.47s/row · 1550 chunks/h · ETA 4.40h for the segment · last finish=stop gen_tok=16
  [6450/13214 this process · 6450/13214 segment] 2.29s/row · 1548 chunks/h · ETA 4.37h for the segment · last finish=stop gen_tok=24
  [6500/13214 this process · 6500/13214 segment] 2.81s/row · 1548 chunks/h · ETA 4.34h for the segment · last finish=stop gen_tok=34
  [6550/13214 this process · 6550/13214 segment] 2.37s/row · 1548 chunks/h · ETA 4.30h for the segment · last finish=stop gen_tok=32
  [6600/13214 this process · 6600/13214 segment] 3.06s/row · 1548 chunks/h · ETA 4.27h for the segment · last finish=stop gen_tok=42
  [6650/13214 this process · 6650/13214 segment] 3.09s/row · 1547 chunks/h · ETA 4.24h for the segment · last finish=stop gen_tok=41
  [6700/13214 this process · 6700/13214 segment] 2.04s/row · 1546 chunks/h · ETA 4.21h for the segment · last finish=stop gen_tok=27
  [6750/13214 this process · 6750/13214 segment] 2.80s/row · 1546 chunks/h · ETA 4.18h for the segment · last finish=stop gen_tok=41
  [6800/13214 this process · 6800/13214 segment] 2.14s/row · 1544 chunks/h · ETA 4.15h for the segment · last finish=stop gen_tok=24
  [6850/13214 this process · 6850/13214 segment] 1.75s/row · 1542 chunks/h · ETA 4.13h for the segment · last finish=stop gen_tok=16
  [6900/13214 this process · 6900/13214 segment] 2.49s/row · 1541 chunks/h · ETA 4.10h for the segment · last finish=stop gen_tok=33
  [6950/13214 this process · 6950/13214 segment] 2.11s/row · 1540 chunks/h · ETA 4.07h for the segment · last finish=stop gen_tok=23
  [7000/13214 this process · 7000/13214 segment] 2.30s/row · 1540 chunks/h · ETA 4.04h for the segment · last finish=stop gen_tok=32
  [7050/13214 this process · 7050/13214 segment] 2.24s/row · 1540 chunks/h · ETA 4.00h for the segment · last finish=stop gen_tok=15
  [7100/13214 this process · 7100/13214 segment] 3.29s/row · 1539 chunks/h · ETA 3.97h for the segment · last finish=stop gen_tok=52
  [7150/13214 this process · 7150/13214 segment] 2.58s/row · 1539 chunks/h · ETA 3.94h for the segment · last finish=stop gen_tok=16
  [7200/13214 this process · 7200/13214 segment] 1.83s/row · 1540 chunks/h · ETA 3.91h for the segment · last finish=stop gen_tok=16
  [7250/13214 this process · 7250/13214 segment] 3.60s/row · 1540 chunks/h · ETA 3.87h for the segment · last finish=stop gen_tok=60
  [7300/13214 this process · 7300/13214 segment] 1.82s/row · 1540 chunks/h · ETA 3.84h for the segment · last finish=stop gen_tok=16
  [7350/13214 this process · 7350/13214 segment] 1.88s/row · 1540 chunks/h · ETA 3.81h for the segment · last finish=stop gen_tok=16
  [7400/13214 this process · 7400/13214 segment] 2.17s/row · 1540 chunks/h · ETA 3.78h for the segment · last finish=stop gen_tok=24
  [7450/13214 this process · 7450/13214 segment] 1.93s/row · 1540 chunks/h · ETA 3.74h for the segment · last finish=stop gen_tok=15
  [7500/13214 this process · 7500/13214 segment] 2.48s/row · 1541 chunks/h · ETA 3.71h for the segment · last finish=stop gen_tok=33
  [7550/13214 this process · 7550/13214 segment] 1.90s/row · 1540 chunks/h · ETA 3.68h for the segment · last finish=stop gen_tok=16
  [7600/13214 this process · 7600/13214 segment] 1.91s/row · 1539 chunks/h · ETA 3.65h for the segment · last finish=stop gen_tok=16
  [7650/13214 this process · 7650/13214 segment] 1.93s/row · 1539 chunks/h · ETA 3.62h for the segment · last finish=stop gen_tok=16
  [7700/13214 this process · 7700/13214 segment] 1.75s/row · 1539 chunks/h · ETA 3.58h for the segment · last finish=stop gen_tok=16
  [7750/13214 this process · 7750/13214 segment] 2.38s/row · 1540 chunks/h · ETA 3.55h for the segment · last finish=stop gen_tok=16
  [7800/13214 this process · 7800/13214 segment] 2.24s/row · 1541 chunks/h · ETA 3.51h for the segment · last finish=stop gen_tok=16
  [7850/13214 this process · 7850/13214 segment] 2.00s/row · 1541 chunks/h · ETA 3.48h for the segment · last finish=stop gen_tok=16
  [7900/13214 this process · 7900/13214 segment] 2.64s/row · 1541 chunks/h · ETA 3.45h for the segment · last finish=stop gen_tok=33
  [7950/13214 this process · 7950/13214 segment] 1.84s/row · 1541 chunks/h · ETA 3.41h for the segment · last finish=stop gen_tok=16
  [8000/13214 this process · 8000/13214 segment] 2.00s/row · 1543 chunks/h · ETA 3.38h for the segment · last finish=stop gen_tok=16
  [8050/13214 this process · 8050/13214 segment] 2.98s/row · 1542 chunks/h · ETA 3.35h for the segment · last finish=stop gen_tok=42
  [8100/13214 this process · 8100/13214 segment] 1.82s/row · 1540 chunks/h · ETA 3.32h for the segment · last finish=stop gen_tok=16
  [8150/13214 this process · 8150/13214 segment] 2.96s/row · 1540 chunks/h · ETA 3.29h for the segment · last finish=stop gen_tok=41
  [8200/13214 this process · 8200/13214 segment] 2.49s/row · 1540 chunks/h · ETA 3.26h for the segment · last finish=stop gen_tok=33
  [8250/13214 this process · 8250/13214 segment] 1.80s/row · 1540 chunks/h · ETA 3.22h for the segment · last finish=stop gen_tok=15
  [8300/13214 this process · 8300/13214 segment] 3.86s/row · 1539 chunks/h · ETA 3.19h for the segment · last finish=stop gen_tok=69
  [8350/13214 this process · 8350/13214 segment] 2.16s/row · 1539 chunks/h · ETA 3.16h for the segment · last finish=stop gen_tok=27
  [8400/13214 this process · 8400/13214 segment] 3.24s/row · 1540 chunks/h · ETA 3.13h for the segment · last finish=stop gen_tok=41
  [8450/13214 this process · 8450/13214 segment] 2.20s/row · 1540 chunks/h · ETA 3.09h for the segment · last finish=stop gen_tok=24
  [8500/13214 this process · 8500/13214 segment] 3.27s/row · 1540 chunks/h · ETA 3.06h for the segment · last finish=stop gen_tok=52
  [8550/13214 this process · 8550/13214 segment] 1.97s/row · 1541 chunks/h · ETA 3.03h for the segment · last finish=stop gen_tok=16
  [8600/13214 this process · 8600/13214 segment] 2.97s/row · 1542 chunks/h · ETA 2.99h for the segment · last finish=stop gen_tok=32
  [8650/13214 this process · 8650/13214 segment] 1.70s/row · 1542 chunks/h · ETA 2.96h for the segment · last finish=stop gen_tok=16
  [8700/13214 this process · 8700/13214 segment] 1.88s/row · 1543 chunks/h · ETA 2.92h for the segment · last finish=stop gen_tok=15
  [8750/13214 this process · 8750/13214 segment] 2.87s/row · 1543 chunks/h · ETA 2.89h for the segment · last finish=stop gen_tok=41
  [8800/13214 this process · 8800/13214 segment] 2.48s/row · 1543 chunks/h · ETA 2.86h for the segment · last finish=stop gen_tok=33
  [8850/13214 this process · 8850/13214 segment] 3.21s/row · 1544 chunks/h · ETA 2.83h for the segment · last finish=stop gen_tok=52
  [8900/13214 this process · 8900/13214 segment] 1.90s/row · 1543 chunks/h · ETA 2.80h for the segment · last finish=stop gen_tok=16
  [8950/13214 this process · 8950/13214 segment] 2.02s/row · 1543 chunks/h · ETA 2.76h for the segment · last finish=stop gen_tok=23
  [9000/13214 this process · 9000/13214 segment] 2.71s/row · 1543 chunks/h · ETA 2.73h for the segment · last finish=stop gen_tok=41
  [9050/13214 this process · 9050/13214 segment] 1.83s/row · 1544 chunks/h · ETA 2.70h for the segment · last finish=stop gen_tok=16
  [9100/13214 this process · 9100/13214 segment] 1.67s/row · 1544 chunks/h · ETA 2.66h for the segment · last finish=stop gen_tok=16
  [9150/13214 this process · 9150/13214 segment] 3.18s/row · 1545 chunks/h · ETA 2.63h for the segment · last finish=stop gen_tok=55
  [9200/13214 this process · 9200/13214 segment] 2.63s/row · 1545 chunks/h · ETA 2.60h for the segment · last finish=stop gen_tok=33
  [9250/13214 this process · 9250/13214 segment] 3.23s/row · 1544 chunks/h · ETA 2.57h for the segment · last finish=stop gen_tok=51
  [9300/13214 this process · 9300/13214 segment] 2.53s/row · 1545 chunks/h · ETA 2.53h for the segment · last finish=stop gen_tok=32
  [9350/13214 this process · 9350/13214 segment] 1.74s/row · 1545 chunks/h · ETA 2.50h for the segment · last finish=stop gen_tok=16
  [9400/13214 this process · 9400/13214 segment] 1.74s/row · 1545 chunks/h · ETA 2.47h for the segment · last finish=stop gen_tok=16
  [9450/13214 this process · 9450/13214 segment] 1.84s/row · 1546 chunks/h · ETA 2.43h for the segment · last finish=stop gen_tok=16
  [9500/13214 this process · 9500/13214 segment] 3.09s/row · 1547 chunks/h · ETA 2.40h for the segment · last finish=stop gen_tok=51
  [9550/13214 this process · 9550/13214 segment] 1.90s/row · 1547 chunks/h · ETA 2.37h for the segment · last finish=stop gen_tok=16
  [9600/13214 this process · 9600/13214 segment] 2.42s/row · 1547 chunks/h · ETA 2.34h for the segment · last finish=stop gen_tok=24
  [9650/13214 this process · 9650/13214 segment] 1.75s/row · 1548 chunks/h · ETA 2.30h for the segment · last finish=stop gen_tok=16
  [9700/13214 this process · 9700/13214 segment] 2.20s/row · 1548 chunks/h · ETA 2.27h for the segment · last finish=stop gen_tok=16
  [9750/13214 this process · 9750/13214 segment] 2.52s/row · 1548 chunks/h · ETA 2.24h for the segment · last finish=stop gen_tok=36
  [9800/13214 this process · 9800/13214 segment] 2.29s/row · 1548 chunks/h · ETA 2.20h for the segment · last finish=stop gen_tok=15
  [9850/13214 this process · 9850/13214 segment] 2.51s/row · 1549 chunks/h · ETA 2.17h for the segment · last finish=stop gen_tok=34
  [9900/13214 this process · 9900/13214 segment] 2.60s/row · 1549 chunks/h · ETA 2.14h for the segment · last finish=stop gen_tok=34
  [9950/13214 this process · 9950/13214 segment] 1.81s/row · 1549 chunks/h · ETA 2.11h for the segment · last finish=stop gen_tok=16
  [10000/13214 this process · 10000/13214 segment] 3.11s/row · 1549 chunks/h · ETA 2.07h for the segment · last finish=stop gen_tok=50
  [10050/13214 this process · 10050/13214 segment] 1.94s/row · 1549 chunks/h · ETA 2.04h for the segment · last finish=stop gen_tok=15
  [10100/13214 this process · 10100/13214 segment] 1.76s/row · 1549 chunks/h · ETA 2.01h for the segment · last finish=stop gen_tok=16
  [10150/13214 this process · 10150/13214 segment] 1.92s/row · 1550 chunks/h · ETA 1.98h for the segment · last finish=stop gen_tok=16
  [10200/13214 this process · 10200/13214 segment] 2.24s/row · 1551 chunks/h · ETA 1.94h for the segment · last finish=stop gen_tok=36
  [10250/13214 this process · 10250/13214 segment] 2.06s/row · 1551 chunks/h · ETA 1.91h for the segment · last finish=stop gen_tok=24
  [10300/13214 this process · 10300/13214 segment] 3.33s/row · 1551 chunks/h · ETA 1.88h for the segment · last finish=stop gen_tok=51
  [10350/13214 this process · 10350/13214 segment] 1.46s/row · 1551 chunks/h · ETA 1.85h for the segment · last finish=stop gen_tok=16
  [10400/13214 this process · 10400/13214 segment] 1.60s/row · 1551 chunks/h · ETA 1.81h for the segment · last finish=stop gen_tok=16
  [10450/13214 this process · 10450/13214 segment] 2.28s/row · 1552 chunks/h · ETA 1.78h for the segment · last finish=stop gen_tok=16
  [10500/13214 this process · 10500/13214 segment] 3.13s/row · 1552 chunks/h · ETA 1.75h for the segment · last finish=stop gen_tok=50
  [10550/13214 this process · 10550/13214 segment] 1.91s/row · 1552 chunks/h · ETA 1.72h for the segment · last finish=stop gen_tok=16
  [10600/13214 this process · 10600/13214 segment] 2.43s/row · 1552 chunks/h · ETA 1.68h for the segment · last finish=stop gen_tok=32
  [10650/13214 this process · 10650/13214 segment] 2.10s/row · 1552 chunks/h · ETA 1.65h for the segment · last finish=stop gen_tok=27
  [10700/13214 this process · 10700/13214 segment] 1.74s/row · 1553 chunks/h · ETA 1.62h for the segment · last finish=stop gen_tok=16
  [10750/13214 this process · 10750/13214 segment] 2.34s/row · 1552 chunks/h · ETA 1.59h for the segment · last finish=stop gen_tok=16
  [10800/13214 this process · 10800/13214 segment] 1.86s/row · 1552 chunks/h · ETA 1.56h for the segment · last finish=stop gen_tok=15
  [10850/13214 this process · 10850/13214 segment] 1.83s/row · 1552 chunks/h · ETA 1.52h for the segment · last finish=stop gen_tok=16
  [10900/13214 this process · 10900/13214 segment] 1.80s/row · 1551 chunks/h · ETA 1.49h for the segment · last finish=stop gen_tok=15
  [10950/13214 this process · 10950/13214 segment] 2.14s/row · 1552 chunks/h · ETA 1.46h for the segment · last finish=stop gen_tok=28
  [11000/13214 this process · 11000/13214 segment] 3.00s/row · 1552 chunks/h · ETA 1.43h for the segment · last finish=stop gen_tok=42
  [11050/13214 this process · 11050/13214 segment] 2.05s/row · 1551 chunks/h · ETA 1.40h for the segment · last finish=stop gen_tok=15
  [11100/13214 this process · 11100/13214 segment] 3.23s/row · 1550 chunks/h · ETA 1.36h for the segment · last finish=stop gen_tok=52
  [11150/13214 this process · 11150/13214 segment] 2.13s/row · 1550 chunks/h · ETA 1.33h for the segment · last finish=stop gen_tok=25
  [11200/13214 this process · 11200/13214 segment] 2.24s/row · 1550 chunks/h · ETA 1.30h for the segment · last finish=stop gen_tok=24
  [11250/13214 this process · 11250/13214 segment] 4.67s/row · 1550 chunks/h · ETA 1.27h for the segment · last finish=stop gen_tok=91
  [11300/13214 this process · 11300/13214 segment] 2.56s/row · 1550 chunks/h · ETA 1.23h for the segment · last finish=stop gen_tok=34
  [11350/13214 this process · 11350/13214 segment] 1.82s/row · 1550 chunks/h · ETA 1.20h for the segment · last finish=stop gen_tok=15
  [11400/13214 this process · 11400/13214 segment] 1.94s/row · 1550 chunks/h · ETA 1.17h for the segment · last finish=stop gen_tok=16
  [11450/13214 this process · 11450/13214 segment] 1.36s/row · 1550 chunks/h · ETA 1.14h for the segment · last finish=stop gen_tok=7
  [11500/13214 this process · 11500/13214 segment] 1.85s/row · 1550 chunks/h · ETA 1.11h for the segment · last finish=stop gen_tok=16
  [11550/13214 this process · 11550/13214 segment] 1.72s/row · 1551 chunks/h · ETA 1.07h for the segment · last finish=stop gen_tok=16
  [11600/13214 this process · 11600/13214 segment] 2.12s/row · 1551 chunks/h · ETA 1.04h for the segment · last finish=stop gen_tok=27
  [11650/13214 this process · 11650/13214 segment] 1.86s/row · 1551 chunks/h · ETA 1.01h for the segment · last finish=stop gen_tok=16
  [11700/13214 this process · 11700/13214 segment] 2.51s/row · 1551 chunks/h · ETA 0.98h for the segment · last finish=stop gen_tok=24
  [11750/13214 this process · 11750/13214 segment] 2.49s/row · 1550 chunks/h · ETA 0.94h for the segment · last finish=stop gen_tok=34
  [11800/13214 this process · 11800/13214 segment] 1.79s/row · 1550 chunks/h · ETA 0.91h for the segment · last finish=stop gen_tok=16
  [11850/13214 this process · 11850/13214 segment] 2.52s/row · 1549 chunks/h · ETA 0.88h for the segment · last finish=stop gen_tok=16
  [11900/13214 this process · 11900/13214 segment] 2.16s/row · 1549 chunks/h · ETA 0.85h for the segment · last finish=stop gen_tok=16
  [11950/13214 this process · 11950/13214 segment] 1.95s/row · 1549 chunks/h · ETA 0.82h for the segment · last finish=stop gen_tok=16
  [12000/13214 this process · 12000/13214 segment] 2.14s/row · 1549 chunks/h · ETA 0.78h for the segment · last finish=stop gen_tok=23
  [12050/13214 this process · 12050/13214 segment] 2.96s/row · 1548 chunks/h · ETA 0.75h for the segment · last finish=stop gen_tok=40
  [12100/13214 this process · 12100/13214 segment] 2.92s/row · 1547 chunks/h · ETA 0.72h for the segment · last finish=stop gen_tok=40
  [12150/13214 this process · 12150/13214 segment] 3.12s/row · 1547 chunks/h · ETA 0.69h for the segment · last finish=stop gen_tok=42
  [12200/13214 this process · 12200/13214 segment] 2.21s/row · 1546 chunks/h · ETA 0.66h for the segment · last finish=stop gen_tok=15
  [12250/13214 this process · 12250/13214 segment] 1.92s/row · 1546 chunks/h · ETA 0.62h for the segment · last finish=stop gen_tok=15
  [12300/13214 this process · 12300/13214 segment] 2.42s/row · 1546 chunks/h · ETA 0.59h for the segment · last finish=stop gen_tok=32
  [12350/13214 this process · 12350/13214 segment] 2.35s/row · 1545 chunks/h · ETA 0.56h for the segment · last finish=stop gen_tok=24
  [12400/13214 this process · 12400/13214 segment] 2.48s/row · 1545 chunks/h · ETA 0.53h for the segment · last finish=stop gen_tok=32
  [12450/13214 this process · 12450/13214 segment] 2.96s/row · 1544 chunks/h · ETA 0.49h for the segment · last finish=stop gen_tok=33
  [12500/13214 this process · 12500/13214 segment] 1.88s/row · 1543 chunks/h · ETA 0.46h for the segment · last finish=stop gen_tok=16
  [12550/13214 this process · 12550/13214 segment] 2.84s/row · 1543 chunks/h · ETA 0.43h for the segment · last finish=stop gen_tok=33
  [12600/13214 this process · 12600/13214 segment] 2.70s/row · 1543 chunks/h · ETA 0.40h for the segment · last finish=stop gen_tok=33
  [12650/13214 this process · 12650/13214 segment] 2.43s/row · 1542 chunks/h · ETA 0.37h for the segment · last finish=stop gen_tok=32
  [12700/13214 this process · 12700/13214 segment] 2.85s/row · 1541 chunks/h · ETA 0.33h for the segment · last finish=stop gen_tok=41
  [12750/13214 this process · 12750/13214 segment] 2.57s/row · 1541 chunks/h · ETA 0.30h for the segment · last finish=stop gen_tok=34
  [12800/13214 this process · 12800/13214 segment] 2.19s/row · 1540 chunks/h · ETA 0.27h for the segment · last finish=stop gen_tok=16
  [12850/13214 this process · 12850/13214 segment] 1.88s/row · 1540 chunks/h · ETA 0.24h for the segment · last finish=stop gen_tok=16
  [12900/13214 this process · 12900/13214 segment] 1.96s/row · 1540 chunks/h · ETA 0.20h for the segment · last finish=stop gen_tok=16
  [12950/13214 this process · 12950/13214 segment] 1.84s/row · 1539 chunks/h · ETA 0.17h for the segment · last finish=stop gen_tok=15
  [13000/13214 this process · 13000/13214 segment] 2.75s/row · 1539 chunks/h · ETA 0.14h for the segment · last finish=stop gen_tok=24
  [13050/13214 this process · 13050/13214 segment] 2.48s/row · 1538 chunks/h · ETA 0.11h for the segment · last finish=stop gen_tok=15
  [13100/13214 this process · 13100/13214 segment] 2.35s/row · 1538 chunks/h · ETA 0.07h for the segment · last finish=stop gen_tok=24
  [13150/13214 this process · 13150/13214 segment] 2.61s/row · 1537 chunks/h · ETA 0.04h for the segment · last finish=stop gen_tok=33
  [13200/13214 this process · 13200/13214 segment] 2.42s/row · 1537 chunks/h · ETA 0.01h for the segment · last finish=stop gen_tok=24
  [13214/13214 this process · 13214/13214 segment] 2.54s/row · 1537 chunks/h · ETA 0.00h for the segment · last finish=stop gen_tok=15

SEGMENT seg-005 COMPLETE — 13214/13214 rows.
Now finalize with the SYSTEM python3 (no GPU, seconds):
    python3 finetune/label_e2.py --finalize-segment seg-005
