0 already in labels.jsonl · 13214 to generate
loading base model + adapter (the only GPU work) ...
  loaded in 1.1s
  [50/13214 this process · 50/13214 segment] 2.91s/row · 1342 chunks/h · ETA 9.81h for the segment · last finish=stop gen_tok=33
  [100/13214 this process · 100/13214 segment] 2.94s/row · 1432 chunks/h · ETA 9.16h for the segment · last finish=stop gen_tok=42
  [150/13214 this process · 150/13214 segment] 2.39s/row · 1451 chunks/h · ETA 9.00h for the segment · last finish=stop gen_tok=24
  [200/13214 this process · 200/13214 segment] 1.72s/row · 1503 chunks/h · ETA 8.66h for the segment · last finish=stop gen_tok=16
  [250/13214 this process · 250/13214 segment] 1.77s/row · 1546 chunks/h · ETA 8.39h for the segment · last finish=stop gen_tok=16
  [300/13214 this process · 300/13214 segment] 1.78s/row · 1558 chunks/h · ETA 8.29h for the segment · last finish=stop gen_tok=16
  [350/13214 this process · 350/13214 segment] 2.22s/row · 1588 chunks/h · ETA 8.10h for the segment · last finish=stop gen_tok=16
  [400/13214 this process · 400/13214 segment] 2.55s/row · 1605 chunks/h · ETA 7.99h for the segment · last finish=stop gen_tok=24
  [450/13214 this process · 450/13214 segment] 1.77s/row · 1600 chunks/h · ETA 7.98h for the segment · last finish=stop gen_tok=16
  [500/13214 this process · 500/13214 segment] 2.48s/row · 1605 chunks/h · ETA 7.92h for the segment · last finish=stop gen_tok=32
  [550/13214 this process · 550/13214 segment] 2.60s/row · 1599 chunks/h · ETA 7.92h for the segment · last finish=stop gen_tok=32
  [600/13214 this process · 600/13214 segment] 3.83s/row · 1590 chunks/h · ETA 7.93h for the segment · last finish=stop gen_tok=59
  [650/13214 this process · 650/13214 segment] 2.30s/row · 1594 chunks/h · ETA 7.88h for the segment · last finish=stop gen_tok=23
  [700/13214 this process · 700/13214 segment] 2.94s/row · 1602 chunks/h · ETA 7.81h for the segment · last finish=stop gen_tok=48
  [750/13214 this process · 750/13214 segment] 1.84s/row · 1597 chunks/h · ETA 7.81h for the segment · last finish=stop gen_tok=16
  [800/13214 this process · 800/13214 segment] 2.14s/row · 1588 chunks/h · ETA 7.82h for the segment · last finish=stop gen_tok=24
  [850/13214 this process · 850/13214 segment] 2.12s/row · 1592 chunks/h · ETA 7.76h for the segment · last finish=stop gen_tok=25
  [900/13214 this process · 900/13214 segment] 1.35s/row · 1590 chunks/h · ETA 7.75h for the segment · last finish=stop gen_tok=7
  [950/13214 this process · 950/13214 segment] 3.13s/row · 1581 chunks/h · ETA 7.76h for the segment · last finish=stop gen_tok=51
  [1000/13214 this process · 1000/13214 segment] 3.59s/row · 1570 chunks/h · ETA 7.78h for the segment · last finish=stop gen_tok=59
  [1050/13214 this process · 1050/13214 segment] 1.94s/row · 1568 chunks/h · ETA 7.76h for the segment · last finish=stop gen_tok=16
  [1100/13214 this process · 1100/13214 segment] 2.36s/row · 1571 chunks/h · ETA 7.71h for the segment · last finish=stop gen_tok=33
  [1150/13214 this process · 1150/13214 segment] 2.59s/row · 1574 chunks/h · ETA 7.67h for the segment · last finish=stop gen_tok=33
  [1200/13214 this process · 1200/13214 segment] 1.78s/row · 1575 chunks/h · ETA 7.63h for the segment · last finish=stop gen_tok=16
  [1250/13214 this process · 1250/13214 segment] 3.01s/row · 1577 chunks/h · ETA 7.59h for the segment · last finish=stop gen_tok=48
  [1300/13214 this process · 1300/13214 segment] 1.70s/row · 1575 chunks/h · ETA 7.56h for the segment · last finish=stop gen_tok=16
  [1350/13214 this process · 1350/13214 segment] 1.96s/row · 1580 chunks/h · ETA 7.51h for the segment · last finish=stop gen_tok=15
  [1400/13214 this process · 1400/13214 segment] 2.10s/row · 1580 chunks/h · ETA 7.48h for the segment · last finish=stop gen_tok=27
  [1450/13214 this process · 1450/13214 segment] 2.87s/row · 1579 chunks/h · ETA 7.45h for the segment · last finish=stop gen_tok=48
  [1500/13214 this process · 1500/13214 segment] 2.20s/row · 1575 chunks/h · ETA 7.44h for the segment · last finish=stop gen_tok=15
  [1550/13214 this process · 1550/13214 segment] 3.57s/row · 1572 chunks/h · ETA 7.42h for the segment · last finish=stop gen_tok=59
  [1600/13214 this process · 1600/13214 segment] 2.23s/row · 1563 chunks/h · ETA 7.43h for the segment · last finish=stop gen_tok=16
  [1650/13214 this process · 1650/13214 segment] 2.96s/row · 1559 chunks/h · ETA 7.42h for the segment · last finish=stop gen_tok=41
  [1700/13214 this process · 1700/13214 segment] 3.84s/row · 1556 chunks/h · ETA 7.40h for the segment · last finish=stop gen_tok=42
  [1750/13214 this process · 1750/13214 segment] 2.20s/row · 1552 chunks/h · ETA 7.38h for the segment · last finish=stop gen_tok=15
  [1800/13214 this process · 1800/13214 segment] 2.22s/row · 1550 chunks/h · ETA 7.37h for the segment · last finish=stop gen_tok=16
  [1850/13214 this process · 1850/13214 segment] 2.07s/row · 1547 chunks/h · ETA 7.34h for the segment · last finish=stop gen_tok=16
  [1900/13214 this process · 1900/13214 segment] 2.14s/row · 1547 chunks/h · ETA 7.31h for the segment · last finish=stop gen_tok=16
  [1950/13214 this process · 1950/13214 segment] 2.11s/row · 1547 chunks/h · ETA 7.28h for the segment · last finish=stop gen_tok=23
  [2000/13214 this process · 2000/13214 segment] 2.96s/row · 1545 chunks/h · ETA 7.26h for the segment · last finish=stop gen_tok=45
  [2050/13214 this process · 2050/13214 segment] 3.56s/row · 1541 chunks/h · ETA 7.24h for the segment · last finish=stop gen_tok=60
  [2100/13214 this process · 2100/13214 segment] 2.25s/row · 1538 chunks/h · ETA 7.23h for the segment · last finish=stop gen_tok=24
  [2150/13214 this process · 2150/13214 segment] 3.23s/row · 1539 chunks/h · ETA 7.19h for the segment · last finish=stop gen_tok=52
  [2200/13214 this process · 2200/13214 segment] 4.09s/row · 1536 chunks/h · ETA 7.17h for the segment · last finish=stop gen_tok=58
  [2250/13214 this process · 2250/13214 segment] 2.15s/row · 1531 chunks/h · ETA 7.16h for the segment · last finish=stop gen_tok=24
  [2300/13214 this process · 2300/13214 segment] 2.24s/row · 1532 chunks/h · ETA 7.13h for the segment · last finish=stop gen_tok=24
  [2350/13214 this process · 2350/13214 segment] 2.45s/row · 1531 chunks/h · ETA 7.10h for the segment · last finish=stop gen_tok=33
  [2400/13214 this process · 2400/13214 segment] 2.50s/row · 1525 chunks/h · ETA 7.09h for the segment · last finish=stop gen_tok=33
  [2450/13214 this process · 2450/13214 segment] 2.46s/row · 1523 chunks/h · ETA 7.07h for the segment · last finish=stop gen_tok=32
  [2500/13214 this process · 2500/13214 segment] 2.92s/row · 1520 chunks/h · ETA 7.05h for the segment · last finish=stop gen_tok=40
  [2550/13214 this process · 2550/13214 segment] 2.23s/row · 1519 chunks/h · ETA 7.02h for the segment · last finish=stop gen_tok=24
  [2600/13214 this process · 2600/13214 segment] 3.14s/row · 1518 chunks/h · ETA 6.99h for the segment · last finish=stop gen_tok=42
  [2650/13214 this process · 2650/13214 segment] 2.54s/row · 1515 chunks/h · ETA 6.97h for the segment · last finish=stop gen_tok=16
  [2700/13214 this process · 2700/13214 segment] 2.21s/row · 1512 chunks/h · ETA 6.95h for the segment · last finish=stop gen_tok=23
  [2750/13214 this process · 2750/13214 segment] 2.42s/row · 1511 chunks/h · ETA 6.93h for the segment · last finish=stop gen_tok=33
  [2800/13214 this process · 2800/13214 segment] 2.18s/row · 1511 chunks/h · ETA 6.89h for the segment · last finish=stop gen_tok=27
  [2850/13214 this process · 2850/13214 segment] 1.99s/row · 1510 chunks/h · ETA 6.86h for the segment · last finish=stop gen_tok=24
  [2900/13214 this process · 2900/13214 segment] 2.75s/row · 1509 chunks/h · ETA 6.84h for the segment · last finish=stop gen_tok=34
  [2950/13214 this process · 2950/13214 segment] 3.55s/row · 1505 chunks/h · ETA 6.82h for the segment · last finish=stop gen_tok=51
  [3000/13214 this process · 3000/13214 segment] 2.65s/row · 1504 chunks/h · ETA 6.79h for the segment · last finish=stop gen_tok=33
  [3050/13214 this process · 3050/13214 segment] 2.25s/row · 1504 chunks/h · ETA 6.76h for the segment · last finish=stop gen_tok=15
  [3100/13214 this process · 3100/13214 segment] 2.23s/row · 1503 chunks/h · ETA 6.73h for the segment · last finish=stop gen_tok=16
  [3150/13214 this process · 3150/13214 segment] 2.45s/row · 1500 chunks/h · ETA 6.71h for the segment · last finish=stop gen_tok=32
  [3200/13214 this process · 3200/13214 segment] 3.01s/row · 1500 chunks/h · ETA 6.68h for the segment · last finish=stop gen_tok=42
  [3250/13214 this process · 3250/13214 segment] 2.77s/row · 1502 chunks/h · ETA 6.63h for the segment · last finish=stop gen_tok=40
  [3300/13214 this process · 3300/13214 segment] 2.42s/row · 1502 chunks/h · ETA 6.60h for the segment · last finish=stop gen_tok=33
  [3350/13214 this process · 3350/13214 segment] 2.86s/row · 1501 chunks/h · ETA 6.57h for the segment · last finish=stop gen_tok=42
  [3400/13214 this process · 3400/13214 segment] 2.08s/row · 1500 chunks/h · ETA 6.54h for the segment · last finish=stop gen_tok=24
  [3450/13214 this process · 3450/13214 segment] 3.57s/row · 1499 chunks/h · ETA 6.51h for the segment · last finish=stop gen_tok=69
  [3500/13214 this process · 3500/13214 segment] 1.83s/row · 1501 chunks/h · ETA 6.47h for the segment · last finish=stop gen_tok=16
  [3550/13214 this process · 3550/13214 segment] 2.10s/row · 1501 chunks/h · ETA 6.44h for the segment · last finish=stop gen_tok=15
  [3600/13214 this process · 3600/13214 segment] 1.78s/row · 1501 chunks/h · ETA 6.40h for the segment · last finish=stop gen_tok=16
  [3650/13214 this process · 3650/13214 segment] 3.09s/row · 1502 chunks/h · ETA 6.37h for the segment · last finish=stop gen_tok=52
  [3700/13214 this process · 3700/13214 segment] 2.18s/row · 1504 chunks/h · ETA 6.32h for the segment · last finish=stop gen_tok=16
  [3750/13214 this process · 3750/13214 segment] 1.85s/row · 1506 chunks/h · ETA 6.28h for the segment · last finish=stop gen_tok=16
  [3800/13214 this process · 3800/13214 segment] 2.21s/row · 1507 chunks/h · ETA 6.25h for the segment · last finish=stop gen_tok=16
  [3850/13214 this process · 3850/13214 segment] 1.92s/row · 1508 chunks/h · ETA 6.21h for the segment · last finish=stop gen_tok=16
  [3900/13214 this process · 3900/13214 segment] 2.15s/row · 1509 chunks/h · ETA 6.17h for the segment · last finish=stop gen_tok=16
  [3950/13214 this process · 3950/13214 segment] 2.92s/row · 1510 chunks/h · ETA 6.13h for the segment · last finish=stop gen_tok=48
  [4000/13214 this process · 4000/13214 segment] 2.56s/row · 1509 chunks/h · ETA 6.11h for the segment · last finish=stop gen_tok=33
  [4050/13214 this process · 4050/13214 segment] 2.54s/row · 1510 chunks/h · ETA 6.07h for the segment · last finish=stop gen_tok=34
  [4100/13214 this process · 4100/13214 segment] 1.99s/row · 1509 chunks/h · ETA 6.04h for the segment · last finish=stop gen_tok=16
  [4150/13214 this process · 4150/13214 segment] 2.91s/row · 1510 chunks/h · ETA 6.00h for the segment · last finish=stop gen_tok=34
  [4200/13214 this process · 4200/13214 segment] 2.41s/row · 1509 chunks/h · ETA 5.97h for the segment · last finish=stop gen_tok=33
  [4250/13214 this process · 4250/13214 segment] 2.12s/row · 1508 chunks/h · ETA 5.94h for the segment · last finish=stop gen_tok=23
  [4300/13214 this process · 4300/13214 segment] 2.02s/row · 1508 chunks/h · ETA 5.91h for the segment · last finish=stop gen_tok=15
  [4350/13214 this process · 4350/13214 segment] 1.76s/row · 1509 chunks/h · ETA 5.87h for the segment · last finish=stop gen_tok=16
  [4400/13214 this process · 4400/13214 segment] 3.11s/row · 1509 chunks/h · ETA 5.84h for the segment · last finish=stop gen_tok=24
  [4450/13214 this process · 4450/13214 segment] 1.83s/row · 1510 chunks/h · ETA 5.81h for the segment · last finish=stop gen_tok=16
  [4500/13214 this process · 4500/13214 segment] 1.92s/row · 1512 chunks/h · ETA 5.76h for the segment · last finish=stop gen_tok=16
  [4550/13214 this process · 4550/13214 segment] 2.02s/row · 1513 chunks/h · ETA 5.73h for the segment · last finish=stop gen_tok=16
  [4600/13214 this process · 4600/13214 segment] 1.78s/row · 1515 chunks/h · ETA 5.69h for the segment · last finish=stop gen_tok=16
  [4650/13214 this process · 4650/13214 segment] 1.54s/row · 1513 chunks/h · ETA 5.66h for the segment · last finish=stop gen_tok=16
  [4700/13214 this process · 4700/13214 segment] 1.98s/row · 1514 chunks/h · ETA 5.62h for the segment · last finish=stop gen_tok=16
  [4750/13214 this process · 4750/13214 segment] 1.87s/row · 1515 chunks/h · ETA 5.59h for the segment · last finish=stop gen_tok=15
  [4800/13214 this process · 4800/13214 segment] 2.76s/row · 1516 chunks/h · ETA 5.55h for the segment · last finish=stop gen_tok=32
  [4850/13214 this process · 4850/13214 segment] 2.16s/row · 1516 chunks/h · ETA 5.52h for the segment · last finish=stop gen_tok=16
  [4900/13214 this process · 4900/13214 segment] 1.95s/row · 1516 chunks/h · ETA 5.48h for the segment · last finish=stop gen_tok=15
  [4950/13214 this process · 4950/13214 segment] 1.86s/row · 1517 chunks/h · ETA 5.45h for the segment · last finish=stop gen_tok=16
  [5000/13214 this process · 5000/13214 segment] 2.78s/row · 1518 chunks/h · ETA 5.41h for the segment · last finish=stop gen_tok=33
  [5050/13214 this process · 5050/13214 segment] 2.05s/row · 1517 chunks/h · ETA 5.38h for the segment · last finish=stop gen_tok=16
  [5100/13214 this process · 5100/13214 segment] 2.48s/row · 1517 chunks/h · ETA 5.35h for the segment · last finish=stop gen_tok=33
  [5150/13214 this process · 5150/13214 segment] 2.60s/row · 1516 chunks/h · ETA 5.32h for the segment · last finish=stop gen_tok=34
  [5200/13214 this process · 5200/13214 segment] 2.94s/row · 1515 chunks/h · ETA 5.29h for the segment · last finish=stop gen_tok=45
  [5250/13214 this process · 5250/13214 segment] 1.76s/row · 1515 chunks/h · ETA 5.26h for the segment · last finish=stop gen_tok=16
  [5300/13214 this process · 5300/13214 segment] 1.76s/row · 1517 chunks/h · ETA 5.22h for the segment · last finish=stop gen_tok=16
  [5350/13214 this process · 5350/13214 segment] 1.68s/row · 1518 chunks/h · ETA 5.18h for the segment · last finish=stop gen_tok=16
  [5400/13214 this process · 5400/13214 segment] 2.29s/row · 1518 chunks/h · ETA 5.15h for the segment · last finish=stop gen_tok=24
  [5450/13214 this process · 5450/13214 segment] 2.14s/row · 1520 chunks/h · ETA 5.11h for the segment · last finish=stop gen_tok=16
  [5500/13214 this process · 5500/13214 segment] 2.76s/row · 1520 chunks/h · ETA 5.08h for the segment · last finish=stop gen_tok=36
  [5550/13214 this process · 5550/13214 segment] 2.52s/row · 1520 chunks/h · ETA 5.04h for the segment · last finish=stop gen_tok=16
  [5600/13214 this process · 5600/13214 segment] 2.12s/row · 1522 chunks/h · ETA 5.00h for the segment · last finish=stop gen_tok=16
  [5650/13214 this process · 5650/13214 segment] 2.39s/row · 1523 chunks/h · ETA 4.97h for the segment · last finish=stop gen_tok=28
  [5700/13214 this process · 5700/13214 segment] 2.61s/row · 1523 chunks/h · ETA 4.93h for the segment · last finish=stop gen_tok=36
  [5750/13214 this process · 5750/13214 segment] 1.71s/row · 1523 chunks/h · ETA 4.90h for the segment · last finish=stop gen_tok=15
  [5800/13214 this process · 5800/13214 segment] 1.92s/row · 1525 chunks/h · ETA 4.86h for the segment · last finish=stop gen_tok=16
  [5850/13214 this process · 5850/13214 segment] 2.30s/row · 1526 chunks/h · ETA 4.83h for the segment · last finish=stop gen_tok=32
  [5900/13214 this process · 5900/13214 segment] 1.92s/row · 1526 chunks/h · ETA 4.79h for the segment · last finish=stop gen_tok=16
  [5950/13214 this process · 5950/13214 segment] 1.90s/row · 1525 chunks/h · ETA 4.76h for the segment · last finish=stop gen_tok=16
  [6000/13214 this process · 6000/13214 segment] 1.83s/row · 1526 chunks/h · ETA 4.73h for the segment · last finish=stop gen_tok=16
  [6050/13214 this process · 6050/13214 segment] 3.32s/row · 1528 chunks/h · ETA 4.69h for the segment · last finish=stop gen_tok=42
  [6100/13214 this process · 6100/13214 segment] 2.44s/row · 1529 chunks/h · ETA 4.65h for the segment · last finish=stop gen_tok=34
  [6150/13214 this process · 6150/13214 segment] 2.79s/row · 1529 chunks/h · ETA 4.62h for the segment · last finish=stop gen_tok=33
  [6200/13214 this process · 6200/13214 segment] 2.89s/row · 1529 chunks/h · ETA 4.59h for the segment · last finish=stop gen_tok=48
  [6250/13214 this process · 6250/13214 segment] 1.77s/row · 1529 chunks/h · ETA 4.56h for the segment · last finish=stop gen_tok=16
  [6300/13214 this process · 6300/13214 segment] 2.00s/row · 1531 chunks/h · ETA 4.52h for the segment · last finish=stop gen_tok=16
  [6350/13214 this process · 6350/13214 segment] 3.88s/row · 1531 chunks/h · ETA 4.48h for the segment · last finish=stop gen_tok=69
  [6400/13214 this process · 6400/13214 segment] 2.13s/row · 1529 chunks/h · ETA 4.46h for the segment · last finish=stop gen_tok=24
  [6450/13214 this process · 6450/13214 segment] 2.49s/row · 1529 chunks/h · ETA 4.42h for the segment · last finish=stop gen_tok=33
  [6500/13214 this process · 6500/13214 segment] 2.74s/row · 1529 chunks/h · ETA 4.39h for the segment · last finish=stop gen_tok=42
  [6550/13214 this process · 6550/13214 segment] 1.83s/row · 1530 chunks/h · ETA 4.36h for the segment · last finish=stop gen_tok=16
  [6600/13214 this process · 6600/13214 segment] 2.41s/row · 1530 chunks/h · ETA 4.32h for the segment · last finish=stop gen_tok=33
  [6650/13214 this process · 6650/13214 segment] 2.95s/row · 1529 chunks/h · ETA 4.29h for the segment · last finish=stop gen_tok=33
  [6700/13214 this process · 6700/13214 segment] 2.06s/row · 1529 chunks/h · ETA 4.26h for the segment · last finish=stop gen_tok=24
  [6750/13214 this process · 6750/13214 segment] 2.42s/row · 1529 chunks/h · ETA 4.23h for the segment · last finish=stop gen_tok=33
  [6800/13214 this process · 6800/13214 segment] 2.60s/row · 1530 chunks/h · ETA 4.19h for the segment · last finish=stop gen_tok=16
  [6850/13214 this process · 6850/13214 segment] 2.56s/row · 1529 chunks/h · ETA 4.16h for the segment · last finish=stop gen_tok=33
  [6900/13214 this process · 6900/13214 segment] 2.04s/row · 1529 chunks/h · ETA 4.13h for the segment · last finish=stop gen_tok=27
  [6950/13214 this process · 6950/13214 segment] 2.44s/row · 1530 chunks/h · ETA 4.09h for the segment · last finish=stop gen_tok=32
  [7000/13214 this process · 7000/13214 segment] 1.69s/row · 1531 chunks/h · ETA 4.06h for the segment · last finish=stop gen_tok=16
  [7050/13214 this process · 7050/13214 segment] 1.85s/row · 1531 chunks/h · ETA 4.03h for the segment · last finish=stop gen_tok=15
  [7100/13214 this process · 7100/13214 segment] 1.88s/row · 1533 chunks/h · ETA 3.99h for the segment · last finish=stop gen_tok=15
  [7150/13214 this process · 7150/13214 segment] 2.22s/row · 1534 chunks/h · ETA 3.95h for the segment · last finish=stop gen_tok=24
  [7200/13214 this process · 7200/13214 segment] 1.98s/row · 1534 chunks/h · ETA 3.92h for the segment · last finish=stop gen_tok=16
  [7250/13214 this process · 7250/13214 segment] 2.57s/row · 1533 chunks/h · ETA 3.89h for the segment · last finish=stop gen_tok=33
  [7300/13214 this process · 7300/13214 segment] 2.43s/row · 1533 chunks/h · ETA 3.86h for the segment · last finish=stop gen_tok=34
  [7350/13214 this process · 7350/13214 segment] 2.12s/row · 1534 chunks/h · ETA 3.82h for the segment · last finish=stop gen_tok=27
  [7400/13214 this process · 7400/13214 segment] 2.31s/row · 1535 chunks/h · ETA 3.79h for the segment · last finish=stop gen_tok=15
  [7450/13214 this process · 7450/13214 segment] 1.55s/row · 1536 chunks/h · ETA 3.75h for the segment · last finish=stop gen_tok=16
  [7500/13214 this process · 7500/13214 segment] 3.52s/row · 1535 chunks/h · ETA 3.72h for the segment · last finish=stop gen_tok=58
  [7550/13214 this process · 7550/13214 segment] 2.70s/row · 1534 chunks/h · ETA 3.69h for the segment · last finish=stop gen_tok=23
  [7600/13214 this process · 7600/13214 segment] 1.91s/row · 1534 chunks/h · ETA 3.66h for the segment · last finish=stop gen_tok=16
  [7650/13214 this process · 7650/13214 segment] 2.80s/row · 1533 chunks/h · ETA 3.63h for the segment · last finish=stop gen_tok=33
  [7700/13214 this process · 7700/13214 segment] 2.49s/row · 1532 chunks/h · ETA 3.60h for the segment · last finish=stop gen_tok=33
  [7750/13214 this process · 7750/13214 segment] 1.97s/row · 1533 chunks/h · ETA 3.57h for the segment · last finish=stop gen_tok=16
  [7800/13214 this process · 7800/13214 segment] 1.47s/row · 1533 chunks/h · ETA 3.53h for the segment · last finish=stop gen_tok=16
  [7850/13214 this process · 7850/13214 segment] 2.92s/row · 1534 chunks/h · ETA 3.50h for the segment · last finish=stop gen_tok=48
  [7900/13214 this process · 7900/13214 segment] 2.46s/row · 1535 chunks/h · ETA 3.46h for the segment · last finish=stop gen_tok=34
  [7950/13214 this process · 7950/13214 segment] 2.79s/row · 1535 chunks/h · ETA 3.43h for the segment · last finish=stop gen_tok=33
  [8000/13214 this process · 8000/13214 segment] 2.05s/row · 1534 chunks/h · ETA 3.40h for the segment · last finish=stop gen_tok=24
  [8050/13214 this process · 8050/13214 segment] 1.34s/row · 1535 chunks/h · ETA 3.37h for the segment · last finish=stop gen_tok=7
  [8100/13214 this process · 8100/13214 segment] 1.85s/row · 1535 chunks/h · ETA 3.33h for the segment · last finish=stop gen_tok=16
  [8150/13214 this process · 8150/13214 segment] 1.75s/row · 1536 chunks/h · ETA 3.30h for the segment · last finish=stop gen_tok=16
  [8200/13214 this process · 8200/13214 segment] 2.76s/row · 1536 chunks/h · ETA 3.26h for the segment · last finish=stop gen_tok=34
  [8250/13214 this process · 8250/13214 segment] 4.18s/row · 1536 chunks/h · ETA 3.23h for the segment · last finish=stop gen_tok=79
  [8300/13214 this process · 8300/13214 segment] 2.93s/row · 1535 chunks/h · ETA 3.20h for the segment · last finish=stop gen_tok=48
  [8350/13214 this process · 8350/13214 segment] 2.69s/row · 1534 chunks/h · ETA 3.17h for the segment · last finish=stop gen_tok=16
  [8400/13214 this process · 8400/13214 segment] 2.24s/row · 1534 chunks/h · ETA 3.14h for the segment · last finish=stop gen_tok=16
  [8450/13214 this process · 8450/13214 segment] 2.80s/row · 1534 chunks/h · ETA 3.11h for the segment · last finish=stop gen_tok=16
  [8500/13214 this process · 8500/13214 segment] 1.83s/row · 1535 chunks/h · ETA 3.07h for the segment · last finish=stop gen_tok=16
  [8550/13214 this process · 8550/13214 segment] 2.25s/row · 1535 chunks/h · ETA 3.04h for the segment · last finish=stop gen_tok=23
  [8600/13214 this process · 8600/13214 segment] 2.44s/row · 1534 chunks/h · ETA 3.01h for the segment · last finish=stop gen_tok=24
  [8650/13214 this process · 8650/13214 segment] 3.08s/row · 1534 chunks/h · ETA 2.98h for the segment · last finish=stop gen_tok=50
  [8700/13214 this process · 8700/13214 segment] 1.80s/row · 1534 chunks/h · ETA 2.94h for the segment · last finish=stop gen_tok=15
  [8750/13214 this process · 8750/13214 segment] 3.95s/row · 1534 chunks/h · ETA 2.91h for the segment · last finish=stop gen_tok=59
  [8800/13214 this process · 8800/13214 segment] 2.53s/row · 1534 chunks/h · ETA 2.88h for the segment · last finish=stop gen_tok=16
  [8850/13214 this process · 8850/13214 segment] 3.13s/row · 1533 chunks/h · ETA 2.85h for the segment · last finish=stop gen_tok=34
  [8900/13214 this process · 8900/13214 segment] 4.03s/row · 1533 chunks/h · ETA 2.81h for the segment · last finish=stop gen_tok=69
  [8950/13214 this process · 8950/13214 segment] 1.78s/row · 1532 chunks/h · ETA 2.78h for the segment · last finish=stop gen_tok=16
  [9000/13214 this process · 9000/13214 segment] 2.29s/row · 1532 chunks/h · ETA 2.75h for the segment · last finish=stop gen_tok=16
  [9050/13214 this process · 9050/13214 segment] 1.85s/row · 1531 chunks/h · ETA 2.72h for the segment · last finish=stop gen_tok=16
  [9100/13214 this process · 9100/13214 segment] 4.06s/row · 1530 chunks/h · ETA 2.69h for the segment · last finish=stop gen_tok=59
  [9150/13214 this process · 9150/13214 segment] 2.21s/row · 1530 chunks/h · ETA 2.66h for the segment · last finish=stop gen_tok=16
  [9200/13214 this process · 9200/13214 segment] 3.23s/row · 1529 chunks/h · ETA 2.63h for the segment · last finish=stop gen_tok=41
  [9250/13214 this process · 9250/13214 segment] 2.71s/row · 1528 chunks/h · ETA 2.59h for the segment · last finish=stop gen_tok=16
  [9300/13214 this process · 9300/13214 segment] 3.39s/row · 1526 chunks/h · ETA 2.56h for the segment · last finish=stop gen_tok=51
  [9350/13214 this process · 9350/13214 segment] 3.31s/row · 1525 chunks/h · ETA 2.53h for the segment · last finish=stop gen_tok=51
  [9400/13214 this process · 9400/13214 segment] 4.25s/row · 1524 chunks/h · ETA 2.50h for the segment · last finish=stop gen_tok=70
  [9450/13214 this process · 9450/13214 segment] 2.24s/row · 1523 chunks/h · ETA 2.47h for the segment · last finish=stop gen_tok=23
  [9500/13214 this process · 9500/13214 segment] 3.27s/row · 1519 chunks/h · ETA 2.44h for the segment · last finish=stop gen_tok=50
  [9550/13214 this process · 9550/13214 segment] 2.05s/row · 1518 chunks/h · ETA 2.41h for the segment · last finish=stop gen_tok=16
  [9600/13214 this process · 9600/13214 segment] 2.51s/row · 1518 chunks/h · ETA 2.38h for the segment · last finish=stop gen_tok=24
  [9650/13214 this process · 9650/13214 segment] 2.50s/row · 1517 chunks/h · ETA 2.35h for the segment · last finish=stop gen_tok=15
  [9700/13214 this process · 9700/13214 segment] 2.41s/row · 1516 chunks/h · ETA 2.32h for the segment · last finish=stop gen_tok=16
  [9750/13214 this process · 9750/13214 segment] 2.78s/row · 1515 chunks/h · ETA 2.29h for the segment · last finish=stop gen_tok=16
  [9800/13214 this process · 9800/13214 segment] 2.44s/row · 1514 chunks/h · ETA 2.25h for the segment · last finish=stop gen_tok=23
  [9850/13214 this process · 9850/13214 segment] 3.70s/row · 1513 chunks/h · ETA 2.22h for the segment · last finish=stop gen_tok=61
  [9900/13214 this process · 9900/13214 segment] 1.96s/row · 1513 chunks/h · ETA 2.19h for the segment · last finish=stop gen_tok=16
  [9950/13214 this process · 9950/13214 segment] 4.40s/row · 1513 chunks/h · ETA 2.16h for the segment · last finish=stop gen_tok=78
  [10000/13214 this process · 10000/13214 segment] 2.14s/row · 1512 chunks/h · ETA 2.13h for the segment · last finish=stop gen_tok=16
  [10050/13214 this process · 10050/13214 segment] 1.40s/row · 1512 chunks/h · ETA 2.09h for the segment · last finish=stop gen_tok=7
  [10100/13214 this process · 10100/13214 segment] 2.99s/row · 1512 chunks/h · ETA 2.06h for the segment · last finish=stop gen_tok=41
  [10150/13214 this process · 10150/13214 segment] 1.41s/row · 1512 chunks/h · ETA 2.03h for the segment · last finish=stop gen_tok=7
  [10200/13214 this process · 10200/13214 segment] 3.24s/row · 1512 chunks/h · ETA 1.99h for the segment · last finish=stop gen_tok=33
  [10250/13214 this process · 10250/13214 segment] 2.12s/row · 1512 chunks/h · ETA 1.96h for the segment · last finish=stop gen_tok=16
  [10300/13214 this process · 10300/13214 segment] 3.18s/row · 1511 chunks/h · ETA 1.93h for the segment · last finish=stop gen_tok=42
  [10350/13214 this process · 10350/13214 segment] 2.61s/row · 1510 chunks/h · ETA 1.90h for the segment · last finish=stop gen_tok=32
  [10400/13214 this process · 10400/13214 segment] 2.03s/row · 1509 chunks/h · ETA 1.86h for the segment · last finish=stop gen_tok=16
  [10450/13214 this process · 10450/13214 segment] 1.88s/row · 1509 chunks/h · ETA 1.83h for the segment · last finish=stop gen_tok=16
  [10500/13214 this process · 10500/13214 segment] 2.54s/row · 1507 chunks/h · ETA 1.80h for the segment · last finish=stop gen_tok=24
  [10550/13214 this process · 10550/13214 segment] 2.22s/row · 1507 chunks/h · ETA 1.77h for the segment · last finish=stop gen_tok=16
  [10600/13214 this process · 10600/13214 segment] 2.75s/row · 1507 chunks/h · ETA 1.73h for the segment · last finish=stop gen_tok=33
  [10650/13214 this process · 10650/13214 segment] 2.35s/row · 1507 chunks/h · ETA 1.70h for the segment · last finish=stop gen_tok=23
  [10700/13214 this process · 10700/13214 segment] 2.57s/row · 1507 chunks/h · ETA 1.67h for the segment · last finish=stop gen_tok=33
  [10750/13214 this process · 10750/13214 segment] 2.63s/row · 1505 chunks/h · ETA 1.64h for the segment · last finish=stop gen_tok=32
  [10800/13214 this process · 10800/13214 segment] 3.04s/row · 1505 chunks/h · ETA 1.60h for the segment · last finish=stop gen_tok=34
  [10850/13214 this process · 10850/13214 segment] 1.91s/row · 1505 chunks/h · ETA 1.57h for the segment · last finish=stop gen_tok=15
  [10900/13214 this process · 10900/13214 segment] 2.65s/row · 1504 chunks/h · ETA 1.54h for the segment · last finish=stop gen_tok=15
  [10950/13214 this process · 10950/13214 segment] 3.21s/row · 1504 chunks/h · ETA 1.51h for the segment · last finish=stop gen_tok=34
  [11000/13214 this process · 11000/13214 segment] 2.78s/row · 1503 chunks/h · ETA 1.47h for the segment · last finish=stop gen_tok=32
  [11050/13214 this process · 11050/13214 segment] 1.96s/row · 1502 chunks/h · ETA 1.44h for the segment · last finish=stop gen_tok=16
  [11100/13214 this process · 11100/13214 segment] 3.14s/row · 1502 chunks/h · ETA 1.41h for the segment · last finish=stop gen_tok=34
  [11150/13214 this process · 11150/13214 segment] 2.30s/row · 1502 chunks/h · ETA 1.37h for the segment · last finish=stop gen_tok=16
  [11200/13214 this process · 11200/13214 segment] 2.06s/row · 1502 chunks/h · ETA 1.34h for the segment · last finish=stop gen_tok=16
  [11250/13214 this process · 11250/13214 segment] 2.28s/row · 1503 chunks/h · ETA 1.31h for the segment · last finish=stop gen_tok=16
  [11300/13214 this process · 11300/13214 segment] 3.44s/row · 1502 chunks/h · ETA 1.27h for the segment · last finish=stop gen_tok=50
  [11350/13214 this process · 11350/13214 segment] 2.07s/row · 1501 chunks/h · ETA 1.24h for the segment · last finish=stop gen_tok=15
  [11400/13214 this process · 11400/13214 segment] 3.45s/row · 1501 chunks/h · ETA 1.21h for the segment · last finish=stop gen_tok=52
  [11450/13214 this process · 11450/13214 segment] 1.92s/row · 1501 chunks/h · ETA 1.18h for the segment · last finish=stop gen_tok=16
  [11500/13214 this process · 11500/13214 segment] 2.48s/row · 1501 chunks/h · ETA 1.14h for the segment · last finish=stop gen_tok=32
  [11550/13214 this process · 11550/13214 segment] 2.70s/row · 1500 chunks/h · ETA 1.11h for the segment · last finish=stop gen_tok=16
  [11600/13214 this process · 11600/13214 segment] 2.29s/row · 1500 chunks/h · ETA 1.08h for the segment · last finish=stop gen_tok=16
  [11650/13214 this process · 11650/13214 segment] 1.81s/row · 1500 chunks/h · ETA 1.04h for the segment · last finish=stop gen_tok=16
  [11700/13214 this process · 11700/13214 segment] 2.50s/row · 1500 chunks/h · ETA 1.01h for the segment · last finish=stop gen_tok=33
  [11750/13214 this process · 11750/13214 segment] 2.27s/row · 1499 chunks/h · ETA 0.98h for the segment · last finish=stop gen_tok=16
  [11800/13214 this process · 11800/13214 segment] 2.34s/row · 1499 chunks/h · ETA 0.94h for the segment · last finish=stop gen_tok=15
  [11850/13214 this process · 11850/13214 segment] 3.22s/row · 1499 chunks/h · ETA 0.91h for the segment · last finish=stop gen_tok=33
  [11900/13214 this process · 11900/13214 segment] 2.18s/row · 1499 chunks/h · ETA 0.88h for the segment · last finish=stop gen_tok=15
  [11950/13214 this process · 11950/13214 segment] 2.22s/row · 1499 chunks/h · ETA 0.84h for the segment · last finish=stop gen_tok=16
  [12000/13214 this process · 12000/13214 segment] 2.28s/row · 1499 chunks/h · ETA 0.81h for the segment · last finish=stop gen_tok=16
  [12050/13214 this process · 12050/13214 segment] 2.55s/row · 1498 chunks/h · ETA 0.78h for the segment · last finish=stop gen_tok=23
  [12100/13214 this process · 12100/13214 segment] 2.45s/row · 1498 chunks/h · ETA 0.74h for the segment · last finish=stop gen_tok=24
  [12150/13214 this process · 12150/13214 segment] 3.05s/row · 1497 chunks/h · ETA 0.71h for the segment · last finish=stop gen_tok=33
  [12200/13214 this process · 12200/13214 segment] 3.35s/row · 1497 chunks/h · ETA 0.68h for the segment · last finish=stop gen_tok=54
  [12250/13214 this process · 12250/13214 segment] 2.78s/row · 1497 chunks/h · ETA 0.64h for the segment · last finish=stop gen_tok=32
  [12300/13214 this process · 12300/13214 segment] 3.09s/row · 1498 chunks/h · ETA 0.61h for the segment · last finish=stop gen_tok=41
  [12350/13214 this process · 12350/13214 segment] 2.14s/row · 1497 chunks/h · ETA 0.58h for the segment · last finish=stop gen_tok=16
  [12400/13214 this process · 12400/13214 segment] 1.81s/row · 1498 chunks/h · ETA 0.54h for the segment · last finish=stop gen_tok=15
  [12450/13214 this process · 12450/13214 segment] 2.70s/row · 1497 chunks/h · ETA 0.51h for the segment · last finish=stop gen_tok=32
  [12500/13214 this process · 12500/13214 segment] 4.84s/row · 1496 chunks/h · ETA 0.48h for the segment · last finish=stop gen_tok=88
  [12550/13214 this process · 12550/13214 segment] 2.04s/row · 1497 chunks/h · ETA 0.44h for the segment · last finish=stop gen_tok=16
  [12600/13214 this process · 12600/13214 segment] 4.13s/row · 1497 chunks/h · ETA 0.41h for the segment · last finish=stop gen_tok=69
  [12650/13214 this process · 12650/13214 segment] 2.75s/row · 1496 chunks/h · ETA 0.38h for the segment · last finish=stop gen_tok=33
  [12700/13214 this process · 12700/13214 segment] 3.40s/row · 1495 chunks/h · ETA 0.34h for the segment · last finish=stop gen_tok=51
  [12750/13214 this process · 12750/13214 segment] 2.31s/row · 1495 chunks/h · ETA 0.31h for the segment · last finish=stop gen_tok=16
  [12800/13214 this process · 12800/13214 segment] 3.01s/row · 1495 chunks/h · ETA 0.28h for the segment · last finish=stop gen_tok=54
  [12850/13214 this process · 12850/13214 segment] 2.59s/row · 1493 chunks/h · ETA 0.24h for the segment · last finish=stop gen_tok=33
  [12900/13214 this process · 12900/13214 segment] 2.53s/row · 1493 chunks/h · ETA 0.21h for the segment · last finish=stop gen_tok=33
  [12950/13214 this process · 12950/13214 segment] 2.15s/row · 1493 chunks/h · ETA 0.18h for the segment · last finish=stop gen_tok=16
  [13000/13214 this process · 13000/13214 segment] 1.90s/row · 1492 chunks/h · ETA 0.14h for the segment · last finish=stop gen_tok=15
  [13050/13214 this process · 13050/13214 segment] 2.23s/row · 1492 chunks/h · ETA 0.11h for the segment · last finish=stop gen_tok=16
  [13100/13214 this process · 13100/13214 segment] 2.39s/row · 1492 chunks/h · ETA 0.08h for the segment · last finish=stop gen_tok=27
  [13150/13214 this process · 13150/13214 segment] 2.29s/row · 1492 chunks/h · ETA 0.04h for the segment · last finish=stop gen_tok=25
  [13200/13214 this process · 13200/13214 segment] 2.04s/row · 1491 chunks/h · ETA 0.01h for the segment · last finish=stop gen_tok=16
  [13214/13214 this process · 13214/13214 segment] 3.55s/row · 1491 chunks/h · ETA 0.00h for the segment · last finish=stop gen_tok=57

SEGMENT seg-008 COMPLETE — 13214/13214 rows.
Now finalize with the SYSTEM python3 (no GPU, seconds):
    python3 finetune/label_e2.py --finalize-segment seg-008
