0 already in labels.jsonl · 13244 to generate
loading base model + adapter (the only GPU work) ...
  loaded in 1.3s
  [50/13244 this process · 50/13244 segment] 3.39s/row · 1252 chunks/h · ETA 10.54h for the segment · last finish=stop gen_tok=50
  [100/13244 this process · 100/13244 segment] 2.55s/row · 1262 chunks/h · ETA 10.42h for the segment · last finish=stop gen_tok=32
  [150/13244 this process · 150/13244 segment] 3.81s/row · 1236 chunks/h · ETA 10.59h for the segment · last finish=stop gen_tok=60
  [200/13244 this process · 200/13244 segment] 2.40s/row · 1236 chunks/h · ETA 10.56h for the segment · last finish=stop gen_tok=16
  [250/13244 this process · 250/13244 segment] 3.41s/row · 1230 chunks/h · ETA 10.56h for the segment · last finish=stop gen_tok=24
  [300/13244 this process · 300/13244 segment] 2.18s/row · 1239 chunks/h · ETA 10.45h for the segment · last finish=stop gen_tok=16
  [350/13244 this process · 350/13244 segment] 4.54s/row · 1251 chunks/h · ETA 10.31h for the segment · last finish=stop gen_tok=78
  [400/13244 this process · 400/13244 segment] 2.25s/row · 1255 chunks/h · ETA 10.24h for the segment · last finish=stop gen_tok=16
  [450/13244 this process · 450/13244 segment] 1.88s/row · 1256 chunks/h · ETA 10.19h for the segment · last finish=stop gen_tok=15
  [500/13244 this process · 500/13244 segment] 2.09s/row · 1260 chunks/h · ETA 10.12h for the segment · last finish=stop gen_tok=16
  [550/13244 this process · 550/13244 segment] 2.73s/row · 1260 chunks/h · ETA 10.08h for the segment · last finish=stop gen_tok=33
  [600/13244 this process · 600/13244 segment] 2.16s/row · 1268 chunks/h · ETA 9.97h for the segment · last finish=stop gen_tok=16
  [650/13244 this process · 650/13244 segment] 2.08s/row · 1274 chunks/h · ETA 9.89h for the segment · last finish=stop gen_tok=16
  [700/13244 this process · 700/13244 segment] 2.70s/row · 1273 chunks/h · ETA 9.85h for the segment · last finish=stop gen_tok=33
  [750/13244 this process · 750/13244 segment] 3.31s/row · 1259 chunks/h · ETA 9.92h for the segment · last finish=stop gen_tok=50
  [800/13244 this process · 800/13244 segment] 3.34s/row · 1260 chunks/h · ETA 9.87h for the segment · last finish=stop gen_tok=51
  [850/13244 this process · 850/13244 segment] 2.44s/row · 1264 chunks/h · ETA 9.80h for the segment · last finish=stop gen_tok=28
  [900/13244 this process · 900/13244 segment] 1.92s/row · 1267 chunks/h · ETA 9.75h for the segment · last finish=stop gen_tok=16
  [950/13244 this process · 950/13244 segment] 2.69s/row · 1267 chunks/h · ETA 9.70h for the segment · last finish=stop gen_tok=16
  [1000/13244 this process · 1000/13244 segment] 4.07s/row · 1271 chunks/h · ETA 9.63h for the segment · last finish=stop gen_tok=69
  [1050/13244 this process · 1050/13244 segment] 3.88s/row · 1275 chunks/h · ETA 9.57h for the segment · last finish=stop gen_tok=64
  [1100/13244 this process · 1100/13244 segment] 2.74s/row · 1268 chunks/h · ETA 9.58h for the segment · last finish=stop gen_tok=32
  [1150/13244 this process · 1150/13244 segment] 2.64s/row · 1268 chunks/h · ETA 9.54h for the segment · last finish=stop gen_tok=33
  [1200/13244 this process · 1200/13244 segment] 2.40s/row · 1267 chunks/h · ETA 9.51h for the segment · last finish=stop gen_tok=25
  [1250/13244 this process · 1250/13244 segment] 1.93s/row · 1268 chunks/h · ETA 9.46h for the segment · last finish=stop gen_tok=16
  [1300/13244 this process · 1300/13244 segment] 3.72s/row · 1265 chunks/h · ETA 9.44h for the segment · last finish=stop gen_tok=58
  [1350/13244 this process · 1350/13244 segment] 2.79s/row · 1257 chunks/h · ETA 9.46h for the segment · last finish=stop gen_tok=33
  [1400/13244 this process · 1400/13244 segment] 3.51s/row · 1257 chunks/h · ETA 9.42h for the segment · last finish=stop gen_tok=50
  [1450/13244 this process · 1450/13244 segment] 2.34s/row · 1258 chunks/h · ETA 9.38h for the segment · last finish=stop gen_tok=24
  [1500/13244 this process · 1500/13244 segment] 2.56s/row · 1259 chunks/h · ETA 9.33h for the segment · last finish=stop gen_tok=23
  [1550/13244 this process · 1550/13244 segment] 2.37s/row · 1260 chunks/h · ETA 9.28h for the segment · last finish=stop gen_tok=33
  [1600/13244 this process · 1600/13244 segment] 1.48s/row · 1260 chunks/h · ETA 9.24h for the segment · last finish=stop gen_tok=16
  [1650/13244 this process · 1650/13244 segment] 2.80s/row · 1259 chunks/h · ETA 9.21h for the segment · last finish=stop gen_tok=33
  [1700/13244 this process · 1700/13244 segment] 2.12s/row · 1263 chunks/h · ETA 9.14h for the segment · last finish=stop gen_tok=16
  [1750/13244 this process · 1750/13244 segment] 1.91s/row · 1265 chunks/h · ETA 9.09h for the segment · last finish=stop gen_tok=16
  [1800/13244 this process · 1800/13244 segment] 3.06s/row · 1267 chunks/h · ETA 9.03h for the segment · last finish=stop gen_tok=44
  [1850/13244 this process · 1850/13244 segment] 2.07s/row · 1267 chunks/h · ETA 8.99h for the segment · last finish=stop gen_tok=16
  [1900/13244 this process · 1900/13244 segment] 2.89s/row · 1270 chunks/h · ETA 8.94h for the segment · last finish=stop gen_tok=40
  [1950/13244 this process · 1950/13244 segment] 2.01s/row · 1270 chunks/h · ETA 8.89h for the segment · last finish=stop gen_tok=16
  [2000/13244 this process · 2000/13244 segment] 2.74s/row · 1272 chunks/h · ETA 8.84h for the segment · last finish=stop gen_tok=32
  [2050/13244 this process · 2050/13244 segment] 2.69s/row · 1269 chunks/h · ETA 8.82h for the segment · last finish=stop gen_tok=36
  [2100/13244 this process · 2100/13244 segment] 2.99s/row · 1265 chunks/h · ETA 8.81h for the segment · last finish=stop gen_tok=46
  [2150/13244 this process · 2150/13244 segment] 2.23s/row · 1267 chunks/h · ETA 8.75h for the segment · last finish=stop gen_tok=24
  [2200/13244 this process · 2200/13244 segment] 3.36s/row · 1266 chunks/h · ETA 8.72h for the segment · last finish=stop gen_tok=50
  [2250/13244 this process · 2250/13244 segment] 2.19s/row · 1266 chunks/h · ETA 8.68h for the segment · last finish=stop gen_tok=25
  [2300/13244 this process · 2300/13244 segment] 3.13s/row · 1270 chunks/h · ETA 8.62h for the segment · last finish=stop gen_tok=45
  [2350/13244 this process · 2350/13244 segment] 2.36s/row · 1273 chunks/h · ETA 8.56h for the segment · last finish=stop gen_tok=24
  [2400/13244 this process · 2400/13244 segment] 2.13s/row · 1275 chunks/h · ETA 8.50h for the segment · last finish=stop gen_tok=16
  [2450/13244 this process · 2450/13244 segment] 2.23s/row · 1279 chunks/h · ETA 8.44h for the segment · last finish=stop gen_tok=24
  [2500/13244 this process · 2500/13244 segment] 3.02s/row · 1282 chunks/h · ETA 8.38h for the segment · last finish=stop gen_tok=34
  [2550/13244 this process · 2550/13244 segment] 2.17s/row · 1282 chunks/h · ETA 8.34h for the segment · last finish=stop gen_tok=24
  [2600/13244 this process · 2600/13244 segment] 2.10s/row · 1285 chunks/h · ETA 8.28h for the segment · last finish=stop gen_tok=16
  [2650/13244 this process · 2650/13244 segment] 2.77s/row · 1286 chunks/h · ETA 8.24h for the segment · last finish=stop gen_tok=33
  [2700/13244 this process · 2700/13244 segment] 2.20s/row · 1290 chunks/h · ETA 8.17h for the segment · last finish=stop gen_tok=27
  [2750/13244 this process · 2750/13244 segment] 3.48s/row · 1292 chunks/h · ETA 8.13h for the segment · last finish=stop gen_tok=50
  [2800/13244 this process · 2800/13244 segment] 2.09s/row · 1294 chunks/h · ETA 8.07h for the segment · last finish=stop gen_tok=16
  [2850/13244 this process · 2850/13244 segment] 2.60s/row · 1296 chunks/h · ETA 8.02h for the segment · last finish=stop gen_tok=16
  [2900/13244 this process · 2900/13244 segment] 2.36s/row · 1302 chunks/h · ETA 7.95h for the segment · last finish=stop gen_tok=16
  [2950/13244 this process · 2950/13244 segment] 5.08s/row · 1302 chunks/h · ETA 7.90h for the segment · last finish=stop gen_tok=88
  [3000/13244 this process · 3000/13244 segment] 3.18s/row · 1300 chunks/h · ETA 7.88h for the segment · last finish=stop gen_tok=49
  [3050/13244 this process · 3050/13244 segment] 1.90s/row · 1301 chunks/h · ETA 7.83h for the segment · last finish=stop gen_tok=16
  [3100/13244 this process · 3100/13244 segment] 3.55s/row · 1300 chunks/h · ETA 7.80h for the segment · last finish=stop gen_tok=51
  [3150/13244 this process · 3150/13244 segment] 3.34s/row · 1299 chunks/h · ETA 7.77h for the segment · last finish=stop gen_tok=50
  [3200/13244 this process · 3200/13244 segment] 1.90s/row · 1296 chunks/h · ETA 7.75h for the segment · last finish=stop gen_tok=15
  [3250/13244 this process · 3250/13244 segment] 2.34s/row · 1296 chunks/h · ETA 7.71h for the segment · last finish=stop gen_tok=16
  [3300/13244 this process · 3300/13244 segment] 2.67s/row · 1296 chunks/h · ETA 7.67h for the segment · last finish=stop gen_tok=34
  [3350/13244 this process · 3350/13244 segment] 2.63s/row · 1299 chunks/h · ETA 7.62h for the segment · last finish=stop gen_tok=32
  [3400/13244 this process · 3400/13244 segment] 2.42s/row · 1300 chunks/h · ETA 7.57h for the segment · last finish=stop gen_tok=16
  [3450/13244 this process · 3450/13244 segment] 1.92s/row · 1301 chunks/h · ETA 7.53h for the segment · last finish=stop gen_tok=16
  [3500/13244 this process · 3500/13244 segment] 2.07s/row · 1304 chunks/h · ETA 7.47h for the segment · last finish=stop gen_tok=16
  [3550/13244 this process · 3550/13244 segment] 2.08s/row · 1306 chunks/h · ETA 7.42h for the segment · last finish=stop gen_tok=16
  [3600/13244 this process · 3600/13244 segment] 2.52s/row · 1306 chunks/h · ETA 7.38h for the segment · last finish=stop gen_tok=33
  [3650/13244 this process · 3650/13244 segment] 2.76s/row · 1308 chunks/h · ETA 7.34h for the segment · last finish=stop gen_tok=32
  [3700/13244 this process · 3700/13244 segment] 3.07s/row · 1306 chunks/h · ETA 7.31h for the segment · last finish=stop gen_tok=33
  [3750/13244 this process · 3750/13244 segment] 2.56s/row · 1305 chunks/h · ETA 7.28h for the segment · last finish=stop gen_tok=23
  [3800/13244 this process · 3800/13244 segment] 2.85s/row · 1302 chunks/h · ETA 7.25h for the segment · last finish=stop gen_tok=34
  [3850/13244 this process · 3850/13244 segment] 2.41s/row · 1302 chunks/h · ETA 7.22h for the segment · last finish=stop gen_tok=23
  [3900/13244 this process · 3900/13244 segment] 2.11s/row · 1302 chunks/h · ETA 7.18h for the segment · last finish=stop gen_tok=16
  [3950/13244 this process · 3950/13244 segment] 2.84s/row · 1302 chunks/h · ETA 7.14h for the segment · last finish=stop gen_tok=36
  [4000/13244 this process · 4000/13244 segment] 4.13s/row · 1301 chunks/h · ETA 7.10h for the segment · last finish=stop gen_tok=70
  [4050/13244 this process · 4050/13244 segment] 2.49s/row · 1300 chunks/h · ETA 7.07h for the segment · last finish=stop gen_tok=23
  [4100/13244 this process · 4100/13244 segment] 2.69s/row · 1301 chunks/h · ETA 7.03h for the segment · last finish=stop gen_tok=16
  [4150/13244 this process · 4150/13244 segment] 3.60s/row · 1302 chunks/h · ETA 6.99h for the segment · last finish=stop gen_tok=55
  [4200/13244 this process · 4200/13244 segment] 3.26s/row · 1301 chunks/h · ETA 6.95h for the segment · last finish=stop gen_tok=33
  [4250/13244 this process · 4250/13244 segment] 3.14s/row · 1301 chunks/h · ETA 6.91h for the segment · last finish=stop gen_tok=41
  [4300/13244 this process · 4300/13244 segment] 3.04s/row · 1301 chunks/h · ETA 6.88h for the segment · last finish=stop gen_tok=45
  [4350/13244 this process · 4350/13244 segment] 2.91s/row · 1300 chunks/h · ETA 6.84h for the segment · last finish=stop gen_tok=36
  [4400/13244 this process · 4400/13244 segment] 2.42s/row · 1300 chunks/h · ETA 6.80h for the segment · last finish=stop gen_tok=16
  [4450/13244 this process · 4450/13244 segment] 2.02s/row · 1298 chunks/h · ETA 6.78h for the segment · last finish=stop gen_tok=16
  [4500/13244 this process · 4500/13244 segment] 2.21s/row · 1299 chunks/h · ETA 6.73h for the segment · last finish=stop gen_tok=15
  [4550/13244 this process · 4550/13244 segment] 2.07s/row · 1301 chunks/h · ETA 6.68h for the segment · last finish=stop gen_tok=16
  [4600/13244 this process · 4600/13244 segment] 2.08s/row · 1304 chunks/h · ETA 6.63h for the segment · last finish=stop gen_tok=16
  [4650/13244 this process · 4650/13244 segment] 2.06s/row · 1307 chunks/h · ETA 6.57h for the segment · last finish=stop gen_tok=16
  [4700/13244 this process · 4700/13244 segment] 2.16s/row · 1309 chunks/h · ETA 6.53h for the segment · last finish=stop gen_tok=16
  [4750/13244 this process · 4750/13244 segment] 2.57s/row · 1309 chunks/h · ETA 6.49h for the segment · last finish=stop gen_tok=32
  [4800/13244 this process · 4800/13244 segment] 3.52s/row · 1309 chunks/h · ETA 6.45h for the segment · last finish=stop gen_tok=51
  [4850/13244 this process · 4850/13244 segment] 2.61s/row · 1308 chunks/h · ETA 6.42h for the segment · last finish=stop gen_tok=16
  [4900/13244 this process · 4900/13244 segment] 2.85s/row · 1309 chunks/h · ETA 6.38h for the segment · last finish=stop gen_tok=42
  [4950/13244 this process · 4950/13244 segment] 1.84s/row · 1308 chunks/h · ETA 6.34h for the segment · last finish=stop gen_tok=16
  [5000/13244 this process · 5000/13244 segment] 2.88s/row · 1309 chunks/h · ETA 6.30h for the segment · last finish=stop gen_tok=42
  [5050/13244 this process · 5050/13244 segment] 2.63s/row · 1308 chunks/h · ETA 6.26h for the segment · last finish=stop gen_tok=33
  [5100/13244 this process · 5100/13244 segment] 2.84s/row · 1308 chunks/h · ETA 6.23h for the segment · last finish=stop gen_tok=36
  [5150/13244 this process · 5150/13244 segment] 2.50s/row · 1309 chunks/h · ETA 6.18h for the segment · last finish=stop gen_tok=27
  [5200/13244 this process · 5200/13244 segment] 2.89s/row · 1311 chunks/h · ETA 6.14h for the segment · last finish=stop gen_tok=33
  [5250/13244 this process · 5250/13244 segment] 4.08s/row · 1312 chunks/h · ETA 6.09h for the segment · last finish=stop gen_tok=69
  [5300/13244 this process · 5300/13244 segment] 2.08s/row · 1314 chunks/h · ETA 6.05h for the segment · last finish=stop gen_tok=16
  [5350/13244 this process · 5350/13244 segment] 4.39s/row · 1313 chunks/h · ETA 6.01h for the segment · last finish=stop gen_tok=78
  [5400/13244 this process · 5400/13244 segment] 2.38s/row · 1313 chunks/h · ETA 5.97h for the segment · last finish=stop gen_tok=15
  [5450/13244 this process · 5450/13244 segment] 2.16s/row · 1314 chunks/h · ETA 5.93h for the segment · last finish=stop gen_tok=16
  [5500/13244 this process · 5500/13244 segment] 2.82s/row · 1315 chunks/h · ETA 5.89h for the segment · last finish=stop gen_tok=32
  [5550/13244 this process · 5550/13244 segment] 2.73s/row · 1316 chunks/h · ETA 5.85h for the segment · last finish=stop gen_tok=16
  [5600/13244 this process · 5600/13244 segment] 3.69s/row · 1317 chunks/h · ETA 5.81h for the segment · last finish=stop gen_tok=58
  [5650/13244 this process · 5650/13244 segment] 3.01s/row · 1317 chunks/h · ETA 5.76h for the segment · last finish=stop gen_tok=53
  [5700/13244 this process · 5700/13244 segment] 2.31s/row · 1317 chunks/h · ETA 5.73h for the segment · last finish=stop gen_tok=27
  [5750/13244 this process · 5750/13244 segment] 2.76s/row · 1317 chunks/h · ETA 5.69h for the segment · last finish=stop gen_tok=33
  [5800/13244 this process · 5800/13244 segment] 2.59s/row · 1318 chunks/h · ETA 5.65h for the segment · last finish=stop gen_tok=32
  [5850/13244 this process · 5850/13244 segment] 3.19s/row · 1319 chunks/h · ETA 5.60h for the segment · last finish=stop gen_tok=41
  [5900/13244 this process · 5900/13244 segment] 3.54s/row · 1319 chunks/h · ETA 5.57h for the segment · last finish=stop gen_tok=51
  [5950/13244 this process · 5950/13244 segment] 2.28s/row · 1319 chunks/h · ETA 5.53h for the segment · last finish=stop gen_tok=16
  [6000/13244 this process · 6000/13244 segment] 3.77s/row · 1319 chunks/h · ETA 5.49h for the segment · last finish=stop gen_tok=59
  [6050/13244 this process · 6050/13244 segment] 2.54s/row · 1318 chunks/h · ETA 5.46h for the segment · last finish=stop gen_tok=33
  [6100/13244 this process · 6100/13244 segment] 2.56s/row · 1319 chunks/h · ETA 5.42h for the segment · last finish=stop gen_tok=23
  [6150/13244 this process · 6150/13244 segment] 3.07s/row · 1318 chunks/h · ETA 5.38h for the segment · last finish=stop gen_tok=33
  [6200/13244 this process · 6200/13244 segment] 2.33s/row · 1317 chunks/h · ETA 5.35h for the segment · last finish=stop gen_tok=28
  [6250/13244 this process · 6250/13244 segment] 1.55s/row · 1317 chunks/h · ETA 5.31h for the segment · last finish=stop gen_tok=7
  [6300/13244 this process · 6300/13244 segment] 2.08s/row · 1318 chunks/h · ETA 5.27h for the segment · last finish=stop gen_tok=16
  [6350/13244 this process · 6350/13244 segment] 2.22s/row · 1319 chunks/h · ETA 5.23h for the segment · last finish=stop gen_tok=23
  [6400/13244 this process · 6400/13244 segment] 4.08s/row · 1319 chunks/h · ETA 5.19h for the segment · last finish=stop gen_tok=69
  [6450/13244 this process · 6450/13244 segment] 2.43s/row · 1320 chunks/h · ETA 5.15h for the segment · last finish=stop gen_tok=24
  [6500/13244 this process · 6500/13244 segment] 2.61s/row · 1319 chunks/h · ETA 5.11h for the segment · last finish=stop gen_tok=32
  [6550/13244 this process · 6550/13244 segment] 3.43s/row · 1321 chunks/h · ETA 5.07h for the segment · last finish=stop gen_tok=51
  [6600/13244 this process · 6600/13244 segment] 1.64s/row · 1321 chunks/h · ETA 5.03h for the segment · last finish=stop gen_tok=7
  [6650/13244 this process · 6650/13244 segment] 3.65s/row · 1322 chunks/h · ETA 4.99h for the segment · last finish=stop gen_tok=43
  [6700/13244 this process · 6700/13244 segment] 3.14s/row · 1322 chunks/h · ETA 4.95h for the segment · last finish=stop gen_tok=46
  [6750/13244 this process · 6750/13244 segment] 2.15s/row · 1322 chunks/h · ETA 4.91h for the segment · last finish=stop gen_tok=24
  [6800/13244 this process · 6800/13244 segment] 1.84s/row · 1322 chunks/h · ETA 4.88h for the segment · last finish=stop gen_tok=16
  [6850/13244 this process · 6850/13244 segment] 2.81s/row · 1320 chunks/h · ETA 4.84h for the segment · last finish=stop gen_tok=33
  [6900/13244 this process · 6900/13244 segment] 2.60s/row · 1318 chunks/h · ETA 4.81h for the segment · last finish=stop gen_tok=33
  [6950/13244 this process · 6950/13244 segment] 2.49s/row · 1317 chunks/h · ETA 4.78h for the segment · last finish=stop gen_tok=15
  [7000/13244 this process · 7000/13244 segment] 2.85s/row · 1317 chunks/h · ETA 4.74h for the segment · last finish=stop gen_tok=33
  [7050/13244 this process · 7050/13244 segment] 2.43s/row · 1317 chunks/h · ETA 4.70h for the segment · last finish=stop gen_tok=16
  [7100/13244 this process · 7100/13244 segment] 2.78s/row · 1317 chunks/h · ETA 4.67h for the segment · last finish=stop gen_tok=23
  [7150/13244 this process · 7150/13244 segment] 2.55s/row · 1316 chunks/h · ETA 4.63h for the segment · last finish=stop gen_tok=33
  [7200/13244 this process · 7200/13244 segment] 3.15s/row · 1316 chunks/h · ETA 4.59h for the segment · last finish=stop gen_tok=23
  [7250/13244 this process · 7250/13244 segment] 2.34s/row · 1316 chunks/h · ETA 4.55h for the segment · last finish=stop gen_tok=24
  [7300/13244 this process · 7300/13244 segment] 2.74s/row · 1316 chunks/h · ETA 4.52h for the segment · last finish=stop gen_tok=34
  [7350/13244 this process · 7350/13244 segment] 2.89s/row · 1315 chunks/h · ETA 4.48h for the segment · last finish=stop gen_tok=33
  [7400/13244 this process · 7400/13244 segment] 2.82s/row · 1313 chunks/h · ETA 4.45h for the segment · last finish=stop gen_tok=32
  [7450/13244 this process · 7450/13244 segment] 3.33s/row · 1313 chunks/h · ETA 4.41h for the segment · last finish=stop gen_tok=50
  [7500/13244 this process · 7500/13244 segment] 2.46s/row · 1313 chunks/h · ETA 4.37h for the segment · last finish=stop gen_tok=24
  [7550/13244 this process · 7550/13244 segment] 3.25s/row · 1314 chunks/h · ETA 4.33h for the segment · last finish=stop gen_tok=40
  [7600/13244 this process · 7600/13244 segment] 2.81s/row · 1313 chunks/h · ETA 4.30h for the segment · last finish=stop gen_tok=32
  [7650/13244 this process · 7650/13244 segment] 2.68s/row · 1313 chunks/h · ETA 4.26h for the segment · last finish=stop gen_tok=32
  [7700/13244 this process · 7700/13244 segment] 2.50s/row · 1312 chunks/h · ETA 4.22h for the segment · last finish=stop gen_tok=16
  [7750/13244 this process · 7750/13244 segment] 2.17s/row · 1313 chunks/h · ETA 4.19h for the segment · last finish=stop gen_tok=16
  [7800/13244 this process · 7800/13244 segment] 1.89s/row · 1312 chunks/h · ETA 4.15h for the segment · last finish=stop gen_tok=24
  [7850/13244 this process · 7850/13244 segment] 2.95s/row · 1311 chunks/h · ETA 4.11h for the segment · last finish=stop gen_tok=42
  [7900/13244 this process · 7900/13244 segment] 2.98s/row · 1311 chunks/h · ETA 4.08h for the segment · last finish=stop gen_tok=33
  [7950/13244 this process · 7950/13244 segment] 1.85s/row · 1311 chunks/h · ETA 4.04h for the segment · last finish=stop gen_tok=16
  [8000/13244 this process · 8000/13244 segment] 2.82s/row · 1310 chunks/h · ETA 4.00h for the segment · last finish=stop gen_tok=32
  [8050/13244 this process · 8050/13244 segment] 3.09s/row · 1311 chunks/h · ETA 3.96h for the segment · last finish=stop gen_tok=40
  [8100/13244 this process · 8100/13244 segment] 2.19s/row · 1310 chunks/h · ETA 3.93h for the segment · last finish=stop gen_tok=16
  [8150/13244 this process · 8150/13244 segment] 3.47s/row · 1309 chunks/h · ETA 3.89h for the segment · last finish=stop gen_tok=33
  [8200/13244 this process · 8200/13244 segment] 3.89s/row · 1308 chunks/h · ETA 3.86h for the segment · last finish=stop gen_tok=59
  [8250/13244 this process · 8250/13244 segment] 3.77s/row · 1306 chunks/h · ETA 3.82h for the segment · last finish=stop gen_tok=50
  [8300/13244 this process · 8300/13244 segment] 3.69s/row · 1305 chunks/h · ETA 3.79h for the segment · last finish=stop gen_tok=59
  [8350/13244 this process · 8350/13244 segment] 1.94s/row · 1305 chunks/h · ETA 3.75h for the segment · last finish=stop gen_tok=16
  [8400/13244 this process · 8400/13244 segment] 2.92s/row · 1306 chunks/h · ETA 3.71h for the segment · last finish=stop gen_tok=48
  [8450/13244 this process · 8450/13244 segment] 2.00s/row · 1306 chunks/h · ETA 3.67h for the segment · last finish=stop gen_tok=16
  [8500/13244 this process · 8500/13244 segment] 3.19s/row · 1305 chunks/h · ETA 3.63h for the segment · last finish=stop gen_tok=51
  [8550/13244 this process · 8550/13244 segment] 2.43s/row · 1305 chunks/h · ETA 3.60h for the segment · last finish=stop gen_tok=33
  [8600/13244 this process · 8600/13244 segment] 2.45s/row · 1305 chunks/h · ETA 3.56h for the segment · last finish=stop gen_tok=33
  [8650/13244 this process · 8650/13244 segment] 3.03s/row · 1305 chunks/h · ETA 3.52h for the segment · last finish=stop gen_tok=34
  [8700/13244 this process · 8700/13244 segment] 3.33s/row · 1305 chunks/h · ETA 3.48h for the segment · last finish=stop gen_tok=52
  [8750/13244 this process · 8750/13244 segment] 2.70s/row · 1306 chunks/h · ETA 3.44h for the segment · last finish=stop gen_tok=16
  [8800/13244 this process · 8800/13244 segment] 1.78s/row · 1306 chunks/h · ETA 3.40h for the segment · last finish=stop gen_tok=16
  [8850/13244 this process · 8850/13244 segment] 2.39s/row · 1306 chunks/h · ETA 3.37h for the segment · last finish=stop gen_tok=32
  [8900/13244 this process · 8900/13244 segment] 1.89s/row · 1306 chunks/h · ETA 3.33h for the segment · last finish=stop gen_tok=15
  [8950/13244 this process · 8950/13244 segment] 3.52s/row · 1306 chunks/h · ETA 3.29h for the segment · last finish=stop gen_tok=41
  [9000/13244 this process · 9000/13244 segment] 2.42s/row · 1306 chunks/h · ETA 3.25h for the segment · last finish=stop gen_tok=33
  [9050/13244 this process · 9050/13244 segment] 3.94s/row · 1306 chunks/h · ETA 3.21h for the segment · last finish=stop gen_tok=70
  [9100/13244 this process · 9100/13244 segment] 3.11s/row · 1307 chunks/h · ETA 3.17h for the segment · last finish=stop gen_tok=40
  [9150/13244 this process · 9150/13244 segment] 4.01s/row · 1307 chunks/h · ETA 3.13h for the segment · last finish=stop gen_tok=75
  [9200/13244 this process · 9200/13244 segment] 2.52s/row · 1307 chunks/h · ETA 3.09h for the segment · last finish=stop gen_tok=33
  [9250/13244 this process · 9250/13244 segment] 2.79s/row · 1307 chunks/h · ETA 3.06h for the segment · last finish=stop gen_tok=32
  [9300/13244 this process · 9300/13244 segment] 2.14s/row · 1308 chunks/h · ETA 3.02h for the segment · last finish=stop gen_tok=23
  [9350/13244 this process · 9350/13244 segment] 2.38s/row · 1309 chunks/h · ETA 2.97h for the segment · last finish=stop gen_tok=32
  [9400/13244 this process · 9400/13244 segment] 1.76s/row · 1310 chunks/h · ETA 2.93h for the segment · last finish=stop gen_tok=15
  [9450/13244 this process · 9450/13244 segment] 2.66s/row · 1310 chunks/h · ETA 2.90h for the segment · last finish=stop gen_tok=33
  [9500/13244 this process · 9500/13244 segment] 1.77s/row · 1310 chunks/h · ETA 2.86h for the segment · last finish=stop gen_tok=16
  [9550/13244 this process · 9550/13244 segment] 2.20s/row · 1311 chunks/h · ETA 2.82h for the segment · last finish=stop gen_tok=15
  [9600/13244 this process · 9600/13244 segment] 1.98s/row · 1312 chunks/h · ETA 2.78h for the segment · last finish=stop gen_tok=16
  [9650/13244 this process · 9650/13244 segment] 3.32s/row · 1312 chunks/h · ETA 2.74h for the segment · last finish=stop gen_tok=52
  [9700/13244 this process · 9700/13244 segment] 1.07s/row · 1313 chunks/h · ETA 2.70h for the segment · last finish=stop gen_tok=7
  [9750/13244 this process · 9750/13244 segment] 2.78s/row · 1314 chunks/h · ETA 2.66h for the segment · last finish=stop gen_tok=32
  [9800/13244 this process · 9800/13244 segment] 3.11s/row · 1315 chunks/h · ETA 2.62h for the segment · last finish=stop gen_tok=51
  [9850/13244 this process · 9850/13244 segment] 2.93s/row · 1316 chunks/h · ETA 2.58h for the segment · last finish=stop gen_tok=33
  [9900/13244 this process · 9900/13244 segment] 2.26s/row · 1316 chunks/h · ETA 2.54h for the segment · last finish=stop gen_tok=27
  [9950/13244 this process · 9950/13244 segment] 4.27s/row · 1317 chunks/h · ETA 2.50h for the segment · last finish=stop gen_tok=77
  [10000/13244 this process · 10000/13244 segment] 2.13s/row · 1317 chunks/h · ETA 2.46h for the segment · last finish=stop gen_tok=15
  [10050/13244 this process · 10050/13244 segment] 2.77s/row · 1317 chunks/h · ETA 2.43h for the segment · last finish=stop gen_tok=40
  [10100/13244 this process · 10100/13244 segment] 1.98s/row · 1318 chunks/h · ETA 2.39h for the segment · last finish=stop gen_tok=15
  [10150/13244 this process · 10150/13244 segment] 2.43s/row · 1319 chunks/h · ETA 2.35h for the segment · last finish=stop gen_tok=33
  [10200/13244 this process · 10200/13244 segment] 2.07s/row · 1320 chunks/h · ETA 2.31h for the segment · last finish=stop gen_tok=16
  [10250/13244 this process · 10250/13244 segment] 2.06s/row · 1322 chunks/h · ETA 2.27h for the segment · last finish=stop gen_tok=16
  [10300/13244 this process · 10300/13244 segment] 1.83s/row · 1323 chunks/h · ETA 2.23h for the segment · last finish=stop gen_tok=16
  [10350/13244 this process · 10350/13244 segment] 3.45s/row · 1323 chunks/h · ETA 2.19h for the segment · last finish=stop gen_tok=51
  [10400/13244 this process · 10400/13244 segment] 2.04s/row · 1323 chunks/h · ETA 2.15h for the segment · last finish=stop gen_tok=16
  [10450/13244 this process · 10450/13244 segment] 3.53s/row · 1323 chunks/h · ETA 2.11h for the segment · last finish=stop gen_tok=58
  [10500/13244 this process · 10500/13244 segment] 2.17s/row · 1323 chunks/h · ETA 2.07h for the segment · last finish=stop gen_tok=24
  [10550/13244 this process · 10550/13244 segment] 4.53s/row · 1323 chunks/h · ETA 2.04h for the segment · last finish=stop gen_tok=90
  [10600/13244 this process · 10600/13244 segment] 2.16s/row · 1323 chunks/h · ETA 2.00h for the segment · last finish=stop gen_tok=16
  [10650/13244 this process · 10650/13244 segment] 2.39s/row · 1324 chunks/h · ETA 1.96h for the segment · last finish=stop gen_tok=32
  [10700/13244 this process · 10700/13244 segment] 2.16s/row · 1325 chunks/h · ETA 1.92h for the segment · last finish=stop gen_tok=16
  [10750/13244 this process · 10750/13244 segment] 2.69s/row · 1326 chunks/h · ETA 1.88h for the segment · last finish=stop gen_tok=16
  [10800/13244 this process · 10800/13244 segment] 1.70s/row · 1327 chunks/h · ETA 1.84h for the segment · last finish=stop gen_tok=16
  [10850/13244 this process · 10850/13244 segment] 3.07s/row · 1328 chunks/h · ETA 1.80h for the segment · last finish=stop gen_tok=42
  [10900/13244 this process · 10900/13244 segment] 2.69s/row · 1329 chunks/h · ETA 1.76h for the segment · last finish=stop gen_tok=40
  [10950/13244 this process · 10950/13244 segment] 3.98s/row · 1329 chunks/h · ETA 1.73h for the segment · last finish=stop gen_tok=69
  [11000/13244 this process · 11000/13244 segment] 2.45s/row · 1329 chunks/h · ETA 1.69h for the segment · last finish=stop gen_tok=32
  [11050/13244 this process · 11050/13244 segment] 2.46s/row · 1329 chunks/h · ETA 1.65h for the segment · last finish=stop gen_tok=32
  [11100/13244 this process · 11100/13244 segment] 1.78s/row · 1330 chunks/h · ETA 1.61h for the segment · last finish=stop gen_tok=16
  [11150/13244 this process · 11150/13244 segment] 1.42s/row · 1330 chunks/h · ETA 1.57h for the segment · last finish=stop gen_tok=16
  [11200/13244 this process · 11200/13244 segment] 3.80s/row · 1330 chunks/h · ETA 1.54h for the segment · last finish=stop gen_tok=63
  [11250/13244 this process · 11250/13244 segment] 1.83s/row · 1330 chunks/h · ETA 1.50h for the segment · last finish=stop gen_tok=15
  [11300/13244 this process · 11300/13244 segment] 2.05s/row · 1330 chunks/h · ETA 1.46h for the segment · last finish=stop gen_tok=15
  [11350/13244 this process · 11350/13244 segment] 3.15s/row · 1331 chunks/h · ETA 1.42h for the segment · last finish=stop gen_tok=50
  [11400/13244 this process · 11400/13244 segment] 2.66s/row · 1331 chunks/h · ETA 1.39h for the segment · last finish=stop gen_tok=33
  [11450/13244 this process · 11450/13244 segment] 3.76s/row · 1332 chunks/h · ETA 1.35h for the segment · last finish=stop gen_tok=68
  [11500/13244 this process · 11500/13244 segment] 2.31s/row · 1332 chunks/h · ETA 1.31h for the segment · last finish=stop gen_tok=24
  [11550/13244 this process · 11550/13244 segment] 2.18s/row · 1332 chunks/h · ETA 1.27h for the segment · last finish=stop gen_tok=24
  [11600/13244 this process · 11600/13244 segment] 3.20s/row · 1332 chunks/h · ETA 1.23h for the segment · last finish=stop gen_tok=51
  [11650/13244 this process · 11650/13244 segment] 1.75s/row · 1332 chunks/h · ETA 1.20h for the segment · last finish=stop gen_tok=15
  [11700/13244 this process · 11700/13244 segment] 2.90s/row · 1332 chunks/h · ETA 1.16h for the segment · last finish=stop gen_tok=43
  [11750/13244 this process · 11750/13244 segment] 3.79s/row · 1332 chunks/h · ETA 1.12h for the segment · last finish=stop gen_tok=68
  [11800/13244 this process · 11800/13244 segment] 2.97s/row · 1332 chunks/h · ETA 1.08h for the segment · last finish=stop gen_tok=49
  [11850/13244 this process · 11850/13244 segment] 3.16s/row · 1332 chunks/h · ETA 1.05h for the segment · last finish=stop gen_tok=42
  [11900/13244 this process · 11900/13244 segment] 1.72s/row · 1333 chunks/h · ETA 1.01h for the segment · last finish=stop gen_tok=16
  [11950/13244 this process · 11950/13244 segment] 3.02s/row · 1334 chunks/h · ETA 0.97h for the segment · last finish=stop gen_tok=32
  [12000/13244 this process · 12000/13244 segment] 1.78s/row · 1334 chunks/h · ETA 0.93h for the segment · last finish=stop gen_tok=16
  [12050/13244 this process · 12050/13244 segment] 2.21s/row · 1336 chunks/h · ETA 0.89h for the segment · last finish=stop gen_tok=16
  [12100/13244 this process · 12100/13244 segment] 1.85s/row · 1336 chunks/h · ETA 0.86h for the segment · last finish=stop gen_tok=16
  [12150/13244 this process · 12150/13244 segment] 1.93s/row · 1337 chunks/h · ETA 0.82h for the segment · last finish=stop gen_tok=16
  [12200/13244 this process · 12200/13244 segment] 3.28s/row · 1337 chunks/h · ETA 0.78h for the segment · last finish=stop gen_tok=33
  [12250/13244 this process · 12250/13244 segment] 3.57s/row · 1337 chunks/h · ETA 0.74h for the segment · last finish=stop gen_tok=59
  [12300/13244 this process · 12300/13244 segment] 2.17s/row · 1338 chunks/h · ETA 0.71h for the segment · last finish=stop gen_tok=16
  [12350/13244 this process · 12350/13244 segment] 2.31s/row · 1339 chunks/h · ETA 0.67h for the segment · last finish=stop gen_tok=24
  [12400/13244 this process · 12400/13244 segment] 2.05s/row · 1340 chunks/h · ETA 0.63h for the segment · last finish=stop gen_tok=15
  [12450/13244 this process · 12450/13244 segment] 2.40s/row · 1340 chunks/h · ETA 0.59h for the segment · last finish=stop gen_tok=32
  [12500/13244 this process · 12500/13244 segment] 2.11s/row · 1341 chunks/h · ETA 0.55h for the segment · last finish=stop gen_tok=16
  [12550/13244 this process · 12550/13244 segment] 3.27s/row · 1341 chunks/h · ETA 0.52h for the segment · last finish=stop gen_tok=51
  [12600/13244 this process · 12600/13244 segment] 2.89s/row · 1342 chunks/h · ETA 0.48h for the segment · last finish=stop gen_tok=45
  [12650/13244 this process · 12650/13244 segment] 2.71s/row · 1342 chunks/h · ETA 0.44h for the segment · last finish=stop gen_tok=36
  [12700/13244 this process · 12700/13244 segment] 1.80s/row · 1343 chunks/h · ETA 0.41h for the segment · last finish=stop gen_tok=15
  [12750/13244 this process · 12750/13244 segment] 1.93s/row · 1343 chunks/h · ETA 0.37h for the segment · last finish=stop gen_tok=16
  [12800/13244 this process · 12800/13244 segment] 2.85s/row · 1344 chunks/h · ETA 0.33h for the segment · last finish=stop gen_tok=32
  [12850/13244 this process · 12850/13244 segment] 3.24s/row · 1345 chunks/h · ETA 0.29h for the segment · last finish=stop gen_tok=42
  [12900/13244 this process · 12900/13244 segment] 3.20s/row · 1345 chunks/h · ETA 0.26h for the segment · last finish=stop gen_tok=51
  [12950/13244 this process · 12950/13244 segment] 2.41s/row · 1345 chunks/h · ETA 0.22h for the segment · last finish=stop gen_tok=33
  [13000/13244 this process · 13000/13244 segment] 2.78s/row · 1345 chunks/h · ETA 0.18h for the segment · last finish=stop gen_tok=32
  [13050/13244 this process · 13050/13244 segment] 3.12s/row · 1345 chunks/h · ETA 0.14h for the segment · last finish=stop gen_tok=51
  [13100/13244 this process · 13100/13244 segment] 2.50s/row · 1345 chunks/h · ETA 0.11h for the segment · last finish=stop gen_tok=33
  [13150/13244 this process · 13150/13244 segment] 3.33s/row · 1345 chunks/h · ETA 0.07h for the segment · last finish=stop gen_tok=42
  [13200/13244 this process · 13200/13244 segment] 2.74s/row · 1346 chunks/h · ETA 0.03h for the segment · last finish=stop gen_tok=45
  [13244/13244 this process · 13244/13244 segment] 1.17s/row · 1347 chunks/h · ETA 0.00h for the segment · last finish=stop gen_tok=7

SEGMENT seg-012 COMPLETE — 13244/13244 rows.
Now finalize with the SYSTEM python3 (no GPU, seconds):
    python3 finetune/label_e2.py --finalize-segment seg-012
