0 already in labels.jsonl · 13329 to generate
loading base model + adapter (the only GPU work) ...
  loaded in 1.3s
  [50/13329 this process · 50/13329 segment] 2.38s/row · 1648 chunks/h · ETA 8.06h for the segment · last finish=stop gen_tok=32
  [100/13329 this process · 100/13329 segment] 1.95s/row · 1599 chunks/h · ETA 8.27h for the segment · last finish=stop gen_tok=16
  [150/13329 this process · 150/13329 segment] 2.74s/row · 1578 chunks/h · ETA 8.35h for the segment · last finish=stop gen_tok=42
  [200/13329 this process · 200/13329 segment] 1.70s/row · 1603 chunks/h · ETA 8.19h for the segment · last finish=stop gen_tok=15
  [250/13329 this process · 250/13329 segment] 1.64s/row · 1617 chunks/h · ETA 8.09h for the segment · last finish=stop gen_tok=15
  [300/13329 this process · 300/13329 segment] 2.23s/row · 1621 chunks/h · ETA 8.04h for the segment · last finish=stop gen_tok=32
  [350/13329 this process · 350/13329 segment] 1.74s/row · 1620 chunks/h · ETA 8.01h for the segment · last finish=stop gen_tok=16
  [400/13329 this process · 400/13329 segment] 2.32s/row · 1645 chunks/h · ETA 7.86h for the segment · last finish=stop gen_tok=33
  [450/13329 this process · 450/13329 segment] 1.58s/row · 1673 chunks/h · ETA 7.70h for the segment · last finish=stop gen_tok=16
  [500/13329 this process · 500/13329 segment] 2.44s/row · 1699 chunks/h · ETA 7.55h for the segment · last finish=stop gen_tok=34
  [550/13329 this process · 550/13329 segment] 2.25s/row · 1716 chunks/h · ETA 7.45h for the segment · last finish=stop gen_tok=33
  [600/13329 this process · 600/13329 segment] 1.02s/row · 1719 chunks/h · ETA 7.41h for the segment · last finish=stop gen_tok=7
  [650/13329 this process · 650/13329 segment] 2.24s/row · 1708 chunks/h · ETA 7.42h for the segment · last finish=stop gen_tok=24
  [700/13329 this process · 700/13329 segment] 2.20s/row · 1685 chunks/h · ETA 7.50h for the segment · last finish=stop gen_tok=33
  [750/13329 this process · 750/13329 segment] 2.35s/row · 1681 chunks/h · ETA 7.48h for the segment · last finish=stop gen_tok=33
  [800/13329 this process · 800/13329 segment] 1.69s/row · 1670 chunks/h · ETA 7.50h for the segment · last finish=stop gen_tok=15
  [850/13329 this process · 850/13329 segment] 1.66s/row · 1674 chunks/h · ETA 7.45h for the segment · last finish=stop gen_tok=16
  [900/13329 this process · 900/13329 segment] 2.83s/row · 1669 chunks/h · ETA 7.45h for the segment · last finish=stop gen_tok=49
  [950/13329 this process · 950/13329 segment] 2.32s/row · 1673 chunks/h · ETA 7.40h for the segment · last finish=stop gen_tok=33
  [1000/13329 this process · 1000/13329 segment] 2.41s/row · 1678 chunks/h · ETA 7.35h for the segment · last finish=stop gen_tok=33
  [1050/13329 this process · 1050/13329 segment] 2.24s/row · 1682 chunks/h · ETA 7.30h for the segment · last finish=stop gen_tok=32
  [1100/13329 this process · 1100/13329 segment] 2.21s/row · 1677 chunks/h · ETA 7.29h for the segment · last finish=stop gen_tok=33
  [1150/13329 this process · 1150/13329 segment] 1.66s/row · 1678 chunks/h · ETA 7.26h for the segment · last finish=stop gen_tok=16
  [1200/13329 this process · 1200/13329 segment] 2.28s/row · 1681 chunks/h · ETA 7.21h for the segment · last finish=stop gen_tok=32
  [1250/13329 this process · 1250/13329 segment] 1.66s/row · 1681 chunks/h · ETA 7.18h for the segment · last finish=stop gen_tok=16
  [1300/13329 this process · 1300/13329 segment] 2.22s/row · 1674 chunks/h · ETA 7.19h for the segment · last finish=stop gen_tok=32
  [1350/13329 this process · 1350/13329 segment] 2.26s/row · 1670 chunks/h · ETA 7.17h for the segment · last finish=stop gen_tok=33
  [1400/13329 this process · 1400/13329 segment] 2.99s/row · 1664 chunks/h · ETA 7.17h for the segment · last finish=stop gen_tok=50
  [1450/13329 this process · 1450/13329 segment] 1.75s/row · 1667 chunks/h · ETA 7.13h for the segment · last finish=stop gen_tok=16
  [1500/13329 this process · 1500/13329 segment] 1.73s/row · 1670 chunks/h · ETA 7.08h for the segment · last finish=stop gen_tok=16
  [1550/13329 this process · 1550/13329 segment] 2.47s/row · 1666 chunks/h · ETA 7.07h for the segment · last finish=stop gen_tok=33
  [1600/13329 this process · 1600/13329 segment] 1.77s/row · 1669 chunks/h · ETA 7.03h for the segment · last finish=stop gen_tok=15
  [1650/13329 this process · 1650/13329 segment] 2.68s/row · 1672 chunks/h · ETA 6.99h for the segment · last finish=stop gen_tok=48
  [1700/13329 this process · 1700/13329 segment] 2.38s/row · 1675 chunks/h · ETA 6.94h for the segment · last finish=stop gen_tok=34
  [1750/13329 this process · 1750/13329 segment] 1.73s/row · 1675 chunks/h · ETA 6.91h for the segment · last finish=stop gen_tok=16
  [1800/13329 this process · 1800/13329 segment] 2.29s/row · 1670 chunks/h · ETA 6.90h for the segment · last finish=stop gen_tok=34
  [1850/13329 this process · 1850/13329 segment] 1.67s/row · 1668 chunks/h · ETA 6.88h for the segment · last finish=stop gen_tok=16
  [1900/13329 this process · 1900/13329 segment] 2.49s/row · 1666 chunks/h · ETA 6.86h for the segment · last finish=stop gen_tok=33
  [1950/13329 this process · 1950/13329 segment] 2.46s/row · 1663 chunks/h · ETA 6.84h for the segment · last finish=stop gen_tok=32
  [2000/13329 this process · 2000/13329 segment] 2.71s/row · 1660 chunks/h · ETA 6.83h for the segment · last finish=stop gen_tok=23
  [2050/13329 this process · 2050/13329 segment] 2.06s/row · 1656 chunks/h · ETA 6.81h for the segment · last finish=stop gen_tok=16
  [2100/13329 this process · 2100/13329 segment] 1.29s/row · 1656 chunks/h · ETA 6.78h for the segment · last finish=stop gen_tok=7
  [2150/13329 this process · 2150/13329 segment] 2.34s/row · 1657 chunks/h · ETA 6.75h for the segment · last finish=stop gen_tok=33
  [2200/13329 this process · 2200/13329 segment] 1.89s/row · 1660 chunks/h · ETA 6.71h for the segment · last finish=stop gen_tok=23
  [2250/13329 this process · 2250/13329 segment] 1.29s/row · 1660 chunks/h · ETA 6.67h for the segment · last finish=stop gen_tok=7
  [2300/13329 this process · 2300/13329 segment] 2.06s/row · 1667 chunks/h · ETA 6.62h for the segment · last finish=stop gen_tok=25
  [2350/13329 this process · 2350/13329 segment] 1.83s/row · 1664 chunks/h · ETA 6.60h for the segment · last finish=stop gen_tok=15
  [2400/13329 this process · 2400/13329 segment] 2.90s/row · 1662 chunks/h · ETA 6.58h for the segment · last finish=stop gen_tok=48
  [2450/13329 this process · 2450/13329 segment] 1.93s/row · 1662 chunks/h · ETA 6.54h for the segment · last finish=stop gen_tok=24
  [2500/13329 this process · 2500/13329 segment] 2.61s/row · 1657 chunks/h · ETA 6.53h for the segment · last finish=stop gen_tok=43
  [2550/13329 this process · 2550/13329 segment] 1.92s/row · 1659 chunks/h · ETA 6.50h for the segment · last finish=stop gen_tok=15
  [2600/13329 this process · 2600/13329 segment] 3.72s/row · 1655 chunks/h · ETA 6.48h for the segment · last finish=stop gen_tok=69
  [2650/13329 this process · 2650/13329 segment] 2.01s/row · 1654 chunks/h · ETA 6.46h for the segment · last finish=stop gen_tok=27
  [2700/13329 this process · 2700/13329 segment] 1.66s/row · 1651 chunks/h · ETA 6.44h for the segment · last finish=stop gen_tok=16
  [2750/13329 this process · 2750/13329 segment] 2.69s/row · 1649 chunks/h · ETA 6.41h for the segment · last finish=stop gen_tok=48
  [2800/13329 this process · 2800/13329 segment] 2.47s/row · 1652 chunks/h · ETA 6.37h for the segment · last finish=stop gen_tok=33
  [2850/13329 this process · 2850/13329 segment] 2.28s/row · 1652 chunks/h · ETA 6.34h for the segment · last finish=stop gen_tok=32
  [2900/13329 this process · 2900/13329 segment] 3.69s/row · 1653 chunks/h · ETA 6.31h for the segment · last finish=stop gen_tok=70
  [2950/13329 this process · 2950/13329 segment] 2.04s/row · 1653 chunks/h · ETA 6.28h for the segment · last finish=stop gen_tok=23
  [3000/13329 this process · 3000/13329 segment] 2.01s/row · 1654 chunks/h · ETA 6.24h for the segment · last finish=stop gen_tok=15
  [3050/13329 this process · 3050/13329 segment] 1.81s/row · 1653 chunks/h · ETA 6.22h for the segment · last finish=stop gen_tok=24
  [3100/13329 this process · 3100/13329 segment] 2.47s/row · 1651 chunks/h · ETA 6.19h for the segment · last finish=stop gen_tok=16
  [3150/13329 this process · 3150/13329 segment] 2.19s/row · 1651 chunks/h · ETA 6.16h for the segment · last finish=stop gen_tok=16
  [3200/13329 this process · 3200/13329 segment] 2.31s/row · 1650 chunks/h · ETA 6.14h for the segment · last finish=stop gen_tok=23
  [3250/13329 this process · 3250/13329 segment] 2.97s/row · 1648 chunks/h · ETA 6.12h for the segment · last finish=stop gen_tok=40
  [3300/13329 this process · 3300/13329 segment] 2.10s/row · 1647 chunks/h · ETA 6.09h for the segment · last finish=stop gen_tok=16
  [3350/13329 this process · 3350/13329 segment] 1.57s/row · 1644 chunks/h · ETA 6.07h for the segment · last finish=stop gen_tok=15
  [3400/13329 this process · 3400/13329 segment] 2.87s/row · 1643 chunks/h · ETA 6.04h for the segment · last finish=stop gen_tok=40
  [3450/13329 this process · 3450/13329 segment] 1.99s/row · 1642 chunks/h · ETA 6.02h for the segment · last finish=stop gen_tok=24
  [3500/13329 this process · 3500/13329 segment] 2.37s/row · 1640 chunks/h · ETA 5.99h for the segment · last finish=stop gen_tok=24
  [3550/13329 this process · 3550/13329 segment] 1.87s/row · 1636 chunks/h · ETA 5.98h for the segment · last finish=stop gen_tok=23
  [3600/13329 this process · 3600/13329 segment] 3.23s/row · 1632 chunks/h · ETA 5.96h for the segment · last finish=stop gen_tok=60
  [3650/13329 this process · 3650/13329 segment] 2.71s/row · 1631 chunks/h · ETA 5.93h for the segment · last finish=stop gen_tok=41
  [3700/13329 this process · 3700/13329 segment] 1.69s/row · 1630 chunks/h · ETA 5.91h for the segment · last finish=stop gen_tok=16
  [3750/13329 this process · 3750/13329 segment] 2.80s/row · 1629 chunks/h · ETA 5.88h for the segment · last finish=stop gen_tok=24
  [3800/13329 this process · 3800/13329 segment] 1.99s/row · 1628 chunks/h · ETA 5.85h for the segment · last finish=stop gen_tok=27
  [3850/13329 this process · 3850/13329 segment] 3.29s/row · 1627 chunks/h · ETA 5.83h for the segment · last finish=stop gen_tok=60
  [3900/13329 this process · 3900/13329 segment] 2.25s/row · 1626 chunks/h · ETA 5.80h for the segment · last finish=stop gen_tok=16
  [3950/13329 this process · 3950/13329 segment] 2.72s/row · 1626 chunks/h · ETA 5.77h for the segment · last finish=stop gen_tok=40
  [4000/13329 this process · 4000/13329 segment] 2.00s/row · 1625 chunks/h · ETA 5.74h for the segment · last finish=stop gen_tok=23
  [4050/13329 this process · 4050/13329 segment] 1.91s/row · 1622 chunks/h · ETA 5.72h for the segment · last finish=stop gen_tok=25
  [4100/13329 this process · 4100/13329 segment] 1.78s/row · 1622 chunks/h · ETA 5.69h for the segment · last finish=stop gen_tok=15
  [4150/13329 this process · 4150/13329 segment] 1.65s/row · 1622 chunks/h · ETA 5.66h for the segment · last finish=stop gen_tok=15
  [4200/13329 this process · 4200/13329 segment] 1.86s/row · 1624 chunks/h · ETA 5.62h for the segment · last finish=stop gen_tok=15
  [4250/13329 this process · 4250/13329 segment] 1.63s/row · 1623 chunks/h · ETA 5.59h for the segment · last finish=stop gen_tok=16
  [4300/13329 this process · 4300/13329 segment] 2.24s/row · 1622 chunks/h · ETA 5.57h for the segment · last finish=stop gen_tok=16
  [4350/13329 this process · 4350/13329 segment] 3.57s/row · 1621 chunks/h · ETA 5.54h for the segment · last finish=stop gen_tok=70
  [4400/13329 this process · 4400/13329 segment] 1.99s/row · 1622 chunks/h · ETA 5.51h for the segment · last finish=stop gen_tok=23
  [4450/13329 this process · 4450/13329 segment] 1.42s/row · 1625 chunks/h · ETA 5.46h for the segment · last finish=stop gen_tok=16
  [4500/13329 this process · 4500/13329 segment] 2.93s/row · 1623 chunks/h · ETA 5.44h for the segment · last finish=stop gen_tok=40
  [4550/13329 this process · 4550/13329 segment] 3.48s/row · 1624 chunks/h · ETA 5.41h for the segment · last finish=stop gen_tok=68
  [4600/13329 this process · 4600/13329 segment] 1.22s/row · 1625 chunks/h · ETA 5.37h for the segment · last finish=stop gen_tok=7
  [4650/13329 this process · 4650/13329 segment] 1.90s/row · 1623 chunks/h · ETA 5.35h for the segment · last finish=stop gen_tok=16
  [4700/13329 this process · 4700/13329 segment] 1.93s/row · 1622 chunks/h · ETA 5.32h for the segment · last finish=stop gen_tok=27
  [4750/13329 this process · 4750/13329 segment] 2.24s/row · 1623 chunks/h · ETA 5.29h for the segment · last finish=stop gen_tok=34
  [4800/13329 this process · 4800/13329 segment] 1.89s/row · 1624 chunks/h · ETA 5.25h for the segment · last finish=stop gen_tok=16
  [4850/13329 this process · 4850/13329 segment] 2.64s/row · 1623 chunks/h · ETA 5.22h for the segment · last finish=stop gen_tok=41
  [4900/13329 this process · 4900/13329 segment] 2.87s/row · 1621 chunks/h · ETA 5.20h for the segment · last finish=stop gen_tok=50
  [4950/13329 this process · 4950/13329 segment] 2.07s/row · 1621 chunks/h · ETA 5.17h for the segment · last finish=stop gen_tok=23
  [5000/13329 this process · 5000/13329 segment] 1.60s/row · 1621 chunks/h · ETA 5.14h for the segment · last finish=stop gen_tok=16
  [5050/13329 this process · 5050/13329 segment] 1.55s/row · 1621 chunks/h · ETA 5.11h for the segment · last finish=stop gen_tok=16
  [5100/13329 this process · 5100/13329 segment] 1.51s/row · 1619 chunks/h · ETA 5.08h for the segment · last finish=stop gen_tok=15
  [5150/13329 this process · 5150/13329 segment] 2.61s/row · 1617 chunks/h · ETA 5.06h for the segment · last finish=stop gen_tok=33
  [5200/13329 this process · 5200/13329 segment] 1.74s/row · 1618 chunks/h · ETA 5.02h for the segment · last finish=stop gen_tok=16
  [5250/13329 this process · 5250/13329 segment] 2.66s/row · 1619 chunks/h · ETA 4.99h for the segment · last finish=stop gen_tok=46
  [5300/13329 this process · 5300/13329 segment] 2.33s/row · 1619 chunks/h · ETA 4.96h for the segment · last finish=stop gen_tok=33
  [5350/13329 this process · 5350/13329 segment] 2.29s/row · 1619 chunks/h · ETA 4.93h for the segment · last finish=stop gen_tok=34
  [5400/13329 this process · 5400/13329 segment] 2.01s/row · 1621 chunks/h · ETA 4.89h for the segment · last finish=stop gen_tok=23
  [5450/13329 this process · 5450/13329 segment] 2.56s/row · 1621 chunks/h · ETA 4.86h for the segment · last finish=stop gen_tok=45
  [5500/13329 this process · 5500/13329 segment] 2.61s/row · 1621 chunks/h · ETA 4.83h for the segment · last finish=stop gen_tok=45
  [5550/13329 this process · 5550/13329 segment] 2.16s/row · 1621 chunks/h · ETA 4.80h for the segment · last finish=stop gen_tok=16
  [5600/13329 this process · 5600/13329 segment] 1.80s/row · 1621 chunks/h · ETA 4.77h for the segment · last finish=stop gen_tok=27
  [5650/13329 this process · 5650/13329 segment] 1.65s/row · 1621 chunks/h · ETA 4.74h for the segment · last finish=stop gen_tok=15
  [5700/13329 this process · 5700/13329 segment] 1.24s/row · 1624 chunks/h · ETA 4.70h for the segment · last finish=stop gen_tok=7
  [5750/13329 this process · 5750/13329 segment] 1.62s/row · 1624 chunks/h · ETA 4.67h for the segment · last finish=stop gen_tok=16
  [5800/13329 this process · 5800/13329 segment] 1.71s/row · 1624 chunks/h · ETA 4.64h for the segment · last finish=stop gen_tok=15
  [5850/13329 this process · 5850/13329 segment] 2.71s/row · 1624 chunks/h · ETA 4.61h for the segment · last finish=stop gen_tok=48
  [5900/13329 this process · 5900/13329 segment] 1.62s/row · 1625 chunks/h · ETA 4.57h for the segment · last finish=stop gen_tok=16
  [5950/13329 this process · 5950/13329 segment] 1.67s/row · 1625 chunks/h · ETA 4.54h for the segment · last finish=stop gen_tok=16
  [6000/13329 this process · 6000/13329 segment] 1.67s/row · 1625 chunks/h · ETA 4.51h for the segment · last finish=stop gen_tok=16
  [6050/13329 this process · 6050/13329 segment] 2.37s/row · 1624 chunks/h · ETA 4.48h for the segment · last finish=stop gen_tok=34
  [6100/13329 this process · 6100/13329 segment] 2.08s/row · 1626 chunks/h · ETA 4.45h for the segment · last finish=stop gen_tok=28
  [6150/13329 this process · 6150/13329 segment] 1.57s/row · 1627 chunks/h · ETA 4.41h for the segment · last finish=stop gen_tok=15
  [6200/13329 this process · 6200/13329 segment] 1.79s/row · 1628 chunks/h · ETA 4.38h for the segment · last finish=stop gen_tok=15
  [6250/13329 this process · 6250/13329 segment] 1.88s/row · 1630 chunks/h · ETA 4.34h for the segment · last finish=stop gen_tok=16
  [6300/13329 this process · 6300/13329 segment] 3.35s/row · 1631 chunks/h · ETA 4.31h for the segment · last finish=stop gen_tok=58
  [6350/13329 this process · 6350/13329 segment] 2.31s/row · 1630 chunks/h · ETA 4.28h for the segment · last finish=stop gen_tok=16
  [6400/13329 this process · 6400/13329 segment] 2.01s/row · 1631 chunks/h · ETA 4.25h for the segment · last finish=stop gen_tok=24
  [6450/13329 this process · 6450/13329 segment] 2.20s/row · 1633 chunks/h · ETA 4.21h for the segment · last finish=stop gen_tok=27
  [6500/13329 this process · 6500/13329 segment] 1.61s/row · 1634 chunks/h · ETA 4.18h for the segment · last finish=stop gen_tok=16
  [6550/13329 this process · 6550/13329 segment] 1.97s/row · 1634 chunks/h · ETA 4.15h for the segment · last finish=stop gen_tok=27
  [6600/13329 this process · 6600/13329 segment] 1.55s/row · 1635 chunks/h · ETA 4.12h for the segment · last finish=stop gen_tok=16
  [6650/13329 this process · 6650/13329 segment] 1.62s/row · 1636 chunks/h · ETA 4.08h for the segment · last finish=stop gen_tok=16
  [6700/13329 this process · 6700/13329 segment] 1.69s/row · 1636 chunks/h · ETA 4.05h for the segment · last finish=stop gen_tok=16
  [6750/13329 this process · 6750/13329 segment] 1.75s/row · 1637 chunks/h · ETA 4.02h for the segment · last finish=stop gen_tok=16
  [6800/13329 this process · 6800/13329 segment] 2.40s/row · 1637 chunks/h · ETA 3.99h for the segment · last finish=stop gen_tok=33
  [6850/13329 this process · 6850/13329 segment] 2.36s/row · 1637 chunks/h · ETA 3.96h for the segment · last finish=stop gen_tok=32
  [6900/13329 this process · 6900/13329 segment] 2.19s/row · 1638 chunks/h · ETA 3.93h for the segment · last finish=stop gen_tok=33
  [6950/13329 this process · 6950/13329 segment] 2.40s/row · 1637 chunks/h · ETA 3.90h for the segment · last finish=stop gen_tok=33
  [7000/13329 this process · 7000/13329 segment] 1.75s/row · 1637 chunks/h · ETA 3.87h for the segment · last finish=stop gen_tok=16
  [7050/13329 this process · 7050/13329 segment] 1.81s/row · 1637 chunks/h · ETA 3.83h for the segment · last finish=stop gen_tok=16
  [7100/13329 this process · 7100/13329 segment] 2.94s/row · 1638 chunks/h · ETA 3.80h for the segment · last finish=stop gen_tok=51
  [7150/13329 this process · 7150/13329 segment] 3.17s/row · 1637 chunks/h · ETA 3.77h for the segment · last finish=stop gen_tok=63
  [7200/13329 this process · 7200/13329 segment] 3.66s/row · 1636 chunks/h · ETA 3.75h for the segment · last finish=stop gen_tok=69
  [7250/13329 this process · 7250/13329 segment] 2.46s/row · 1635 chunks/h · ETA 3.72h for the segment · last finish=stop gen_tok=33
  [7300/13329 this process · 7300/13329 segment] 3.45s/row · 1635 chunks/h · ETA 3.69h for the segment · last finish=stop gen_tok=69
  [7350/13329 this process · 7350/13329 segment] 2.29s/row · 1635 chunks/h · ETA 3.66h for the segment · last finish=stop gen_tok=34
  [7400/13329 this process · 7400/13329 segment] 1.68s/row · 1636 chunks/h · ETA 3.62h for the segment · last finish=stop gen_tok=16
  [7450/13329 this process · 7450/13329 segment] 1.68s/row · 1636 chunks/h · ETA 3.59h for the segment · last finish=stop gen_tok=16
  [7500/13329 this process · 7500/13329 segment] 3.07s/row · 1637 chunks/h · ETA 3.56h for the segment · last finish=stop gen_tok=50
  [7550/13329 this process · 7550/13329 segment] 2.41s/row · 1637 chunks/h · ETA 3.53h for the segment · last finish=stop gen_tok=33
  [7600/13329 this process · 7600/13329 segment] 1.61s/row · 1638 chunks/h · ETA 3.50h for the segment · last finish=stop gen_tok=16
  [7650/13329 this process · 7650/13329 segment] 2.13s/row · 1641 chunks/h · ETA 3.46h for the segment · last finish=stop gen_tok=33
  [7700/13329 this process · 7700/13329 segment] 3.44s/row · 1642 chunks/h · ETA 3.43h for the segment · last finish=stop gen_tok=69
  [7750/13329 this process · 7750/13329 segment] 1.91s/row · 1642 chunks/h · ETA 3.40h for the segment · last finish=stop gen_tok=27
  [7800/13329 this process · 7800/13329 segment] 2.53s/row · 1643 chunks/h · ETA 3.37h for the segment · last finish=stop gen_tok=45
  [7850/13329 this process · 7850/13329 segment] 1.92s/row · 1643 chunks/h · ETA 3.33h for the segment · last finish=stop gen_tok=27
  [7900/13329 this process · 7900/13329 segment] 2.53s/row · 1642 chunks/h · ETA 3.31h for the segment · last finish=stop gen_tok=33
  [7950/13329 this process · 7950/13329 segment] 2.64s/row · 1642 chunks/h · ETA 3.28h for the segment · last finish=stop gen_tok=48
  [8000/13329 this process · 8000/13329 segment] 1.89s/row · 1644 chunks/h · ETA 3.24h for the segment · last finish=stop gen_tok=16
  [8050/13329 this process · 8050/13329 segment] 2.19s/row · 1645 chunks/h · ETA 3.21h for the segment · last finish=stop gen_tok=33
  [8100/13329 this process · 8100/13329 segment] 1.62s/row · 1646 chunks/h · ETA 3.18h for the segment · last finish=stop gen_tok=16
  [8150/13329 this process · 8150/13329 segment] 2.71s/row · 1647 chunks/h · ETA 3.14h for the segment · last finish=stop gen_tok=48
  [8200/13329 this process · 8200/13329 segment] 2.89s/row · 1647 chunks/h · ETA 3.11h for the segment · last finish=stop gen_tok=51
  [8250/13329 this process · 8250/13329 segment] 1.94s/row · 1648 chunks/h · ETA 3.08h for the segment · last finish=stop gen_tok=28
  [8300/13329 this process · 8300/13329 segment] 1.68s/row · 1647 chunks/h · ETA 3.05h for the segment · last finish=stop gen_tok=16
  [8350/13329 this process · 8350/13329 segment] 1.24s/row · 1648 chunks/h · ETA 3.02h for the segment · last finish=stop gen_tok=7
  [8400/13329 this process · 8400/13329 segment] 2.40s/row · 1649 chunks/h · ETA 2.99h for the segment · last finish=stop gen_tok=33
  [8450/13329 this process · 8450/13329 segment] 1.64s/row · 1649 chunks/h · ETA 2.96h for the segment · last finish=stop gen_tok=15
  [8500/13329 this process · 8500/13329 segment] 1.93s/row · 1650 chunks/h · ETA 2.93h for the segment · last finish=stop gen_tok=27
  [8550/13329 this process · 8550/13329 segment] 1.67s/row · 1650 chunks/h · ETA 2.90h for the segment · last finish=stop gen_tok=16
  [8600/13329 this process · 8600/13329 segment] 1.55s/row · 1652 chunks/h · ETA 2.86h for the segment · last finish=stop gen_tok=16
  [8650/13329 this process · 8650/13329 segment] 2.73s/row · 1652 chunks/h · ETA 2.83h for the segment · last finish=stop gen_tok=34
  [8700/13329 this process · 8700/13329 segment] 1.96s/row · 1651 chunks/h · ETA 2.80h for the segment · last finish=stop gen_tok=16
  [8750/13329 this process · 8750/13329 segment] 1.60s/row · 1651 chunks/h · ETA 2.77h for the segment · last finish=stop gen_tok=16
  [8800/13329 this process · 8800/13329 segment] 2.27s/row · 1652 chunks/h · ETA 2.74h for the segment · last finish=stop gen_tok=33
  [8850/13329 this process · 8850/13329 segment] 1.97s/row · 1654 chunks/h · ETA 2.71h for the segment · last finish=stop gen_tok=27
  [8900/13329 this process · 8900/13329 segment] 1.85s/row · 1653 chunks/h · ETA 2.68h for the segment · last finish=stop gen_tok=15
  [8950/13329 this process · 8950/13329 segment] 1.61s/row · 1654 chunks/h · ETA 2.65h for the segment · last finish=stop gen_tok=16
  [9000/13329 this process · 9000/13329 segment] 1.91s/row · 1655 chunks/h · ETA 2.62h for the segment · last finish=stop gen_tok=15
  [9050/13329 this process · 9050/13329 segment] 1.24s/row · 1655 chunks/h · ETA 2.59h for the segment · last finish=stop gen_tok=7
  [9100/13329 this process · 9100/13329 segment] 1.81s/row · 1655 chunks/h · ETA 2.56h for the segment · last finish=stop gen_tok=16
  [9150/13329 this process · 9150/13329 segment] 2.35s/row · 1655 chunks/h · ETA 2.52h for the segment · last finish=stop gen_tok=36
  [9200/13329 this process · 9200/13329 segment] 1.03s/row · 1654 chunks/h · ETA 2.50h for the segment · last finish=stop gen_tok=7
  [9250/13329 this process · 9250/13329 segment] 1.70s/row · 1655 chunks/h · ETA 2.46h for the segment · last finish=stop gen_tok=16
  [9300/13329 this process · 9300/13329 segment] 3.63s/row · 1655 chunks/h · ETA 2.43h for the segment · last finish=stop gen_tok=62
  [9350/13329 this process · 9350/13329 segment] 1.97s/row · 1656 chunks/h · ETA 2.40h for the segment · last finish=stop gen_tok=27
  [9400/13329 this process · 9400/13329 segment] 2.32s/row · 1656 chunks/h · ETA 2.37h for the segment · last finish=stop gen_tok=33
  [9450/13329 this process · 9450/13329 segment] 1.61s/row · 1657 chunks/h · ETA 2.34h for the segment · last finish=stop gen_tok=16
  [9500/13329 this process · 9500/13329 segment] 1.67s/row · 1658 chunks/h · ETA 2.31h for the segment · last finish=stop gen_tok=16
  [9550/13329 this process · 9550/13329 segment] 1.98s/row · 1658 chunks/h · ETA 2.28h for the segment · last finish=stop gen_tok=27
  [9600/13329 this process · 9600/13329 segment] 1.91s/row · 1659 chunks/h · ETA 2.25h for the segment · last finish=stop gen_tok=27
  [9650/13329 this process · 9650/13329 segment] 2.25s/row · 1658 chunks/h · ETA 2.22h for the segment · last finish=stop gen_tok=33
  [9700/13329 this process · 9700/13329 segment] 2.58s/row · 1659 chunks/h · ETA 2.19h for the segment · last finish=stop gen_tok=42
  [9750/13329 this process · 9750/13329 segment] 2.36s/row · 1659 chunks/h · ETA 2.16h for the segment · last finish=stop gen_tok=32
  [9800/13329 this process · 9800/13329 segment] 3.60s/row · 1659 chunks/h · ETA 2.13h for the segment · last finish=stop gen_tok=70
  [9850/13329 this process · 9850/13329 segment] 2.33s/row · 1659 chunks/h · ETA 2.10h for the segment · last finish=stop gen_tok=33
  [9900/13329 this process · 9900/13329 segment] 1.82s/row · 1659 chunks/h · ETA 2.07h for the segment · last finish=stop gen_tok=16
  [9950/13329 this process · 9950/13329 segment] 2.51s/row · 1659 chunks/h · ETA 2.04h for the segment · last finish=stop gen_tok=42
  [10000/13329 this process · 10000/13329 segment] 1.98s/row · 1659 chunks/h · ETA 2.01h for the segment · last finish=stop gen_tok=27
  [10050/13329 this process · 10050/13329 segment] 1.37s/row · 1659 chunks/h · ETA 1.98h for the segment · last finish=stop gen_tok=7
  [10100/13329 this process · 10100/13329 segment] 1.53s/row · 1659 chunks/h · ETA 1.95h for the segment · last finish=stop gen_tok=16
  [10150/13329 this process · 10150/13329 segment] 1.68s/row · 1660 chunks/h · ETA 1.92h for the segment · last finish=stop gen_tok=16
  [10200/13329 this process · 10200/13329 segment] 3.09s/row · 1659 chunks/h · ETA 1.89h for the segment · last finish=stop gen_tok=51
  [10250/13329 this process · 10250/13329 segment] 2.85s/row · 1659 chunks/h · ETA 1.86h for the segment · last finish=stop gen_tok=50
  [10300/13329 this process · 10300/13329 segment] 1.92s/row · 1660 chunks/h · ETA 1.83h for the segment · last finish=stop gen_tok=27
  [10350/13329 this process · 10350/13329 segment] 1.61s/row · 1660 chunks/h · ETA 1.79h for the segment · last finish=stop gen_tok=16
  [10400/13329 this process · 10400/13329 segment] 2.62s/row · 1661 chunks/h · ETA 1.76h for the segment · last finish=stop gen_tok=33
  [10450/13329 this process · 10450/13329 segment] 1.61s/row · 1661 chunks/h · ETA 1.73h for the segment · last finish=stop gen_tok=16
  [10500/13329 this process · 10500/13329 segment] 2.19s/row · 1661 chunks/h · ETA 1.70h for the segment · last finish=stop gen_tok=33
  [10550/13329 this process · 10550/13329 segment] 2.29s/row · 1661 chunks/h · ETA 1.67h for the segment · last finish=stop gen_tok=24
  [10600/13329 this process · 10600/13329 segment] 1.10s/row · 1661 chunks/h · ETA 1.64h for the segment · last finish=stop gen_tok=7
  [10650/13329 this process · 10650/13329 segment] 2.70s/row · 1661 chunks/h · ETA 1.61h for the segment · last finish=stop gen_tok=48
  [10700/13329 this process · 10700/13329 segment] 1.55s/row · 1661 chunks/h · ETA 1.58h for the segment · last finish=stop gen_tok=16
  [10750/13329 this process · 10750/13329 segment] 1.62s/row · 1661 chunks/h · ETA 1.55h for the segment · last finish=stop gen_tok=16
  [10800/13329 this process · 10800/13329 segment] 1.75s/row · 1662 chunks/h · ETA 1.52h for the segment · last finish=stop gen_tok=16
  [10850/13329 this process · 10850/13329 segment] 1.60s/row · 1663 chunks/h · ETA 1.49h for the segment · last finish=stop gen_tok=16
  [10900/13329 this process · 10900/13329 segment] 2.23s/row · 1663 chunks/h · ETA 1.46h for the segment · last finish=stop gen_tok=34
  [10950/13329 this process · 10950/13329 segment] 2.05s/row · 1664 chunks/h · ETA 1.43h for the segment · last finish=stop gen_tok=27
  [11000/13329 this process · 11000/13329 segment] 1.54s/row · 1664 chunks/h · ETA 1.40h for the segment · last finish=stop gen_tok=16
  [11050/13329 this process · 11050/13329 segment] 1.80s/row · 1664 chunks/h · ETA 1.37h for the segment · last finish=stop gen_tok=16
  [11100/13329 this process · 11100/13329 segment] 2.09s/row · 1665 chunks/h · ETA 1.34h for the segment · last finish=stop gen_tok=16
  [11150/13329 this process · 11150/13329 segment] 1.97s/row · 1666 chunks/h · ETA 1.31h for the segment · last finish=stop gen_tok=27
  [11200/13329 this process · 11200/13329 segment] 3.33s/row · 1666 chunks/h · ETA 1.28h for the segment · last finish=stop gen_tok=62
  [11250/13329 this process · 11250/13329 segment] 1.16s/row · 1667 chunks/h · ETA 1.25h for the segment · last finish=stop gen_tok=7
  [11300/13329 this process · 11300/13329 segment] 1.99s/row · 1667 chunks/h · ETA 1.22h for the segment · last finish=stop gen_tok=27
  [11350/13329 this process · 11350/13329 segment] 1.22s/row · 1667 chunks/h · ETA 1.19h for the segment · last finish=stop gen_tok=7
  [11400/13329 this process · 11400/13329 segment] 3.15s/row · 1667 chunks/h · ETA 1.16h for the segment · last finish=stop gen_tok=51
  [11450/13329 this process · 11450/13329 segment] 2.50s/row · 1666 chunks/h · ETA 1.13h for the segment · last finish=stop gen_tok=34
  [11500/13329 this process · 11500/13329 segment] 1.58s/row · 1666 chunks/h · ETA 1.10h for the segment · last finish=stop gen_tok=16
  [11550/13329 this process · 11550/13329 segment] 2.62s/row · 1666 chunks/h · ETA 1.07h for the segment · last finish=stop gen_tok=49
  [11600/13329 this process · 11600/13329 segment] 2.53s/row · 1666 chunks/h · ETA 1.04h for the segment · last finish=stop gen_tok=45
  [11650/13329 this process · 11650/13329 segment] 1.53s/row · 1665 chunks/h · ETA 1.01h for the segment · last finish=stop gen_tok=16
  [11700/13329 this process · 11700/13329 segment] 3.43s/row · 1665 chunks/h · ETA 0.98h for the segment · last finish=stop gen_tok=68
  [11750/13329 this process · 11750/13329 segment] 1.28s/row · 1665 chunks/h · ETA 0.95h for the segment · last finish=stop gen_tok=16
  [11800/13329 this process · 11800/13329 segment] 1.73s/row · 1664 chunks/h · ETA 0.92h for the segment · last finish=stop gen_tok=16
  [11850/13329 this process · 11850/13329 segment] 1.60s/row · 1665 chunks/h · ETA 0.89h for the segment · last finish=stop gen_tok=16
  [11900/13329 this process · 11900/13329 segment] 2.06s/row · 1665 chunks/h · ETA 0.86h for the segment · last finish=stop gen_tok=27
  [11950/13329 this process · 11950/13329 segment] 1.70s/row · 1666 chunks/h · ETA 0.83h for the segment · last finish=stop gen_tok=15
  [12000/13329 this process · 12000/13329 segment] 1.97s/row · 1666 chunks/h · ETA 0.80h for the segment · last finish=stop gen_tok=27
  [12050/13329 this process · 12050/13329 segment] 1.64s/row · 1667 chunks/h · ETA 0.77h for the segment · last finish=stop gen_tok=15
  [12100/13329 this process · 12100/13329 segment] 1.74s/row · 1667 chunks/h · ETA 0.74h for the segment · last finish=stop gen_tok=16
  [12150/13329 this process · 12150/13329 segment] 2.09s/row · 1668 chunks/h · ETA 0.71h for the segment · last finish=stop gen_tok=16
  [12200/13329 this process · 12200/13329 segment] 1.98s/row · 1669 chunks/h · ETA 0.68h for the segment · last finish=stop gen_tok=27
  [12250/13329 this process · 12250/13329 segment] 1.73s/row · 1669 chunks/h · ETA 0.65h for the segment · last finish=stop gen_tok=16
  [12300/13329 this process · 12300/13329 segment] 1.86s/row · 1670 chunks/h · ETA 0.62h for the segment · last finish=stop gen_tok=33
  [12350/13329 this process · 12350/13329 segment] 3.07s/row · 1671 chunks/h · ETA 0.59h for the segment · last finish=stop gen_tok=58
  [12400/13329 this process · 12400/13329 segment] 2.68s/row · 1671 chunks/h · ETA 0.56h for the segment · last finish=stop gen_tok=49
  [12450/13329 this process · 12450/13329 segment] 1.61s/row · 1672 chunks/h · ETA 0.53h for the segment · last finish=stop gen_tok=16
  [12500/13329 this process · 12500/13329 segment] 1.61s/row · 1673 chunks/h · ETA 0.50h for the segment · last finish=stop gen_tok=16
  [12550/13329 this process · 12550/13329 segment] 1.91s/row · 1673 chunks/h · ETA 0.47h for the segment · last finish=stop gen_tok=27
  [12600/13329 this process · 12600/13329 segment] 2.29s/row · 1675 chunks/h · ETA 0.44h for the segment · last finish=stop gen_tok=32
  [12650/13329 this process · 12650/13329 segment] 2.22s/row · 1675 chunks/h · ETA 0.41h for the segment · last finish=stop gen_tok=34
  [12700/13329 this process · 12700/13329 segment] 1.86s/row · 1676 chunks/h · ETA 0.38h for the segment · last finish=stop gen_tok=27
  [12750/13329 this process · 12750/13329 segment] 1.18s/row · 1676 chunks/h · ETA 0.35h for the segment · last finish=stop gen_tok=7
  [12800/13329 this process · 12800/13329 segment] 2.82s/row · 1677 chunks/h · ETA 0.32h for the segment · last finish=stop gen_tok=51
  [12850/13329 this process · 12850/13329 segment] 1.18s/row · 1678 chunks/h · ETA 0.29h for the segment · last finish=stop gen_tok=7
  [12900/13329 this process · 12900/13329 segment] 2.30s/row · 1678 chunks/h · ETA 0.26h for the segment · last finish=stop gen_tok=36
  [12950/13329 this process · 12950/13329 segment] 1.67s/row · 1678 chunks/h · ETA 0.23h for the segment · last finish=stop gen_tok=16
  [13000/13329 this process · 13000/13329 segment] 1.36s/row · 1679 chunks/h · ETA 0.20h for the segment · last finish=stop gen_tok=7
  [13050/13329 this process · 13050/13329 segment] 1.75s/row · 1679 chunks/h · ETA 0.17h for the segment · last finish=stop gen_tok=16
  [13100/13329 this process · 13100/13329 segment] 3.26s/row · 1679 chunks/h · ETA 0.14h for the segment · last finish=stop gen_tok=66
  [13150/13329 this process · 13150/13329 segment] 1.80s/row · 1679 chunks/h · ETA 0.11h for the segment · last finish=stop gen_tok=24
  [13200/13329 this process · 13200/13329 segment] 1.73s/row · 1680 chunks/h · ETA 0.08h for the segment · last finish=stop gen_tok=16
  [13250/13329 this process · 13250/13329 segment] 2.41s/row · 1681 chunks/h · ETA 0.05h for the segment · last finish=stop gen_tok=33
  [13300/13329 this process · 13300/13329 segment] 1.61s/row · 1682 chunks/h · ETA 0.02h for the segment · last finish=stop gen_tok=16
  [13329/13329 this process · 13329/13329 segment] 1.91s/row · 1682 chunks/h · ETA 0.00h for the segment · last finish=stop gen_tok=27

SEGMENT seg-002 COMPLETE — 13329/13329 rows.
Now finalize with the SYSTEM python3 (no GPU, seconds):
    python3 finetune/label_e2.py --finalize-segment seg-002
