0 already in labels.jsonl · 13231 to generate
loading base model + adapter (the only GPU work) ...
  loaded in 1.2s
  [50/13231 this process · 50/13231 segment] 1.90s/row · 1382 chunks/h · ETA 9.54h for the segment · last finish=stop gen_tok=16
  [100/13231 this process · 100/13231 segment] 2.45s/row · 1408 chunks/h · ETA 9.33h for the segment · last finish=stop gen_tok=16
  [150/13231 this process · 150/13231 segment] 2.41s/row · 1414 chunks/h · ETA 9.25h for the segment · last finish=stop gen_tok=16
  [200/13231 this process · 200/13231 segment] 3.05s/row · 1386 chunks/h · ETA 9.41h for the segment · last finish=stop gen_tok=41
  [250/13231 this process · 250/13231 segment] 2.69s/row · 1361 chunks/h · ETA 9.54h for the segment · last finish=stop gen_tok=32
  [300/13231 this process · 300/13231 segment] 2.72s/row · 1365 chunks/h · ETA 9.47h for the segment · last finish=stop gen_tok=33
  [350/13231 this process · 350/13231 segment] 2.06s/row · 1388 chunks/h · ETA 9.28h for the segment · last finish=stop gen_tok=15
  [400/13231 this process · 400/13231 segment] 3.09s/row · 1385 chunks/h · ETA 9.26h for the segment · last finish=stop gen_tok=32
  [450/13231 this process · 450/13231 segment] 2.36s/row · 1403 chunks/h · ETA 9.11h for the segment · last finish=stop gen_tok=27
  [500/13231 this process · 500/13231 segment] 3.61s/row · 1392 chunks/h · ETA 9.15h for the segment · last finish=stop gen_tok=51
  [550/13231 this process · 550/13231 segment] 3.09s/row · 1388 chunks/h · ETA 9.14h for the segment · last finish=stop gen_tok=33
  [600/13231 this process · 600/13231 segment] 2.52s/row · 1393 chunks/h · ETA 9.07h for the segment · last finish=stop gen_tok=25
  [650/13231 this process · 650/13231 segment] 3.40s/row · 1382 chunks/h · ETA 9.11h for the segment · last finish=stop gen_tok=52
  [700/13231 this process · 700/13231 segment] 2.60s/row · 1387 chunks/h · ETA 9.03h for the segment · last finish=stop gen_tok=24
  [750/13231 this process · 750/13231 segment] 3.21s/row · 1380 chunks/h · ETA 9.05h for the segment · last finish=stop gen_tok=48
  [800/13231 this process · 800/13231 segment] 3.09s/row · 1365 chunks/h · ETA 9.11h for the segment · last finish=stop gen_tok=42
  [850/13231 this process · 850/13231 segment] 3.13s/row · 1371 chunks/h · ETA 9.03h for the segment · last finish=stop gen_tok=41
  [900/13231 this process · 900/13231 segment] 2.38s/row · 1373 chunks/h · ETA 8.98h for the segment · last finish=stop gen_tok=16
  [950/13231 this process · 950/13231 segment] 2.17s/row · 1375 chunks/h · ETA 8.93h for the segment · last finish=stop gen_tok=16
  [1000/13231 this process · 1000/13231 segment] 1.92s/row · 1381 chunks/h · ETA 8.86h for the segment · last finish=stop gen_tok=16
  [1050/13231 this process · 1050/13231 segment] 3.93s/row · 1387 chunks/h · ETA 8.78h for the segment · last finish=stop gen_tok=58
  [1100/13231 this process · 1100/13231 segment] 2.13s/row · 1385 chunks/h · ETA 8.76h for the segment · last finish=stop gen_tok=27
  [1150/13231 this process · 1150/13231 segment] 1.98s/row · 1379 chunks/h · ETA 8.76h for the segment · last finish=stop gen_tok=16
  [1200/13231 this process · 1200/13231 segment] 2.19s/row · 1380 chunks/h · ETA 8.72h for the segment · last finish=stop gen_tok=16
  [1250/13231 this process · 1250/13231 segment] 3.25s/row · 1383 chunks/h · ETA 8.67h for the segment · last finish=stop gen_tok=49
  [1300/13231 this process · 1300/13231 segment] 3.78s/row · 1384 chunks/h · ETA 8.62h for the segment · last finish=stop gen_tok=51
  [1350/13231 this process · 1350/13231 segment] 2.43s/row · 1379 chunks/h · ETA 8.61h for the segment · last finish=stop gen_tok=24
  [1400/13231 this process · 1400/13231 segment] 3.72s/row · 1373 chunks/h · ETA 8.61h for the segment · last finish=stop gen_tok=51
  [1450/13231 this process · 1450/13231 segment] 2.28s/row · 1370 chunks/h · ETA 8.60h for the segment · last finish=stop gen_tok=27
  [1500/13231 this process · 1500/13231 segment] 1.47s/row · 1374 chunks/h · ETA 8.54h for the segment · last finish=stop gen_tok=7
  [1550/13231 this process · 1550/13231 segment] 2.53s/row · 1379 chunks/h · ETA 8.47h for the segment · last finish=stop gen_tok=32
  [1600/13231 this process · 1600/13231 segment] 2.66s/row · 1378 chunks/h · ETA 8.44h for the segment · last finish=stop gen_tok=34
  [1650/13231 this process · 1650/13231 segment] 2.29s/row · 1375 chunks/h · ETA 8.42h for the segment · last finish=stop gen_tok=16
  [1700/13231 this process · 1700/13231 segment] 3.84s/row · 1382 chunks/h · ETA 8.35h for the segment · last finish=stop gen_tok=69
  [1750/13231 this process · 1750/13231 segment] 2.15s/row · 1383 chunks/h · ETA 8.30h for the segment · last finish=stop gen_tok=27
  [1800/13231 this process · 1800/13231 segment] 2.97s/row · 1388 chunks/h · ETA 8.24h for the segment · last finish=stop gen_tok=46
  [1850/13231 this process · 1850/13231 segment] 2.57s/row · 1389 chunks/h · ETA 8.19h for the segment · last finish=stop gen_tok=34
  [1900/13231 this process · 1900/13231 segment] 2.95s/row · 1391 chunks/h · ETA 8.14h for the segment · last finish=stop gen_tok=48
  [1950/13231 this process · 1950/13231 segment] 2.21s/row · 1390 chunks/h · ETA 8.12h for the segment · last finish=stop gen_tok=16
  [2000/13231 this process · 2000/13231 segment] 1.38s/row · 1392 chunks/h · ETA 8.07h for the segment · last finish=stop gen_tok=7
  [2050/13231 this process · 2050/13231 segment] 2.62s/row · 1391 chunks/h · ETA 8.04h for the segment · last finish=stop gen_tok=33
  [2100/13231 this process · 2100/13231 segment] 2.74s/row · 1391 chunks/h · ETA 8.00h for the segment · last finish=stop gen_tok=42
  [2150/13231 this process · 2150/13231 segment] 2.50s/row · 1389 chunks/h · ETA 7.98h for the segment · last finish=stop gen_tok=34
  [2200/13231 this process · 2200/13231 segment] 2.61s/row · 1392 chunks/h · ETA 7.93h for the segment · last finish=stop gen_tok=37
  [2250/13231 this process · 2250/13231 segment] 2.36s/row · 1395 chunks/h · ETA 7.87h for the segment · last finish=stop gen_tok=16
  [2300/13231 this process · 2300/13231 segment] 2.75s/row · 1398 chunks/h · ETA 7.82h for the segment · last finish=stop gen_tok=34
  [2350/13231 this process · 2350/13231 segment] 1.87s/row · 1401 chunks/h · ETA 7.77h for the segment · last finish=stop gen_tok=16
  [2400/13231 this process · 2400/13231 segment] 2.49s/row · 1403 chunks/h · ETA 7.72h for the segment · last finish=stop gen_tok=34
  [2450/13231 this process · 2450/13231 segment] 1.54s/row · 1406 chunks/h · ETA 7.67h for the segment · last finish=stop gen_tok=7
  [2500/13231 this process · 2500/13231 segment] 1.97s/row · 1408 chunks/h · ETA 7.62h for the segment · last finish=stop gen_tok=16
  [2550/13231 this process · 2550/13231 segment] 1.84s/row · 1409 chunks/h · ETA 7.58h for the segment · last finish=stop gen_tok=15
  [2600/13231 this process · 2600/13231 segment] 1.73s/row · 1415 chunks/h · ETA 7.51h for the segment · last finish=stop gen_tok=16
  [2650/13231 this process · 2650/13231 segment] 3.17s/row · 1416 chunks/h · ETA 7.47h for the segment · last finish=stop gen_tok=51
  [2700/13231 this process · 2700/13231 segment] 1.88s/row · 1419 chunks/h · ETA 7.42h for the segment · last finish=stop gen_tok=16
  [2750/13231 this process · 2750/13231 segment] 2.20s/row · 1425 chunks/h · ETA 7.36h for the segment · last finish=stop gen_tok=27
  [2800/13231 this process · 2800/13231 segment] 2.29s/row · 1427 chunks/h · ETA 7.31h for the segment · last finish=stop gen_tok=24
  [2850/13231 this process · 2850/13231 segment] 3.21s/row · 1427 chunks/h · ETA 7.27h for the segment · last finish=stop gen_tok=42
  [2900/13231 this process · 2900/13231 segment] 2.53s/row · 1429 chunks/h · ETA 7.23h for the segment · last finish=stop gen_tok=33
  [2950/13231 this process · 2950/13231 segment] 2.95s/row · 1430 chunks/h · ETA 7.19h for the segment · last finish=stop gen_tok=33
  [3000/13231 this process · 3000/13231 segment] 2.37s/row · 1431 chunks/h · ETA 7.15h for the segment · last finish=stop gen_tok=32
  [3050/13231 this process · 3050/13231 segment] 1.77s/row · 1434 chunks/h · ETA 7.10h for the segment · last finish=stop gen_tok=15
  [3100/13231 this process · 3100/13231 segment] 2.02s/row · 1438 chunks/h · ETA 7.04h for the segment · last finish=stop gen_tok=16
  [3150/13231 this process · 3150/13231 segment] 1.81s/row · 1440 chunks/h · ETA 7.00h for the segment · last finish=stop gen_tok=16
  [3200/13231 this process · 3200/13231 segment] 3.54s/row · 1441 chunks/h · ETA 6.96h for the segment · last finish=stop gen_tok=63
  [3250/13231 this process · 3250/13231 segment] 1.97s/row · 1439 chunks/h · ETA 6.93h for the segment · last finish=stop gen_tok=16
  [3300/13231 this process · 3300/13231 segment] 4.81s/row · 1439 chunks/h · ETA 6.90h for the segment · last finish=stop gen_tok=87
  [3350/13231 this process · 3350/13231 segment] 2.56s/row · 1440 chunks/h · ETA 6.86h for the segment · last finish=stop gen_tok=27
  [3400/13231 this process · 3400/13231 segment] 2.99s/row · 1437 chunks/h · ETA 6.84h for the segment · last finish=stop gen_tok=40
  [3450/13231 this process · 3450/13231 segment] 2.31s/row · 1437 chunks/h · ETA 6.81h for the segment · last finish=stop gen_tok=27
  [3500/13231 this process · 3500/13231 segment] 2.98s/row · 1440 chunks/h · ETA 6.76h for the segment · last finish=stop gen_tok=48
  [3550/13231 this process · 3550/13231 segment] 1.90s/row · 1440 chunks/h · ETA 6.72h for the segment · last finish=stop gen_tok=16
  [3600/13231 this process · 3600/13231 segment] 2.13s/row · 1439 chunks/h · ETA 6.69h for the segment · last finish=stop gen_tok=16
  [3650/13231 this process · 3650/13231 segment] 2.97s/row · 1440 chunks/h · ETA 6.65h for the segment · last finish=stop gen_tok=48
  [3700/13231 this process · 3700/13231 segment] 1.75s/row · 1441 chunks/h · ETA 6.61h for the segment · last finish=stop gen_tok=16
  [3750/13231 this process · 3750/13231 segment] 2.18s/row · 1440 chunks/h · ETA 6.59h for the segment · last finish=stop gen_tok=27
  [3800/13231 this process · 3800/13231 segment] 1.81s/row · 1439 chunks/h · ETA 6.55h for the segment · last finish=stop gen_tok=16
  [3850/13231 this process · 3850/13231 segment] 2.27s/row · 1441 chunks/h · ETA 6.51h for the segment · last finish=stop gen_tok=27
  [3900/13231 this process · 3900/13231 segment] 2.64s/row · 1439 chunks/h · ETA 6.48h for the segment · last finish=stop gen_tok=32
  [3950/13231 this process · 3950/13231 segment] 1.81s/row · 1441 chunks/h · ETA 6.44h for the segment · last finish=stop gen_tok=16
  [4000/13231 this process · 4000/13231 segment] 3.08s/row · 1442 chunks/h · ETA 6.40h for the segment · last finish=stop gen_tok=51
  [4050/13231 this process · 4050/13231 segment] 2.67s/row · 1442 chunks/h · ETA 6.37h for the segment · last finish=stop gen_tok=34
  [4100/13231 this process · 4100/13231 segment] 2.63s/row · 1443 chunks/h · ETA 6.33h for the segment · last finish=stop gen_tok=33
  [4150/13231 this process · 4150/13231 segment] 2.30s/row · 1445 chunks/h · ETA 6.29h for the segment · last finish=stop gen_tok=27
  [4200/13231 this process · 4200/13231 segment] 2.04s/row · 1445 chunks/h · ETA 6.25h for the segment · last finish=stop gen_tok=16
  [4250/13231 this process · 4250/13231 segment] 2.25s/row · 1447 chunks/h · ETA 6.21h for the segment · last finish=stop gen_tok=24
  [4300/13231 this process · 4300/13231 segment] 1.85s/row · 1448 chunks/h · ETA 6.17h for the segment · last finish=stop gen_tok=15
  [4350/13231 this process · 4350/13231 segment] 1.89s/row · 1450 chunks/h · ETA 6.13h for the segment · last finish=stop gen_tok=16
  [4400/13231 this process · 4400/13231 segment] 1.79s/row · 1452 chunks/h · ETA 6.08h for the segment · last finish=stop gen_tok=16
  [4450/13231 this process · 4450/13231 segment] 2.63s/row · 1452 chunks/h · ETA 6.05h for the segment · last finish=stop gen_tok=33
  [4500/13231 this process · 4500/13231 segment] 1.95s/row · 1453 chunks/h · ETA 6.01h for the segment · last finish=stop gen_tok=16
  [4550/13231 this process · 4550/13231 segment] 3.22s/row · 1454 chunks/h · ETA 5.97h for the segment · last finish=stop gen_tok=55
  [4600/13231 this process · 4600/13231 segment] 2.51s/row · 1454 chunks/h · ETA 5.94h for the segment · last finish=stop gen_tok=32
  [4650/13231 this process · 4650/13231 segment] 2.30s/row · 1456 chunks/h · ETA 5.89h for the segment · last finish=stop gen_tok=15
  [4700/13231 this process · 4700/13231 segment] 2.58s/row · 1457 chunks/h · ETA 5.86h for the segment · last finish=stop gen_tok=16
  [4750/13231 this process · 4750/13231 segment] 1.75s/row · 1458 chunks/h · ETA 5.82h for the segment · last finish=stop gen_tok=16
  [4800/13231 this process · 4800/13231 segment] 2.06s/row · 1457 chunks/h · ETA 5.79h for the segment · last finish=stop gen_tok=16
  [4850/13231 this process · 4850/13231 segment] 1.95s/row · 1460 chunks/h · ETA 5.74h for the segment · last finish=stop gen_tok=16
  [4900/13231 this process · 4900/13231 segment] 2.01s/row · 1462 chunks/h · ETA 5.70h for the segment · last finish=stop gen_tok=24
  [4950/13231 this process · 4950/13231 segment] 3.24s/row · 1463 chunks/h · ETA 5.66h for the segment · last finish=stop gen_tok=51
  [5000/13231 this process · 5000/13231 segment] 1.98s/row · 1461 chunks/h · ETA 5.63h for the segment · last finish=stop gen_tok=16
  [5050/13231 this process · 5050/13231 segment] 2.04s/row · 1462 chunks/h · ETA 5.59h for the segment · last finish=stop gen_tok=16
  [5100/13231 this process · 5100/13231 segment] 2.61s/row · 1463 chunks/h · ETA 5.56h for the segment · last finish=stop gen_tok=27
  [5150/13231 this process · 5150/13231 segment] 2.16s/row · 1463 chunks/h · ETA 5.52h for the segment · last finish=stop gen_tok=15
  [5200/13231 this process · 5200/13231 segment] 2.76s/row · 1464 chunks/h · ETA 5.48h for the segment · last finish=stop gen_tok=34
  [5250/13231 this process · 5250/13231 segment] 2.54s/row · 1465 chunks/h · ETA 5.45h for the segment · last finish=stop gen_tok=33
  [5300/13231 this process · 5300/13231 segment] 1.85s/row · 1465 chunks/h · ETA 5.41h for the segment · last finish=stop gen_tok=27
  [5350/13231 this process · 5350/13231 segment] 2.62s/row · 1465 chunks/h · ETA 5.38h for the segment · last finish=stop gen_tok=33
  [5400/13231 this process · 5400/13231 segment] 3.06s/row · 1466 chunks/h · ETA 5.34h for the segment · last finish=stop gen_tok=34
  [5450/13231 this process · 5450/13231 segment] 2.53s/row · 1466 chunks/h · ETA 5.31h for the segment · last finish=stop gen_tok=33
  [5500/13231 this process · 5500/13231 segment] 2.50s/row · 1467 chunks/h · ETA 5.27h for the segment · last finish=stop gen_tok=36
  [5550/13231 this process · 5550/13231 segment] 1.83s/row · 1468 chunks/h · ETA 5.23h for the segment · last finish=stop gen_tok=16
  [5600/13231 this process · 5600/13231 segment] 1.88s/row · 1469 chunks/h · ETA 5.20h for the segment · last finish=stop gen_tok=16
  [5650/13231 this process · 5650/13231 segment] 2.72s/row · 1470 chunks/h · ETA 5.16h for the segment · last finish=stop gen_tok=33
  [5700/13231 this process · 5700/13231 segment] 2.03s/row · 1470 chunks/h · ETA 5.12h for the segment · last finish=stop gen_tok=24
  [5750/13231 this process · 5750/13231 segment] 2.09s/row · 1472 chunks/h · ETA 5.08h for the segment · last finish=stop gen_tok=27
  [5800/13231 this process · 5800/13231 segment] 2.23s/row · 1472 chunks/h · ETA 5.05h for the segment · last finish=stop gen_tok=15
  [5850/13231 this process · 5850/13231 segment] 2.99s/row · 1473 chunks/h · ETA 5.01h for the segment · last finish=stop gen_tok=49
  [5900/13231 this process · 5900/13231 segment] 1.54s/row · 1474 chunks/h · ETA 4.97h for the segment · last finish=stop gen_tok=7
  [5950/13231 this process · 5950/13231 segment] 2.23s/row · 1477 chunks/h · ETA 4.93h for the segment · last finish=stop gen_tok=27
  [6000/13231 this process · 6000/13231 segment] 1.36s/row · 1478 chunks/h · ETA 4.89h for the segment · last finish=stop gen_tok=7
  [6050/13231 this process · 6050/13231 segment] 2.15s/row · 1479 chunks/h · ETA 4.86h for the segment · last finish=stop gen_tok=27
  [6100/13231 this process · 6100/13231 segment] 1.96s/row · 1479 chunks/h · ETA 4.82h for the segment · last finish=stop gen_tok=16
  [6150/13231 this process · 6150/13231 segment] 1.37s/row · 1481 chunks/h · ETA 4.78h for the segment · last finish=stop gen_tok=7
  [6200/13231 this process · 6200/13231 segment] 2.63s/row · 1481 chunks/h · ETA 4.75h for the segment · last finish=stop gen_tok=33
  [6250/13231 this process · 6250/13231 segment] 2.28s/row · 1481 chunks/h · ETA 4.71h for the segment · last finish=stop gen_tok=16
  [6300/13231 this process · 6300/13231 segment] 2.46s/row · 1482 chunks/h · ETA 4.68h for the segment · last finish=stop gen_tok=33
  [6350/13231 this process · 6350/13231 segment] 1.82s/row · 1482 chunks/h · ETA 4.64h for the segment · last finish=stop gen_tok=16
  [6400/13231 this process · 6400/13231 segment] 2.44s/row · 1484 chunks/h · ETA 4.60h for the segment · last finish=stop gen_tok=33
  [6450/13231 this process · 6450/13231 segment] 2.16s/row · 1486 chunks/h · ETA 4.56h for the segment · last finish=stop gen_tok=27
  [6500/13231 this process · 6500/13231 segment] 1.86s/row · 1486 chunks/h · ETA 4.53h for the segment · last finish=stop gen_tok=15
  [6550/13231 this process · 6550/13231 segment] 3.05s/row · 1485 chunks/h · ETA 4.50h for the segment · last finish=stop gen_tok=48
  [6600/13231 this process · 6600/13231 segment] 1.81s/row · 1486 chunks/h · ETA 4.46h for the segment · last finish=stop gen_tok=16
  [6650/13231 this process · 6650/13231 segment] 4.27s/row · 1486 chunks/h · ETA 4.43h for the segment · last finish=stop gen_tok=68
  [6700/13231 this process · 6700/13231 segment] 3.34s/row · 1485 chunks/h · ETA 4.40h for the segment · last finish=stop gen_tok=52
  [6750/13231 this process · 6750/13231 segment] 3.10s/row · 1485 chunks/h · ETA 4.36h for the segment · last finish=stop gen_tok=48
  [6800/13231 this process · 6800/13231 segment] 3.01s/row · 1485 chunks/h · ETA 4.33h for the segment · last finish=stop gen_tok=48
  [6850/13231 this process · 6850/13231 segment] 1.80s/row · 1486 chunks/h · ETA 4.29h for the segment · last finish=stop gen_tok=16
  [6900/13231 this process · 6900/13231 segment] 2.21s/row · 1486 chunks/h · ETA 4.26h for the segment · last finish=stop gen_tok=27
  [6950/13231 this process · 6950/13231 segment] 2.13s/row · 1487 chunks/h · ETA 4.22h for the segment · last finish=stop gen_tok=27
  [7000/13231 this process · 7000/13231 segment] 1.97s/row · 1488 chunks/h · ETA 4.19h for the segment · last finish=stop gen_tok=15
  [7050/13231 this process · 7050/13231 segment] 1.71s/row · 1489 chunks/h · ETA 4.15h for the segment · last finish=stop gen_tok=16
  [7100/13231 this process · 7100/13231 segment] 2.34s/row · 1490 chunks/h · ETA 4.11h for the segment · last finish=stop gen_tok=24
  [7150/13231 this process · 7150/13231 segment] 3.22s/row · 1490 chunks/h · ETA 4.08h for the segment · last finish=stop gen_tok=51
  [7200/13231 this process · 7200/13231 segment] 2.21s/row · 1491 chunks/h · ETA 4.05h for the segment · last finish=stop gen_tok=15
  [7250/13231 this process · 7250/13231 segment] 1.70s/row · 1493 chunks/h · ETA 4.01h for the segment · last finish=stop gen_tok=16
  [7300/13231 this process · 7300/13231 segment] 1.83s/row · 1493 chunks/h · ETA 3.97h for the segment · last finish=stop gen_tok=15
  [7350/13231 this process · 7350/13231 segment] 2.65s/row · 1493 chunks/h · ETA 3.94h for the segment · last finish=stop gen_tok=33
  [7400/13231 this process · 7400/13231 segment] 2.82s/row · 1493 chunks/h · ETA 3.90h for the segment · last finish=stop gen_tok=45
  [7450/13231 this process · 7450/13231 segment] 1.73s/row · 1494 chunks/h · ETA 3.87h for the segment · last finish=stop gen_tok=16
  [7500/13231 this process · 7500/13231 segment] 2.01s/row · 1494 chunks/h · ETA 3.83h for the segment · last finish=stop gen_tok=16
  [7550/13231 this process · 7550/13231 segment] 1.86s/row · 1495 chunks/h · ETA 3.80h for the segment · last finish=stop gen_tok=16
  [7600/13231 this process · 7600/13231 segment] 1.93s/row · 1496 chunks/h · ETA 3.76h for the segment · last finish=stop gen_tok=16
  [7650/13231 this process · 7650/13231 segment] 3.56s/row · 1496 chunks/h · ETA 3.73h for the segment · last finish=stop gen_tok=60
  [7700/13231 this process · 7700/13231 segment] 3.09s/row · 1496 chunks/h · ETA 3.70h for the segment · last finish=stop gen_tok=50
  [7750/13231 this process · 7750/13231 segment] 1.93s/row · 1497 chunks/h · ETA 3.66h for the segment · last finish=stop gen_tok=16
  [7800/13231 this process · 7800/13231 segment] 2.12s/row · 1498 chunks/h · ETA 3.63h for the segment · last finish=stop gen_tok=27
  [7850/13231 this process · 7850/13231 segment] 2.59s/row · 1499 chunks/h · ETA 3.59h for the segment · last finish=stop gen_tok=15
  [7900/13231 this process · 7900/13231 segment] 1.78s/row · 1499 chunks/h · ETA 3.56h for the segment · last finish=stop gen_tok=16
  [7950/13231 this process · 7950/13231 segment] 1.77s/row · 1501 chunks/h · ETA 3.52h for the segment · last finish=stop gen_tok=16
  [8000/13231 this process · 8000/13231 segment] 1.01s/row · 1503 chunks/h · ETA 3.48h for the segment · last finish=stop gen_tok=7
  [8050/13231 this process · 8050/13231 segment] 2.00s/row · 1503 chunks/h · ETA 3.45h for the segment · last finish=stop gen_tok=23
  [8100/13231 this process · 8100/13231 segment] 1.94s/row · 1503 chunks/h · ETA 3.41h for the segment · last finish=stop gen_tok=16
  [8150/13231 this process · 8150/13231 segment] 2.01s/row · 1504 chunks/h · ETA 3.38h for the segment · last finish=stop gen_tok=16
  [8200/13231 this process · 8200/13231 segment] 3.00s/row · 1504 chunks/h · ETA 3.34h for the segment · last finish=stop gen_tok=32
  [8250/13231 this process · 8250/13231 segment] 1.79s/row · 1505 chunks/h · ETA 3.31h for the segment · last finish=stop gen_tok=16
  [8300/13231 this process · 8300/13231 segment] 2.15s/row · 1506 chunks/h · ETA 3.28h for the segment · last finish=stop gen_tok=24
  [8350/13231 this process · 8350/13231 segment] 2.38s/row · 1505 chunks/h · ETA 3.24h for the segment · last finish=stop gen_tok=24
  [8400/13231 this process · 8400/13231 segment] 2.54s/row · 1506 chunks/h · ETA 3.21h for the segment · last finish=stop gen_tok=16
  [8450/13231 this process · 8450/13231 segment] 2.01s/row · 1505 chunks/h · ETA 3.18h for the segment · last finish=stop gen_tok=16
  [8500/13231 this process · 8500/13231 segment] 1.99s/row · 1505 chunks/h · ETA 3.14h for the segment · last finish=stop gen_tok=24
  [8550/13231 this process · 8550/13231 segment] 2.65s/row · 1506 chunks/h · ETA 3.11h for the segment · last finish=stop gen_tok=33
  [8600/13231 this process · 8600/13231 segment] 2.43s/row · 1506 chunks/h · ETA 3.08h for the segment · last finish=stop gen_tok=33
  [8650/13231 this process · 8650/13231 segment] 3.00s/row · 1506 chunks/h · ETA 3.04h for the segment · last finish=stop gen_tok=32
  [8700/13231 this process · 8700/13231 segment] 2.31s/row · 1505 chunks/h · ETA 3.01h for the segment · last finish=stop gen_tok=16
  [8750/13231 this process · 8750/13231 segment] 2.81s/row · 1505 chunks/h · ETA 2.98h for the segment · last finish=stop gen_tok=41
  [8800/13231 this process · 8800/13231 segment] 2.28s/row · 1505 chunks/h · ETA 2.94h for the segment · last finish=stop gen_tok=24
  [8850/13231 this process · 8850/13231 segment] 2.26s/row · 1505 chunks/h · ETA 2.91h for the segment · last finish=stop gen_tok=16
  [8900/13231 this process · 8900/13231 segment] 2.21s/row · 1505 chunks/h · ETA 2.88h for the segment · last finish=stop gen_tok=15
  [8950/13231 this process · 8950/13231 segment] 2.19s/row · 1504 chunks/h · ETA 2.85h for the segment · last finish=stop gen_tok=25
  [9000/13231 this process · 9000/13231 segment] 2.01s/row · 1505 chunks/h · ETA 2.81h for the segment · last finish=stop gen_tok=16
  [9050/13231 this process · 9050/13231 segment] 3.16s/row · 1505 chunks/h · ETA 2.78h for the segment · last finish=stop gen_tok=50
  [9100/13231 this process · 9100/13231 segment] 3.03s/row · 1504 chunks/h · ETA 2.75h for the segment · last finish=stop gen_tok=41
  [9150/13231 this process · 9150/13231 segment] 2.79s/row · 1504 chunks/h · ETA 2.71h for the segment · last finish=stop gen_tok=16
  [9200/13231 this process · 9200/13231 segment] 3.58s/row · 1503 chunks/h · ETA 2.68h for the segment · last finish=stop gen_tok=59
  [9250/13231 this process · 9250/13231 segment] 1.83s/row · 1503 chunks/h · ETA 2.65h for the segment · last finish=stop gen_tok=15
  [9300/13231 this process · 9300/13231 segment] 3.52s/row · 1502 chunks/h · ETA 2.62h for the segment · last finish=stop gen_tok=51
  [9350/13231 this process · 9350/13231 segment] 2.55s/row · 1502 chunks/h · ETA 2.58h for the segment · last finish=stop gen_tok=32
  [9400/13231 this process · 9400/13231 segment] 3.10s/row · 1502 chunks/h · ETA 2.55h for the segment · last finish=stop gen_tok=44
  [9450/13231 this process · 9450/13231 segment] 2.47s/row · 1502 chunks/h · ETA 2.52h for the segment · last finish=stop gen_tok=24
  [9500/13231 this process · 9500/13231 segment] 1.81s/row · 1502 chunks/h · ETA 2.48h for the segment · last finish=stop gen_tok=15
  [9550/13231 this process · 9550/13231 segment] 1.95s/row · 1501 chunks/h · ETA 2.45h for the segment · last finish=stop gen_tok=16
  [9600/13231 this process · 9600/13231 segment] 2.42s/row · 1500 chunks/h · ETA 2.42h for the segment · last finish=stop gen_tok=33
  [9650/13231 this process · 9650/13231 segment] 3.15s/row · 1500 chunks/h · ETA 2.39h for the segment · last finish=stop gen_tok=52
  [9700/13231 this process · 9700/13231 segment] 2.23s/row · 1500 chunks/h · ETA 2.35h for the segment · last finish=stop gen_tok=23
  [9750/13231 this process · 9750/13231 segment] 2.92s/row · 1500 chunks/h · ETA 2.32h for the segment · last finish=stop gen_tok=33
  [9800/13231 this process · 9800/13231 segment] 3.31s/row · 1500 chunks/h · ETA 2.29h for the segment · last finish=stop gen_tok=52
  [9850/13231 this process · 9850/13231 segment] 3.13s/row · 1501 chunks/h · ETA 2.25h for the segment · last finish=stop gen_tok=33
  [9900/13231 this process · 9900/13231 segment] 2.09s/row · 1501 chunks/h · ETA 2.22h for the segment · last finish=stop gen_tok=24
  [9950/13231 this process · 9950/13231 segment] 2.95s/row · 1499 chunks/h · ETA 2.19h for the segment · last finish=stop gen_tok=33
  [10000/13231 this process · 10000/13231 segment] 3.08s/row · 1499 chunks/h · ETA 2.16h for the segment · last finish=stop gen_tok=48
  [10050/13231 this process · 10050/13231 segment] 2.85s/row · 1498 chunks/h · ETA 2.12h for the segment · last finish=stop gen_tok=44
  [10100/13231 this process · 10100/13231 segment] 2.02s/row · 1499 chunks/h · ETA 2.09h for the segment · last finish=stop gen_tok=16
  [10150/13231 this process · 10150/13231 segment] 1.59s/row · 1499 chunks/h · ETA 2.06h for the segment · last finish=stop gen_tok=7
  [10200/13231 this process · 10200/13231 segment] 3.44s/row · 1498 chunks/h · ETA 2.02h for the segment · last finish=stop gen_tok=51
  [10250/13231 this process · 10250/13231 segment] 2.49s/row · 1498 chunks/h · ETA 1.99h for the segment · last finish=stop gen_tok=33
  [10300/13231 this process · 10300/13231 segment] 2.59s/row · 1498 chunks/h · ETA 1.96h for the segment · last finish=stop gen_tok=33
  [10350/13231 this process · 10350/13231 segment] 1.87s/row · 1498 chunks/h · ETA 1.92h for the segment · last finish=stop gen_tok=16
  [10400/13231 this process · 10400/13231 segment] 2.13s/row · 1498 chunks/h · ETA 1.89h for the segment · last finish=stop gen_tok=23
  [10450/13231 this process · 10450/13231 segment] 1.82s/row · 1499 chunks/h · ETA 1.86h for the segment · last finish=stop gen_tok=15
  [10500/13231 this process · 10500/13231 segment] 1.79s/row · 1499 chunks/h · ETA 1.82h for the segment · last finish=stop gen_tok=16
  [10550/13231 this process · 10550/13231 segment] 2.17s/row · 1500 chunks/h · ETA 1.79h for the segment · last finish=stop gen_tok=16
  [10600/13231 this process · 10600/13231 segment] 2.02s/row · 1500 chunks/h · ETA 1.75h for the segment · last finish=stop gen_tok=16
  [10650/13231 this process · 10650/13231 segment] 1.87s/row · 1501 chunks/h · ETA 1.72h for the segment · last finish=stop gen_tok=16
  [10700/13231 this process · 10700/13231 segment] 1.34s/row · 1501 chunks/h · ETA 1.69h for the segment · last finish=stop gen_tok=16
  [10750/13231 this process · 10750/13231 segment] 2.43s/row · 1501 chunks/h · ETA 1.65h for the segment · last finish=stop gen_tok=25
  [10800/13231 this process · 10800/13231 segment] 2.76s/row · 1501 chunks/h · ETA 1.62h for the segment · last finish=stop gen_tok=46
  [10850/13231 this process · 10850/13231 segment] 2.21s/row · 1500 chunks/h · ETA 1.59h for the segment · last finish=stop gen_tok=23
  [10900/13231 this process · 10900/13231 segment] 2.43s/row · 1500 chunks/h · ETA 1.55h for the segment · last finish=stop gen_tok=33
  [10950/13231 this process · 10950/13231 segment] 1.71s/row · 1500 chunks/h · ETA 1.52h for the segment · last finish=stop gen_tok=16
  [11000/13231 this process · 11000/13231 segment] 2.24s/row · 1500 chunks/h · ETA 1.49h for the segment · last finish=stop gen_tok=24
  [11050/13231 this process · 11050/13231 segment] 2.25s/row · 1500 chunks/h · ETA 1.45h for the segment · last finish=stop gen_tok=24
  [11100/13231 this process · 11100/13231 segment] 2.09s/row · 1500 chunks/h · ETA 1.42h for the segment · last finish=stop gen_tok=24
  [11150/13231 this process · 11150/13231 segment] 2.25s/row · 1501 chunks/h · ETA 1.39h for the segment · last finish=stop gen_tok=16
  [11200/13231 this process · 11200/13231 segment] 1.78s/row · 1501 chunks/h · ETA 1.35h for the segment · last finish=stop gen_tok=16
  [11250/13231 this process · 11250/13231 segment] 2.16s/row · 1502 chunks/h · ETA 1.32h for the segment · last finish=stop gen_tok=16
  [11300/13231 this process · 11300/13231 segment] 2.42s/row · 1503 chunks/h · ETA 1.28h for the segment · last finish=stop gen_tok=33
  [11350/13231 this process · 11350/13231 segment] 2.14s/row · 1503 chunks/h · ETA 1.25h for the segment · last finish=stop gen_tok=16
  [11400/13231 this process · 11400/13231 segment] 1.93s/row · 1503 chunks/h · ETA 1.22h for the segment · last finish=stop gen_tok=16
  [11450/13231 this process · 11450/13231 segment] 2.08s/row · 1503 chunks/h · ETA 1.18h for the segment · last finish=stop gen_tok=16
  [11500/13231 this process · 11500/13231 segment] 1.93s/row · 1504 chunks/h · ETA 1.15h for the segment · last finish=stop gen_tok=16
  [11550/13231 this process · 11550/13231 segment] 2.16s/row · 1505 chunks/h · ETA 1.12h for the segment · last finish=stop gen_tok=16
  [11600/13231 this process · 11600/13231 segment] 2.01s/row · 1506 chunks/h · ETA 1.08h for the segment · last finish=stop gen_tok=16
  [11650/13231 this process · 11650/13231 segment] 2.38s/row · 1506 chunks/h · ETA 1.05h for the segment · last finish=stop gen_tok=32
  [11700/13231 this process · 11700/13231 segment] 1.81s/row · 1506 chunks/h · ETA 1.02h for the segment · last finish=stop gen_tok=15
  [11750/13231 this process · 11750/13231 segment] 2.61s/row · 1507 chunks/h · ETA 0.98h for the segment · last finish=stop gen_tok=32
  [11800/13231 this process · 11800/13231 segment] 2.37s/row · 1507 chunks/h · ETA 0.95h for the segment · last finish=stop gen_tok=16
  [11850/13231 this process · 11850/13231 segment] 1.87s/row · 1508 chunks/h · ETA 0.92h for the segment · last finish=stop gen_tok=16
  [11900/13231 this process · 11900/13231 segment] 1.77s/row · 1508 chunks/h · ETA 0.88h for the segment · last finish=stop gen_tok=16
  [11950/13231 this process · 11950/13231 segment] 2.58s/row · 1509 chunks/h · ETA 0.85h for the segment · last finish=stop gen_tok=33
  [12000/13231 this process · 12000/13231 segment] 2.09s/row · 1509 chunks/h · ETA 0.82h for the segment · last finish=stop gen_tok=16
  [12050/13231 this process · 12050/13231 segment] 3.75s/row · 1509 chunks/h · ETA 0.78h for the segment · last finish=stop gen_tok=67
  [12100/13231 this process · 12100/13231 segment] 1.69s/row · 1509 chunks/h · ETA 0.75h for the segment · last finish=stop gen_tok=16
  [12150/13231 this process · 12150/13231 segment] 1.86s/row · 1510 chunks/h · ETA 0.72h for the segment · last finish=stop gen_tok=16
  [12200/13231 this process · 12200/13231 segment] 2.55s/row · 1510 chunks/h · ETA 0.68h for the segment · last finish=stop gen_tok=34
  [12250/13231 this process · 12250/13231 segment] 2.12s/row · 1510 chunks/h · ETA 0.65h for the segment · last finish=stop gen_tok=23
  [12300/13231 this process · 12300/13231 segment] 2.62s/row · 1511 chunks/h · ETA 0.62h for the segment · last finish=stop gen_tok=32
  [12350/13231 this process · 12350/13231 segment] 1.85s/row · 1512 chunks/h · ETA 0.58h for the segment · last finish=stop gen_tok=16
  [12400/13231 this process · 12400/13231 segment] 2.01s/row · 1513 chunks/h · ETA 0.55h for the segment · last finish=stop gen_tok=16
  [12450/13231 this process · 12450/13231 segment] 1.92s/row · 1513 chunks/h · ETA 0.52h for the segment · last finish=stop gen_tok=16
  [12500/13231 this process · 12500/13231 segment] 2.59s/row · 1513 chunks/h · ETA 0.48h for the segment · last finish=stop gen_tok=23
  [12550/13231 this process · 12550/13231 segment] 2.15s/row · 1514 chunks/h · ETA 0.45h for the segment · last finish=stop gen_tok=16
  [12600/13231 this process · 12600/13231 segment] 2.47s/row · 1514 chunks/h · ETA 0.42h for the segment · last finish=stop gen_tok=16
  [12650/13231 this process · 12650/13231 segment] 1.78s/row · 1514 chunks/h · ETA 0.38h for the segment · last finish=stop gen_tok=16
  [12700/13231 this process · 12700/13231 segment] 3.29s/row · 1514 chunks/h · ETA 0.35h for the segment · last finish=stop gen_tok=40
  [12750/13231 this process · 12750/13231 segment] 2.70s/row · 1514 chunks/h · ETA 0.32h for the segment · last finish=stop gen_tok=32
  [12800/13231 this process · 12800/13231 segment] 2.08s/row · 1515 chunks/h · ETA 0.28h for the segment · last finish=stop gen_tok=24
  [12850/13231 this process · 12850/13231 segment] 1.94s/row · 1515 chunks/h · ETA 0.25h for the segment · last finish=stop gen_tok=16
  [12900/13231 this process · 12900/13231 segment] 1.93s/row · 1515 chunks/h · ETA 0.22h for the segment · last finish=stop gen_tok=16
  [12950/13231 this process · 12950/13231 segment] 2.52s/row · 1517 chunks/h · ETA 0.19h for the segment · last finish=stop gen_tok=33
  [13000/13231 this process · 13000/13231 segment] 1.78s/row · 1517 chunks/h · ETA 0.15h for the segment · last finish=stop gen_tok=16
  [13050/13231 this process · 13050/13231 segment] 1.71s/row · 1518 chunks/h · ETA 0.12h for the segment · last finish=stop gen_tok=16
  [13100/13231 this process · 13100/13231 segment] 1.78s/row · 1518 chunks/h · ETA 0.09h for the segment · last finish=stop gen_tok=16
  [13150/13231 this process · 13150/13231 segment] 1.95s/row · 1518 chunks/h · ETA 0.05h for the segment · last finish=stop gen_tok=15
  [13200/13231 this process · 13200/13231 segment] 2.62s/row · 1518 chunks/h · ETA 0.02h for the segment · last finish=stop gen_tok=32
  [13231/13231 this process · 13231/13231 segment] 2.16s/row · 1518 chunks/h · ETA 0.00h for the segment · last finish=stop gen_tok=36

SEGMENT seg-007 COMPLETE — 13231/13231 rows.
Now finalize with the SYSTEM python3 (no GPU, seconds):
    python3 finetune/label_e2.py --finalize-segment seg-007
