0 already in labels.jsonl · 13227 to generate
loading base model + adapter (the only GPU work) ...
  loaded in 1.0s
  [50/13227 this process · 50/13227 segment] 3.03s/row · 1446 chunks/h · ETA 9.11h for the segment · last finish=stop gen_tok=50
  [100/13227 this process · 100/13227 segment] 2.70s/row · 1538 chunks/h · ETA 8.54h for the segment · last finish=stop gen_tok=41
  [150/13227 this process · 150/13227 segment] 2.04s/row · 1549 chunks/h · ETA 8.44h for the segment · last finish=stop gen_tok=16
  [200/13227 this process · 200/13227 segment] 1.68s/row · 1545 chunks/h · ETA 8.43h for the segment · last finish=stop gen_tok=16
  [250/13227 this process · 250/13227 segment] 1.96s/row · 1540 chunks/h · ETA 8.43h for the segment · last finish=stop gen_tok=23
  [300/13227 this process · 300/13227 segment] 2.09s/row · 1537 chunks/h · ETA 8.41h for the segment · last finish=stop gen_tok=24
  [350/13227 this process · 350/13227 segment] 1.94s/row · 1550 chunks/h · ETA 8.31h for the segment · last finish=stop gen_tok=16
  [400/13227 this process · 400/13227 segment] 1.72s/row · 1565 chunks/h · ETA 8.20h for the segment · last finish=stop gen_tok=16
  [450/13227 this process · 450/13227 segment] 2.01s/row · 1556 chunks/h · ETA 8.21h for the segment · last finish=stop gen_tok=24
  [500/13227 this process · 500/13227 segment] 4.09s/row · 1557 chunks/h · ETA 8.18h for the segment · last finish=stop gen_tok=79
  [550/13227 this process · 550/13227 segment] 2.64s/row · 1557 chunks/h · ETA 8.14h for the segment · last finish=stop gen_tok=40
  [600/13227 this process · 600/13227 segment] 2.22s/row · 1543 chunks/h · ETA 8.18h for the segment · last finish=stop gen_tok=32
  [650/13227 this process · 650/13227 segment] 2.61s/row · 1538 chunks/h · ETA 8.17h for the segment · last finish=stop gen_tok=25
  [700/13227 this process · 700/13227 segment] 1.92s/row · 1543 chunks/h · ETA 8.12h for the segment · last finish=stop gen_tok=24
  [750/13227 this process · 750/13227 segment] 2.90s/row · 1553 chunks/h · ETA 8.03h for the segment · last finish=stop gen_tok=48
  [800/13227 this process · 800/13227 segment] 1.64s/row · 1547 chunks/h · ETA 8.03h for the segment · last finish=stop gen_tok=16
  [850/13227 this process · 850/13227 segment] 1.92s/row · 1557 chunks/h · ETA 7.95h for the segment · last finish=stop gen_tok=24
  [900/13227 this process · 900/13227 segment] 2.09s/row · 1558 chunks/h · ETA 7.91h for the segment · last finish=stop gen_tok=24
  [950/13227 this process · 950/13227 segment] 1.87s/row · 1554 chunks/h · ETA 7.90h for the segment · last finish=stop gen_tok=16
  [1000/13227 this process · 1000/13227 segment] 1.72s/row · 1551 chunks/h · ETA 7.88h for the segment · last finish=stop gen_tok=16
  [1050/13227 this process · 1050/13227 segment] 2.66s/row · 1553 chunks/h · ETA 7.84h for the segment · last finish=stop gen_tok=41
  [1100/13227 this process · 1100/13227 segment] 2.73s/row · 1550 chunks/h · ETA 7.83h for the segment · last finish=stop gen_tok=45
  [1150/13227 this process · 1150/13227 segment] 2.63s/row · 1553 chunks/h · ETA 7.78h for the segment · last finish=stop gen_tok=44
  [1200/13227 this process · 1200/13227 segment] 1.94s/row · 1553 chunks/h · ETA 7.74h for the segment · last finish=stop gen_tok=16
  [1250/13227 this process · 1250/13227 segment] 4.63s/row · 1550 chunks/h · ETA 7.73h for the segment · last finish=stop gen_tok=87
  [1300/13227 this process · 1300/13227 segment] 2.97s/row · 1546 chunks/h · ETA 7.71h for the segment · last finish=stop gen_tok=50
  [1350/13227 this process · 1350/13227 segment] 1.97s/row · 1552 chunks/h · ETA 7.65h for the segment · last finish=stop gen_tok=23
  [1400/13227 this process · 1400/13227 segment] 2.07s/row · 1549 chunks/h · ETA 7.63h for the segment · last finish=stop gen_tok=24
  [1450/13227 this process · 1450/13227 segment] 2.10s/row · 1545 chunks/h · ETA 7.62h for the segment · last finish=stop gen_tok=15
  [1500/13227 this process · 1500/13227 segment] 2.62s/row · 1548 chunks/h · ETA 7.57h for the segment · last finish=stop gen_tok=16
  [1550/13227 this process · 1550/13227 segment] 2.69s/row · 1552 chunks/h · ETA 7.52h for the segment · last finish=stop gen_tok=44
  [1600/13227 this process · 1600/13227 segment] 2.29s/row · 1550 chunks/h · ETA 7.50h for the segment · last finish=stop gen_tok=33
  [1650/13227 this process · 1650/13227 segment] 1.72s/row · 1550 chunks/h · ETA 7.47h for the segment · last finish=stop gen_tok=16
  [1700/13227 this process · 1700/13227 segment] 3.67s/row · 1552 chunks/h · ETA 7.43h for the segment · last finish=stop gen_tok=70
  [1750/13227 this process · 1750/13227 segment] 2.39s/row · 1554 chunks/h · ETA 7.39h for the segment · last finish=stop gen_tok=23
  [1800/13227 this process · 1800/13227 segment] 1.63s/row · 1558 chunks/h · ETA 7.34h for the segment · last finish=stop gen_tok=15
  [1850/13227 this process · 1850/13227 segment] 2.48s/row · 1556 chunks/h · ETA 7.31h for the segment · last finish=stop gen_tok=34
  [1900/13227 this process · 1900/13227 segment] 2.25s/row · 1557 chunks/h · ETA 7.28h for the segment · last finish=stop gen_tok=33
  [1950/13227 this process · 1950/13227 segment] 2.30s/row · 1559 chunks/h · ETA 7.23h for the segment · last finish=stop gen_tok=24
  [2000/13227 this process · 2000/13227 segment] 2.49s/row · 1556 chunks/h · ETA 7.21h for the segment · last finish=stop gen_tok=32
  [2050/13227 this process · 2050/13227 segment] 1.76s/row · 1554 chunks/h · ETA 7.19h for the segment · last finish=stop gen_tok=15
  [2100/13227 this process · 2100/13227 segment] 2.20s/row · 1559 chunks/h · ETA 7.14h for the segment · last finish=stop gen_tok=32
  [2150/13227 this process · 2150/13227 segment] 2.44s/row · 1560 chunks/h · ETA 7.10h for the segment · last finish=stop gen_tok=16
  [2200/13227 this process · 2200/13227 segment] 3.24s/row · 1560 chunks/h · ETA 7.07h for the segment · last finish=stop gen_tok=59
  [2250/13227 this process · 2250/13227 segment] 1.73s/row · 1563 chunks/h · ETA 7.02h for the segment · last finish=stop gen_tok=16
  [2300/13227 this process · 2300/13227 segment] 2.99s/row · 1566 chunks/h · ETA 6.98h for the segment · last finish=stop gen_tok=42
  [2350/13227 this process · 2350/13227 segment] 2.64s/row · 1567 chunks/h · ETA 6.94h for the segment · last finish=stop gen_tok=16
  [2400/13227 this process · 2400/13227 segment] 2.19s/row · 1569 chunks/h · ETA 6.90h for the segment · last finish=stop gen_tok=33
  [2450/13227 this process · 2450/13227 segment] 2.28s/row · 1573 chunks/h · ETA 6.85h for the segment · last finish=stop gen_tok=34
  [2500/13227 this process · 2500/13227 segment] 1.73s/row · 1577 chunks/h · ETA 6.80h for the segment · last finish=stop gen_tok=16
  [2550/13227 this process · 2550/13227 segment] 1.75s/row · 1579 chunks/h · ETA 6.76h for the segment · last finish=stop gen_tok=15
  [2600/13227 this process · 2600/13227 segment] 3.04s/row · 1575 chunks/h · ETA 6.75h for the segment · last finish=stop gen_tok=52
  [2650/13227 this process · 2650/13227 segment] 1.93s/row · 1575 chunks/h · ETA 6.72h for the segment · last finish=stop gen_tok=24
  [2700/13227 this process · 2700/13227 segment] 2.03s/row · 1574 chunks/h · ETA 6.69h for the segment · last finish=stop gen_tok=24
  [2750/13227 this process · 2750/13227 segment] 1.66s/row · 1575 chunks/h · ETA 6.65h for the segment · last finish=stop gen_tok=16
  [2800/13227 this process · 2800/13227 segment] 2.90s/row · 1577 chunks/h · ETA 6.61h for the segment · last finish=stop gen_tok=55
  [2850/13227 this process · 2850/13227 segment] 2.08s/row · 1577 chunks/h · ETA 6.58h for the segment · last finish=stop gen_tok=16
  [2900/13227 this process · 2900/13227 segment] 1.74s/row · 1580 chunks/h · ETA 6.54h for the segment · last finish=stop gen_tok=16
  [2950/13227 this process · 2950/13227 segment] 1.27s/row · 1583 chunks/h · ETA 6.49h for the segment · last finish=stop gen_tok=7
  [3000/13227 this process · 3000/13227 segment] 1.87s/row · 1584 chunks/h · ETA 6.46h for the segment · last finish=stop gen_tok=24
  [3050/13227 this process · 3050/13227 segment] 2.78s/row · 1583 chunks/h · ETA 6.43h for the segment · last finish=stop gen_tok=50
  [3100/13227 this process · 3100/13227 segment] 3.32s/row · 1583 chunks/h · ETA 6.40h for the segment · last finish=stop gen_tok=60
  [3150/13227 this process · 3150/13227 segment] 1.66s/row · 1582 chunks/h · ETA 6.37h for the segment · last finish=stop gen_tok=16
  [3200/13227 this process · 3200/13227 segment] 1.95s/row · 1583 chunks/h · ETA 6.34h for the segment · last finish=stop gen_tok=16
  [3250/13227 this process · 3250/13227 segment] 2.43s/row · 1584 chunks/h · ETA 6.30h for the segment · last finish=stop gen_tok=24
  [3300/13227 this process · 3300/13227 segment] 2.95s/row · 1584 chunks/h · ETA 6.27h for the segment · last finish=stop gen_tok=51
  [3350/13227 this process · 3350/13227 segment] 2.04s/row · 1584 chunks/h · ETA 6.24h for the segment · last finish=stop gen_tok=15
  [3400/13227 this process · 3400/13227 segment] 2.10s/row · 1586 chunks/h · ETA 6.20h for the segment · last finish=stop gen_tok=27
  [3450/13227 this process · 3450/13227 segment] 2.52s/row · 1586 chunks/h · ETA 6.16h for the segment · last finish=stop gen_tok=33
  [3500/13227 this process · 3500/13227 segment] 2.84s/row · 1585 chunks/h · ETA 6.14h for the segment · last finish=stop gen_tok=50
  [3550/13227 this process · 3550/13227 segment] 1.91s/row · 1584 chunks/h · ETA 6.11h for the segment · last finish=stop gen_tok=23
  [3600/13227 this process · 3600/13227 segment] 2.44s/row · 1584 chunks/h · ETA 6.08h for the segment · last finish=stop gen_tok=32
  [3650/13227 this process · 3650/13227 segment] 2.86s/row · 1582 chunks/h · ETA 6.05h for the segment · last finish=stop gen_tok=50
  [3700/13227 this process · 3700/13227 segment] 1.86s/row · 1582 chunks/h · ETA 6.02h for the segment · last finish=stop gen_tok=24
  [3750/13227 this process · 3750/13227 segment] 1.74s/row · 1580 chunks/h · ETA 6.00h for the segment · last finish=stop gen_tok=16
  [3800/13227 this process · 3800/13227 segment] 1.97s/row · 1584 chunks/h · ETA 5.95h for the segment · last finish=stop gen_tok=27
  [3850/13227 this process · 3850/13227 segment] 1.98s/row · 1587 chunks/h · ETA 5.91h for the segment · last finish=stop gen_tok=27
  [3900/13227 this process · 3900/13227 segment] 2.30s/row · 1588 chunks/h · ETA 5.87h for the segment · last finish=stop gen_tok=34
  [3950/13227 this process · 3950/13227 segment] 2.31s/row · 1589 chunks/h · ETA 5.84h for the segment · last finish=stop gen_tok=35
  [4000/13227 this process · 4000/13227 segment] 1.74s/row · 1592 chunks/h · ETA 5.80h for the segment · last finish=stop gen_tok=16
  [4050/13227 this process · 4050/13227 segment] 2.49s/row · 1594 chunks/h · ETA 5.76h for the segment · last finish=stop gen_tok=40
  [4100/13227 this process · 4100/13227 segment] 1.87s/row · 1596 chunks/h · ETA 5.72h for the segment · last finish=stop gen_tok=16
  [4150/13227 this process · 4150/13227 segment] 2.09s/row · 1599 chunks/h · ETA 5.68h for the segment · last finish=stop gen_tok=16
  [4200/13227 this process · 4200/13227 segment] 1.59s/row · 1602 chunks/h · ETA 5.63h for the segment · last finish=stop gen_tok=16
  [4250/13227 this process · 4250/13227 segment] 2.32s/row · 1603 chunks/h · ETA 5.60h for the segment · last finish=stop gen_tok=33
  [4300/13227 this process · 4300/13227 segment] 1.96s/row · 1605 chunks/h · ETA 5.56h for the segment · last finish=stop gen_tok=16
  [4350/13227 this process · 4350/13227 segment] 2.25s/row · 1605 chunks/h · ETA 5.53h for the segment · last finish=stop gen_tok=33
  [4400/13227 this process · 4400/13227 segment] 1.79s/row · 1606 chunks/h · ETA 5.50h for the segment · last finish=stop gen_tok=16
  [4450/13227 this process · 4450/13227 segment] 1.66s/row · 1608 chunks/h · ETA 5.46h for the segment · last finish=stop gen_tok=16
  [4500/13227 this process · 4500/13227 segment] 1.34s/row · 1610 chunks/h · ETA 5.42h for the segment · last finish=stop gen_tok=7
  [4550/13227 this process · 4550/13227 segment] 1.68s/row · 1613 chunks/h · ETA 5.38h for the segment · last finish=stop gen_tok=16
  [4600/13227 this process · 4600/13227 segment] 1.67s/row · 1615 chunks/h · ETA 5.34h for the segment · last finish=stop gen_tok=16
  [4650/13227 this process · 4650/13227 segment] 3.47s/row · 1617 chunks/h · ETA 5.30h for the segment · last finish=stop gen_tok=70
  [4700/13227 this process · 4700/13227 segment] 1.94s/row · 1617 chunks/h · ETA 5.27h for the segment · last finish=stop gen_tok=16
  [4750/13227 this process · 4750/13227 segment] 2.22s/row · 1616 chunks/h · ETA 5.25h for the segment · last finish=stop gen_tok=32
  [4800/13227 this process · 4800/13227 segment] 2.08s/row · 1616 chunks/h · ETA 5.22h for the segment · last finish=stop gen_tok=24
  [4850/13227 this process · 4850/13227 segment] 1.79s/row · 1616 chunks/h · ETA 5.18h for the segment · last finish=stop gen_tok=16
  [4900/13227 this process · 4900/13227 segment] 1.48s/row · 1617 chunks/h · ETA 5.15h for the segment · last finish=stop gen_tok=16
  [4950/13227 this process · 4950/13227 segment] 3.06s/row · 1617 chunks/h · ETA 5.12h for the segment · last finish=stop gen_tok=50
  [5000/13227 this process · 5000/13227 segment] 2.26s/row · 1616 chunks/h · ETA 5.09h for the segment · last finish=stop gen_tok=33
  [5050/13227 this process · 5050/13227 segment] 2.03s/row · 1618 chunks/h · ETA 5.06h for the segment · last finish=stop gen_tok=16
  [5100/13227 this process · 5100/13227 segment] 1.89s/row · 1620 chunks/h · ETA 5.02h for the segment · last finish=stop gen_tok=15
  [5150/13227 this process · 5150/13227 segment] 2.42s/row · 1619 chunks/h · ETA 4.99h for the segment · last finish=stop gen_tok=32
  [5200/13227 this process · 5200/13227 segment] 1.67s/row · 1620 chunks/h · ETA 4.96h for the segment · last finish=stop gen_tok=16
  [5250/13227 this process · 5250/13227 segment] 1.97s/row · 1620 chunks/h · ETA 4.93h for the segment · last finish=stop gen_tok=27
  [5300/13227 this process · 5300/13227 segment] 1.79s/row · 1618 chunks/h · ETA 4.90h for the segment · last finish=stop gen_tok=16
  [5350/13227 this process · 5350/13227 segment] 1.68s/row · 1618 chunks/h · ETA 4.87h for the segment · last finish=stop gen_tok=16
  [5400/13227 this process · 5400/13227 segment] 2.37s/row · 1618 chunks/h · ETA 4.84h for the segment · last finish=stop gen_tok=32
  [5450/13227 this process · 5450/13227 segment] 1.66s/row · 1618 chunks/h · ETA 4.81h for the segment · last finish=stop gen_tok=16
  [5500/13227 this process · 5500/13227 segment] 1.65s/row · 1620 chunks/h · ETA 4.77h for the segment · last finish=stop gen_tok=15
  [5550/13227 this process · 5550/13227 segment] 1.94s/row · 1620 chunks/h · ETA 4.74h for the segment · last finish=stop gen_tok=16
  [5600/13227 this process · 5600/13227 segment] 3.61s/row · 1620 chunks/h · ETA 4.71h for the segment · last finish=stop gen_tok=70
  [5650/13227 this process · 5650/13227 segment] 1.87s/row · 1619 chunks/h · ETA 4.68h for the segment · last finish=stop gen_tok=16
  [5700/13227 this process · 5700/13227 segment] 2.16s/row · 1619 chunks/h · ETA 4.65h for the segment · last finish=stop gen_tok=16
  [5750/13227 this process · 5750/13227 segment] 2.28s/row · 1618 chunks/h · ETA 4.62h for the segment · last finish=stop gen_tok=32
  [5800/13227 this process · 5800/13227 segment] 1.69s/row · 1619 chunks/h · ETA 4.59h for the segment · last finish=stop gen_tok=16
  [5850/13227 this process · 5850/13227 segment] 1.77s/row · 1619 chunks/h · ETA 4.56h for the segment · last finish=stop gen_tok=15
  [5900/13227 this process · 5900/13227 segment] 1.72s/row · 1619 chunks/h · ETA 4.53h for the segment · last finish=stop gen_tok=15
  [5950/13227 this process · 5950/13227 segment] 2.16s/row · 1619 chunks/h · ETA 4.49h for the segment · last finish=stop gen_tok=24
  [6000/13227 this process · 6000/13227 segment] 1.83s/row · 1619 chunks/h · ETA 4.46h for the segment · last finish=stop gen_tok=16
  [6050/13227 this process · 6050/13227 segment] 1.67s/row · 1621 chunks/h · ETA 4.43h for the segment · last finish=stop gen_tok=16
  [6100/13227 this process · 6100/13227 segment] 2.29s/row · 1622 chunks/h · ETA 4.39h for the segment · last finish=stop gen_tok=34
  [6150/13227 this process · 6150/13227 segment] 2.90s/row · 1622 chunks/h · ETA 4.36h for the segment · last finish=stop gen_tok=51
  [6200/13227 this process · 6200/13227 segment] 1.59s/row · 1623 chunks/h · ETA 4.33h for the segment · last finish=stop gen_tok=15
  [6250/13227 this process · 6250/13227 segment] 2.43s/row · 1625 chunks/h · ETA 4.29h for the segment · last finish=stop gen_tok=34
  [6300/13227 this process · 6300/13227 segment] 2.27s/row · 1626 chunks/h · ETA 4.26h for the segment · last finish=stop gen_tok=32
  [6350/13227 this process · 6350/13227 segment] 2.91s/row · 1627 chunks/h · ETA 4.23h for the segment · last finish=stop gen_tok=50
  [6400/13227 this process · 6400/13227 segment] 1.75s/row · 1629 chunks/h · ETA 4.19h for the segment · last finish=stop gen_tok=16
  [6450/13227 this process · 6450/13227 segment] 3.01s/row · 1630 chunks/h · ETA 4.16h for the segment · last finish=stop gen_tok=41
  [6500/13227 this process · 6500/13227 segment] 2.00s/row · 1629 chunks/h · ETA 4.13h for the segment · last finish=stop gen_tok=23
  [6550/13227 this process · 6550/13227 segment] 2.65s/row · 1628 chunks/h · ETA 4.10h for the segment · last finish=stop gen_tok=16
  [6600/13227 this process · 6600/13227 segment] 1.69s/row · 1628 chunks/h · ETA 4.07h for the segment · last finish=stop gen_tok=15
  [6650/13227 this process · 6650/13227 segment] 2.87s/row · 1628 chunks/h · ETA 4.04h for the segment · last finish=stop gen_tok=51
  [6700/13227 this process · 6700/13227 segment] 1.95s/row · 1629 chunks/h · ETA 4.01h for the segment · last finish=stop gen_tok=16
  [6750/13227 this process · 6750/13227 segment] 2.45s/row · 1630 chunks/h · ETA 3.97h for the segment · last finish=stop gen_tok=33
  [6800/13227 this process · 6800/13227 segment] 2.47s/row · 1630 chunks/h · ETA 3.94h for the segment · last finish=stop gen_tok=32
  [6850/13227 this process · 6850/13227 segment] 1.67s/row · 1631 chunks/h · ETA 3.91h for the segment · last finish=stop gen_tok=16
  [6900/13227 this process · 6900/13227 segment] 1.91s/row · 1632 chunks/h · ETA 3.88h for the segment · last finish=stop gen_tok=27
  [6950/13227 this process · 6950/13227 segment] 2.33s/row · 1632 chunks/h · ETA 3.85h for the segment · last finish=stop gen_tok=33
  [7000/13227 this process · 7000/13227 segment] 1.84s/row · 1634 chunks/h · ETA 3.81h for the segment · last finish=stop gen_tok=16
  [7050/13227 this process · 7050/13227 segment] 2.08s/row · 1635 chunks/h · ETA 3.78h for the segment · last finish=stop gen_tok=28
  [7100/13227 this process · 7100/13227 segment] 1.20s/row · 1637 chunks/h · ETA 3.74h for the segment · last finish=stop gen_tok=7
  [7150/13227 this process · 7150/13227 segment] 2.11s/row · 1638 chunks/h · ETA 3.71h for the segment · last finish=stop gen_tok=16
  [7200/13227 this process · 7200/13227 segment] 2.75s/row · 1639 chunks/h · ETA 3.68h for the segment · last finish=stop gen_tok=49
  [7250/13227 this process · 7250/13227 segment] 1.68s/row · 1639 chunks/h · ETA 3.65h for the segment · last finish=stop gen_tok=16
  [7300/13227 this process · 7300/13227 segment] 1.03s/row · 1638 chunks/h · ETA 3.62h for the segment · last finish=stop gen_tok=7
  [7350/13227 this process · 7350/13227 segment] 3.23s/row · 1638 chunks/h · ETA 3.59h for the segment · last finish=stop gen_tok=50
  [7400/13227 this process · 7400/13227 segment] 1.67s/row · 1638 chunks/h · ETA 3.56h for the segment · last finish=stop gen_tok=16
  [7450/13227 this process · 7450/13227 segment] 2.87s/row · 1637 chunks/h · ETA 3.53h for the segment · last finish=stop gen_tok=42
  [7500/13227 this process · 7500/13227 segment] 2.16s/row · 1637 chunks/h · ETA 3.50h for the segment · last finish=stop gen_tok=32
  [7550/13227 this process · 7550/13227 segment] 3.35s/row · 1636 chunks/h · ETA 3.47h for the segment · last finish=stop gen_tok=60
  [7600/13227 this process · 7600/13227 segment] 1.65s/row · 1635 chunks/h · ETA 3.44h for the segment · last finish=stop gen_tok=16
  [7650/13227 this process · 7650/13227 segment] 2.67s/row · 1634 chunks/h · ETA 3.41h for the segment · last finish=stop gen_tok=33
  [7700/13227 this process · 7700/13227 segment] 1.28s/row · 1634 chunks/h · ETA 3.38h for the segment · last finish=stop gen_tok=7
  [7750/13227 this process · 7750/13227 segment] 2.03s/row · 1634 chunks/h · ETA 3.35h for the segment · last finish=stop gen_tok=27
  [7800/13227 this process · 7800/13227 segment] 2.30s/row · 1634 chunks/h · ETA 3.32h for the segment · last finish=stop gen_tok=32
  [7850/13227 this process · 7850/13227 segment] 1.51s/row · 1635 chunks/h · ETA 3.29h for the segment · last finish=stop gen_tok=7
  [7900/13227 this process · 7900/13227 segment] 2.36s/row · 1636 chunks/h · ETA 3.26h for the segment · last finish=stop gen_tok=32
  [7950/13227 this process · 7950/13227 segment] 2.13s/row · 1637 chunks/h · ETA 3.22h for the segment · last finish=stop gen_tok=27
  [8000/13227 this process · 8000/13227 segment] 1.72s/row · 1637 chunks/h · ETA 3.19h for the segment · last finish=stop gen_tok=16
  [8050/13227 this process · 8050/13227 segment] 1.70s/row · 1637 chunks/h · ETA 3.16h for the segment · last finish=stop gen_tok=15
  [8100/13227 this process · 8100/13227 segment] 3.34s/row · 1635 chunks/h · ETA 3.14h for the segment · last finish=stop gen_tok=67
  [8150/13227 this process · 8150/13227 segment] 3.04s/row · 1635 chunks/h · ETA 3.10h for the segment · last finish=stop gen_tok=51
  [8200/13227 this process · 8200/13227 segment] 2.57s/row · 1635 chunks/h · ETA 3.08h for the segment · last finish=stop gen_tok=33
  [8250/13227 this process · 8250/13227 segment] 1.74s/row · 1635 chunks/h · ETA 3.04h for the segment · last finish=stop gen_tok=16
  [8300/13227 this process · 8300/13227 segment] 1.61s/row · 1635 chunks/h · ETA 3.01h for the segment · last finish=stop gen_tok=16
  [8350/13227 this process · 8350/13227 segment] 2.74s/row · 1635 chunks/h · ETA 2.98h for the segment · last finish=stop gen_tok=48
  [8400/13227 this process · 8400/13227 segment] 1.65s/row · 1637 chunks/h · ETA 2.95h for the segment · last finish=stop gen_tok=15
  [8450/13227 this process · 8450/13227 segment] 2.20s/row · 1635 chunks/h · ETA 2.92h for the segment · last finish=stop gen_tok=33
  [8500/13227 this process · 8500/13227 segment] 2.19s/row · 1634 chunks/h · ETA 2.89h for the segment · last finish=stop gen_tok=16
  [8550/13227 this process · 8550/13227 segment] 1.61s/row · 1635 chunks/h · ETA 2.86h for the segment · last finish=stop gen_tok=16
  [8600/13227 this process · 8600/13227 segment] 1.74s/row · 1638 chunks/h · ETA 2.83h for the segment · last finish=stop gen_tok=16
  [8650/13227 this process · 8650/13227 segment] 2.60s/row · 1637 chunks/h · ETA 2.80h for the segment · last finish=stop gen_tok=16
  [8700/13227 this process · 8700/13227 segment] 2.23s/row · 1637 chunks/h · ETA 2.77h for the segment · last finish=stop gen_tok=24
  [8750/13227 this process · 8750/13227 segment] 2.28s/row · 1637 chunks/h · ETA 2.73h for the segment · last finish=stop gen_tok=24
  [8800/13227 this process · 8800/13227 segment] 2.23s/row · 1636 chunks/h · ETA 2.71h for the segment · last finish=stop gen_tok=24
  [8850/13227 this process · 8850/13227 segment] 2.35s/row · 1635 chunks/h · ETA 2.68h for the segment · last finish=stop gen_tok=33
  [8900/13227 this process · 8900/13227 segment] 3.03s/row · 1634 chunks/h · ETA 2.65h for the segment · last finish=stop gen_tok=51
  [8950/13227 this process · 8950/13227 segment] 2.20s/row · 1633 chunks/h · ETA 2.62h for the segment · last finish=stop gen_tok=24
  [9000/13227 this process · 9000/13227 segment] 2.56s/row · 1632 chunks/h · ETA 2.59h for the segment · last finish=stop gen_tok=24
  [9050/13227 this process · 9050/13227 segment] 2.73s/row · 1631 chunks/h · ETA 2.56h for the segment · last finish=stop gen_tok=33
  [9100/13227 this process · 9100/13227 segment] 1.86s/row · 1631 chunks/h · ETA 2.53h for the segment · last finish=stop gen_tok=24
  [9150/13227 this process · 9150/13227 segment] 2.50s/row · 1630 chunks/h · ETA 2.50h for the segment · last finish=stop gen_tok=24
  [9200/13227 this process · 9200/13227 segment] 3.10s/row · 1629 chunks/h · ETA 2.47h for the segment · last finish=stop gen_tok=50
  [9250/13227 this process · 9250/13227 segment] 2.11s/row · 1628 chunks/h · ETA 2.44h for the segment · last finish=stop gen_tok=16
  [9300/13227 this process · 9300/13227 segment] 1.73s/row · 1628 chunks/h · ETA 2.41h for the segment · last finish=stop gen_tok=16
  [9350/13227 this process · 9350/13227 segment] 1.46s/row · 1628 chunks/h · ETA 2.38h for the segment · last finish=stop gen_tok=16
  [9400/13227 this process · 9400/13227 segment] 1.84s/row · 1627 chunks/h · ETA 2.35h for the segment · last finish=stop gen_tok=15
  [9450/13227 this process · 9450/13227 segment] 2.22s/row · 1626 chunks/h · ETA 2.32h for the segment · last finish=stop gen_tok=24
  [9500/13227 this process · 9500/13227 segment] 1.99s/row · 1625 chunks/h · ETA 2.29h for the segment · last finish=stop gen_tok=27
  [9550/13227 this process · 9550/13227 segment] 2.92s/row · 1625 chunks/h · ETA 2.26h for the segment · last finish=stop gen_tok=52
  [9600/13227 this process · 9600/13227 segment] 3.11s/row · 1623 chunks/h · ETA 2.23h for the segment · last finish=stop gen_tok=51
  [9650/13227 this process · 9650/13227 segment] 2.35s/row · 1622 chunks/h · ETA 2.21h for the segment · last finish=stop gen_tok=33
  [9700/13227 this process · 9700/13227 segment] 1.88s/row · 1621 chunks/h · ETA 2.18h for the segment · last finish=stop gen_tok=16
  [9750/13227 this process · 9750/13227 segment] 2.68s/row · 1621 chunks/h · ETA 2.15h for the segment · last finish=stop gen_tok=32
  [9800/13227 this process · 9800/13227 segment] 3.00s/row · 1621 chunks/h · ETA 2.11h for the segment · last finish=stop gen_tok=42
  [9850/13227 this process · 9850/13227 segment] 3.45s/row · 1620 chunks/h · ETA 2.08h for the segment · last finish=stop gen_tok=59
  [9900/13227 this process · 9900/13227 segment] 1.81s/row · 1620 chunks/h · ETA 2.05h for the segment · last finish=stop gen_tok=16
  [9950/13227 this process · 9950/13227 segment] 1.94s/row · 1621 chunks/h · ETA 2.02h for the segment · last finish=stop gen_tok=16
  [10000/13227 this process · 10000/13227 segment] 2.65s/row · 1621 chunks/h · ETA 1.99h for the segment · last finish=stop gen_tok=44
  [10050/13227 this process · 10050/13227 segment] 2.10s/row · 1621 chunks/h · ETA 1.96h for the segment · last finish=stop gen_tok=16
  [10100/13227 this process · 10100/13227 segment] 2.45s/row · 1621 chunks/h · ETA 1.93h for the segment · last finish=stop gen_tok=15
  [10150/13227 this process · 10150/13227 segment] 2.36s/row · 1621 chunks/h · ETA 1.90h for the segment · last finish=stop gen_tok=34
  [10200/13227 this process · 10200/13227 segment] 1.60s/row · 1621 chunks/h · ETA 1.87h for the segment · last finish=stop gen_tok=16
  [10250/13227 this process · 10250/13227 segment] 1.70s/row · 1620 chunks/h · ETA 1.84h for the segment · last finish=stop gen_tok=15
  [10300/13227 this process · 10300/13227 segment] 2.17s/row · 1620 chunks/h · ETA 1.81h for the segment · last finish=stop gen_tok=16
  [10350/13227 this process · 10350/13227 segment] 2.38s/row · 1620 chunks/h · ETA 1.78h for the segment · last finish=stop gen_tok=33
  [10400/13227 this process · 10400/13227 segment] 1.68s/row · 1620 chunks/h · ETA 1.75h for the segment · last finish=stop gen_tok=16
  [10450/13227 this process · 10450/13227 segment] 2.69s/row · 1619 chunks/h · ETA 1.71h for the segment · last finish=stop gen_tok=33
  [10500/13227 this process · 10500/13227 segment] 1.59s/row · 1619 chunks/h · ETA 1.68h for the segment · last finish=stop gen_tok=16
  [10550/13227 this process · 10550/13227 segment] 1.34s/row · 1620 chunks/h · ETA 1.65h for the segment · last finish=stop gen_tok=7
  [10600/13227 this process · 10600/13227 segment] 2.23s/row · 1619 chunks/h · ETA 1.62h for the segment · last finish=stop gen_tok=24
  [10650/13227 this process · 10650/13227 segment] 1.81s/row · 1620 chunks/h · ETA 1.59h for the segment · last finish=stop gen_tok=16
  [10700/13227 this process · 10700/13227 segment] 1.81s/row · 1619 chunks/h · ETA 1.56h for the segment · last finish=stop gen_tok=24
  [10750/13227 this process · 10750/13227 segment] 1.74s/row · 1618 chunks/h · ETA 1.53h for the segment · last finish=stop gen_tok=16
  [10800/13227 this process · 10800/13227 segment] 2.18s/row · 1618 chunks/h · ETA 1.50h for the segment · last finish=stop gen_tok=23
  [10850/13227 this process · 10850/13227 segment] 1.66s/row · 1618 chunks/h · ETA 1.47h for the segment · last finish=stop gen_tok=16
  [10900/13227 this process · 10900/13227 segment] 2.03s/row · 1618 chunks/h · ETA 1.44h for the segment · last finish=stop gen_tok=16
  [10950/13227 this process · 10950/13227 segment] 2.79s/row · 1618 chunks/h · ETA 1.41h for the segment · last finish=stop gen_tok=50
  [11000/13227 this process · 11000/13227 segment] 1.77s/row · 1618 chunks/h · ETA 1.38h for the segment · last finish=stop gen_tok=16
  [11050/13227 this process · 11050/13227 segment] 2.44s/row · 1618 chunks/h · ETA 1.35h for the segment · last finish=stop gen_tok=34
  [11100/13227 this process · 11100/13227 segment] 2.23s/row · 1618 chunks/h · ETA 1.31h for the segment · last finish=stop gen_tok=32
  [11150/13227 this process · 11150/13227 segment] 1.85s/row · 1619 chunks/h · ETA 1.28h for the segment · last finish=stop gen_tok=15
  [11200/13227 this process · 11200/13227 segment] 2.33s/row · 1619 chunks/h · ETA 1.25h for the segment · last finish=stop gen_tok=33
  [11250/13227 this process · 11250/13227 segment] 1.74s/row · 1619 chunks/h · ETA 1.22h for the segment · last finish=stop gen_tok=16
  [11300/13227 this process · 11300/13227 segment] 1.97s/row · 1619 chunks/h · ETA 1.19h for the segment · last finish=stop gen_tok=16
  [11350/13227 this process · 11350/13227 segment] 2.30s/row · 1619 chunks/h · ETA 1.16h for the segment · last finish=stop gen_tok=16
  [11400/13227 this process · 11400/13227 segment] 1.87s/row · 1619 chunks/h · ETA 1.13h for the segment · last finish=stop gen_tok=16
  [11450/13227 this process · 11450/13227 segment] 2.03s/row · 1619 chunks/h · ETA 1.10h for the segment · last finish=stop gen_tok=16
  [11500/13227 this process · 11500/13227 segment] 1.74s/row · 1619 chunks/h · ETA 1.07h for the segment · last finish=stop gen_tok=16
  [11550/13227 this process · 11550/13227 segment] 3.00s/row · 1619 chunks/h · ETA 1.04h for the segment · last finish=stop gen_tok=50
  [11600/13227 this process · 11600/13227 segment] 2.48s/row · 1618 chunks/h · ETA 1.01h for the segment · last finish=stop gen_tok=33
  [11650/13227 this process · 11650/13227 segment] 1.88s/row · 1618 chunks/h · ETA 0.97h for the segment · last finish=stop gen_tok=16
  [11700/13227 this process · 11700/13227 segment] 2.30s/row · 1618 chunks/h · ETA 0.94h for the segment · last finish=stop gen_tok=16
  [11750/13227 this process · 11750/13227 segment] 2.21s/row · 1618 chunks/h · ETA 0.91h for the segment · last finish=stop gen_tok=16
  [11800/13227 this process · 11800/13227 segment] 1.84s/row · 1619 chunks/h · ETA 0.88h for the segment · last finish=stop gen_tok=16
  [11850/13227 this process · 11850/13227 segment] 2.56s/row · 1620 chunks/h · ETA 0.85h for the segment · last finish=stop gen_tok=16
  [11900/13227 this process · 11900/13227 segment] 1.92s/row · 1621 chunks/h · ETA 0.82h for the segment · last finish=stop gen_tok=24
  [11950/13227 this process · 11950/13227 segment] 1.82s/row · 1620 chunks/h · ETA 0.79h for the segment · last finish=stop gen_tok=16
  [12000/13227 this process · 12000/13227 segment] 1.83s/row · 1620 chunks/h · ETA 0.76h for the segment · last finish=stop gen_tok=16
  [12050/13227 this process · 12050/13227 segment] 1.80s/row · 1621 chunks/h · ETA 0.73h for the segment · last finish=stop gen_tok=16
  [12100/13227 this process · 12100/13227 segment] 2.31s/row · 1621 chunks/h · ETA 0.70h for the segment · last finish=stop gen_tok=33
  [12150/13227 this process · 12150/13227 segment] 2.05s/row · 1621 chunks/h · ETA 0.66h for the segment · last finish=stop gen_tok=23
  [12200/13227 this process · 12200/13227 segment] 2.39s/row · 1621 chunks/h · ETA 0.63h for the segment · last finish=stop gen_tok=32
  [12250/13227 this process · 12250/13227 segment] 2.32s/row · 1621 chunks/h · ETA 0.60h for the segment · last finish=stop gen_tok=34
  [12300/13227 this process · 12300/13227 segment] 1.68s/row · 1621 chunks/h · ETA 0.57h for the segment · last finish=stop gen_tok=16
  [12350/13227 this process · 12350/13227 segment] 2.99s/row · 1622 chunks/h · ETA 0.54h for the segment · last finish=stop gen_tok=50
  [12400/13227 this process · 12400/13227 segment] 2.01s/row · 1622 chunks/h · ETA 0.51h for the segment · last finish=stop gen_tok=16
  [12450/13227 this process · 12450/13227 segment] 1.67s/row · 1623 chunks/h · ETA 0.48h for the segment · last finish=stop gen_tok=16
  [12500/13227 this process · 12500/13227 segment] 1.73s/row · 1623 chunks/h · ETA 0.45h for the segment · last finish=stop gen_tok=16
  [12550/13227 this process · 12550/13227 segment] 3.00s/row · 1623 chunks/h · ETA 0.42h for the segment · last finish=stop gen_tok=50
  [12600/13227 this process · 12600/13227 segment] 1.69s/row · 1622 chunks/h · ETA 0.39h for the segment · last finish=stop gen_tok=16
  [12650/13227 this process · 12650/13227 segment] 1.73s/row · 1623 chunks/h · ETA 0.36h for the segment · last finish=stop gen_tok=16
  [12700/13227 this process · 12700/13227 segment] 2.30s/row · 1623 chunks/h · ETA 0.32h for the segment · last finish=stop gen_tok=24
  [12750/13227 this process · 12750/13227 segment] 2.02s/row · 1622 chunks/h · ETA 0.29h for the segment · last finish=stop gen_tok=16
  [12800/13227 this process · 12800/13227 segment] 2.14s/row · 1622 chunks/h · ETA 0.26h for the segment · last finish=stop gen_tok=16
  [12850/13227 this process · 12850/13227 segment] 3.00s/row · 1621 chunks/h · ETA 0.23h for the segment · last finish=stop gen_tok=48
  [12900/13227 this process · 12900/13227 segment] 1.64s/row · 1621 chunks/h · ETA 0.20h for the segment · last finish=stop gen_tok=15
  [12950/13227 this process · 12950/13227 segment] 2.11s/row · 1622 chunks/h · ETA 0.17h for the segment · last finish=stop gen_tok=27
  [13000/13227 this process · 13000/13227 segment] 2.37s/row · 1622 chunks/h · ETA 0.14h for the segment · last finish=stop gen_tok=34
  [13050/13227 this process · 13050/13227 segment] 2.27s/row · 1622 chunks/h · ETA 0.11h for the segment · last finish=stop gen_tok=33
  [13100/13227 this process · 13100/13227 segment] 2.49s/row · 1622 chunks/h · ETA 0.08h for the segment · last finish=stop gen_tok=33
  [13150/13227 this process · 13150/13227 segment] 2.26s/row · 1622 chunks/h · ETA 0.05h for the segment · last finish=stop gen_tok=33
  [13200/13227 this process · 13200/13227 segment] 3.43s/row · 1622 chunks/h · ETA 0.02h for the segment · last finish=stop gen_tok=60
  [13227/13227 this process · 13227/13227 segment] 1.40s/row · 1622 chunks/h · ETA 0.00h for the segment · last finish=stop gen_tok=16

SEGMENT seg-001 COMPLETE — 13227/13227 rows.
Now finalize with the SYSTEM python3 (no GPU, seconds):
    python3 finetune/label_e2.py --finalize-segment seg-001
