0 already in labels.jsonl · 13226 to generate
loading base model + adapter (the only GPU work) ...
  loaded in 1.1s
  [50/13226 this process · 50/13226 segment] 2.51s/row · 1594 chunks/h · ETA 8.27h for the segment · last finish=stop gen_tok=33
  [100/13226 this process · 100/13226 segment] 1.71s/row · 1552 chunks/h · ETA 8.46h for the segment · last finish=stop gen_tok=15
  [150/13226 this process · 150/13226 segment] 3.03s/row · 1514 chunks/h · ETA 8.64h for the segment · last finish=stop gen_tok=41
  [200/13226 this process · 200/13226 segment] 1.94s/row · 1491 chunks/h · ETA 8.74h for the segment · last finish=stop gen_tok=16
  [250/13226 this process · 250/13226 segment] 2.10s/row · 1534 chunks/h · ETA 8.46h for the segment · last finish=stop gen_tok=16
  [300/13226 this process · 300/13226 segment] 2.79s/row · 1555 chunks/h · ETA 8.31h for the segment · last finish=stop gen_tok=51
  [350/13226 this process · 350/13226 segment] 2.70s/row · 1561 chunks/h · ETA 8.25h for the segment · last finish=stop gen_tok=40
  [400/13226 this process · 400/13226 segment] 1.66s/row · 1557 chunks/h · ETA 8.24h for the segment · last finish=stop gen_tok=16
  [450/13226 this process · 450/13226 segment] 2.47s/row · 1568 chunks/h · ETA 8.15h for the segment · last finish=stop gen_tok=35
  [500/13226 this process · 500/13226 segment] 2.03s/row · 1566 chunks/h · ETA 8.13h for the segment · last finish=stop gen_tok=15
  [550/13226 this process · 550/13226 segment] 2.12s/row · 1540 chunks/h · ETA 8.23h for the segment · last finish=stop gen_tok=16
  [600/13226 this process · 600/13226 segment] 3.03s/row · 1532 chunks/h · ETA 8.24h for the segment · last finish=stop gen_tok=33
  [650/13226 this process · 650/13226 segment] 2.51s/row · 1528 chunks/h · ETA 8.23h for the segment · last finish=stop gen_tok=32
  [700/13226 this process · 700/13226 segment] 2.56s/row · 1507 chunks/h · ETA 8.31h for the segment · last finish=stop gen_tok=16
  [750/13226 this process · 750/13226 segment] 1.30s/row · 1516 chunks/h · ETA 8.23h for the segment · last finish=stop gen_tok=16
  [800/13226 this process · 800/13226 segment] 3.89s/row · 1518 chunks/h · ETA 8.19h for the segment · last finish=stop gen_tok=78
  [850/13226 this process · 850/13226 segment] 3.38s/row · 1511 chunks/h · ETA 8.19h for the segment · last finish=stop gen_tok=52
  [900/13226 this process · 900/13226 segment] 2.97s/row · 1490 chunks/h · ETA 8.27h for the segment · last finish=stop gen_tok=51
  [950/13226 this process · 950/13226 segment] 2.07s/row · 1483 chunks/h · ETA 8.28h for the segment · last finish=stop gen_tok=23
  [1000/13226 this process · 1000/13226 segment] 2.24s/row · 1486 chunks/h · ETA 8.23h for the segment · last finish=stop gen_tok=16
  [1050/13226 this process · 1050/13226 segment] 2.62s/row · 1491 chunks/h · ETA 8.17h for the segment · last finish=stop gen_tok=23
  [1100/13226 this process · 1100/13226 segment] 1.89s/row · 1490 chunks/h · ETA 8.14h for the segment · last finish=stop gen_tok=24
  [1150/13226 this process · 1150/13226 segment] 1.60s/row · 1481 chunks/h · ETA 8.15h for the segment · last finish=stop gen_tok=16
  [1200/13226 this process · 1200/13226 segment] 1.96s/row · 1491 chunks/h · ETA 8.07h for the segment · last finish=stop gen_tok=36
  [1250/13226 this process · 1250/13226 segment] 2.36s/row · 1483 chunks/h · ETA 8.08h for the segment · last finish=stop gen_tok=16
  [1300/13226 this process · 1300/13226 segment] 2.07s/row · 1482 chunks/h · ETA 8.05h for the segment · last finish=stop gen_tok=24
  [1350/13226 this process · 1350/13226 segment] 2.50s/row · 1488 chunks/h · ETA 7.98h for the segment · last finish=stop gen_tok=33
  [1400/13226 this process · 1400/13226 segment] 2.50s/row · 1489 chunks/h · ETA 7.94h for the segment · last finish=stop gen_tok=34
  [1450/13226 this process · 1450/13226 segment] 1.92s/row · 1492 chunks/h · ETA 7.89h for the segment · last finish=stop gen_tok=15
  [1500/13226 this process · 1500/13226 segment] 2.21s/row · 1498 chunks/h · ETA 7.83h for the segment · last finish=stop gen_tok=16
  [1550/13226 this process · 1550/13226 segment] 2.71s/row · 1507 chunks/h · ETA 7.75h for the segment · last finish=stop gen_tok=43
  [1600/13226 this process · 1600/13226 segment] 1.61s/row · 1509 chunks/h · ETA 7.70h for the segment · last finish=stop gen_tok=15
  [1650/13226 this process · 1650/13226 segment] 2.49s/row · 1513 chunks/h · ETA 7.65h for the segment · last finish=stop gen_tok=44
  [1700/13226 this process · 1700/13226 segment] 3.52s/row · 1518 chunks/h · ETA 7.59h for the segment · last finish=stop gen_tok=71
  [1750/13226 this process · 1750/13226 segment] 2.05s/row · 1522 chunks/h · ETA 7.54h for the segment · last finish=stop gen_tok=24
  [1800/13226 this process · 1800/13226 segment] 1.91s/row · 1526 chunks/h · ETA 7.49h for the segment · last finish=stop gen_tok=25
  [1850/13226 this process · 1850/13226 segment] 1.91s/row · 1528 chunks/h · ETA 7.45h for the segment · last finish=stop gen_tok=23
  [1900/13226 this process · 1900/13226 segment] 1.68s/row · 1532 chunks/h · ETA 7.39h for the segment · last finish=stop gen_tok=16
  [1950/13226 this process · 1950/13226 segment] 1.87s/row · 1536 chunks/h · ETA 7.34h for the segment · last finish=stop gen_tok=16
  [2000/13226 this process · 2000/13226 segment] 1.97s/row · 1539 chunks/h · ETA 7.29h for the segment · last finish=stop gen_tok=16
  [2050/13226 this process · 2050/13226 segment] 1.74s/row · 1545 chunks/h · ETA 7.23h for the segment · last finish=stop gen_tok=16
  [2100/13226 this process · 2100/13226 segment] 2.60s/row · 1547 chunks/h · ETA 7.19h for the segment · last finish=stop gen_tok=16
  [2150/13226 this process · 2150/13226 segment] 2.01s/row · 1542 chunks/h · ETA 7.18h for the segment · last finish=stop gen_tok=16
  [2200/13226 this process · 2200/13226 segment] 1.77s/row · 1541 chunks/h · ETA 7.16h for the segment · last finish=stop gen_tok=16
  [2250/13226 this process · 2250/13226 segment] 2.12s/row · 1540 chunks/h · ETA 7.13h for the segment · last finish=stop gen_tok=15
  [2300/13226 this process · 2300/13226 segment] 1.97s/row · 1539 chunks/h · ETA 7.10h for the segment · last finish=stop gen_tok=16
  [2350/13226 this process · 2350/13226 segment] 1.70s/row · 1539 chunks/h · ETA 7.07h for the segment · last finish=stop gen_tok=16
  [2400/13226 this process · 2400/13226 segment] 2.37s/row · 1540 chunks/h · ETA 7.03h for the segment · last finish=stop gen_tok=16
  [2450/13226 this process · 2450/13226 segment] 2.82s/row · 1537 chunks/h · ETA 7.01h for the segment · last finish=stop gen_tok=48
  [2500/13226 this process · 2500/13226 segment] 2.28s/row · 1539 chunks/h · ETA 6.97h for the segment · last finish=stop gen_tok=15
  [2550/13226 this process · 2550/13226 segment] 11.27s/row · 1512 chunks/h · ETA 7.06h for the segment · last finish=stop gen_tok=24
  [2600/13226 this process · 2600/13226 segment] 3.19s/row · 1418 chunks/h · ETA 7.49h for the segment · last finish=stop gen_tok=36
  [2650/13226 this process · 2650/13226 segment] 1.62s/row · 1409 chunks/h · ETA 7.51h for the segment · last finish=stop gen_tok=16
  [2700/13226 this process · 2700/13226 segment] 2.97s/row · 1410 chunks/h · ETA 7.46h for the segment · last finish=stop gen_tok=51
  [2750/13226 this process · 2750/13226 segment] 2.00s/row · 1412 chunks/h · ETA 7.42h for the segment · last finish=stop gen_tok=16
  [2800/13226 this process · 2800/13226 segment] 2.36s/row · 1414 chunks/h · ETA 7.37h for the segment · last finish=stop gen_tok=32
  [2850/13226 this process · 2850/13226 segment] 3.02s/row · 1416 chunks/h · ETA 7.33h for the segment · last finish=stop gen_tok=52
  [2900/13226 this process · 2900/13226 segment] 2.00s/row · 1421 chunks/h · ETA 7.27h for the segment · last finish=stop gen_tok=27
  [2950/13226 this process · 2950/13226 segment] 2.04s/row · 1425 chunks/h · ETA 7.21h for the segment · last finish=stop gen_tok=16
  [3000/13226 this process · 3000/13226 segment] 2.40s/row · 1428 chunks/h · ETA 7.16h for the segment · last finish=stop gen_tok=33
  [3050/13226 this process · 3050/13226 segment] 2.09s/row · 1432 chunks/h · ETA 7.11h for the segment · last finish=stop gen_tok=16
  [3100/13226 this process · 3100/13226 segment] 1.72s/row · 1436 chunks/h · ETA 7.05h for the segment · last finish=stop gen_tok=16
  [3150/13226 this process · 3150/13226 segment] 3.53s/row · 1438 chunks/h · ETA 7.01h for the segment · last finish=stop gen_tok=72
  [3200/13226 this process · 3200/13226 segment] 3.05s/row · 1438 chunks/h · ETA 6.97h for the segment · last finish=stop gen_tok=60
  [3250/13226 this process · 3250/13226 segment] 2.29s/row · 1439 chunks/h · ETA 6.93h for the segment · last finish=stop gen_tok=36
  [3300/13226 this process · 3300/13226 segment] 1.81s/row · 1441 chunks/h · ETA 6.89h for the segment · last finish=stop gen_tok=16
  [3350/13226 this process · 3350/13226 segment] 1.95s/row · 1444 chunks/h · ETA 6.84h for the segment · last finish=stop gen_tok=24
  [3400/13226 this process · 3400/13226 segment] 2.58s/row · 1447 chunks/h · ETA 6.79h for the segment · last finish=stop gen_tok=41
  [3450/13226 this process · 3450/13226 segment] 1.74s/row · 1448 chunks/h · ETA 6.75h for the segment · last finish=stop gen_tok=15
  [3500/13226 this process · 3500/13226 segment] 1.66s/row · 1448 chunks/h · ETA 6.72h for the segment · last finish=stop gen_tok=16
  [3550/13226 this process · 3550/13226 segment] 2.25s/row · 1450 chunks/h · ETA 6.67h for the segment · last finish=stop gen_tok=33
  [3600/13226 this process · 3600/13226 segment] 2.41s/row · 1452 chunks/h · ETA 6.63h for the segment · last finish=stop gen_tok=32
  [3650/13226 this process · 3650/13226 segment] 3.53s/row · 1453 chunks/h · ETA 6.59h for the segment · last finish=stop gen_tok=60
  [3700/13226 this process · 3700/13226 segment] 2.47s/row · 1456 chunks/h · ETA 6.54h for the segment · last finish=stop gen_tok=16
  [3750/13226 this process · 3750/13226 segment] 1.55s/row · 1460 chunks/h · ETA 6.49h for the segment · last finish=stop gen_tok=15
  [3800/13226 this process · 3800/13226 segment] 3.20s/row · 1463 chunks/h · ETA 6.44h for the segment · last finish=stop gen_tok=45
  [3850/13226 this process · 3850/13226 segment] 2.17s/row · 1462 chunks/h · ETA 6.41h for the segment · last finish=stop gen_tok=33
  [3900/13226 this process · 3900/13226 segment] 2.38s/row · 1463 chunks/h · ETA 6.37h for the segment · last finish=stop gen_tok=33
  [3950/13226 this process · 3950/13226 segment] 1.45s/row · 1465 chunks/h · ETA 6.33h for the segment · last finish=stop gen_tok=16
  [4000/13226 this process · 4000/13226 segment] 2.53s/row · 1466 chunks/h · ETA 6.29h for the segment · last finish=stop gen_tok=45
  [4050/13226 this process · 4050/13226 segment] 1.72s/row · 1468 chunks/h · ETA 6.25h for the segment · last finish=stop gen_tok=16
  [4100/13226 this process · 4100/13226 segment] 2.12s/row · 1469 chunks/h · ETA 6.21h for the segment · last finish=stop gen_tok=16
  [4150/13226 this process · 4150/13226 segment] 1.33s/row · 1470 chunks/h · ETA 6.18h for the segment · last finish=stop gen_tok=7
  [4200/13226 this process · 4200/13226 segment] 1.70s/row · 1471 chunks/h · ETA 6.13h for the segment · last finish=stop gen_tok=16
  [4250/13226 this process · 4250/13226 segment] 1.34s/row · 1474 chunks/h · ETA 6.09h for the segment · last finish=stop gen_tok=7
  [4300/13226 this process · 4300/13226 segment] 1.64s/row · 1478 chunks/h · ETA 6.04h for the segment · last finish=stop gen_tok=16
  [4350/13226 this process · 4350/13226 segment] 1.42s/row · 1481 chunks/h · ETA 5.99h for the segment · last finish=stop gen_tok=7
  [4400/13226 this process · 4400/13226 segment] 3.29s/row · 1482 chunks/h · ETA 5.96h for the segment · last finish=stop gen_tok=67
  [4450/13226 this process · 4450/13226 segment] 3.21s/row · 1483 chunks/h · ETA 5.92h for the segment · last finish=stop gen_tok=57
  [4500/13226 this process · 4500/13226 segment] 1.52s/row · 1486 chunks/h · ETA 5.87h for the segment · last finish=stop gen_tok=16
  [4550/13226 this process · 4550/13226 segment] 1.64s/row · 1485 chunks/h · ETA 5.84h for the segment · last finish=stop gen_tok=16
  [4600/13226 this process · 4600/13226 segment] 2.47s/row · 1485 chunks/h · ETA 5.81h for the segment · last finish=stop gen_tok=34
  [4650/13226 this process · 4650/13226 segment] 2.66s/row · 1485 chunks/h · ETA 5.78h for the segment · last finish=stop gen_tok=41
  [4700/13226 this process · 4700/13226 segment] 2.08s/row · 1485 chunks/h · ETA 5.74h for the segment · last finish=stop gen_tok=24
  [4750/13226 this process · 4750/13226 segment] 2.46s/row · 1484 chunks/h · ETA 5.71h for the segment · last finish=stop gen_tok=41
  [4800/13226 this process · 4800/13226 segment] 2.20s/row · 1483 chunks/h · ETA 5.68h for the segment · last finish=stop gen_tok=32
  [4850/13226 this process · 4850/13226 segment] 2.35s/row · 1483 chunks/h · ETA 5.65h for the segment · last finish=stop gen_tok=23
  [4900/13226 this process · 4900/13226 segment] 1.86s/row · 1484 chunks/h · ETA 5.61h for the segment · last finish=stop gen_tok=24
  [4950/13226 this process · 4950/13226 segment] 2.25s/row · 1486 chunks/h · ETA 5.57h for the segment · last finish=stop gen_tok=33
  [5000/13226 this process · 5000/13226 segment] 2.05s/row · 1488 chunks/h · ETA 5.53h for the segment · last finish=stop gen_tok=24
  [5050/13226 this process · 5050/13226 segment] 2.09s/row · 1489 chunks/h · ETA 5.49h for the segment · last finish=stop gen_tok=15
  [5100/13226 this process · 5100/13226 segment] 3.10s/row · 1489 chunks/h · ETA 5.46h for the segment · last finish=stop gen_tok=54
  [5150/13226 this process · 5150/13226 segment] 1.69s/row · 1490 chunks/h · ETA 5.42h for the segment · last finish=stop gen_tok=15
  [5200/13226 this process · 5200/13226 segment] 2.50s/row · 1491 chunks/h · ETA 5.38h for the segment · last finish=stop gen_tok=41
  [5250/13226 this process · 5250/13226 segment] 1.61s/row · 1491 chunks/h · ETA 5.35h for the segment · last finish=stop gen_tok=15
  [5300/13226 this process · 5300/13226 segment] 2.20s/row · 1491 chunks/h · ETA 5.32h for the segment · last finish=stop gen_tok=24
  [5350/13226 this process · 5350/13226 segment] 2.27s/row · 1491 chunks/h · ETA 5.28h for the segment · last finish=stop gen_tok=34
  [5400/13226 this process · 5400/13226 segment] 2.90s/row · 1490 chunks/h · ETA 5.25h for the segment · last finish=stop gen_tok=52
  [5450/13226 this process · 5450/13226 segment] 1.99s/row · 1491 chunks/h · ETA 5.22h for the segment · last finish=stop gen_tok=24
  [5500/13226 this process · 5500/13226 segment] 2.12s/row · 1491 chunks/h · ETA 5.18h for the segment · last finish=stop gen_tok=24
  [5550/13226 this process · 5550/13226 segment] 2.41s/row · 1492 chunks/h · ETA 5.14h for the segment · last finish=stop gen_tok=16
  [5600/13226 this process · 5600/13226 segment] 2.51s/row · 1492 chunks/h · ETA 5.11h for the segment · last finish=stop gen_tok=45
  [5650/13226 this process · 5650/13226 segment] 4.69s/row · 1493 chunks/h · ETA 5.08h for the segment · last finish=stop gen_tok=104
  [5700/13226 this process · 5700/13226 segment] 2.00s/row · 1492 chunks/h · ETA 5.04h for the segment · last finish=stop gen_tok=24
  [5750/13226 this process · 5750/13226 segment] 2.97s/row · 1492 chunks/h · ETA 5.01h for the segment · last finish=stop gen_tok=52
  [5800/13226 this process · 5800/13226 segment] 2.83s/row · 1493 chunks/h · ETA 4.97h for the segment · last finish=stop gen_tok=50
  [5850/13226 this process · 5850/13226 segment] 3.39s/row · 1494 chunks/h · ETA 4.94h for the segment · last finish=stop gen_tok=60
  [5900/13226 this process · 5900/13226 segment] 1.69s/row · 1495 chunks/h · ETA 4.90h for the segment · last finish=stop gen_tok=15
  [5950/13226 this process · 5950/13226 segment] 2.87s/row · 1495 chunks/h · ETA 4.87h for the segment · last finish=stop gen_tok=42
  [6000/13226 this process · 6000/13226 segment] 2.90s/row · 1493 chunks/h · ETA 4.84h for the segment · last finish=stop gen_tok=50
  [6050/13226 this process · 6050/13226 segment] 1.74s/row · 1494 chunks/h · ETA 4.80h for the segment · last finish=stop gen_tok=15
  [6100/13226 this process · 6100/13226 segment] 1.85s/row · 1495 chunks/h · ETA 4.77h for the segment · last finish=stop gen_tok=16
  [6150/13226 this process · 6150/13226 segment] 2.16s/row · 1497 chunks/h · ETA 4.73h for the segment · last finish=stop gen_tok=15
  [6200/13226 this process · 6200/13226 segment] 2.19s/row · 1498 chunks/h · ETA 4.69h for the segment · last finish=stop gen_tok=16
  [6250/13226 this process · 6250/13226 segment] 2.00s/row · 1501 chunks/h · ETA 4.65h for the segment · last finish=stop gen_tok=16
  [6300/13226 this process · 6300/13226 segment] 1.73s/row · 1503 chunks/h · ETA 4.61h for the segment · last finish=stop gen_tok=16
  [6350/13226 this process · 6350/13226 segment] 2.21s/row · 1503 chunks/h · ETA 4.57h for the segment · last finish=stop gen_tok=32
  [6400/13226 this process · 6400/13226 segment] 1.71s/row · 1504 chunks/h · ETA 4.54h for the segment · last finish=stop gen_tok=16
  [6450/13226 this process · 6450/13226 segment] 1.96s/row · 1503 chunks/h · ETA 4.51h for the segment · last finish=stop gen_tok=23
  [6500/13226 this process · 6500/13226 segment] 1.28s/row · 1505 chunks/h · ETA 4.47h for the segment · last finish=stop gen_tok=7
  [6550/13226 this process · 6550/13226 segment] 1.65s/row · 1504 chunks/h · ETA 4.44h for the segment · last finish=stop gen_tok=16
  [6600/13226 this process · 6600/13226 segment] 2.21s/row · 1505 chunks/h · ETA 4.40h for the segment · last finish=stop gen_tok=32
  [6650/13226 this process · 6650/13226 segment] 2.27s/row · 1507 chunks/h · ETA 4.36h for the segment · last finish=stop gen_tok=24
  [6700/13226 this process · 6700/13226 segment] 1.91s/row · 1508 chunks/h · ETA 4.33h for the segment · last finish=stop gen_tok=15
  [6750/13226 this process · 6750/13226 segment] 2.74s/row · 1509 chunks/h · ETA 4.29h for the segment · last finish=stop gen_tok=42
  [6800/13226 this process · 6800/13226 segment] 2.21s/row · 1509 chunks/h · ETA 4.26h for the segment · last finish=stop gen_tok=34
  [6850/13226 this process · 6850/13226 segment] 2.28s/row · 1510 chunks/h · ETA 4.22h for the segment · last finish=stop gen_tok=34
  [6900/13226 this process · 6900/13226 segment] 2.72s/row · 1509 chunks/h · ETA 4.19h for the segment · last finish=stop gen_tok=33
  [6950/13226 this process · 6950/13226 segment] 2.83s/row · 1510 chunks/h · ETA 4.16h for the segment · last finish=stop gen_tok=42
  [7000/13226 this process · 7000/13226 segment] 2.43s/row · 1509 chunks/h · ETA 4.13h for the segment · last finish=stop gen_tok=33
  [7050/13226 this process · 7050/13226 segment] 1.89s/row · 1508 chunks/h · ETA 4.09h for the segment · last finish=stop gen_tok=23
  [7100/13226 this process · 7100/13226 segment] 1.85s/row · 1509 chunks/h · ETA 4.06h for the segment · last finish=stop gen_tok=16
  [7150/13226 this process · 7150/13226 segment] 2.00s/row · 1511 chunks/h · ETA 4.02h for the segment · last finish=stop gen_tok=16
  [7200/13226 this process · 7200/13226 segment] 3.76s/row · 1512 chunks/h · ETA 3.98h for the segment · last finish=stop gen_tok=77
  [7250/13226 this process · 7250/13226 segment] 2.91s/row · 1511 chunks/h · ETA 3.95h for the segment · last finish=stop gen_tok=52
  [7300/13226 this process · 7300/13226 segment] 2.21s/row · 1513 chunks/h · ETA 3.92h for the segment · last finish=stop gen_tok=32
  [7350/13226 this process · 7350/13226 segment] 1.53s/row · 1514 chunks/h · ETA 3.88h for the segment · last finish=stop gen_tok=16
  [7400/13226 this process · 7400/13226 segment] 2.37s/row · 1514 chunks/h · ETA 3.85h for the segment · last finish=stop gen_tok=33
  [7450/13226 this process · 7450/13226 segment] 1.46s/row · 1515 chunks/h · ETA 3.81h for the segment · last finish=stop gen_tok=16
  [7500/13226 this process · 7500/13226 segment] 1.66s/row · 1516 chunks/h · ETA 3.78h for the segment · last finish=stop gen_tok=16
  [7550/13226 this process · 7550/13226 segment] 1.82s/row · 1517 chunks/h · ETA 3.74h for the segment · last finish=stop gen_tok=15
  [7600/13226 this process · 7600/13226 segment] 2.31s/row · 1517 chunks/h · ETA 3.71h for the segment · last finish=stop gen_tok=33
  [7650/13226 this process · 7650/13226 segment] 2.16s/row · 1518 chunks/h · ETA 3.67h for the segment · last finish=stop gen_tok=33
  [7700/13226 this process · 7700/13226 segment] 2.56s/row · 1519 chunks/h · ETA 3.64h for the segment · last finish=stop gen_tok=48
  [7750/13226 this process · 7750/13226 segment] 1.62s/row · 1520 chunks/h · ETA 3.60h for the segment · last finish=stop gen_tok=15
  [7800/13226 this process · 7800/13226 segment] 1.96s/row · 1521 chunks/h · ETA 3.57h for the segment · last finish=stop gen_tok=15
  [7850/13226 this process · 7850/13226 segment] 2.83s/row · 1521 chunks/h · ETA 3.53h for the segment · last finish=stop gen_tok=42
  [7900/13226 this process · 7900/13226 segment] 1.69s/row · 1523 chunks/h · ETA 3.50h for the segment · last finish=stop gen_tok=15
  [7950/13226 this process · 7950/13226 segment] 1.99s/row · 1524 chunks/h · ETA 3.46h for the segment · last finish=stop gen_tok=16
  [8000/13226 this process · 8000/13226 segment] 1.58s/row · 1524 chunks/h · ETA 3.43h for the segment · last finish=stop gen_tok=16
  [8050/13226 this process · 8050/13226 segment] 2.23s/row · 1524 chunks/h · ETA 3.40h for the segment · last finish=stop gen_tok=33
  [8100/13226 this process · 8100/13226 segment] 1.73s/row · 1526 chunks/h · ETA 3.36h for the segment · last finish=stop gen_tok=16
  [8150/13226 this process · 8150/13226 segment] 3.13s/row · 1526 chunks/h · ETA 3.33h for the segment · last finish=stop gen_tok=51
  [8200/13226 this process · 8200/13226 segment] 1.82s/row · 1526 chunks/h · ETA 3.29h for the segment · last finish=stop gen_tok=15
  [8250/13226 this process · 8250/13226 segment] 2.24s/row · 1527 chunks/h · ETA 3.26h for the segment · last finish=stop gen_tok=33
  [8300/13226 this process · 8300/13226 segment] 2.42s/row · 1528 chunks/h · ETA 3.22h for the segment · last finish=stop gen_tok=46
  [8350/13226 this process · 8350/13226 segment] 2.25s/row · 1529 chunks/h · ETA 3.19h for the segment · last finish=stop gen_tok=33
  [8400/13226 this process · 8400/13226 segment] 2.22s/row · 1531 chunks/h · ETA 3.15h for the segment · last finish=stop gen_tok=34
  [8450/13226 this process · 8450/13226 segment] 1.41s/row · 1532 chunks/h · ETA 3.12h for the segment · last finish=stop gen_tok=16
  [8500/13226 this process · 8500/13226 segment] 3.12s/row · 1532 chunks/h · ETA 3.08h for the segment · last finish=stop gen_tok=51
  [8550/13226 this process · 8550/13226 segment] 2.79s/row · 1532 chunks/h · ETA 3.05h for the segment · last finish=stop gen_tok=41
  [8600/13226 this process · 8600/13226 segment] 4.29s/row · 1532 chunks/h · ETA 3.02h for the segment · last finish=stop gen_tok=84
  [8650/13226 this process · 8650/13226 segment] 1.98s/row · 1532 chunks/h · ETA 2.99h for the segment · last finish=stop gen_tok=16
  [8700/13226 this process · 8700/13226 segment] 2.23s/row · 1532 chunks/h · ETA 2.95h for the segment · last finish=stop gen_tok=33
  [8750/13226 this process · 8750/13226 segment] 2.06s/row · 1532 chunks/h · ETA 2.92h for the segment · last finish=stop gen_tok=16
  [8800/13226 this process · 8800/13226 segment] 1.72s/row · 1532 chunks/h · ETA 2.89h for the segment · last finish=stop gen_tok=16
  [8850/13226 this process · 8850/13226 segment] 2.54s/row · 1532 chunks/h · ETA 2.86h for the segment · last finish=stop gen_tok=24
  [8900/13226 this process · 8900/13226 segment] 2.45s/row · 1533 chunks/h · ETA 2.82h for the segment · last finish=stop gen_tok=33
  [8950/13226 this process · 8950/13226 segment] 1.50s/row · 1534 chunks/h · ETA 2.79h for the segment · last finish=stop gen_tok=15
  [9000/13226 this process · 9000/13226 segment] 2.68s/row · 1535 chunks/h · ETA 2.75h for the segment · last finish=stop gen_tok=24
  [9050/13226 this process · 9050/13226 segment] 1.60s/row · 1536 chunks/h · ETA 2.72h for the segment · last finish=stop gen_tok=16
  [9100/13226 this process · 9100/13226 segment] 1.94s/row · 1537 chunks/h · ETA 2.69h for the segment · last finish=stop gen_tok=15
  [9150/13226 this process · 9150/13226 segment] 1.91s/row · 1537 chunks/h · ETA 2.65h for the segment · last finish=stop gen_tok=27
  [9200/13226 this process · 9200/13226 segment] 2.26s/row · 1536 chunks/h · ETA 2.62h for the segment · last finish=stop gen_tok=16
  [9250/13226 this process · 9250/13226 segment] 3.39s/row · 1536 chunks/h · ETA 2.59h for the segment · last finish=stop gen_tok=61
  [9300/13226 this process · 9300/13226 segment] 1.67s/row · 1535 chunks/h · ETA 2.56h for the segment · last finish=stop gen_tok=16
  [9350/13226 this process · 9350/13226 segment] 2.19s/row · 1534 chunks/h · ETA 2.53h for the segment · last finish=stop gen_tok=16
  [9400/13226 this process · 9400/13226 segment] 2.91s/row · 1534 chunks/h · ETA 2.49h for the segment · last finish=stop gen_tok=41
  [9450/13226 this process · 9450/13226 segment] 1.58s/row · 1534 chunks/h · ETA 2.46h for the segment · last finish=stop gen_tok=16
  [9500/13226 this process · 9500/13226 segment] 1.58s/row · 1534 chunks/h · ETA 2.43h for the segment · last finish=stop gen_tok=16
  [9550/13226 this process · 9550/13226 segment] 1.73s/row · 1534 chunks/h · ETA 2.40h for the segment · last finish=stop gen_tok=16
  [9600/13226 this process · 9600/13226 segment] 1.75s/row · 1535 chunks/h · ETA 2.36h for the segment · last finish=stop gen_tok=15
  [9650/13226 this process · 9650/13226 segment] 2.40s/row · 1535 chunks/h · ETA 2.33h for the segment · last finish=stop gen_tok=24
  [9700/13226 this process · 9700/13226 segment] 2.56s/row · 1535 chunks/h · ETA 2.30h for the segment · last finish=stop gen_tok=32
  [9750/13226 this process · 9750/13226 segment] 1.88s/row · 1534 chunks/h · ETA 2.27h for the segment · last finish=stop gen_tok=16
  [9800/13226 this process · 9800/13226 segment] 2.52s/row · 1534 chunks/h · ETA 2.23h for the segment · last finish=stop gen_tok=33
  [9850/13226 this process · 9850/13226 segment] 1.66s/row · 1534 chunks/h · ETA 2.20h for the segment · last finish=stop gen_tok=16
  [9900/13226 this process · 9900/13226 segment] 2.24s/row · 1535 chunks/h · ETA 2.17h for the segment · last finish=stop gen_tok=25
  [9950/13226 this process · 9950/13226 segment] 2.79s/row · 1535 chunks/h · ETA 2.13h for the segment · last finish=stop gen_tok=40
  [10000/13226 this process · 10000/13226 segment] 2.65s/row · 1535 chunks/h · ETA 2.10h for the segment · last finish=stop gen_tok=34
  [10050/13226 this process · 10050/13226 segment] 4.69s/row · 1535 chunks/h · ETA 2.07h for the segment · last finish=stop gen_tok=93
  [10100/13226 this process · 10100/13226 segment] 3.16s/row · 1533 chunks/h · ETA 2.04h for the segment · last finish=stop gen_tok=51
  [10150/13226 this process · 10150/13226 segment] 2.16s/row · 1533 chunks/h · ETA 2.01h for the segment · last finish=stop gen_tok=27
  [10200/13226 this process · 10200/13226 segment] 3.76s/row · 1533 chunks/h · ETA 1.97h for the segment · last finish=stop gen_tok=68
  [10250/13226 this process · 10250/13226 segment] 3.57s/row · 1532 chunks/h · ETA 1.94h for the segment · last finish=stop gen_tok=61
  [10300/13226 this process · 10300/13226 segment] 1.73s/row · 1531 chunks/h · ETA 1.91h for the segment · last finish=stop gen_tok=16
  [10350/13226 this process · 10350/13226 segment] 2.74s/row · 1530 chunks/h · ETA 1.88h for the segment · last finish=stop gen_tok=40
  [10400/13226 this process · 10400/13226 segment] 2.42s/row · 1529 chunks/h · ETA 1.85h for the segment · last finish=stop gen_tok=16
  [10450/13226 this process · 10450/13226 segment] 2.24s/row · 1529 chunks/h · ETA 1.82h for the segment · last finish=stop gen_tok=16
  [10500/13226 this process · 10500/13226 segment] 3.21s/row · 1527 chunks/h · ETA 1.78h for the segment · last finish=stop gen_tok=44
  [10550/13226 this process · 10550/13226 segment] 2.64s/row · 1527 chunks/h · ETA 1.75h for the segment · last finish=stop gen_tok=33
  [10600/13226 this process · 10600/13226 segment] 1.69s/row · 1526 chunks/h · ETA 1.72h for the segment · last finish=stop gen_tok=15
  [10650/13226 this process · 10650/13226 segment] 2.56s/row · 1525 chunks/h · ETA 1.69h for the segment · last finish=stop gen_tok=34
  [10700/13226 this process · 10700/13226 segment] 1.73s/row · 1525 chunks/h · ETA 1.66h for the segment · last finish=stop gen_tok=16
  [10750/13226 this process · 10750/13226 segment] 2.60s/row · 1524 chunks/h · ETA 1.62h for the segment · last finish=stop gen_tok=33
  [10800/13226 this process · 10800/13226 segment] 2.04s/row · 1524 chunks/h · ETA 1.59h for the segment · last finish=stop gen_tok=24
  [10850/13226 this process · 10850/13226 segment] 2.27s/row · 1523 chunks/h · ETA 1.56h for the segment · last finish=stop gen_tok=24
  [10900/13226 this process · 10900/13226 segment] 2.21s/row · 1521 chunks/h · ETA 1.53h for the segment · last finish=stop gen_tok=27
  [10950/13226 this process · 10950/13226 segment] 3.77s/row · 1521 chunks/h · ETA 1.50h for the segment · last finish=stop gen_tok=65
  [11000/13226 this process · 11000/13226 segment] 2.31s/row · 1520 chunks/h · ETA 1.46h for the segment · last finish=stop gen_tok=23
  [11050/13226 this process · 11050/13226 segment] 1.82s/row · 1520 chunks/h · ETA 1.43h for the segment · last finish=stop gen_tok=15
  [11100/13226 this process · 11100/13226 segment] 2.18s/row · 1518 chunks/h · ETA 1.40h for the segment · last finish=stop gen_tok=16
  [11150/13226 this process · 11150/13226 segment] 2.54s/row · 1517 chunks/h · ETA 1.37h for the segment · last finish=stop gen_tok=33
  [11200/13226 this process · 11200/13226 segment] 2.13s/row · 1517 chunks/h · ETA 1.34h for the segment · last finish=stop gen_tok=24
  [11250/13226 this process · 11250/13226 segment] 2.98s/row · 1517 chunks/h · ETA 1.30h for the segment · last finish=stop gen_tok=46
  [11300/13226 this process · 11300/13226 segment] 2.40s/row · 1517 chunks/h · ETA 1.27h for the segment · last finish=stop gen_tok=23
  [11350/13226 this process · 11350/13226 segment] 2.34s/row · 1516 chunks/h · ETA 1.24h for the segment · last finish=stop gen_tok=33
  [11400/13226 this process · 11400/13226 segment] 2.30s/row · 1515 chunks/h · ETA 1.21h for the segment · last finish=stop gen_tok=32
  [11450/13226 this process · 11450/13226 segment] 1.48s/row · 1515 chunks/h · ETA 1.17h for the segment · last finish=stop gen_tok=7
  [11500/13226 this process · 11500/13226 segment] 3.86s/row · 1515 chunks/h · ETA 1.14h for the segment · last finish=stop gen_tok=69
  [11550/13226 this process · 11550/13226 segment] 2.41s/row · 1514 chunks/h · ETA 1.11h for the segment · last finish=stop gen_tok=32
  [11600/13226 this process · 11600/13226 segment] 2.61s/row · 1514 chunks/h · ETA 1.07h for the segment · last finish=stop gen_tok=32
  [11650/13226 this process · 11650/13226 segment] 3.71s/row · 1514 chunks/h · ETA 1.04h for the segment · last finish=stop gen_tok=59
  [11700/13226 this process · 11700/13226 segment] 2.85s/row · 1512 chunks/h · ETA 1.01h for the segment · last finish=stop gen_tok=33
  [11750/13226 this process · 11750/13226 segment] 2.53s/row · 1513 chunks/h · ETA 0.98h for the segment · last finish=stop gen_tok=33
  [11800/13226 this process · 11800/13226 segment] 3.52s/row · 1511 chunks/h · ETA 0.94h for the segment · last finish=stop gen_tok=52
  [11850/13226 this process · 11850/13226 segment] 2.34s/row · 1510 chunks/h · ETA 0.91h for the segment · last finish=stop gen_tok=24
  [11900/13226 this process · 11900/13226 segment] 2.35s/row · 1509 chunks/h · ETA 0.88h for the segment · last finish=stop gen_tok=34
  [11950/13226 this process · 11950/13226 segment] 1.87s/row · 1508 chunks/h · ETA 0.85h for the segment · last finish=stop gen_tok=24
  [12000/13226 this process · 12000/13226 segment] 2.56s/row · 1507 chunks/h · ETA 0.81h for the segment · last finish=stop gen_tok=16
  [12050/13226 this process · 12050/13226 segment] 2.88s/row · 1508 chunks/h · ETA 0.78h for the segment · last finish=stop gen_tok=40
  [12100/13226 this process · 12100/13226 segment] 2.08s/row · 1508 chunks/h · ETA 0.75h for the segment · last finish=stop gen_tok=27
  [12150/13226 this process · 12150/13226 segment] 3.43s/row · 1508 chunks/h · ETA 0.71h for the segment · last finish=stop gen_tok=60
  [12200/13226 this process · 12200/13226 segment] 3.08s/row · 1506 chunks/h · ETA 0.68h for the segment · last finish=stop gen_tok=43
  [12250/13226 this process · 12250/13226 segment] 2.89s/row · 1505 chunks/h · ETA 0.65h for the segment · last finish=stop gen_tok=48
  [12300/13226 this process · 12300/13226 segment] 2.17s/row · 1505 chunks/h · ETA 0.62h for the segment · last finish=stop gen_tok=27
  [12350/13226 this process · 12350/13226 segment] 1.83s/row · 1505 chunks/h · ETA 0.58h for the segment · last finish=stop gen_tok=16
  [12400/13226 this process · 12400/13226 segment] 4.22s/row · 1503 chunks/h · ETA 0.55h for the segment · last finish=stop gen_tok=70
  [12450/13226 this process · 12450/13226 segment] 4.23s/row · 1503 chunks/h · ETA 0.52h for the segment · last finish=stop gen_tok=82
  [12500/13226 this process · 12500/13226 segment] 2.15s/row · 1503 chunks/h · ETA 0.48h for the segment · last finish=stop gen_tok=27
  [12550/13226 this process · 12550/13226 segment] 3.45s/row · 1503 chunks/h · ETA 0.45h for the segment · last finish=stop gen_tok=50
  [12600/13226 this process · 12600/13226 segment] 4.93s/row · 1502 chunks/h · ETA 0.42h for the segment · last finish=stop gen_tok=98
  [12650/13226 this process · 12650/13226 segment] 2.09s/row · 1501 chunks/h · ETA 0.38h for the segment · last finish=stop gen_tok=27
  [12700/13226 this process · 12700/13226 segment] 2.25s/row · 1500 chunks/h · ETA 0.35h for the segment · last finish=stop gen_tok=15
  [12750/13226 this process · 12750/13226 segment] 2.78s/row · 1499 chunks/h · ETA 0.32h for the segment · last finish=stop gen_tok=16
  [12800/13226 this process · 12800/13226 segment] 1.83s/row · 1498 chunks/h · ETA 0.28h for the segment · last finish=stop gen_tok=16
  [12850/13226 this process · 12850/13226 segment] 1.88s/row · 1498 chunks/h · ETA 0.25h for the segment · last finish=stop gen_tok=15
  [12900/13226 this process · 12900/13226 segment] 1.83s/row · 1498 chunks/h · ETA 0.22h for the segment · last finish=stop gen_tok=16
  [12950/13226 this process · 12950/13226 segment] 1.68s/row · 1498 chunks/h · ETA 0.18h for the segment · last finish=stop gen_tok=15
  [13000/13226 this process · 13000/13226 segment] 2.11s/row · 1498 chunks/h · ETA 0.15h for the segment · last finish=stop gen_tok=23
  [13050/13226 this process · 13050/13226 segment] 2.01s/row · 1497 chunks/h · ETA 0.12h for the segment · last finish=stop gen_tok=16
  [13100/13226 this process · 13100/13226 segment] 2.19s/row · 1496 chunks/h · ETA 0.08h for the segment · last finish=stop gen_tok=23
  [13150/13226 this process · 13150/13226 segment] 3.31s/row · 1496 chunks/h · ETA 0.05h for the segment · last finish=stop gen_tok=52
  [13200/13226 this process · 13200/13226 segment] 2.17s/row · 1495 chunks/h · ETA 0.02h for the segment · last finish=stop gen_tok=27
  [13226/13226 this process · 13226/13226 segment] 2.70s/row · 1494 chunks/h · ETA 0.00h for the segment · last finish=stop gen_tok=48

SEGMENT seg-021 COMPLETE — 13226/13226 rows.
Now finalize with the SYSTEM python3 (no GPU, seconds):
    python3 finetune/label_e2.py --finalize-segment seg-021
