0 already in labels.jsonl · 13227 to generate
loading base model + adapter (the only GPU work) ...
  loaded in 1.1s
  [50/13227 this process · 50/13227 segment] 1.88s/row · 1606 chunks/h · ETA 8.20h for the segment · last finish=stop gen_tok=24
  [100/13227 this process · 100/13227 segment] 1.94s/row · 1556 chunks/h · ETA 8.43h for the segment · last finish=stop gen_tok=16
  [150/13227 this process · 150/13227 segment] 2.01s/row · 1621 chunks/h · ETA 8.07h for the segment · last finish=stop gen_tok=24
  [200/13227 this process · 200/13227 segment] 2.68s/row · 1518 chunks/h · ETA 8.58h for the segment · last finish=stop gen_tok=33
  [250/13227 this process · 250/13227 segment] 3.05s/row · 1500 chunks/h · ETA 8.65h for the segment · last finish=stop gen_tok=50
  [300/13227 this process · 300/13227 segment] 2.35s/row · 1485 chunks/h · ETA 8.70h for the segment · last finish=stop gen_tok=24
  [350/13227 this process · 350/13227 segment] 1.87s/row · 1485 chunks/h · ETA 8.67h for the segment · last finish=stop gen_tok=23
  [400/13227 this process · 400/13227 segment] 3.62s/row · 1480 chunks/h · ETA 8.67h for the segment · last finish=stop gen_tok=68
  [450/13227 this process · 450/13227 segment] 1.97s/row · 1474 chunks/h · ETA 8.67h for the segment · last finish=stop gen_tok=27
  [500/13227 this process · 500/13227 segment] 2.36s/row · 1473 chunks/h · ETA 8.64h for the segment · last finish=stop gen_tok=33
  [550/13227 this process · 550/13227 segment] 2.91s/row · 1481 chunks/h · ETA 8.56h for the segment · last finish=stop gen_tok=40
  [600/13227 this process · 600/13227 segment] 1.57s/row · 1471 chunks/h · ETA 8.58h for the segment · last finish=stop gen_tok=15
  [650/13227 this process · 650/13227 segment] 1.89s/row · 1476 chunks/h · ETA 8.52h for the segment · last finish=stop gen_tok=24
  [700/13227 this process · 700/13227 segment] 1.73s/row · 1485 chunks/h · ETA 8.44h for the segment · last finish=stop gen_tok=15
  [750/13227 this process · 750/13227 segment] 1.64s/row · 1492 chunks/h · ETA 8.36h for the segment · last finish=stop gen_tok=15
  [800/13227 this process · 800/13227 segment] 2.33s/row · 1481 chunks/h · ETA 8.39h for the segment · last finish=stop gen_tok=33
  [850/13227 this process · 850/13227 segment] 2.90s/row · 1478 chunks/h · ETA 8.37h for the segment · last finish=stop gen_tok=52
  [900/13227 this process · 900/13227 segment] 2.12s/row · 1478 chunks/h · ETA 8.34h for the segment · last finish=stop gen_tok=23
  [950/13227 this process · 950/13227 segment] 1.61s/row · 1486 chunks/h · ETA 8.26h for the segment · last finish=stop gen_tok=16
  [1000/13227 this process · 1000/13227 segment] 2.51s/row · 1486 chunks/h · ETA 8.23h for the segment · last finish=stop gen_tok=34
  [1050/13227 this process · 1050/13227 segment] 2.78s/row · 1495 chunks/h · ETA 8.14h for the segment · last finish=stop gen_tok=48
  [1100/13227 this process · 1100/13227 segment] 2.71s/row · 1490 chunks/h · ETA 8.14h for the segment · last finish=stop gen_tok=40
  [1150/13227 this process · 1150/13227 segment] 1.28s/row · 1493 chunks/h · ETA 8.09h for the segment · last finish=stop gen_tok=7
  [1200/13227 this process · 1200/13227 segment] 4.04s/row · 1499 chunks/h · ETA 8.02h for the segment · last finish=stop gen_tok=87
  [1250/13227 this process · 1250/13227 segment] 1.60s/row · 1504 chunks/h · ETA 7.97h for the segment · last finish=stop gen_tok=16
  [1300/13227 this process · 1300/13227 segment] 1.55s/row · 1524 chunks/h · ETA 7.83h for the segment · last finish=stop gen_tok=16
  [1350/13227 this process · 1350/13227 segment] 2.19s/row · 1521 chunks/h · ETA 7.81h for the segment · last finish=stop gen_tok=33
  [1400/13227 this process · 1400/13227 segment] 4.91s/row · 1521 chunks/h · ETA 7.77h for the segment · last finish=stop gen_tok=83
  [1450/13227 this process · 1450/13227 segment] 2.18s/row · 1518 chunks/h · ETA 7.76h for the segment · last finish=stop gen_tok=33
  [1500/13227 this process · 1500/13227 segment] 2.93s/row · 1521 chunks/h · ETA 7.71h for the segment · last finish=stop gen_tok=50
  [1550/13227 this process · 1550/13227 segment] 3.40s/row · 1518 chunks/h · ETA 7.69h for the segment · last finish=stop gen_tok=70
  [1600/13227 this process · 1600/13227 segment] 1.68s/row · 1515 chunks/h · ETA 7.67h for the segment · last finish=stop gen_tok=16
  [1650/13227 this process · 1650/13227 segment] 1.75s/row · 1520 chunks/h · ETA 7.62h for the segment · last finish=stop gen_tok=16
  [1700/13227 this process · 1700/13227 segment] 1.22s/row · 1529 chunks/h · ETA 7.54h for the segment · last finish=stop gen_tok=7
  [1750/13227 this process · 1750/13227 segment] 1.93s/row · 1530 chunks/h · ETA 7.50h for the segment · last finish=stop gen_tok=24
  [1800/13227 this process · 1800/13227 segment] 3.14s/row · 1526 chunks/h · ETA 7.49h for the segment · last finish=stop gen_tok=63
  [1850/13227 this process · 1850/13227 segment] 3.33s/row · 1526 chunks/h · ETA 7.46h for the segment · last finish=stop gen_tok=60
  [1900/13227 this process · 1900/13227 segment] 1.58s/row · 1527 chunks/h · ETA 7.42h for the segment · last finish=stop gen_tok=15
  [1950/13227 this process · 1950/13227 segment] 1.98s/row · 1527 chunks/h · ETA 7.39h for the segment · last finish=stop gen_tok=27
  [2000/13227 this process · 2000/13227 segment] 1.97s/row · 1531 chunks/h · ETA 7.33h for the segment · last finish=stop gen_tok=27
  [2050/13227 this process · 2050/13227 segment] 1.47s/row · 1531 chunks/h · ETA 7.30h for the segment · last finish=stop gen_tok=16
  [2100/13227 this process · 2100/13227 segment] 3.35s/row · 1528 chunks/h · ETA 7.28h for the segment · last finish=stop gen_tok=41
  [2150/13227 this process · 2150/13227 segment] 2.43s/row · 1529 chunks/h · ETA 7.24h for the segment · last finish=stop gen_tok=15
  [2200/13227 this process · 2200/13227 segment] 2.21s/row · 1525 chunks/h · ETA 7.23h for the segment · last finish=stop gen_tok=33
  [2250/13227 this process · 2250/13227 segment] 1.90s/row · 1523 chunks/h · ETA 7.21h for the segment · last finish=stop gen_tok=16
  [2300/13227 this process · 2300/13227 segment] 1.83s/row · 1525 chunks/h · ETA 7.16h for the segment · last finish=stop gen_tok=16
  [2350/13227 this process · 2350/13227 segment] 1.84s/row · 1528 chunks/h · ETA 7.12h for the segment · last finish=stop gen_tok=16
  [2400/13227 this process · 2400/13227 segment] 1.54s/row · 1533 chunks/h · ETA 7.06h for the segment · last finish=stop gen_tok=15
  [2450/13227 this process · 2450/13227 segment] 2.69s/row · 1534 chunks/h · ETA 7.03h for the segment · last finish=stop gen_tok=32
  [2500/13227 this process · 2500/13227 segment] 2.16s/row · 1535 chunks/h · ETA 6.99h for the segment · last finish=stop gen_tok=23
  [2550/13227 this process · 2550/13227 segment] 2.62s/row · 1536 chunks/h · ETA 6.95h for the segment · last finish=stop gen_tok=34
  [2600/13227 this process · 2600/13227 segment] 1.64s/row · 1534 chunks/h · ETA 6.93h for the segment · last finish=stop gen_tok=16
  [2650/13227 this process · 2650/13227 segment] 1.53s/row · 1537 chunks/h · ETA 6.88h for the segment · last finish=stop gen_tok=16
  [2700/13227 this process · 2700/13227 segment] 1.87s/row · 1542 chunks/h · ETA 6.83h for the segment · last finish=stop gen_tok=16
  [2750/13227 this process · 2750/13227 segment] 1.90s/row · 1548 chunks/h · ETA 6.77h for the segment · last finish=stop gen_tok=27
  [2800/13227 this process · 2800/13227 segment] 1.59s/row · 1547 chunks/h · ETA 6.74h for the segment · last finish=stop gen_tok=16
  [2850/13227 this process · 2850/13227 segment] 2.66s/row · 1551 chunks/h · ETA 6.69h for the segment · last finish=stop gen_tok=33
  [2900/13227 this process · 2900/13227 segment] 1.75s/row · 1555 chunks/h · ETA 6.64h for the segment · last finish=stop gen_tok=16
  [2950/13227 this process · 2950/13227 segment] 1.66s/row · 1555 chunks/h · ETA 6.61h for the segment · last finish=stop gen_tok=16
  [3000/13227 this process · 3000/13227 segment] 3.08s/row · 1559 chunks/h · ETA 6.56h for the segment · last finish=stop gen_tok=51
  [3050/13227 this process · 3050/13227 segment] 3.36s/row · 1558 chunks/h · ETA 6.53h for the segment · last finish=stop gen_tok=66
  [3100/13227 this process · 3100/13227 segment] 2.12s/row · 1560 chunks/h · ETA 6.49h for the segment · last finish=stop gen_tok=27
  [3150/13227 this process · 3150/13227 segment] 1.88s/row · 1559 chunks/h · ETA 6.46h for the segment · last finish=stop gen_tok=16
  [3200/13227 this process · 3200/13227 segment] 2.43s/row · 1562 chunks/h · ETA 6.42h for the segment · last finish=stop gen_tok=24
  [3250/13227 this process · 3250/13227 segment] 1.65s/row · 1562 chunks/h · ETA 6.39h for the segment · last finish=stop gen_tok=15
  [3300/13227 this process · 3300/13227 segment] 2.47s/row · 1561 chunks/h · ETA 6.36h for the segment · last finish=stop gen_tok=32
  [3350/13227 this process · 3350/13227 segment] 2.30s/row · 1560 chunks/h · ETA 6.33h for the segment · last finish=stop gen_tok=33
  [3400/13227 this process · 3400/13227 segment] 1.30s/row · 1561 chunks/h · ETA 6.30h for the segment · last finish=stop gen_tok=7
  [3450/13227 this process · 3450/13227 segment] 2.08s/row · 1563 chunks/h · ETA 6.26h for the segment · last finish=stop gen_tok=24
  [3500/13227 this process · 3500/13227 segment] 2.42s/row · 1562 chunks/h · ETA 6.23h for the segment · last finish=stop gen_tok=33
  [3550/13227 this process · 3550/13227 segment] 1.68s/row · 1560 chunks/h · ETA 6.20h for the segment · last finish=stop gen_tok=16
  [3600/13227 this process · 3600/13227 segment] 1.92s/row · 1558 chunks/h · ETA 6.18h for the segment · last finish=stop gen_tok=27
  [3650/13227 this process · 3650/13227 segment] 1.63s/row · 1560 chunks/h · ETA 6.14h for the segment · last finish=stop gen_tok=16
  [3700/13227 this process · 3700/13227 segment] 2.16s/row · 1562 chunks/h · ETA 6.10h for the segment · last finish=stop gen_tok=16
  [3750/13227 this process · 3750/13227 segment] 1.77s/row · 1562 chunks/h · ETA 6.07h for the segment · last finish=stop gen_tok=15
  [3800/13227 this process · 3800/13227 segment] 2.51s/row · 1560 chunks/h · ETA 6.04h for the segment · last finish=stop gen_tok=33
  [3850/13227 this process · 3850/13227 segment] 1.80s/row · 1563 chunks/h · ETA 6.00h for the segment · last finish=stop gen_tok=16
  [3900/13227 this process · 3900/13227 segment] 2.35s/row · 1566 chunks/h · ETA 5.96h for the segment · last finish=stop gen_tok=36
  [3950/13227 this process · 3950/13227 segment] 1.59s/row · 1568 chunks/h · ETA 5.92h for the segment · last finish=stop gen_tok=16
  [4000/13227 this process · 4000/13227 segment] 2.29s/row · 1569 chunks/h · ETA 5.88h for the segment · last finish=stop gen_tok=34
  [4050/13227 this process · 4050/13227 segment] 1.82s/row · 1570 chunks/h · ETA 5.85h for the segment · last finish=stop gen_tok=16
  [4100/13227 this process · 4100/13227 segment] 1.81s/row · 1569 chunks/h · ETA 5.82h for the segment · last finish=stop gen_tok=24
  [4150/13227 this process · 4150/13227 segment] 1.91s/row · 1571 chunks/h · ETA 5.78h for the segment · last finish=stop gen_tok=16
  [4200/13227 this process · 4200/13227 segment] 1.89s/row · 1572 chunks/h · ETA 5.74h for the segment · last finish=stop gen_tok=16
  [4250/13227 this process · 4250/13227 segment] 2.61s/row · 1573 chunks/h · ETA 5.71h for the segment · last finish=stop gen_tok=45
  [4300/13227 this process · 4300/13227 segment] 2.66s/row · 1573 chunks/h · ETA 5.67h for the segment · last finish=stop gen_tok=48
  [4350/13227 this process · 4350/13227 segment] 3.19s/row · 1574 chunks/h · ETA 5.64h for the segment · last finish=stop gen_tok=59
  [4400/13227 this process · 4400/13227 segment] 2.07s/row · 1575 chunks/h · ETA 5.61h for the segment · last finish=stop gen_tok=27
  [4450/13227 this process · 4450/13227 segment] 2.75s/row · 1576 chunks/h · ETA 5.57h for the segment · last finish=stop gen_tok=48
  [4500/13227 this process · 4500/13227 segment] 1.63s/row · 1577 chunks/h · ETA 5.53h for the segment · last finish=stop gen_tok=16
  [4550/13227 this process · 4550/13227 segment] 2.31s/row · 1580 chunks/h · ETA 5.49h for the segment · last finish=stop gen_tok=33
  [4600/13227 this process · 4600/13227 segment] 2.59s/row · 1581 chunks/h · ETA 5.46h for the segment · last finish=stop gen_tok=33
  [4650/13227 this process · 4650/13227 segment] 2.41s/row · 1582 chunks/h · ETA 5.42h for the segment · last finish=stop gen_tok=32
  [4700/13227 this process · 4700/13227 segment] 1.78s/row · 1581 chunks/h · ETA 5.39h for the segment · last finish=stop gen_tok=16
  [4750/13227 this process · 4750/13227 segment] 2.04s/row · 1583 chunks/h · ETA 5.35h for the segment · last finish=stop gen_tok=24
  [4800/13227 this process · 4800/13227 segment] 1.85s/row · 1584 chunks/h · ETA 5.32h for the segment · last finish=stop gen_tok=16
  [4850/13227 this process · 4850/13227 segment] 1.65s/row · 1585 chunks/h · ETA 5.28h for the segment · last finish=stop gen_tok=16
  [4900/13227 this process · 4900/13227 segment] 1.94s/row · 1587 chunks/h · ETA 5.25h for the segment · last finish=stop gen_tok=27
  [4950/13227 this process · 4950/13227 segment] 2.06s/row · 1589 chunks/h · ETA 5.21h for the segment · last finish=stop gen_tok=16
  [5000/13227 this process · 5000/13227 segment] 1.85s/row · 1590 chunks/h · ETA 5.18h for the segment · last finish=stop gen_tok=16
  [5050/13227 this process · 5050/13227 segment] 1.69s/row · 1591 chunks/h · ETA 5.14h for the segment · last finish=stop gen_tok=16
  [5100/13227 this process · 5100/13227 segment] 1.85s/row · 1592 chunks/h · ETA 5.11h for the segment · last finish=stop gen_tok=16
  [5150/13227 this process · 5150/13227 segment] 2.22s/row · 1592 chunks/h · ETA 5.07h for the segment · last finish=stop gen_tok=27
  [5200/13227 this process · 5200/13227 segment] 2.00s/row · 1593 chunks/h · ETA 5.04h for the segment · last finish=stop gen_tok=27
  [5250/13227 this process · 5250/13227 segment] 1.94s/row · 1594 chunks/h · ETA 5.00h for the segment · last finish=stop gen_tok=27
  [5300/13227 this process · 5300/13227 segment] 1.33s/row · 1595 chunks/h · ETA 4.97h for the segment · last finish=stop gen_tok=7
  [5350/13227 this process · 5350/13227 segment] 2.57s/row · 1595 chunks/h · ETA 4.94h for the segment · last finish=stop gen_tok=33
  [5400/13227 this process · 5400/13227 segment] 1.81s/row · 1595 chunks/h · ETA 4.91h for the segment · last finish=stop gen_tok=16
  [5450/13227 this process · 5450/13227 segment] 1.94s/row · 1593 chunks/h · ETA 4.88h for the segment · last finish=stop gen_tok=15
  [5500/13227 this process · 5500/13227 segment] 1.93s/row · 1591 chunks/h · ETA 4.86h for the segment · last finish=stop gen_tok=16
  [5550/13227 this process · 5550/13227 segment] 2.72s/row · 1591 chunks/h · ETA 4.83h for the segment · last finish=stop gen_tok=16
  [5600/13227 this process · 5600/13227 segment] 2.59s/row · 1589 chunks/h · ETA 4.80h for the segment · last finish=stop gen_tok=33
  [5650/13227 this process · 5650/13227 segment] 2.22s/row · 1589 chunks/h · ETA 4.77h for the segment · last finish=stop gen_tok=33
  [5700/13227 this process · 5700/13227 segment] 1.88s/row · 1588 chunks/h · ETA 4.74h for the segment · last finish=stop gen_tok=15
  [5750/13227 this process · 5750/13227 segment] 2.02s/row · 1589 chunks/h · ETA 4.71h for the segment · last finish=stop gen_tok=25
  [5800/13227 this process · 5800/13227 segment] 1.63s/row · 1589 chunks/h · ETA 4.68h for the segment · last finish=stop gen_tok=16
  [5850/13227 this process · 5850/13227 segment] 1.95s/row · 1588 chunks/h · ETA 4.64h for the segment · last finish=stop gen_tok=15
  [5900/13227 this process · 5900/13227 segment] 1.68s/row · 1589 chunks/h · ETA 4.61h for the segment · last finish=stop gen_tok=15
  [5950/13227 this process · 5950/13227 segment] 2.22s/row · 1588 chunks/h · ETA 4.58h for the segment · last finish=stop gen_tok=27
  [6000/13227 this process · 6000/13227 segment] 2.10s/row · 1588 chunks/h · ETA 4.55h for the segment · last finish=stop gen_tok=16
  [6050/13227 this process · 6050/13227 segment] 1.92s/row · 1589 chunks/h · ETA 4.52h for the segment · last finish=stop gen_tok=16
  [6100/13227 this process · 6100/13227 segment] 1.32s/row · 1589 chunks/h · ETA 4.49h for the segment · last finish=stop gen_tok=7
  [6150/13227 this process · 6150/13227 segment] 1.71s/row · 1590 chunks/h · ETA 4.45h for the segment · last finish=stop gen_tok=16
  [6200/13227 this process · 6200/13227 segment] 1.65s/row · 1591 chunks/h · ETA 4.42h for the segment · last finish=stop gen_tok=16
  [6250/13227 this process · 6250/13227 segment] 2.31s/row · 1592 chunks/h · ETA 4.38h for the segment · last finish=stop gen_tok=27
  [6300/13227 this process · 6300/13227 segment] 2.01s/row · 1593 chunks/h · ETA 4.35h for the segment · last finish=stop gen_tok=27
  [6350/13227 this process · 6350/13227 segment] 2.80s/row · 1593 chunks/h · ETA 4.32h for the segment · last finish=stop gen_tok=32
  [6400/13227 this process · 6400/13227 segment] 2.08s/row · 1593 chunks/h · ETA 4.28h for the segment · last finish=stop gen_tok=27
  [6450/13227 this process · 6450/13227 segment] 1.95s/row · 1593 chunks/h · ETA 4.25h for the segment · last finish=stop gen_tok=27
  [6500/13227 this process · 6500/13227 segment] 2.40s/row · 1593 chunks/h · ETA 4.22h for the segment · last finish=stop gen_tok=34
  [6550/13227 this process · 6550/13227 segment] 2.13s/row · 1593 chunks/h · ETA 4.19h for the segment · last finish=stop gen_tok=24
  [6600/13227 this process · 6600/13227 segment] 1.91s/row · 1593 chunks/h · ETA 4.16h for the segment · last finish=stop gen_tok=23
  [6650/13227 this process · 6650/13227 segment] 2.91s/row · 1593 chunks/h · ETA 4.13h for the segment · last finish=stop gen_tok=50
  [6700/13227 this process · 6700/13227 segment] 2.88s/row · 1592 chunks/h · ETA 4.10h for the segment · last finish=stop gen_tok=51
  [6750/13227 this process · 6750/13227 segment] 2.89s/row · 1591 chunks/h · ETA 4.07h for the segment · last finish=stop gen_tok=34
  [6800/13227 this process · 6800/13227 segment] 2.33s/row · 1590 chunks/h · ETA 4.04h for the segment · last finish=stop gen_tok=24
  [6850/13227 this process · 6850/13227 segment] 2.99s/row · 1590 chunks/h · ETA 4.01h for the segment · last finish=stop gen_tok=50
  [6900/13227 this process · 6900/13227 segment] 1.71s/row · 1588 chunks/h · ETA 3.99h for the segment · last finish=stop gen_tok=16
  [6950/13227 this process · 6950/13227 segment] 2.83s/row · 1587 chunks/h · ETA 3.96h for the segment · last finish=stop gen_tok=50
  [7000/13227 this process · 7000/13227 segment] 2.91s/row · 1585 chunks/h · ETA 3.93h for the segment · last finish=stop gen_tok=40
  [7050/13227 this process · 7050/13227 segment] 2.39s/row · 1585 chunks/h · ETA 3.90h for the segment · last finish=stop gen_tok=15
  [7100/13227 this process · 7100/13227 segment] 2.50s/row · 1582 chunks/h · ETA 3.87h for the segment · last finish=stop gen_tok=32
  [7150/13227 this process · 7150/13227 segment] 3.97s/row · 1580 chunks/h · ETA 3.85h for the segment · last finish=stop gen_tok=60
  [7200/13227 this process · 7200/13227 segment] 1.98s/row · 1581 chunks/h · ETA 3.81h for the segment · last finish=stop gen_tok=16
  [7250/13227 this process · 7250/13227 segment] 2.60s/row · 1580 chunks/h · ETA 3.78h for the segment · last finish=stop gen_tok=40
  [7300/13227 this process · 7300/13227 segment] 2.01s/row · 1579 chunks/h · ETA 3.75h for the segment · last finish=stop gen_tok=15
  [7350/13227 this process · 7350/13227 segment] 3.05s/row · 1578 chunks/h · ETA 3.72h for the segment · last finish=stop gen_tok=51
  [7400/13227 this process · 7400/13227 segment] 1.84s/row · 1577 chunks/h · ETA 3.69h for the segment · last finish=stop gen_tok=15
  [7450/13227 this process · 7450/13227 segment] 3.84s/row · 1573 chunks/h · ETA 3.67h for the segment · last finish=stop gen_tok=16
  [7500/13227 this process · 7500/13227 segment] 3.40s/row · 1567 chunks/h · ETA 3.65h for the segment · last finish=stop gen_tok=16
  [7550/13227 this process · 7550/13227 segment] 5.02s/row · 1560 chunks/h · ETA 3.64h for the segment · last finish=stop gen_tok=51
  [7600/13227 this process · 7600/13227 segment] 3.08s/row · 1552 chunks/h · ETA 3.63h for the segment · last finish=stop gen_tok=16
  [7650/13227 this process · 7650/13227 segment] 4.16s/row · 1544 chunks/h · ETA 3.61h for the segment · last finish=stop gen_tok=16
  [7700/13227 this process · 7700/13227 segment] 3.91s/row · 1539 chunks/h · ETA 3.59h for the segment · last finish=stop gen_tok=23
  [7750/13227 this process · 7750/13227 segment] 3.65s/row · 1533 chunks/h · ETA 3.57h for the segment · last finish=stop gen_tok=32
  [7800/13227 this process · 7800/13227 segment] 3.20s/row · 1526 chunks/h · ETA 3.56h for the segment · last finish=stop gen_tok=23
  [7850/13227 this process · 7850/13227 segment] 3.75s/row · 1521 chunks/h · ETA 3.54h for the segment · last finish=stop gen_tok=32
  [7900/13227 this process · 7900/13227 segment] 3.44s/row · 1507 chunks/h · ETA 3.54h for the segment · last finish=stop gen_tok=16
  [7950/13227 this process · 7950/13227 segment] 22.72s/row · 1452 chunks/h · ETA 3.64h for the segment · last finish=stop gen_tok=50
  [8000/13227 this process · 8000/13227 segment] 20.58s/row · 1397 chunks/h · ETA 3.74h for the segment · last finish=stop gen_tok=41
  [8050/13227 this process · 8050/13227 segment] 15.72s/row · 1341 chunks/h · ETA 3.86h for the segment · last finish=stop gen_tok=15
  [8100/13227 this process · 8100/13227 segment] 17.61s/row · 1298 chunks/h · ETA 3.95h for the segment · last finish=stop gen_tok=24
  [8150/13227 this process · 8150/13227 segment] 13.03s/row · 1253 chunks/h · ETA 4.05h for the segment · last finish=stop gen_tok=23
  [8200/13227 this process · 8200/13227 segment] 11.38s/row · 1219 chunks/h · ETA 4.13h for the segment · last finish=stop gen_tok=16
  [8250/13227 this process · 8250/13227 segment] 21.26s/row · 1186 chunks/h · ETA 4.20h for the segment · last finish=stop gen_tok=51
  [8300/13227 this process · 8300/13227 segment] 20.97s/row · 1151 chunks/h · ETA 4.28h for the segment · last finish=stop gen_tok=50
  [8350/13227 this process · 8350/13227 segment] 14.65s/row · 1119 chunks/h · ETA 4.36h for the segment · last finish=stop gen_tok=24
  [8400/13227 this process · 8400/13227 segment] 32.15s/row · 1092 chunks/h · ETA 4.42h for the segment · last finish=stop gen_tok=79
  [8450/13227 this process · 8450/13227 segment] 23.54s/row · 1062 chunks/h · ETA 4.50h for the segment · last finish=stop gen_tok=42
  [8500/13227 this process · 8500/13227 segment] 14.85s/row · 1034 chunks/h · ETA 4.57h for the segment · last finish=stop gen_tok=16
  [8550/13227 this process · 8550/13227 segment] 18.69s/row · 1008 chunks/h · ETA 4.64h for the segment · last finish=stop gen_tok=33
  [8600/13227 this process · 8600/13227 segment] 16.33s/row · 984 chunks/h · ETA 4.70h for the segment · last finish=stop gen_tok=16
  [8650/13227 this process · 8650/13227 segment] 14.22s/row · 965 chunks/h · ETA 4.74h for the segment · last finish=stop gen_tok=16
  [8700/13227 this process · 8700/13227 segment] 18.10s/row · 947 chunks/h · ETA 4.78h for the segment · last finish=stop gen_tok=51
  [8750/13227 this process · 8750/13227 segment] 15.53s/row · 936 chunks/h · ETA 4.78h for the segment · last finish=stop gen_tok=24
  [8800/13227 this process · 8800/13227 segment] 16.39s/row · 923 chunks/h · ETA 4.79h for the segment · last finish=stop gen_tok=50
  [8850/13227 this process · 8850/13227 segment] 11.85s/row · 912 chunks/h · ETA 4.80h for the segment · last finish=stop gen_tok=16
  [8900/13227 this process · 8900/13227 segment] 14.59s/row · 902 chunks/h · ETA 4.79h for the segment · last finish=stop gen_tok=42
  [8950/13227 this process · 8950/13227 segment] 12.28s/row · 892 chunks/h · ETA 4.80h for the segment · last finish=stop gen_tok=33
  [9000/13227 this process · 9000/13227 segment] 9.50s/row · 883 chunks/h · ETA 4.79h for the segment · last finish=stop gen_tok=16
  [9050/13227 this process · 9050/13227 segment] 6.44s/row · 874 chunks/h · ETA 4.78h for the segment · last finish=stop gen_tok=16
  [9100/13227 this process · 9100/13227 segment] 5.30s/row · 872 chunks/h · ETA 4.73h for the segment · last finish=stop gen_tok=16
  [9150/13227 this process · 9150/13227 segment] 12.60s/row · 866 chunks/h · ETA 4.71h for the segment · last finish=stop gen_tok=33
  [9200/13227 this process · 9200/13227 segment] 12.63s/row · 854 chunks/h · ETA 4.72h for the segment · last finish=stop gen_tok=32
  [9250/13227 this process · 9250/13227 segment] 19.59s/row · 842 chunks/h · ETA 4.72h for the segment · last finish=stop gen_tok=70
  [9300/13227 this process · 9300/13227 segment] 6.89s/row · 833 chunks/h · ETA 4.72h for the segment · last finish=stop gen_tok=16
  [9350/13227 this process · 9350/13227 segment] 11.34s/row · 826 chunks/h · ETA 4.70h for the segment · last finish=stop gen_tok=32
  [9400/13227 this process · 9400/13227 segment] 8.22s/row · 820 chunks/h · ETA 4.67h for the segment · last finish=stop gen_tok=25
  [9450/13227 this process · 9450/13227 segment] 12.36s/row · 814 chunks/h · ETA 4.64h for the segment · last finish=stop gen_tok=16
  [9500/13227 this process · 9500/13227 segment] 12.84s/row · 806 chunks/h · ETA 4.62h for the segment · last finish=stop gen_tok=51
  [9550/13227 this process · 9550/13227 segment] 11.09s/row · 800 chunks/h · ETA 4.60h for the segment · last finish=stop gen_tok=33
  [9600/13227 this process · 9600/13227 segment] 11.01s/row · 794 chunks/h · ETA 4.57h for the segment · last finish=stop gen_tok=16
  [9650/13227 this process · 9650/13227 segment] 12.17s/row · 787 chunks/h · ETA 4.54h for the segment · last finish=stop gen_tok=34
  [9700/13227 this process · 9700/13227 segment] 3.62s/row · 782 chunks/h · ETA 4.51h for the segment · last finish=stop gen_tok=32
  [9750/13227 this process · 9750/13227 segment] 2.61s/row · 783 chunks/h · ETA 4.44h for the segment · last finish=stop gen_tok=15
  [9800/13227 this process · 9800/13227 segment] 3.26s/row · 784 chunks/h · ETA 4.37h for the segment · last finish=stop gen_tok=37
  [9850/13227 this process · 9850/13227 segment] 2.77s/row · 786 chunks/h · ETA 4.30h for the segment · last finish=stop gen_tok=28
  [9900/13227 this process · 9900/13227 segment] 3.27s/row · 787 chunks/h · ETA 4.23h for the segment · last finish=stop gen_tok=57
  [9950/13227 this process · 9950/13227 segment] 2.15s/row · 790 chunks/h · ETA 4.15h for the segment · last finish=stop gen_tok=16
  [10000/13227 this process · 10000/13227 segment] 1.94s/row · 791 chunks/h · ETA 4.08h for the segment · last finish=stop gen_tok=16
  [10050/13227 this process · 10050/13227 segment] 2.74s/row · 793 chunks/h · ETA 4.00h for the segment · last finish=stop gen_tok=23
  [10100/13227 this process · 10100/13227 segment] 2.62s/row · 795 chunks/h · ETA 3.93h for the segment · last finish=stop gen_tok=16
  [10150/13227 this process · 10150/13227 segment] 2.69s/row · 797 chunks/h · ETA 3.86h for the segment · last finish=stop gen_tok=33
  [10200/13227 this process · 10200/13227 segment] 3.34s/row · 799 chunks/h · ETA 3.79h for the segment · last finish=stop gen_tok=52
  [10250/13227 this process · 10250/13227 segment] 2.58s/row · 801 chunks/h · ETA 3.72h for the segment · last finish=stop gen_tok=33
  [10300/13227 this process · 10300/13227 segment] 1.40s/row · 803 chunks/h · ETA 3.65h for the segment · last finish=stop gen_tok=16
  [10350/13227 this process · 10350/13227 segment] 1.77s/row · 805 chunks/h · ETA 3.57h for the segment · last finish=stop gen_tok=16
  [10400/13227 this process · 10400/13227 segment] 1.68s/row · 807 chunks/h · ETA 3.51h for the segment · last finish=stop gen_tok=16
  [10450/13227 this process · 10450/13227 segment] 1.90s/row · 808 chunks/h · ETA 3.43h for the segment · last finish=stop gen_tok=16
  [10500/13227 this process · 10500/13227 segment] 2.07s/row · 810 chunks/h · ETA 3.37h for the segment · last finish=stop gen_tok=32
  [10550/13227 this process · 10550/13227 segment] 1.82s/row · 812 chunks/h · ETA 3.30h for the segment · last finish=stop gen_tok=16
  [10600/13227 this process · 10600/13227 segment] 2.10s/row · 814 chunks/h · ETA 3.23h for the segment · last finish=stop gen_tok=15
  [10650/13227 this process · 10650/13227 segment] 3.17s/row · 816 chunks/h · ETA 3.16h for the segment · last finish=stop gen_tok=51
  [10700/13227 this process · 10700/13227 segment] 2.10s/row · 818 chunks/h · ETA 3.09h for the segment · last finish=stop gen_tok=16
  [10750/13227 this process · 10750/13227 segment] 3.25s/row · 819 chunks/h · ETA 3.02h for the segment · last finish=stop gen_tok=50
  [10800/13227 this process · 10800/13227 segment] 2.13s/row · 821 chunks/h · ETA 2.96h for the segment · last finish=stop gen_tok=23
  [10850/13227 this process · 10850/13227 segment] 2.07s/row · 823 chunks/h · ETA 2.89h for the segment · last finish=stop gen_tok=27
  [10900/13227 this process · 10900/13227 segment] 2.16s/row · 825 chunks/h · ETA 2.82h for the segment · last finish=stop gen_tok=23
  [10950/13227 this process · 10950/13227 segment] 2.49s/row · 826 chunks/h · ETA 2.76h for the segment · last finish=stop gen_tok=32
  [11000/13227 this process · 11000/13227 segment] 3.22s/row · 828 chunks/h · ETA 2.69h for the segment · last finish=stop gen_tok=51
  [11050/13227 this process · 11050/13227 segment] 2.15s/row · 829 chunks/h · ETA 2.63h for the segment · last finish=stop gen_tok=27
  [11100/13227 this process · 11100/13227 segment] 2.76s/row · 831 chunks/h · ETA 2.56h for the segment · last finish=stop gen_tok=45
  [11150/13227 this process · 11150/13227 segment] 2.02s/row · 833 chunks/h · ETA 2.49h for the segment · last finish=stop gen_tok=24
  [11200/13227 this process · 11200/13227 segment] 2.48s/row · 834 chunks/h · ETA 2.43h for the segment · last finish=stop gen_tok=34
  [11250/13227 this process · 11250/13227 segment] 1.60s/row · 836 chunks/h · ETA 2.37h for the segment · last finish=stop gen_tok=15
  [11300/13227 this process · 11300/13227 segment] 2.03s/row · 838 chunks/h · ETA 2.30h for the segment · last finish=stop gen_tok=24
  [11350/13227 this process · 11350/13227 segment] 1.66s/row · 840 chunks/h · ETA 2.23h for the segment · last finish=stop gen_tok=16
  [11400/13227 this process · 11400/13227 segment] 2.86s/row · 842 chunks/h · ETA 2.17h for the segment · last finish=stop gen_tok=32
  [11450/13227 this process · 11450/13227 segment] 2.01s/row · 843 chunks/h · ETA 2.11h for the segment · last finish=stop gen_tok=24
  [11500/13227 this process · 11500/13227 segment] 3.54s/row · 845 chunks/h · ETA 2.04h for the segment · last finish=stop gen_tok=67
  [11550/13227 this process · 11550/13227 segment] 2.14s/row · 846 chunks/h · ETA 1.98h for the segment · last finish=stop gen_tok=24
  [11600/13227 this process · 11600/13227 segment] 2.16s/row · 848 chunks/h · ETA 1.92h for the segment · last finish=stop gen_tok=27
  [11650/13227 this process · 11650/13227 segment] 1.97s/row · 850 chunks/h · ETA 1.85h for the segment · last finish=stop gen_tok=16
  [11700/13227 this process · 11700/13227 segment] 1.98s/row · 852 chunks/h · ETA 1.79h for the segment · last finish=stop gen_tok=16
  [11750/13227 this process · 11750/13227 segment] 1.59s/row · 854 chunks/h · ETA 1.73h for the segment · last finish=stop gen_tok=16
  [11800/13227 this process · 11800/13227 segment] 1.94s/row · 855 chunks/h · ETA 1.67h for the segment · last finish=stop gen_tok=16
  [11850/13227 this process · 11850/13227 segment] 2.33s/row · 857 chunks/h · ETA 1.61h for the segment · last finish=stop gen_tok=24
  [11900/13227 this process · 11900/13227 segment] 2.96s/row · 859 chunks/h · ETA 1.54h for the segment · last finish=stop gen_tok=50
  [11950/13227 this process · 11950/13227 segment] 2.22s/row · 861 chunks/h · ETA 1.48h for the segment · last finish=stop gen_tok=34
  [12000/13227 this process · 12000/13227 segment] 2.15s/row · 863 chunks/h · ETA 1.42h for the segment · last finish=stop gen_tok=24
  [12050/13227 this process · 12050/13227 segment] 1.70s/row · 864 chunks/h · ETA 1.36h for the segment · last finish=stop gen_tok=15
  [12100/13227 this process · 12100/13227 segment] 1.21s/row · 866 chunks/h · ETA 1.30h for the segment · last finish=stop gen_tok=7
  [12150/13227 this process · 12150/13227 segment] 2.03s/row · 867 chunks/h · ETA 1.24h for the segment · last finish=stop gen_tok=15
  [12200/13227 this process · 12200/13227 segment] 2.96s/row · 869 chunks/h · ETA 1.18h for the segment · last finish=stop gen_tok=50
  [12250/13227 this process · 12250/13227 segment] 2.12s/row · 870 chunks/h · ETA 1.12h for the segment · last finish=stop gen_tok=16
  [12300/13227 this process · 12300/13227 segment] 3.07s/row · 872 chunks/h · ETA 1.06h for the segment · last finish=stop gen_tok=40
  [12350/13227 this process · 12350/13227 segment] 2.29s/row · 873 chunks/h · ETA 1.00h for the segment · last finish=stop gen_tok=24
  [12400/13227 this process · 12400/13227 segment] 3.83s/row · 874 chunks/h · ETA 0.95h for the segment · last finish=stop gen_tok=59
  [12450/13227 this process · 12450/13227 segment] 2.08s/row · 876 chunks/h · ETA 0.89h for the segment · last finish=stop gen_tok=15
  [12500/13227 this process · 12500/13227 segment] 1.76s/row · 877 chunks/h · ETA 0.83h for the segment · last finish=stop gen_tok=15
  [12550/13227 this process · 12550/13227 segment] 1.90s/row · 879 chunks/h · ETA 0.77h for the segment · last finish=stop gen_tok=15
  [12600/13227 this process · 12600/13227 segment] 1.81s/row · 881 chunks/h · ETA 0.71h for the segment · last finish=stop gen_tok=15
  [12650/13227 this process · 12650/13227 segment] 1.74s/row · 883 chunks/h · ETA 0.65h for the segment · last finish=stop gen_tok=15
  [12700/13227 this process · 12700/13227 segment] 1.75s/row · 884 chunks/h · ETA 0.60h for the segment · last finish=stop gen_tok=15
  [12750/13227 this process · 12750/13227 segment] 2.04s/row · 886 chunks/h · ETA 0.54h for the segment · last finish=stop gen_tok=16
  [12800/13227 this process · 12800/13227 segment] 3.03s/row · 887 chunks/h · ETA 0.48h for the segment · last finish=stop gen_tok=50
  [12850/13227 this process · 12850/13227 segment] 2.13s/row · 889 chunks/h · ETA 0.42h for the segment · last finish=stop gen_tok=24
  [12900/13227 this process · 12900/13227 segment] 2.44s/row · 890 chunks/h · ETA 0.37h for the segment · last finish=stop gen_tok=33
  [12950/13227 this process · 12950/13227 segment] 2.06s/row · 892 chunks/h · ETA 0.31h for the segment · last finish=stop gen_tok=24
  [13000/13227 this process · 13000/13227 segment] 1.69s/row · 893 chunks/h · ETA 0.25h for the segment · last finish=stop gen_tok=15
  [13050/13227 this process · 13050/13227 segment] 2.83s/row · 894 chunks/h · ETA 0.20h for the segment · last finish=stop gen_tok=40
  [13100/13227 this process · 13100/13227 segment] 3.14s/row · 896 chunks/h · ETA 0.14h for the segment · last finish=stop gen_tok=51
  [13150/13227 this process · 13150/13227 segment] 1.68s/row · 897 chunks/h · ETA 0.09h for the segment · last finish=stop gen_tok=15
  [13200/13227 this process · 13200/13227 segment] 2.15s/row · 899 chunks/h · ETA 0.03h for the segment · last finish=stop gen_tok=24
  [13227/13227 this process · 13227/13227 segment] 1.79s/row · 900 chunks/h · ETA 0.00h for the segment · last finish=stop gen_tok=16

SEGMENT seg-020 COMPLETE — 13227/13227 rows.
Now finalize with the SYSTEM python3 (no GPU, seconds):
    python3 finetune/label_e2.py --finalize-segment seg-020
