0 already in labels.jsonl · 13241 to generate
loading base model + adapter (the only GPU work) ...
  loaded in 1.2s
  [50/13241 this process · 50/13241 segment] 2.15s/row · 1552 chunks/h · ETA 8.50h for the segment · last finish=stop gen_tok=16
  [100/13241 this process · 100/13241 segment] 2.09s/row · 1641 chunks/h · ETA 8.01h for the segment · last finish=stop gen_tok=16
  [150/13241 this process · 150/13241 segment] 4.00s/row · 1544 chunks/h · ETA 8.48h for the segment · last finish=stop gen_tok=76
  [200/13241 this process · 200/13241 segment] 1.84s/row · 1518 chunks/h · ETA 8.59h for the segment · last finish=stop gen_tok=16
  [250/13241 this process · 250/13241 segment] 2.56s/row · 1505 chunks/h · ETA 8.63h for the segment · last finish=stop gen_tok=33
  [300/13241 this process · 300/13241 segment] 2.18s/row · 1512 chunks/h · ETA 8.56h for the segment · last finish=stop gen_tok=23
  [350/13241 this process · 350/13241 segment] 3.21s/row · 1520 chunks/h · ETA 8.48h for the segment · last finish=stop gen_tok=52
  [400/13241 this process · 400/13241 segment] 2.15s/row · 1493 chunks/h · ETA 8.60h for the segment · last finish=stop gen_tok=24
  [450/13241 this process · 450/13241 segment] 2.47s/row · 1497 chunks/h · ETA 8.54h for the segment · last finish=stop gen_tok=32
  [500/13241 this process · 500/13241 segment] 2.51s/row · 1504 chunks/h · ETA 8.47h for the segment · last finish=stop gen_tok=33
  [550/13241 this process · 550/13241 segment] 3.67s/row · 1498 chunks/h · ETA 8.47h for the segment · last finish=stop gen_tok=66
  [600/13241 this process · 600/13241 segment] 1.75s/row · 1494 chunks/h · ETA 8.46h for the segment · last finish=stop gen_tok=16
  [650/13241 this process · 650/13241 segment] 1.98s/row · 1488 chunks/h · ETA 8.46h for the segment · last finish=stop gen_tok=16
  [700/13241 this process · 700/13241 segment] 2.05s/row · 1496 chunks/h · ETA 8.38h for the segment · last finish=stop gen_tok=24
  [750/13241 this process · 750/13241 segment] 2.94s/row · 1486 chunks/h · ETA 8.41h for the segment · last finish=stop gen_tok=45
  [800/13241 this process · 800/13241 segment] 2.94s/row · 1490 chunks/h · ETA 8.35h for the segment · last finish=stop gen_tok=33
  [850/13241 this process · 850/13241 segment] 1.91s/row · 1499 chunks/h · ETA 8.26h for the segment · last finish=stop gen_tok=16
  [900/13241 this process · 900/13241 segment] 2.92s/row · 1508 chunks/h · ETA 8.18h for the segment · last finish=stop gen_tok=34
  [950/13241 this process · 950/13241 segment] 2.48s/row · 1517 chunks/h · ETA 8.10h for the segment · last finish=stop gen_tok=33
  [1000/13241 this process · 1000/13241 segment] 2.34s/row · 1521 chunks/h · ETA 8.05h for the segment · last finish=stop gen_tok=33
  [1050/13241 this process · 1050/13241 segment] 2.48s/row · 1525 chunks/h · ETA 7.99h for the segment · last finish=stop gen_tok=33
  [1100/13241 this process · 1100/13241 segment] 1.89s/row · 1517 chunks/h · ETA 8.00h for the segment · last finish=stop gen_tok=16
  [1150/13241 this process · 1150/13241 segment] 2.08s/row · 1525 chunks/h · ETA 7.93h for the segment · last finish=stop gen_tok=24
  [1200/13241 this process · 1200/13241 segment] 2.02s/row · 1527 chunks/h · ETA 7.89h for the segment · last finish=stop gen_tok=15
  [1250/13241 this process · 1250/13241 segment] 1.82s/row · 1525 chunks/h · ETA 7.86h for the segment · last finish=stop gen_tok=16
  [1300/13241 this process · 1300/13241 segment] 2.19s/row · 1530 chunks/h · ETA 7.81h for the segment · last finish=stop gen_tok=27
  [1350/13241 this process · 1350/13241 segment] 3.18s/row · 1530 chunks/h · ETA 7.77h for the segment · last finish=stop gen_tok=51
  [1400/13241 this process · 1400/13241 segment] 2.40s/row · 1528 chunks/h · ETA 7.75h for the segment · last finish=stop gen_tok=33
  [1450/13241 this process · 1450/13241 segment] 1.82s/row · 1532 chunks/h · ETA 7.69h for the segment · last finish=stop gen_tok=16
  [1500/13241 this process · 1500/13241 segment] 1.89s/row · 1533 chunks/h · ETA 7.66h for the segment · last finish=stop gen_tok=16
  [1550/13241 this process · 1550/13241 segment] 2.37s/row · 1537 chunks/h · ETA 7.60h for the segment · last finish=stop gen_tok=32
  [1600/13241 this process · 1600/13241 segment] 2.21s/row · 1541 chunks/h · ETA 7.55h for the segment · last finish=stop gen_tok=16
  [1650/13241 this process · 1650/13241 segment] 2.05s/row · 1545 chunks/h · ETA 7.50h for the segment · last finish=stop gen_tok=24
  [1700/13241 this process · 1700/13241 segment] 2.93s/row · 1537 chunks/h · ETA 7.51h for the segment · last finish=stop gen_tok=33
  [1750/13241 this process · 1750/13241 segment] 2.53s/row · 1530 chunks/h · ETA 7.51h for the segment · last finish=stop gen_tok=32
  [1800/13241 this process · 1800/13241 segment] 3.11s/row · 1526 chunks/h · ETA 7.50h for the segment · last finish=stop gen_tok=51
  [1850/13241 this process · 1850/13241 segment] 1.84s/row · 1529 chunks/h · ETA 7.45h for the segment · last finish=stop gen_tok=16
  [1900/13241 this process · 1900/13241 segment] 3.25s/row · 1525 chunks/h · ETA 7.44h for the segment · last finish=stop gen_tok=51
  [1950/13241 this process · 1950/13241 segment] 2.09s/row · 1519 chunks/h · ETA 7.43h for the segment · last finish=stop gen_tok=27
  [2000/13241 this process · 2000/13241 segment] 2.38s/row · 1518 chunks/h · ETA 7.41h for the segment · last finish=stop gen_tok=36
  [2050/13241 this process · 2050/13241 segment] 2.09s/row · 1518 chunks/h · ETA 7.37h for the segment · last finish=stop gen_tok=23
  [2100/13241 this process · 2100/13241 segment] 1.92s/row · 1519 chunks/h · ETA 7.33h for the segment · last finish=stop gen_tok=16
  [2150/13241 this process · 2150/13241 segment] 3.22s/row · 1523 chunks/h · ETA 7.28h for the segment · last finish=stop gen_tok=50
  [2200/13241 this process · 2200/13241 segment] 3.26s/row · 1523 chunks/h · ETA 7.25h for the segment · last finish=stop gen_tok=51
  [2250/13241 this process · 2250/13241 segment] 2.65s/row · 1520 chunks/h · ETA 7.23h for the segment · last finish=stop gen_tok=32
  [2300/13241 this process · 2300/13241 segment] 2.50s/row · 1518 chunks/h · ETA 7.21h for the segment · last finish=stop gen_tok=32
  [2350/13241 this process · 2350/13241 segment] 1.67s/row · 1521 chunks/h · ETA 7.16h for the segment · last finish=stop gen_tok=16
  [2400/13241 this process · 2400/13241 segment] 2.18s/row · 1523 chunks/h · ETA 7.12h for the segment · last finish=stop gen_tok=23
  [2450/13241 this process · 2450/13241 segment] 3.36s/row · 1523 chunks/h · ETA 7.08h for the segment · last finish=stop gen_tok=52
  [2500/13241 this process · 2500/13241 segment] 1.84s/row · 1523 chunks/h · ETA 7.05h for the segment · last finish=stop gen_tok=16
  [2550/13241 this process · 2550/13241 segment] 2.93s/row · 1522 chunks/h · ETA 7.02h for the segment · last finish=stop gen_tok=41
  [2600/13241 this process · 2600/13241 segment] 3.19s/row · 1524 chunks/h · ETA 6.98h for the segment · last finish=stop gen_tok=42
  [2650/13241 this process · 2650/13241 segment] 2.50s/row · 1523 chunks/h · ETA 6.95h for the segment · last finish=stop gen_tok=32
  [2700/13241 this process · 2700/13241 segment] 2.96s/row · 1525 chunks/h · ETA 6.91h for the segment · last finish=stop gen_tok=32
  [2750/13241 this process · 2750/13241 segment] 2.05s/row · 1526 chunks/h · ETA 6.88h for the segment · last finish=stop gen_tok=16
  [2800/13241 this process · 2800/13241 segment] 2.54s/row · 1524 chunks/h · ETA 6.85h for the segment · last finish=stop gen_tok=33
  [2850/13241 this process · 2850/13241 segment] 2.20s/row · 1524 chunks/h · ETA 6.82h for the segment · last finish=stop gen_tok=24
  [2900/13241 this process · 2900/13241 segment] 1.89s/row · 1523 chunks/h · ETA 6.79h for the segment · last finish=stop gen_tok=16
  [2950/13241 this process · 2950/13241 segment] 2.65s/row · 1520 chunks/h · ETA 6.77h for the segment · last finish=stop gen_tok=24
  [3000/13241 this process · 3000/13241 segment] 2.49s/row · 1518 chunks/h · ETA 6.75h for the segment · last finish=stop gen_tok=37
  [3050/13241 this process · 3050/13241 segment] 1.55s/row · 1520 chunks/h · ETA 6.70h for the segment · last finish=stop gen_tok=7
  [3100/13241 this process · 3100/13241 segment] 2.90s/row · 1522 chunks/h · ETA 6.66h for the segment · last finish=stop gen_tok=34
  [3150/13241 this process · 3150/13241 segment] 1.71s/row · 1523 chunks/h · ETA 6.62h for the segment · last finish=stop gen_tok=15
  [3200/13241 this process · 3200/13241 segment] 1.81s/row · 1521 chunks/h · ETA 6.60h for the segment · last finish=stop gen_tok=16
  [3250/13241 this process · 3250/13241 segment] 1.88s/row · 1520 chunks/h · ETA 6.57h for the segment · last finish=stop gen_tok=16
  [3300/13241 this process · 3300/13241 segment] 2.55s/row · 1521 chunks/h · ETA 6.54h for the segment · last finish=stop gen_tok=33
  [3350/13241 this process · 3350/13241 segment] 1.82s/row · 1522 chunks/h · ETA 6.50h for the segment · last finish=stop gen_tok=16
  [3400/13241 this process · 3400/13241 segment] 2.30s/row · 1525 chunks/h · ETA 6.45h for the segment · last finish=stop gen_tok=27
  [3450/13241 this process · 3450/13241 segment] 5.40s/row · 1526 chunks/h · ETA 6.42h for the segment · last finish=stop gen_tok=113
  [3500/13241 this process · 3500/13241 segment] 2.55s/row · 1524 chunks/h · ETA 6.39h for the segment · last finish=stop gen_tok=37
  [3550/13241 this process · 3550/13241 segment] 1.97s/row · 1524 chunks/h · ETA 6.36h for the segment · last finish=stop gen_tok=16
  [3600/13241 this process · 3600/13241 segment] 1.67s/row · 1523 chunks/h · ETA 6.33h for the segment · last finish=stop gen_tok=16
  [3650/13241 this process · 3650/13241 segment] 1.63s/row · 1525 chunks/h · ETA 6.29h for the segment · last finish=stop gen_tok=15
  [3700/13241 this process · 3700/13241 segment] 3.13s/row · 1524 chunks/h · ETA 6.26h for the segment · last finish=stop gen_tok=50
  [3750/13241 this process · 3750/13241 segment] 2.54s/row · 1522 chunks/h · ETA 6.24h for the segment · last finish=stop gen_tok=33
  [3800/13241 this process · 3800/13241 segment] 2.28s/row · 1521 chunks/h · ETA 6.21h for the segment · last finish=stop gen_tok=16
  [3850/13241 this process · 3850/13241 segment] 1.89s/row · 1519 chunks/h · ETA 6.18h for the segment · last finish=stop gen_tok=16
  [3900/13241 this process · 3900/13241 segment] 2.53s/row · 1518 chunks/h · ETA 6.15h for the segment · last finish=stop gen_tok=24
  [3950/13241 this process · 3950/13241 segment] 2.79s/row · 1517 chunks/h · ETA 6.12h for the segment · last finish=stop gen_tok=16
  [4000/13241 this process · 4000/13241 segment] 2.54s/row · 1515 chunks/h · ETA 6.10h for the segment · last finish=stop gen_tok=33
  [4050/13241 this process · 4050/13241 segment] 2.49s/row · 1514 chunks/h · ETA 6.07h for the segment · last finish=stop gen_tok=16
  [4100/13241 this process · 4100/13241 segment] 2.86s/row · 1513 chunks/h · ETA 6.04h for the segment · last finish=stop gen_tok=41
  [4150/13241 this process · 4150/13241 segment] 2.36s/row · 1512 chunks/h · ETA 6.01h for the segment · last finish=stop gen_tok=32
  [4200/13241 this process · 4200/13241 segment] 2.41s/row · 1511 chunks/h · ETA 5.99h for the segment · last finish=stop gen_tok=33
  [4250/13241 this process · 4250/13241 segment] 3.56s/row · 1512 chunks/h · ETA 5.95h for the segment · last finish=stop gen_tok=51
  [4300/13241 this process · 4300/13241 segment] 1.83s/row · 1512 chunks/h · ETA 5.91h for the segment · last finish=stop gen_tok=16
  [4350/13241 this process · 4350/13241 segment] 3.28s/row · 1514 chunks/h · ETA 5.87h for the segment · last finish=stop gen_tok=52
  [4400/13241 this process · 4400/13241 segment] 3.17s/row · 1511 chunks/h · ETA 5.85h for the segment · last finish=stop gen_tok=51
  [4450/13241 this process · 4450/13241 segment] 1.94s/row · 1508 chunks/h · ETA 5.83h for the segment · last finish=stop gen_tok=15
  [4500/13241 this process · 4500/13241 segment] 2.10s/row · 1510 chunks/h · ETA 5.79h for the segment · last finish=stop gen_tok=15
  [4550/13241 this process · 4550/13241 segment] 2.12s/row · 1511 chunks/h · ETA 5.75h for the segment · last finish=stop gen_tok=27
  [4600/13241 this process · 4600/13241 segment] 2.92s/row · 1511 chunks/h · ETA 5.72h for the segment · last finish=stop gen_tok=42
  [4650/13241 this process · 4650/13241 segment] 1.79s/row · 1511 chunks/h · ETA 5.69h for the segment · last finish=stop gen_tok=16
  [4700/13241 this process · 4700/13241 segment] 2.13s/row · 1511 chunks/h · ETA 5.65h for the segment · last finish=stop gen_tok=16
  [4750/13241 this process · 4750/13241 segment] 2.33s/row · 1511 chunks/h · ETA 5.62h for the segment · last finish=stop gen_tok=23
  [4800/13241 this process · 4800/13241 segment] 2.08s/row · 1509 chunks/h · ETA 5.59h for the segment · last finish=stop gen_tok=24
  [4850/13241 this process · 4850/13241 segment] 2.10s/row · 1508 chunks/h · ETA 5.56h for the segment · last finish=stop gen_tok=15
  [4900/13241 this process · 4900/13241 segment] 1.85s/row · 1507 chunks/h · ETA 5.54h for the segment · last finish=stop gen_tok=16
  [4950/13241 this process · 4950/13241 segment] 2.27s/row · 1508 chunks/h · ETA 5.50h for the segment · last finish=stop gen_tok=33
  [5000/13241 this process · 5000/13241 segment] 2.05s/row · 1508 chunks/h · ETA 5.46h for the segment · last finish=stop gen_tok=23
  [5050/13241 this process · 5050/13241 segment] 2.36s/row · 1509 chunks/h · ETA 5.43h for the segment · last finish=stop gen_tok=16
  [5100/13241 this process · 5100/13241 segment] 2.00s/row · 1508 chunks/h · ETA 5.40h for the segment · last finish=stop gen_tok=16
  [5150/13241 this process · 5150/13241 segment] 2.71s/row · 1510 chunks/h · ETA 5.36h for the segment · last finish=stop gen_tok=45
  [5200/13241 this process · 5200/13241 segment] 2.72s/row · 1510 chunks/h · ETA 5.33h for the segment · last finish=stop gen_tok=16
  [5250/13241 this process · 5250/13241 segment] 2.38s/row · 1510 chunks/h · ETA 5.29h for the segment · last finish=stop gen_tok=33
  [5300/13241 this process · 5300/13241 segment] 1.94s/row · 1509 chunks/h · ETA 5.26h for the segment · last finish=stop gen_tok=24
  [5350/13241 this process · 5350/13241 segment] 1.09s/row · 1510 chunks/h · ETA 5.23h for the segment · last finish=stop gen_tok=7
  [5400/13241 this process · 5400/13241 segment] 2.04s/row · 1511 chunks/h · ETA 5.19h for the segment · last finish=stop gen_tok=27
  [5450/13241 this process · 5450/13241 segment] 2.43s/row · 1512 chunks/h · ETA 5.15h for the segment · last finish=stop gen_tok=37
  [5500/13241 this process · 5500/13241 segment] 1.65s/row · 1511 chunks/h · ETA 5.12h for the segment · last finish=stop gen_tok=16
  [5550/13241 this process · 5550/13241 segment] 3.05s/row · 1510 chunks/h · ETA 5.09h for the segment · last finish=stop gen_tok=42
  [5600/13241 this process · 5600/13241 segment] 2.01s/row · 1510 chunks/h · ETA 5.06h for the segment · last finish=stop gen_tok=16
  [5650/13241 this process · 5650/13241 segment] 3.60s/row · 1510 chunks/h · ETA 5.03h for the segment · last finish=stop gen_tok=70
  [5700/13241 this process · 5700/13241 segment] 1.64s/row · 1510 chunks/h · ETA 4.99h for the segment · last finish=stop gen_tok=16
  [5750/13241 this process · 5750/13241 segment] 2.91s/row · 1509 chunks/h · ETA 4.96h for the segment · last finish=stop gen_tok=48
  [5800/13241 this process · 5800/13241 segment] 3.12s/row · 1507 chunks/h · ETA 4.94h for the segment · last finish=stop gen_tok=52
  [5850/13241 this process · 5850/13241 segment] 3.68s/row · 1506 chunks/h · ETA 4.91h for the segment · last finish=stop gen_tok=59
  [5900/13241 this process · 5900/13241 segment] 2.64s/row · 1505 chunks/h · ETA 4.88h for the segment · last finish=stop gen_tok=33
  [5950/13241 this process · 5950/13241 segment] 1.25s/row · 1505 chunks/h · ETA 4.85h for the segment · last finish=stop gen_tok=7
  [6000/13241 this process · 6000/13241 segment] 1.78s/row · 1504 chunks/h · ETA 4.81h for the segment · last finish=stop gen_tok=16
  [6050/13241 this process · 6050/13241 segment] 1.70s/row · 1502 chunks/h · ETA 4.79h for the segment · last finish=stop gen_tok=16
  [6100/13241 this process · 6100/13241 segment] 2.60s/row · 1503 chunks/h · ETA 4.75h for the segment · last finish=stop gen_tok=34
  [6150/13241 this process · 6150/13241 segment] 2.68s/row · 1503 chunks/h · ETA 4.72h for the segment · last finish=stop gen_tok=34
  [6200/13241 this process · 6200/13241 segment] 2.65s/row · 1502 chunks/h · ETA 4.69h for the segment · last finish=stop gen_tok=33
  [6250/13241 this process · 6250/13241 segment] 3.13s/row · 1501 chunks/h · ETA 4.66h for the segment · last finish=stop gen_tok=50
  [6300/13241 this process · 6300/13241 segment] 2.11s/row · 1499 chunks/h · ETA 4.63h for the segment · last finish=stop gen_tok=23
  [6350/13241 this process · 6350/13241 segment] 1.64s/row · 1500 chunks/h · ETA 4.59h for the segment · last finish=stop gen_tok=16
  [6400/13241 this process · 6400/13241 segment] 2.11s/row · 1502 chunks/h · ETA 4.55h for the segment · last finish=stop gen_tok=27
  [6450/13241 this process · 6450/13241 segment] 2.84s/row · 1503 chunks/h · ETA 4.52h for the segment · last finish=stop gen_tok=48
  [6500/13241 this process · 6500/13241 segment] 2.12s/row · 1504 chunks/h · ETA 4.48h for the segment · last finish=stop gen_tok=27
  [6550/13241 this process · 6550/13241 segment] 3.69s/row · 1505 chunks/h · ETA 4.44h for the segment · last finish=stop gen_tok=67
  [6600/13241 this process · 6600/13241 segment] 2.69s/row · 1505 chunks/h · ETA 4.41h for the segment · last finish=stop gen_tok=33
  [6650/13241 this process · 6650/13241 segment] 2.55s/row · 1504 chunks/h · ETA 4.38h for the segment · last finish=stop gen_tok=33
  [6700/13241 this process · 6700/13241 segment] 4.49s/row · 1502 chunks/h · ETA 4.35h for the segment · last finish=stop gen_tok=87
  [6750/13241 this process · 6750/13241 segment] 2.01s/row · 1503 chunks/h · ETA 4.32h for the segment · last finish=stop gen_tok=24
  [6800/13241 this process · 6800/13241 segment] 1.94s/row · 1501 chunks/h · ETA 4.29h for the segment · last finish=stop gen_tok=24
  [6850/13241 this process · 6850/13241 segment] 2.09s/row · 1502 chunks/h · ETA 4.26h for the segment · last finish=stop gen_tok=15
  [6900/13241 this process · 6900/13241 segment] 1.93s/row · 1504 chunks/h · ETA 4.22h for the segment · last finish=stop gen_tok=16
  [6950/13241 this process · 6950/13241 segment] 2.57s/row · 1504 chunks/h · ETA 4.18h for the segment · last finish=stop gen_tok=33
  [7000/13241 this process · 7000/13241 segment] 2.11s/row · 1504 chunks/h · ETA 4.15h for the segment · last finish=stop gen_tok=23
  [7050/13241 this process · 7050/13241 segment] 2.54s/row · 1505 chunks/h · ETA 4.11h for the segment · last finish=stop gen_tok=32
  [7100/13241 this process · 7100/13241 segment] 2.10s/row · 1504 chunks/h · ETA 4.08h for the segment · last finish=stop gen_tok=15
  [7150/13241 this process · 7150/13241 segment] 2.69s/row · 1505 chunks/h · ETA 4.05h for the segment · last finish=stop gen_tok=34
  [7200/13241 this process · 7200/13241 segment] 3.58s/row · 1506 chunks/h · ETA 4.01h for the segment · last finish=stop gen_tok=66
  [7250/13241 this process · 7250/13241 segment] 2.39s/row · 1506 chunks/h · ETA 3.98h for the segment · last finish=stop gen_tok=32
  [7300/13241 this process · 7300/13241 segment] 2.61s/row · 1507 chunks/h · ETA 3.94h for the segment · last finish=stop gen_tok=36
  [7350/13241 this process · 7350/13241 segment] 2.77s/row · 1508 chunks/h · ETA 3.91h for the segment · last finish=stop gen_tok=48
  [7400/13241 this process · 7400/13241 segment] 1.72s/row · 1508 chunks/h · ETA 3.87h for the segment · last finish=stop gen_tok=16
  [7450/13241 this process · 7450/13241 segment] 2.33s/row · 1509 chunks/h · ETA 3.84h for the segment · last finish=stop gen_tok=23
  [7500/13241 this process · 7500/13241 segment] 2.87s/row · 1509 chunks/h · ETA 3.80h for the segment · last finish=stop gen_tok=49
  [7550/13241 this process · 7550/13241 segment] 2.53s/row · 1509 chunks/h · ETA 3.77h for the segment · last finish=stop gen_tok=34
  [7600/13241 this process · 7600/13241 segment] 3.00s/row · 1510 chunks/h · ETA 3.74h for the segment · last finish=stop gen_tok=48
  [7650/13241 this process · 7650/13241 segment] 1.70s/row · 1511 chunks/h · ETA 3.70h for the segment · last finish=stop gen_tok=16
  [7700/13241 this process · 7700/13241 segment] 1.63s/row · 1511 chunks/h · ETA 3.67h for the segment · last finish=stop gen_tok=16
  [7750/13241 this process · 7750/13241 segment] 2.12s/row · 1511 chunks/h · ETA 3.63h for the segment · last finish=stop gen_tok=27
  [7800/13241 this process · 7800/13241 segment] 2.50s/row · 1511 chunks/h · ETA 3.60h for the segment · last finish=stop gen_tok=33
  [7850/13241 this process · 7850/13241 segment] 2.72s/row · 1513 chunks/h · ETA 3.56h for the segment · last finish=stop gen_tok=33
  [7900/13241 this process · 7900/13241 segment] 2.05s/row · 1515 chunks/h · ETA 3.53h for the segment · last finish=stop gen_tok=27
  [7950/13241 this process · 7950/13241 segment] 2.41s/row · 1515 chunks/h · ETA 3.49h for the segment · last finish=stop gen_tok=33
  [8000/13241 this process · 8000/13241 segment] 1.64s/row · 1515 chunks/h · ETA 3.46h for the segment · last finish=stop gen_tok=16
  [8050/13241 this process · 8050/13241 segment] 2.51s/row · 1513 chunks/h · ETA 3.43h for the segment · last finish=stop gen_tok=33
  [8100/13241 this process · 8100/13241 segment] 1.94s/row · 1514 chunks/h · ETA 3.40h for the segment · last finish=stop gen_tok=24
  [8150/13241 this process · 8150/13241 segment] 2.69s/row · 1514 chunks/h · ETA 3.36h for the segment · last finish=stop gen_tok=32
  [8200/13241 this process · 8200/13241 segment] 1.71s/row · 1513 chunks/h · ETA 3.33h for the segment · last finish=stop gen_tok=16
  [8250/13241 this process · 8250/13241 segment] 1.65s/row · 1514 chunks/h · ETA 3.30h for the segment · last finish=stop gen_tok=16
  [8300/13241 this process · 8300/13241 segment] 3.60s/row · 1514 chunks/h · ETA 3.26h for the segment · last finish=stop gen_tok=70
  [8350/13241 this process · 8350/13241 segment] 2.01s/row · 1514 chunks/h · ETA 3.23h for the segment · last finish=stop gen_tok=16
  [8400/13241 this process · 8400/13241 segment] 2.49s/row · 1515 chunks/h · ETA 3.20h for the segment · last finish=stop gen_tok=37
  [8450/13241 this process · 8450/13241 segment] 3.18s/row · 1516 chunks/h · ETA 3.16h for the segment · last finish=stop gen_tok=51
  [8500/13241 this process · 8500/13241 segment] 2.47s/row · 1515 chunks/h · ETA 3.13h for the segment · last finish=stop gen_tok=23
  [8550/13241 this process · 8550/13241 segment] 1.99s/row · 1514 chunks/h · ETA 3.10h for the segment · last finish=stop gen_tok=16
  [8600/13241 this process · 8600/13241 segment] 1.95s/row · 1515 chunks/h · ETA 3.06h for the segment · last finish=stop gen_tok=16
  [8650/13241 this process · 8650/13241 segment] 2.84s/row · 1516 chunks/h · ETA 3.03h for the segment · last finish=stop gen_tok=48
  [8700/13241 this process · 8700/13241 segment] 1.89s/row · 1516 chunks/h · ETA 3.00h for the segment · last finish=stop gen_tok=15
  [8750/13241 this process · 8750/13241 segment] 1.70s/row · 1516 chunks/h · ETA 2.96h for the segment · last finish=stop gen_tok=16
  [8800/13241 this process · 8800/13241 segment] 2.05s/row · 1517 chunks/h · ETA 2.93h for the segment · last finish=stop gen_tok=23
  [8850/13241 this process · 8850/13241 segment] 3.84s/row · 1517 chunks/h · ETA 2.89h for the segment · last finish=stop gen_tok=70
  [8900/13241 this process · 8900/13241 segment] 1.85s/row · 1518 chunks/h · ETA 2.86h for the segment · last finish=stop gen_tok=16
  [8950/13241 this process · 8950/13241 segment] 1.85s/row · 1519 chunks/h · ETA 2.83h for the segment · last finish=stop gen_tok=16
  [9000/13241 this process · 9000/13241 segment] 2.51s/row · 1519 chunks/h · ETA 2.79h for the segment · last finish=stop gen_tok=33
  [9050/13241 this process · 9050/13241 segment] 1.92s/row · 1520 chunks/h · ETA 2.76h for the segment · last finish=stop gen_tok=16
  [9100/13241 this process · 9100/13241 segment] 1.92s/row · 1520 chunks/h · ETA 2.72h for the segment · last finish=stop gen_tok=16
  [9150/13241 this process · 9150/13241 segment] 2.24s/row · 1522 chunks/h · ETA 2.69h for the segment · last finish=stop gen_tok=16
  [9200/13241 this process · 9200/13241 segment] 1.59s/row · 1522 chunks/h · ETA 2.65h for the segment · last finish=stop gen_tok=15
  [9250/13241 this process · 9250/13241 segment] 2.10s/row · 1523 chunks/h · ETA 2.62h for the segment · last finish=stop gen_tok=27
  [9300/13241 this process · 9300/13241 segment] 2.40s/row · 1524 chunks/h · ETA 2.59h for the segment · last finish=stop gen_tok=27
  [9350/13241 this process · 9350/13241 segment] 2.13s/row · 1524 chunks/h · ETA 2.55h for the segment · last finish=stop gen_tok=27
  [9400/13241 this process · 9400/13241 segment] 2.21s/row · 1525 chunks/h · ETA 2.52h for the segment · last finish=stop gen_tok=27
  [9450/13241 this process · 9450/13241 segment] 2.42s/row · 1525 chunks/h · ETA 2.49h for the segment · last finish=stop gen_tok=33
  [9500/13241 this process · 9500/13241 segment] 2.92s/row · 1525 chunks/h · ETA 2.45h for the segment · last finish=stop gen_tok=50
  [9550/13241 this process · 9550/13241 segment] 2.40s/row · 1527 chunks/h · ETA 2.42h for the segment · last finish=stop gen_tok=36
  [9600/13241 this process · 9600/13241 segment] 2.62s/row · 1528 chunks/h · ETA 2.38h for the segment · last finish=stop gen_tok=42
  [9650/13241 this process · 9650/13241 segment] 2.46s/row · 1528 chunks/h · ETA 2.35h for the segment · last finish=stop gen_tok=34
  [9700/13241 this process · 9700/13241 segment] 2.43s/row · 1528 chunks/h · ETA 2.32h for the segment · last finish=stop gen_tok=33
  [9750/13241 this process · 9750/13241 segment] 3.23s/row · 1528 chunks/h · ETA 2.28h for the segment · last finish=stop gen_tok=52
  [9800/13241 this process · 9800/13241 segment] 2.59s/row · 1528 chunks/h · ETA 2.25h for the segment · last finish=stop gen_tok=32
  [9850/13241 this process · 9850/13241 segment] 1.93s/row · 1529 chunks/h · ETA 2.22h for the segment · last finish=stop gen_tok=16
  [9900/13241 this process · 9900/13241 segment] 4.13s/row · 1530 chunks/h · ETA 2.18h for the segment · last finish=stop gen_tok=78
  [9950/13241 this process · 9950/13241 segment] 1.86s/row · 1530 chunks/h · ETA 2.15h for the segment · last finish=stop gen_tok=16
  [10000/13241 this process · 10000/13241 segment] 2.30s/row · 1531 chunks/h · ETA 2.12h for the segment · last finish=stop gen_tok=32
  [10050/13241 this process · 10050/13241 segment] 2.45s/row · 1532 chunks/h · ETA 2.08h for the segment · last finish=stop gen_tok=32
  [10100/13241 this process · 10100/13241 segment] 2.87s/row · 1532 chunks/h · ETA 2.05h for the segment · last finish=stop gen_tok=48
  [10150/13241 this process · 10150/13241 segment] 2.40s/row · 1532 chunks/h · ETA 2.02h for the segment · last finish=stop gen_tok=27
  [10200/13241 this process · 10200/13241 segment] 1.68s/row · 1532 chunks/h · ETA 1.99h for the segment · last finish=stop gen_tok=15
  [10250/13241 this process · 10250/13241 segment] 2.69s/row · 1532 chunks/h · ETA 1.95h for the segment · last finish=stop gen_tok=40
  [10300/13241 this process · 10300/13241 segment] 1.70s/row · 1531 chunks/h · ETA 1.92h for the segment · last finish=stop gen_tok=16
  [10350/13241 this process · 10350/13241 segment] 1.64s/row · 1531 chunks/h · ETA 1.89h for the segment · last finish=stop gen_tok=16
  [10400/13241 this process · 10400/13241 segment] 2.16s/row · 1531 chunks/h · ETA 1.86h for the segment · last finish=stop gen_tok=24
  [10450/13241 this process · 10450/13241 segment] 3.70s/row · 1530 chunks/h · ETA 1.82h for the segment · last finish=stop gen_tok=69
  [10500/13241 this process · 10500/13241 segment] 1.93s/row · 1530 chunks/h · ETA 1.79h for the segment · last finish=stop gen_tok=16
  [10550/13241 this process · 10550/13241 segment] 1.72s/row · 1531 chunks/h · ETA 1.76h for the segment · last finish=stop gen_tok=16
  [10600/13241 this process · 10600/13241 segment] 1.72s/row · 1532 chunks/h · ETA 1.72h for the segment · last finish=stop gen_tok=16
  [10650/13241 this process · 10650/13241 segment] 2.12s/row · 1532 chunks/h · ETA 1.69h for the segment · last finish=stop gen_tok=16
  [10700/13241 this process · 10700/13241 segment] 3.69s/row · 1531 chunks/h · ETA 1.66h for the segment · last finish=stop gen_tok=63
  [10750/13241 this process · 10750/13241 segment] 2.37s/row · 1531 chunks/h · ETA 1.63h for the segment · last finish=stop gen_tok=32
  [10800/13241 this process · 10800/13241 segment] 1.85s/row · 1531 chunks/h · ETA 1.59h for the segment · last finish=stop gen_tok=16
  [10850/13241 this process · 10850/13241 segment] 2.50s/row · 1532 chunks/h · ETA 1.56h for the segment · last finish=stop gen_tok=33
  [10900/13241 this process · 10900/13241 segment] 1.65s/row · 1533 chunks/h · ETA 1.53h for the segment · last finish=stop gen_tok=16
  [10950/13241 this process · 10950/13241 segment] 2.29s/row · 1533 chunks/h · ETA 1.49h for the segment · last finish=stop gen_tok=16
  [11000/13241 this process · 11000/13241 segment] 2.79s/row · 1534 chunks/h · ETA 1.46h for the segment · last finish=stop gen_tok=41
  [11050/13241 this process · 11050/13241 segment] 2.84s/row · 1534 chunks/h · ETA 1.43h for the segment · last finish=stop gen_tok=48
  [11100/13241 this process · 11100/13241 segment] 1.93s/row · 1534 chunks/h · ETA 1.40h for the segment · last finish=stop gen_tok=16
  [11150/13241 this process · 11150/13241 segment] 3.17s/row · 1534 chunks/h · ETA 1.36h for the segment · last finish=stop gen_tok=51
  [11200/13241 this process · 11200/13241 segment] 2.90s/row · 1534 chunks/h · ETA 1.33h for the segment · last finish=stop gen_tok=48
  [11250/13241 this process · 11250/13241 segment] 1.94s/row · 1535 chunks/h · ETA 1.30h for the segment · last finish=stop gen_tok=16
  [11300/13241 this process · 11300/13241 segment] 2.83s/row · 1536 chunks/h · ETA 1.26h for the segment · last finish=stop gen_tok=42
  [11350/13241 this process · 11350/13241 segment] 1.79s/row · 1536 chunks/h · ETA 1.23h for the segment · last finish=stop gen_tok=16
  [11400/13241 this process · 11400/13241 segment] 2.45s/row · 1535 chunks/h · ETA 1.20h for the segment · last finish=stop gen_tok=36
  [11450/13241 this process · 11450/13241 segment] 1.94s/row · 1536 chunks/h · ETA 1.17h for the segment · last finish=stop gen_tok=24
  [11500/13241 this process · 11500/13241 segment] 2.17s/row · 1536 chunks/h · ETA 1.13h for the segment · last finish=stop gen_tok=15
  [11550/13241 this process · 11550/13241 segment] 2.75s/row · 1537 chunks/h · ETA 1.10h for the segment · last finish=stop gen_tok=46
  [11600/13241 this process · 11600/13241 segment] 2.32s/row · 1537 chunks/h · ETA 1.07h for the segment · last finish=stop gen_tok=32
  [11650/13241 this process · 11650/13241 segment] 2.90s/row · 1537 chunks/h · ETA 1.04h for the segment · last finish=stop gen_tok=48
  [11700/13241 this process · 11700/13241 segment] 1.79s/row · 1537 chunks/h · ETA 1.00h for the segment · last finish=stop gen_tok=16
  [11750/13241 this process · 11750/13241 segment] 1.63s/row · 1539 chunks/h · ETA 0.97h for the segment · last finish=stop gen_tok=16
  [11800/13241 this process · 11800/13241 segment] 1.36s/row · 1540 chunks/h · ETA 0.94h for the segment · last finish=stop gen_tok=7
  [11850/13241 this process · 11850/13241 segment] 2.11s/row · 1540 chunks/h · ETA 0.90h for the segment · last finish=stop gen_tok=27
  [11900/13241 this process · 11900/13241 segment] 2.12s/row · 1541 chunks/h · ETA 0.87h for the segment · last finish=stop gen_tok=27
  [11950/13241 this process · 11950/13241 segment] 2.07s/row · 1542 chunks/h · ETA 0.84h for the segment · last finish=stop gen_tok=28
  [12000/13241 this process · 12000/13241 segment] 1.79s/row · 1542 chunks/h · ETA 0.80h for the segment · last finish=stop gen_tok=16
  [12050/13241 this process · 12050/13241 segment] 1.77s/row · 1542 chunks/h · ETA 0.77h for the segment · last finish=stop gen_tok=16
  [12100/13241 this process · 12100/13241 segment] 1.99s/row · 1542 chunks/h · ETA 0.74h for the segment · last finish=stop gen_tok=16
  [12150/13241 this process · 12150/13241 segment] 2.06s/row · 1543 chunks/h · ETA 0.71h for the segment · last finish=stop gen_tok=27
  [12200/13241 this process · 12200/13241 segment] 2.99s/row · 1543 chunks/h · ETA 0.67h for the segment · last finish=stop gen_tok=48
  [12250/13241 this process · 12250/13241 segment] 2.46s/row · 1544 chunks/h · ETA 0.64h for the segment · last finish=stop gen_tok=32
  [12300/13241 this process · 12300/13241 segment] 2.04s/row · 1544 chunks/h · ETA 0.61h for the segment · last finish=stop gen_tok=27
  [12350/13241 this process · 12350/13241 segment] 2.19s/row · 1545 chunks/h · ETA 0.58h for the segment · last finish=stop gen_tok=27
  [12400/13241 this process · 12400/13241 segment] 2.08s/row · 1545 chunks/h · ETA 0.54h for the segment · last finish=stop gen_tok=24
  [12450/13241 this process · 12450/13241 segment] 3.03s/row · 1546 chunks/h · ETA 0.51h for the segment · last finish=stop gen_tok=51
  [12500/13241 this process · 12500/13241 segment] 1.78s/row · 1546 chunks/h · ETA 0.48h for the segment · last finish=stop gen_tok=16
  [12550/13241 this process · 12550/13241 segment] 2.71s/row · 1546 chunks/h · ETA 0.45h for the segment · last finish=stop gen_tok=33
  [12600/13241 this process · 12600/13241 segment] 1.98s/row · 1547 chunks/h · ETA 0.41h for the segment · last finish=stop gen_tok=27
  [12650/13241 this process · 12650/13241 segment] 2.66s/row · 1548 chunks/h · ETA 0.38h for the segment · last finish=stop gen_tok=45
  [12700/13241 this process · 12700/13241 segment] 2.24s/row · 1548 chunks/h · ETA 0.35h for the segment · last finish=stop gen_tok=24
  [12750/13241 this process · 12750/13241 segment] 2.08s/row · 1549 chunks/h · ETA 0.32h for the segment · last finish=stop gen_tok=24
  [12800/13241 this process · 12800/13241 segment] 2.38s/row · 1549 chunks/h · ETA 0.28h for the segment · last finish=stop gen_tok=34
  [12850/13241 this process · 12850/13241 segment] 1.70s/row · 1549 chunks/h · ETA 0.25h for the segment · last finish=stop gen_tok=16
  [12900/13241 this process · 12900/13241 segment] 3.33s/row · 1549 chunks/h · ETA 0.22h for the segment · last finish=stop gen_tok=51
  [12950/13241 this process · 12950/13241 segment] 1.63s/row · 1549 chunks/h · ETA 0.19h for the segment · last finish=stop gen_tok=16
  [13000/13241 this process · 13000/13241 segment] 1.86s/row · 1550 chunks/h · ETA 0.16h for the segment · last finish=stop gen_tok=16
  [13050/13241 this process · 13050/13241 segment] 1.50s/row · 1550 chunks/h · ETA 0.12h for the segment · last finish=stop gen_tok=16
  [13100/13241 this process · 13100/13241 segment] 2.31s/row · 1550 chunks/h · ETA 0.09h for the segment · last finish=stop gen_tok=27
  [13150/13241 this process · 13150/13241 segment] 4.53s/row · 1550 chunks/h · ETA 0.06h for the segment · last finish=stop gen_tok=79
  [13200/13241 this process · 13200/13241 segment] 3.32s/row · 1549 chunks/h · ETA 0.03h for the segment · last finish=stop gen_tok=49
  [13241/13241 this process · 13241/13241 segment] 1.25s/row · 1548 chunks/h · ETA 0.00h for the segment · last finish=stop gen_tok=7

SEGMENT seg-011 COMPLETE — 13241/13241 rows.
Now finalize with the SYSTEM python3 (no GPU, seconds):
    python3 finetune/label_e2.py --finalize-segment seg-011
