0 already in labels.jsonl · 12492 to generate
loading base model + adapter (the only GPU work) ...
  loaded in 1.0s
  [50/12492 this process · 50/12492 segment] 1.84s/row · 1417 chunks/h · ETA 8.78h for the segment · last finish=stop gen_tok=24
  [100/12492 this process · 100/12492 segment] 1.37s/row · 1474 chunks/h · ETA 8.41h for the segment · last finish=stop gen_tok=7
  [150/12492 this process · 150/12492 segment] 2.44s/row · 1491 chunks/h · ETA 8.28h for the segment · last finish=stop gen_tok=34
  [200/12492 this process · 200/12492 segment] 1.58s/row · 1520 chunks/h · ETA 8.09h for the segment · last finish=stop gen_tok=16
  [250/12492 this process · 250/12492 segment] 1.19s/row · 1551 chunks/h · ETA 7.89h for the segment · last finish=stop gen_tok=7
  [300/12492 this process · 300/12492 segment] 2.42s/row · 1573 chunks/h · ETA 7.75h for the segment · last finish=stop gen_tok=33
  [350/12492 this process · 350/12492 segment] 3.00s/row · 1576 chunks/h · ETA 7.71h for the segment · last finish=stop gen_tok=52
  [400/12492 this process · 400/12492 segment] 1.93s/row · 1584 chunks/h · ETA 7.64h for the segment · last finish=stop gen_tok=27
  [450/12492 this process · 450/12492 segment] 3.40s/row · 1568 chunks/h · ETA 7.68h for the segment · last finish=stop gen_tok=70
  [500/12492 this process · 500/12492 segment] 2.28s/row · 1575 chunks/h · ETA 7.62h for the segment · last finish=stop gen_tok=16
  [550/12492 this process · 550/12492 segment] 1.99s/row · 1596 chunks/h · ETA 7.48h for the segment · last finish=stop gen_tok=16
  [600/12492 this process · 600/12492 segment] 1.26s/row · 1572 chunks/h · ETA 7.56h for the segment · last finish=stop gen_tok=7
  [650/12492 this process · 650/12492 segment] 1.63s/row · 1584 chunks/h · ETA 7.48h for the segment · last finish=stop gen_tok=16
  [700/12492 this process · 700/12492 segment] 2.00s/row · 1601 chunks/h · ETA 7.37h for the segment · last finish=stop gen_tok=27
  [750/12492 this process · 750/12492 segment] 1.95s/row · 1605 chunks/h · ETA 7.32h for the segment · last finish=stop gen_tok=27
  [800/12492 this process · 800/12492 segment] 1.83s/row · 1600 chunks/h · ETA 7.31h for the segment · last finish=stop gen_tok=16
  [850/12492 this process · 850/12492 segment] 1.91s/row · 1591 chunks/h · ETA 7.32h for the segment · last finish=stop gen_tok=27
  [900/12492 this process · 900/12492 segment] 1.63s/row · 1586 chunks/h · ETA 7.31h for the segment · last finish=stop gen_tok=16
  [950/12492 this process · 950/12492 segment] 1.77s/row · 1582 chunks/h · ETA 7.29h for the segment · last finish=stop gen_tok=16
  [1000/12492 this process · 1000/12492 segment] 1.91s/row · 1583 chunks/h · ETA 7.26h for the segment · last finish=stop gen_tok=16
  [1050/12492 this process · 1050/12492 segment] 3.64s/row · 1586 chunks/h · ETA 7.22h for the segment · last finish=stop gen_tok=60
  [1100/12492 this process · 1100/12492 segment] 1.89s/row · 1586 chunks/h · ETA 7.18h for the segment · last finish=stop gen_tok=15
  [1150/12492 this process · 1150/12492 segment] 1.82s/row · 1594 chunks/h · ETA 7.12h for the segment · last finish=stop gen_tok=15
  [1200/12492 this process · 1200/12492 segment] 1.87s/row · 1598 chunks/h · ETA 7.07h for the segment · last finish=stop gen_tok=27
  [1250/12492 this process · 1250/12492 segment] 1.71s/row · 1601 chunks/h · ETA 7.02h for the segment · last finish=stop gen_tok=16
  [1300/12492 this process · 1300/12492 segment] 2.95s/row · 1593 chunks/h · ETA 7.03h for the segment · last finish=stop gen_tok=51
  [1350/12492 this process · 1350/12492 segment] 1.95s/row · 1587 chunks/h · ETA 7.02h for the segment · last finish=stop gen_tok=15
  [1400/12492 this process · 1400/12492 segment] 2.62s/row · 1594 chunks/h · ETA 6.96h for the segment · last finish=stop gen_tok=45
  [1450/12492 this process · 1450/12492 segment] 1.24s/row · 1590 chunks/h · ETA 6.95h for the segment · last finish=stop gen_tok=7
  [1500/12492 this process · 1500/12492 segment] 4.35s/row · 1582 chunks/h · ETA 6.95h for the segment · last finish=stop gen_tok=91
  [1550/12492 this process · 1550/12492 segment] 2.02s/row · 1586 chunks/h · ETA 6.90h for the segment · last finish=stop gen_tok=27
  [1600/12492 this process · 1600/12492 segment] 1.97s/row · 1586 chunks/h · ETA 6.87h for the segment · last finish=stop gen_tok=15
  [1650/12492 this process · 1650/12492 segment] 2.02s/row · 1589 chunks/h · ETA 6.82h for the segment · last finish=stop gen_tok=23
  [1700/12492 this process · 1700/12492 segment] 2.58s/row · 1581 chunks/h · ETA 6.83h for the segment · last finish=stop gen_tok=45
  [1750/12492 this process · 1750/12492 segment] 1.87s/row · 1582 chunks/h · ETA 6.79h for the segment · last finish=stop gen_tok=16
  [1800/12492 this process · 1800/12492 segment] 1.86s/row · 1585 chunks/h · ETA 6.75h for the segment · last finish=stop gen_tok=16
  [1850/12492 this process · 1850/12492 segment] 3.17s/row · 1587 chunks/h · ETA 6.71h for the segment · last finish=stop gen_tok=33
  [1900/12492 this process · 1900/12492 segment] 1.91s/row · 1586 chunks/h · ETA 6.68h for the segment · last finish=stop gen_tok=24
  [1950/12492 this process · 1950/12492 segment] 2.70s/row · 1590 chunks/h · ETA 6.63h for the segment · last finish=stop gen_tok=34
  [2000/12492 this process · 2000/12492 segment] 2.35s/row · 1593 chunks/h · ETA 6.59h for the segment · last finish=stop gen_tok=32
  [2050/12492 this process · 2050/12492 segment] 3.20s/row · 1595 chunks/h · ETA 6.55h for the segment · last finish=stop gen_tok=51
  [2100/12492 this process · 2100/12492 segment] 2.65s/row · 1597 chunks/h · ETA 6.51h for the segment · last finish=stop gen_tok=32
  [2150/12492 this process · 2150/12492 segment] 1.95s/row · 1599 chunks/h · ETA 6.47h for the segment · last finish=stop gen_tok=27
  [2200/12492 this process · 2200/12492 segment] 2.25s/row · 1603 chunks/h · ETA 6.42h for the segment · last finish=stop gen_tok=33
  [2250/12492 this process · 2250/12492 segment] 1.64s/row · 1608 chunks/h · ETA 6.37h for the segment · last finish=stop gen_tok=16
  [2300/12492 this process · 2300/12492 segment] 1.95s/row · 1614 chunks/h · ETA 6.31h for the segment · last finish=stop gen_tok=27
  [2350/12492 this process · 2350/12492 segment] 1.96s/row · 1618 chunks/h · ETA 6.27h for the segment · last finish=stop gen_tok=27
  [2400/12492 this process · 2400/12492 segment] 2.09s/row · 1621 chunks/h · ETA 6.23h for the segment · last finish=stop gen_tok=27
  [2450/12492 this process · 2450/12492 segment] 2.59s/row · 1619 chunks/h · ETA 6.20h for the segment · last finish=stop gen_tok=45
  [2500/12492 this process · 2500/12492 segment] 2.71s/row · 1614 chunks/h · ETA 6.19h for the segment · last finish=stop gen_tok=49
  [2550/12492 this process · 2550/12492 segment] 2.10s/row · 1616 chunks/h · ETA 6.15h for the segment · last finish=stop gen_tok=23
  [2600/12492 this process · 2600/12492 segment] 2.64s/row · 1616 chunks/h · ETA 6.12h for the segment · last finish=stop gen_tok=41
  [2650/12492 this process · 2650/12492 segment] 2.07s/row · 1615 chunks/h · ETA 6.10h for the segment · last finish=stop gen_tok=24
  [2700/12492 this process · 2700/12492 segment] 1.64s/row · 1612 chunks/h · ETA 6.08h for the segment · last finish=stop gen_tok=16
  [2750/12492 this process · 2750/12492 segment] 1.70s/row · 1611 chunks/h · ETA 6.05h for the segment · last finish=stop gen_tok=15
  [2800/12492 this process · 2800/12492 segment] 2.67s/row · 1609 chunks/h · ETA 6.02h for the segment · last finish=stop gen_tok=46
  [2850/12492 this process · 2850/12492 segment] 1.64s/row · 1609 chunks/h · ETA 5.99h for the segment · last finish=stop gen_tok=16
  [2900/12492 this process · 2900/12492 segment] 2.17s/row · 1608 chunks/h · ETA 5.97h for the segment · last finish=stop gen_tok=27
  [2950/12492 this process · 2950/12492 segment] 2.02s/row · 1608 chunks/h · ETA 5.93h for the segment · last finish=stop gen_tok=27
  [3000/12492 this process · 3000/12492 segment] 2.76s/row · 1603 chunks/h · ETA 5.92h for the segment · last finish=stop gen_tok=40
  [3050/12492 this process · 3050/12492 segment] 2.14s/row · 1602 chunks/h · ETA 5.89h for the segment · last finish=stop gen_tok=24
  [3100/12492 this process · 3100/12492 segment] 2.13s/row · 1602 chunks/h · ETA 5.86h for the segment · last finish=stop gen_tok=16
  [3150/12492 this process · 3150/12492 segment] 1.56s/row · 1602 chunks/h · ETA 5.83h for the segment · last finish=stop gen_tok=16
  [3200/12492 this process · 3200/12492 segment] 2.30s/row · 1599 chunks/h · ETA 5.81h for the segment · last finish=stop gen_tok=33
  [3250/12492 this process · 3250/12492 segment] 1.86s/row · 1598 chunks/h · ETA 5.78h for the segment · last finish=stop gen_tok=16
  [3300/12492 this process · 3300/12492 segment] 1.90s/row · 1599 chunks/h · ETA 5.75h for the segment · last finish=stop gen_tok=23
  [3350/12492 this process · 3350/12492 segment] 1.94s/row · 1600 chunks/h · ETA 5.71h for the segment · last finish=stop gen_tok=16
  [3400/12492 this process · 3400/12492 segment] 1.93s/row · 1595 chunks/h · ETA 5.70h for the segment · last finish=stop gen_tok=24
  [3450/12492 this process · 3450/12492 segment] 2.58s/row · 1593 chunks/h · ETA 5.68h for the segment · last finish=stop gen_tok=33
  [3500/12492 this process · 3500/12492 segment] 3.27s/row · 1589 chunks/h · ETA 5.66h for the segment · last finish=stop gen_tok=51
  [3550/12492 this process · 3550/12492 segment] 2.06s/row · 1588 chunks/h · ETA 5.63h for the segment · last finish=stop gen_tok=16
  [3600/12492 this process · 3600/12492 segment] 1.86s/row · 1588 chunks/h · ETA 5.60h for the segment · last finish=stop gen_tok=16
  [3650/12492 this process · 3650/12492 segment] 2.35s/row · 1587 chunks/h · ETA 5.57h for the segment · last finish=stop gen_tok=34
  [3700/12492 this process · 3700/12492 segment] 2.61s/row · 1589 chunks/h · ETA 5.53h for the segment · last finish=stop gen_tok=16
  [3750/12492 this process · 3750/12492 segment] 4.17s/row · 1588 chunks/h · ETA 5.51h for the segment · last finish=stop gen_tok=81
  [3800/12492 this process · 3800/12492 segment] 2.00s/row · 1586 chunks/h · ETA 5.48h for the segment · last finish=stop gen_tok=16
  [3850/12492 this process · 3850/12492 segment] 2.89s/row · 1587 chunks/h · ETA 5.45h for the segment · last finish=stop gen_tok=52
  [3900/12492 this process · 3900/12492 segment] 2.17s/row · 1586 chunks/h · ETA 5.42h for the segment · last finish=stop gen_tok=23
  [3950/12492 this process · 3950/12492 segment] 1.73s/row · 1583 chunks/h · ETA 5.39h for the segment · last finish=stop gen_tok=16
  [4000/12492 this process · 4000/12492 segment] 1.65s/row · 1582 chunks/h · ETA 5.37h for the segment · last finish=stop gen_tok=16
  [4050/12492 this process · 4050/12492 segment] 2.21s/row · 1582 chunks/h · ETA 5.34h for the segment · last finish=stop gen_tok=24
  [4100/12492 this process · 4100/12492 segment] 2.87s/row · 1579 chunks/h · ETA 5.31h for the segment · last finish=stop gen_tok=41
  [4150/12492 this process · 4150/12492 segment] 1.74s/row · 1578 chunks/h · ETA 5.29h for the segment · last finish=stop gen_tok=16
  [4200/12492 this process · 4200/12492 segment] 2.18s/row · 1577 chunks/h · ETA 5.26h for the segment · last finish=stop gen_tok=23
  [4250/12492 this process · 4250/12492 segment] 2.80s/row · 1576 chunks/h · ETA 5.23h for the segment · last finish=stop gen_tok=45
  [4300/12492 this process · 4300/12492 segment] 4.01s/row · 1574 chunks/h · ETA 5.21h for the segment · last finish=stop gen_tok=72
  [4350/12492 this process · 4350/12492 segment] 1.83s/row · 1573 chunks/h · ETA 5.17h for the segment · last finish=stop gen_tok=15
  [4400/12492 this process · 4400/12492 segment] 2.03s/row · 1574 chunks/h · ETA 5.14h for the segment · last finish=stop gen_tok=24
  [4450/12492 this process · 4450/12492 segment] 1.28s/row · 1575 chunks/h · ETA 5.11h for the segment · last finish=stop gen_tok=7
  [4500/12492 this process · 4500/12492 segment] 2.15s/row · 1575 chunks/h · ETA 5.08h for the segment · last finish=stop gen_tok=16
  [4550/12492 this process · 4550/12492 segment] 2.65s/row · 1576 chunks/h · ETA 5.04h for the segment · last finish=stop gen_tok=41
  [4600/12492 this process · 4600/12492 segment] 1.65s/row · 1575 chunks/h · ETA 5.01h for the segment · last finish=stop gen_tok=16
  [4650/12492 this process · 4650/12492 segment] 1.86s/row · 1573 chunks/h · ETA 4.99h for the segment · last finish=stop gen_tok=24
  [4700/12492 this process · 4700/12492 segment] 3.26s/row · 1569 chunks/h · ETA 4.97h for the segment · last finish=stop gen_tok=59
  [4750/12492 this process · 4750/12492 segment] 2.60s/row · 1566 chunks/h · ETA 4.94h for the segment · last finish=stop gen_tok=41
  [4800/12492 this process · 4800/12492 segment] 2.32s/row · 1564 chunks/h · ETA 4.92h for the segment · last finish=stop gen_tok=33
  [4850/12492 this process · 4850/12492 segment] 3.04s/row · 1564 chunks/h · ETA 4.89h for the segment · last finish=stop gen_tok=58
  [4900/12492 this process · 4900/12492 segment] 1.73s/row · 1565 chunks/h · ETA 4.85h for the segment · last finish=stop gen_tok=16
  [4950/12492 this process · 4950/12492 segment] 1.82s/row · 1567 chunks/h · ETA 4.81h for the segment · last finish=stop gen_tok=16
  [5000/12492 this process · 5000/12492 segment] 1.87s/row · 1569 chunks/h · ETA 4.78h for the segment · last finish=stop gen_tok=16
  [5050/12492 this process · 5050/12492 segment] 2.13s/row · 1571 chunks/h · ETA 4.74h for the segment · last finish=stop gen_tok=16
  [5100/12492 this process · 5100/12492 segment] 1.84s/row · 1573 chunks/h · ETA 4.70h for the segment · last finish=stop gen_tok=16
  [5150/12492 this process · 5150/12492 segment] 2.43s/row · 1573 chunks/h · ETA 4.67h for the segment · last finish=stop gen_tok=16
  [5200/12492 this process · 5200/12492 segment] 1.78s/row · 1574 chunks/h · ETA 4.63h for the segment · last finish=stop gen_tok=16
  [5250/12492 this process · 5250/12492 segment] 1.93s/row · 1575 chunks/h · ETA 4.60h for the segment · last finish=stop gen_tok=24
  [5300/12492 this process · 5300/12492 segment] 2.85s/row · 1575 chunks/h · ETA 4.57h for the segment · last finish=stop gen_tok=42
  [5350/12492 this process · 5350/12492 segment] 2.18s/row · 1576 chunks/h · ETA 4.53h for the segment · last finish=stop gen_tok=33
  [5400/12492 this process · 5400/12492 segment] 1.87s/row · 1576 chunks/h · ETA 4.50h for the segment · last finish=stop gen_tok=16
  [5450/12492 this process · 5450/12492 segment] 3.05s/row · 1574 chunks/h · ETA 4.47h for the segment · last finish=stop gen_tok=52
  [5500/12492 this process · 5500/12492 segment] 1.75s/row · 1573 chunks/h · ETA 4.44h for the segment · last finish=stop gen_tok=16
  [5550/12492 this process · 5550/12492 segment] 2.27s/row · 1574 chunks/h · ETA 4.41h for the segment · last finish=stop gen_tok=32
  [5600/12492 this process · 5600/12492 segment] 2.42s/row · 1573 chunks/h · ETA 4.38h for the segment · last finish=stop gen_tok=32
  [5650/12492 this process · 5650/12492 segment] 2.03s/row · 1572 chunks/h · ETA 4.35h for the segment · last finish=stop gen_tok=23
  [5700/12492 this process · 5700/12492 segment] 1.80s/row · 1571 chunks/h · ETA 4.32h for the segment · last finish=stop gen_tok=16
  [5750/12492 this process · 5750/12492 segment] 2.77s/row · 1572 chunks/h · ETA 4.29h for the segment · last finish=stop gen_tok=34
  [5800/12492 this process · 5800/12492 segment] 1.69s/row · 1570 chunks/h · ETA 4.26h for the segment · last finish=stop gen_tok=15
  [5850/12492 this process · 5850/12492 segment] 1.74s/row · 1571 chunks/h · ETA 4.23h for the segment · last finish=stop gen_tok=15
  [5900/12492 this process · 5900/12492 segment] 1.91s/row · 1572 chunks/h · ETA 4.19h for the segment · last finish=stop gen_tok=15
  [5950/12492 this process · 5950/12492 segment] 1.99s/row · 1572 chunks/h · ETA 4.16h for the segment · last finish=stop gen_tok=24
  [6000/12492 this process · 6000/12492 segment] 1.78s/row · 1572 chunks/h · ETA 4.13h for the segment · last finish=stop gen_tok=16
  [6050/12492 this process · 6050/12492 segment] 2.45s/row · 1571 chunks/h · ETA 4.10h for the segment · last finish=stop gen_tok=33
  [6100/12492 this process · 6100/12492 segment] 2.62s/row · 1572 chunks/h · ETA 4.07h for the segment · last finish=stop gen_tok=34
  [6150/12492 this process · 6150/12492 segment] 2.26s/row · 1572 chunks/h · ETA 4.03h for the segment · last finish=stop gen_tok=32
  [6200/12492 this process · 6200/12492 segment] 2.08s/row · 1574 chunks/h · ETA 4.00h for the segment · last finish=stop gen_tok=23
  [6250/12492 this process · 6250/12492 segment] 2.84s/row · 1574 chunks/h · ETA 3.97h for the segment · last finish=stop gen_tok=51
  [6300/12492 this process · 6300/12492 segment] 1.76s/row · 1570 chunks/h · ETA 3.94h for the segment · last finish=stop gen_tok=16
  [6350/12492 this process · 6350/12492 segment] 2.81s/row · 1570 chunks/h · ETA 3.91h for the segment · last finish=stop gen_tok=52
  [6400/12492 this process · 6400/12492 segment] 3.43s/row · 1567 chunks/h · ETA 3.89h for the segment · last finish=stop gen_tok=41
  [6450/12492 this process · 6450/12492 segment] 2.38s/row · 1566 chunks/h · ETA 3.86h for the segment · last finish=stop gen_tok=33
  [6500/12492 this process · 6500/12492 segment] 1.72s/row · 1566 chunks/h · ETA 3.83h for the segment · last finish=stop gen_tok=16
  [6550/12492 this process · 6550/12492 segment] 1.57s/row · 1568 chunks/h · ETA 3.79h for the segment · last finish=stop gen_tok=16
  [6600/12492 this process · 6600/12492 segment] 2.32s/row · 1568 chunks/h · ETA 3.76h for the segment · last finish=stop gen_tok=33
  [6650/12492 this process · 6650/12492 segment] 2.23s/row · 1570 chunks/h · ETA 3.72h for the segment · last finish=stop gen_tok=15
  [6700/12492 this process · 6700/12492 segment] 3.29s/row · 1569 chunks/h · ETA 3.69h for the segment · last finish=stop gen_tok=50
  [6750/12492 this process · 6750/12492 segment] 2.07s/row · 1568 chunks/h · ETA 3.66h for the segment · last finish=stop gen_tok=25
  [6800/12492 this process · 6800/12492 segment] 4.20s/row · 1568 chunks/h · ETA 3.63h for the segment · last finish=stop gen_tok=82
  [6850/12492 this process · 6850/12492 segment] 1.78s/row · 1569 chunks/h · ETA 3.60h for the segment · last finish=stop gen_tok=16
  [6900/12492 this process · 6900/12492 segment] 2.07s/row · 1568 chunks/h · ETA 3.57h for the segment · last finish=stop gen_tok=15
  [6950/12492 this process · 6950/12492 segment] 2.18s/row · 1567 chunks/h · ETA 3.54h for the segment · last finish=stop gen_tok=16
  [7000/12492 this process · 7000/12492 segment] 2.03s/row · 1566 chunks/h · ETA 3.51h for the segment · last finish=stop gen_tok=16
  [7050/12492 this process · 7050/12492 segment] 2.57s/row · 1566 chunks/h · ETA 3.47h for the segment · last finish=stop gen_tok=33
  [7100/12492 this process · 7100/12492 segment] 1.76s/row · 1567 chunks/h · ETA 3.44h for the segment · last finish=stop gen_tok=16
  [7150/12492 this process · 7150/12492 segment] 2.36s/row · 1566 chunks/h · ETA 3.41h for the segment · last finish=stop gen_tok=23
  [7200/12492 this process · 7200/12492 segment] 3.15s/row · 1563 chunks/h · ETA 3.39h for the segment · last finish=stop gen_tok=46
  [7250/12492 this process · 7250/12492 segment] 2.12s/row · 1562 chunks/h · ETA 3.36h for the segment · last finish=stop gen_tok=16
  [7300/12492 this process · 7300/12492 segment] 5.78s/row · 1559 chunks/h · ETA 3.33h for the segment · last finish=stop gen_tok=113
  [7350/12492 this process · 7350/12492 segment] 2.24s/row · 1558 chunks/h · ETA 3.30h for the segment · last finish=stop gen_tok=27
  [7400/12492 this process · 7400/12492 segment] 2.11s/row · 1557 chunks/h · ETA 3.27h for the segment · last finish=stop gen_tok=16
  [7450/12492 this process · 7450/12492 segment] 1.92s/row · 1555 chunks/h · ETA 3.24h for the segment · last finish=stop gen_tok=16
  [7500/12492 this process · 7500/12492 segment] 1.92s/row · 1554 chunks/h · ETA 3.21h for the segment · last finish=stop gen_tok=15
  [7550/12492 this process · 7550/12492 segment] 2.01s/row · 1554 chunks/h · ETA 3.18h for the segment · last finish=stop gen_tok=16
  [7600/12492 this process · 7600/12492 segment] 3.42s/row · 1553 chunks/h · ETA 3.15h for the segment · last finish=stop gen_tok=40
  [7650/12492 this process · 7650/12492 segment] 2.27s/row · 1552 chunks/h · ETA 3.12h for the segment · last finish=stop gen_tok=27
  [7700/12492 this process · 7700/12492 segment] 2.78s/row · 1551 chunks/h · ETA 3.09h for the segment · last finish=stop gen_tok=33
  [7750/12492 this process · 7750/12492 segment] 2.66s/row · 1550 chunks/h · ETA 3.06h for the segment · last finish=stop gen_tok=23
  [7800/12492 this process · 7800/12492 segment] 2.35s/row · 1548 chunks/h · ETA 3.03h for the segment · last finish=stop gen_tok=27
  [7850/12492 this process · 7850/12492 segment] 2.99s/row · 1547 chunks/h · ETA 3.00h for the segment · last finish=stop gen_tok=49
  [7900/12492 this process · 7900/12492 segment] 3.21s/row · 1545 chunks/h · ETA 2.97h for the segment · last finish=stop gen_tok=51
  [7950/12492 this process · 7950/12492 segment] 2.28s/row · 1543 chunks/h · ETA 2.94h for the segment · last finish=stop gen_tok=16
  [8000/12492 this process · 8000/12492 segment] 2.22s/row · 1542 chunks/h · ETA 2.91h for the segment · last finish=stop gen_tok=15
  [8050/12492 this process · 8050/12492 segment] 3.19s/row · 1540 chunks/h · ETA 2.89h for the segment · last finish=stop gen_tok=41
  [8100/12492 this process · 8100/12492 segment] 2.07s/row · 1538 chunks/h · ETA 2.86h for the segment · last finish=stop gen_tok=16
  [8150/12492 this process · 8150/12492 segment] 2.50s/row · 1536 chunks/h · ETA 2.83h for the segment · last finish=stop gen_tok=24
  [8200/12492 this process · 8200/12492 segment] 2.21s/row · 1535 chunks/h · ETA 2.80h for the segment · last finish=stop gen_tok=15
  [8250/12492 this process · 8250/12492 segment] 2.33s/row · 1535 chunks/h · ETA 2.76h for the segment · last finish=stop gen_tok=15
  [8300/12492 this process · 8300/12492 segment] 2.71s/row · 1535 chunks/h · ETA 2.73h for the segment · last finish=stop gen_tok=33
  [8350/12492 this process · 8350/12492 segment] 2.70s/row · 1533 chunks/h · ETA 2.70h for the segment · last finish=stop gen_tok=23
  [8400/12492 this process · 8400/12492 segment] 2.44s/row · 1532 chunks/h · ETA 2.67h for the segment · last finish=stop gen_tok=24
  [8450/12492 this process · 8450/12492 segment] 1.85s/row · 1530 chunks/h · ETA 2.64h for the segment · last finish=stop gen_tok=15
  [8500/12492 this process · 8500/12492 segment] 3.02s/row · 1529 chunks/h · ETA 2.61h for the segment · last finish=stop gen_tok=41
  [8550/12492 this process · 8550/12492 segment] 2.61s/row · 1528 chunks/h · ETA 2.58h for the segment · last finish=stop gen_tok=32
  [8600/12492 this process · 8600/12492 segment] 4.02s/row · 1526 chunks/h · ETA 2.55h for the segment · last finish=stop gen_tok=60
  [8650/12492 this process · 8650/12492 segment] 2.31s/row · 1526 chunks/h · ETA 2.52h for the segment · last finish=stop gen_tok=33
  [8700/12492 this process · 8700/12492 segment] 1.67s/row · 1527 chunks/h · ETA 2.48h for the segment · last finish=stop gen_tok=15
  [8750/12492 this process · 8750/12492 segment] 2.54s/row · 1527 chunks/h · ETA 2.45h for the segment · last finish=stop gen_tok=40
  [8800/12492 this process · 8800/12492 segment] 2.39s/row · 1527 chunks/h · ETA 2.42h for the segment · last finish=stop gen_tok=32
  [8850/12492 this process · 8850/12492 segment] 2.88s/row · 1527 chunks/h · ETA 2.38h for the segment · last finish=stop gen_tok=52
  [8900/12492 this process · 8900/12492 segment] 1.61s/row · 1528 chunks/h · ETA 2.35h for the segment · last finish=stop gen_tok=15
  [8950/12492 this process · 8950/12492 segment] 1.95s/row · 1526 chunks/h · ETA 2.32h for the segment · last finish=stop gen_tok=15
  [9000/12492 this process · 9000/12492 segment] 2.53s/row · 1525 chunks/h · ETA 2.29h for the segment · last finish=stop gen_tok=33
  [9050/12492 this process · 9050/12492 segment] 2.25s/row · 1525 chunks/h · ETA 2.26h for the segment · last finish=stop gen_tok=16
  [9100/12492 this process · 9100/12492 segment] 2.18s/row · 1525 chunks/h · ETA 2.22h for the segment · last finish=stop gen_tok=16
  [9150/12492 this process · 9150/12492 segment] 2.10s/row · 1526 chunks/h · ETA 2.19h for the segment · last finish=stop gen_tok=16
  [9200/12492 this process · 9200/12492 segment] 2.19s/row · 1524 chunks/h · ETA 2.16h for the segment · last finish=stop gen_tok=32
  [9250/12492 this process · 9250/12492 segment] 2.49s/row · 1524 chunks/h · ETA 2.13h for the segment · last finish=stop gen_tok=24
  [9300/12492 this process · 9300/12492 segment] 3.06s/row · 1522 chunks/h · ETA 2.10h for the segment · last finish=stop gen_tok=33
  [9350/12492 this process · 9350/12492 segment] 2.47s/row · 1521 chunks/h · ETA 2.07h for the segment · last finish=stop gen_tok=16
  [9400/12492 this process · 9400/12492 segment] 1.88s/row · 1521 chunks/h · ETA 2.03h for the segment · last finish=stop gen_tok=15
  [9450/12492 this process · 9450/12492 segment] 1.88s/row · 1520 chunks/h · ETA 2.00h for the segment · last finish=stop gen_tok=16
  [9500/12492 this process · 9500/12492 segment] 2.56s/row · 1518 chunks/h · ETA 1.97h for the segment · last finish=stop gen_tok=16
  [9550/12492 this process · 9550/12492 segment] 2.05s/row · 1517 chunks/h · ETA 1.94h for the segment · last finish=stop gen_tok=24
  [9600/12492 this process · 9600/12492 segment] 2.13s/row · 1517 chunks/h · ETA 1.91h for the segment · last finish=stop gen_tok=23
  [9650/12492 this process · 9650/12492 segment] 2.72s/row · 1515 chunks/h · ETA 1.88h for the segment · last finish=stop gen_tok=33
  [9700/12492 this process · 9700/12492 segment] 2.09s/row · 1513 chunks/h · ETA 1.85h for the segment · last finish=stop gen_tok=16
  [9750/12492 this process · 9750/12492 segment] 2.12s/row · 1514 chunks/h · ETA 1.81h for the segment · last finish=stop gen_tok=16
  [9800/12492 this process · 9800/12492 segment] 2.03s/row · 1514 chunks/h · ETA 1.78h for the segment · last finish=stop gen_tok=16
  [9850/12492 this process · 9850/12492 segment] 1.84s/row · 1514 chunks/h · ETA 1.75h for the segment · last finish=stop gen_tok=24
  [9900/12492 this process · 9900/12492 segment] 1.91s/row · 1514 chunks/h · ETA 1.71h for the segment · last finish=stop gen_tok=24
  [9950/12492 this process · 9950/12492 segment] 1.71s/row · 1514 chunks/h · ETA 1.68h for the segment · last finish=stop gen_tok=15
  [10000/12492 this process · 10000/12492 segment] 1.77s/row · 1515 chunks/h · ETA 1.64h for the segment · last finish=stop gen_tok=16
  [10050/12492 this process · 10050/12492 segment] 1.85s/row · 1516 chunks/h · ETA 1.61h for the segment · last finish=stop gen_tok=16
  [10100/12492 this process · 10100/12492 segment] 2.81s/row · 1516 chunks/h · ETA 1.58h for the segment · last finish=stop gen_tok=34
  [10150/12492 this process · 10150/12492 segment] 2.32s/row · 1516 chunks/h · ETA 1.55h for the segment · last finish=stop gen_tok=24
  [10200/12492 this process · 10200/12492 segment] 2.23s/row · 1516 chunks/h · ETA 1.51h for the segment · last finish=stop gen_tok=32
  [10250/12492 this process · 10250/12492 segment] 1.87s/row · 1516 chunks/h · ETA 1.48h for the segment · last finish=stop gen_tok=16
  [10300/12492 this process · 10300/12492 segment] 2.27s/row · 1516 chunks/h · ETA 1.45h for the segment · last finish=stop gen_tok=15
  [10350/12492 this process · 10350/12492 segment] 2.42s/row · 1516 chunks/h · ETA 1.41h for the segment · last finish=stop gen_tok=24
  [10400/12492 this process · 10400/12492 segment] 2.07s/row · 1516 chunks/h · ETA 1.38h for the segment · last finish=stop gen_tok=23
  [10450/12492 this process · 10450/12492 segment] 1.80s/row · 1514 chunks/h · ETA 1.35h for the segment · last finish=stop gen_tok=16
  [10500/12492 this process · 10500/12492 segment] 3.45s/row · 1513 chunks/h · ETA 1.32h for the segment · last finish=stop gen_tok=59
  [10550/12492 this process · 10550/12492 segment] 2.61s/row · 1513 chunks/h · ETA 1.28h for the segment · last finish=stop gen_tok=33
  [10600/12492 this process · 10600/12492 segment] 2.87s/row · 1513 chunks/h · ETA 1.25h for the segment · last finish=stop gen_tok=50
  [10650/12492 this process · 10650/12492 segment] 2.75s/row · 1514 chunks/h · ETA 1.22h for the segment · last finish=stop gen_tok=42
  [10700/12492 this process · 10700/12492 segment] 2.07s/row · 1514 chunks/h · ETA 1.18h for the segment · last finish=stop gen_tok=24
  [10750/12492 this process · 10750/12492 segment] 1.61s/row · 1514 chunks/h · ETA 1.15h for the segment · last finish=stop gen_tok=16
  [10800/12492 this process · 10800/12492 segment] 1.37s/row · 1515 chunks/h · ETA 1.12h for the segment · last finish=stop gen_tok=7
  [10850/12492 this process · 10850/12492 segment] 2.90s/row · 1515 chunks/h · ETA 1.08h for the segment · last finish=stop gen_tok=49
  [10900/12492 this process · 10900/12492 segment] 2.14s/row · 1514 chunks/h · ETA 1.05h for the segment · last finish=stop gen_tok=23
  [10950/12492 this process · 10950/12492 segment] 1.99s/row · 1513 chunks/h · ETA 1.02h for the segment · last finish=stop gen_tok=16
  [11000/12492 this process · 11000/12492 segment] 2.33s/row · 1514 chunks/h · ETA 0.99h for the segment · last finish=stop gen_tok=16
  [11050/12492 this process · 11050/12492 segment] 2.00s/row · 1513 chunks/h · ETA 0.95h for the segment · last finish=stop gen_tok=15
  [11100/12492 this process · 11100/12492 segment] 1.78s/row · 1514 chunks/h · ETA 0.92h for the segment · last finish=stop gen_tok=16
  [11150/12492 this process · 11150/12492 segment] 2.36s/row · 1514 chunks/h · ETA 0.89h for the segment · last finish=stop gen_tok=33
  [11200/12492 this process · 11200/12492 segment] 1.64s/row · 1514 chunks/h · ETA 0.85h for the segment · last finish=stop gen_tok=15
  [11250/12492 this process · 11250/12492 segment] 1.68s/row · 1515 chunks/h · ETA 0.82h for the segment · last finish=stop gen_tok=16
  [11300/12492 this process · 11300/12492 segment] 1.78s/row · 1515 chunks/h · ETA 0.79h for the segment · last finish=stop gen_tok=16
  [11350/12492 this process · 11350/12492 segment] 4.22s/row · 1515 chunks/h · ETA 0.75h for the segment · last finish=stop gen_tok=88
  [11400/12492 this process · 11400/12492 segment] 2.47s/row · 1514 chunks/h · ETA 0.72h for the segment · last finish=stop gen_tok=33
  [11450/12492 this process · 11450/12492 segment] 2.73s/row · 1514 chunks/h · ETA 0.69h for the segment · last finish=stop gen_tok=40
  [11500/12492 this process · 11500/12492 segment] 2.42s/row · 1513 chunks/h · ETA 0.66h for the segment · last finish=stop gen_tok=33
  [11550/12492 this process · 11550/12492 segment] 1.93s/row · 1513 chunks/h · ETA 0.62h for the segment · last finish=stop gen_tok=16
  [11600/12492 this process · 11600/12492 segment] 2.32s/row · 1514 chunks/h · ETA 0.59h for the segment · last finish=stop gen_tok=16
  [11650/12492 this process · 11650/12492 segment] 1.96s/row · 1515 chunks/h · ETA 0.56h for the segment · last finish=stop gen_tok=16
  [11700/12492 this process · 11700/12492 segment] 1.77s/row · 1516 chunks/h · ETA 0.52h for the segment · last finish=stop gen_tok=16
  [11750/12492 this process · 11750/12492 segment] 3.21s/row · 1515 chunks/h · ETA 0.49h for the segment · last finish=stop gen_tok=54
  [11800/12492 this process · 11800/12492 segment] 2.45s/row · 1516 chunks/h · ETA 0.46h for the segment · last finish=stop gen_tok=32
  [11850/12492 this process · 11850/12492 segment] 2.72s/row · 1515 chunks/h · ETA 0.42h for the segment · last finish=stop gen_tok=33
  [11900/12492 this process · 11900/12492 segment] 1.90s/row · 1516 chunks/h · ETA 0.39h for the segment · last finish=stop gen_tok=16
  [11950/12492 this process · 11950/12492 segment] 1.66s/row · 1517 chunks/h · ETA 0.36h for the segment · last finish=stop gen_tok=15
  [12000/12492 this process · 12000/12492 segment] 2.02s/row · 1517 chunks/h · ETA 0.32h for the segment · last finish=stop gen_tok=15
  [12050/12492 this process · 12050/12492 segment] 1.89s/row · 1518 chunks/h · ETA 0.29h for the segment · last finish=stop gen_tok=15
  [12100/12492 this process · 12100/12492 segment] 2.34s/row · 1518 chunks/h · ETA 0.26h for the segment · last finish=stop gen_tok=33
  [12150/12492 this process · 12150/12492 segment] 2.89s/row · 1518 chunks/h · ETA 0.23h for the segment · last finish=stop gen_tok=46
  [12200/12492 this process · 12200/12492 segment] 2.34s/row · 1518 chunks/h · ETA 0.19h for the segment · last finish=stop gen_tok=32
  [12250/12492 this process · 12250/12492 segment] 2.35s/row · 1518 chunks/h · ETA 0.16h for the segment · last finish=stop gen_tok=32
  [12300/12492 this process · 12300/12492 segment] 5.16s/row · 1518 chunks/h · ETA 0.13h for the segment · last finish=stop gen_tok=106
  [12350/12492 this process · 12350/12492 segment] 2.78s/row · 1518 chunks/h · ETA 0.09h for the segment · last finish=stop gen_tok=48
  [12400/12492 this process · 12400/12492 segment] 2.83s/row · 1517 chunks/h · ETA 0.06h for the segment · last finish=stop gen_tok=33
  [12450/12492 this process · 12450/12492 segment] 1.72s/row · 1516 chunks/h · ETA 0.03h for the segment · last finish=stop gen_tok=16
  [12492/12492 this process · 12492/12492 segment] 1.73s/row · 1515 chunks/h · ETA 0.00h for the segment · last finish=stop gen_tok=16

SEGMENT seg-024 COMPLETE — 12492/12492 rows.
Now finalize with the SYSTEM python3 (no GPU, seconds):
    python3 finetune/label_e2.py --finalize-segment seg-024
