0 already in labels.jsonl · 13212 to generate
loading base model + adapter (the only GPU work) ...
  loaded in 1.1s
  [50/13212 this process · 50/13212 segment] 2.88s/row · 1428 chunks/h · ETA 9.22h for the segment · last finish=stop gen_tok=33
  [100/13212 this process · 100/13212 segment] 2.39s/row · 1306 chunks/h · ETA 10.04h for the segment · last finish=stop gen_tok=27
  [150/13212 this process · 150/13212 segment] 2.24s/row · 1344 chunks/h · ETA 9.72h for the segment · last finish=stop gen_tok=23
  [200/13212 this process · 200/13212 segment] 2.50s/row · 1312 chunks/h · ETA 9.92h for the segment · last finish=stop gen_tok=24
  [250/13212 this process · 250/13212 segment] 2.91s/row · 1332 chunks/h · ETA 9.73h for the segment · last finish=stop gen_tok=24
  [300/13212 this process · 300/13212 segment] 3.44s/row · 1351 chunks/h · ETA 9.56h for the segment · last finish=stop gen_tok=51
  [350/13212 this process · 350/13212 segment] 1.82s/row · 1359 chunks/h · ETA 9.46h for the segment · last finish=stop gen_tok=16
  [400/13212 this process · 400/13212 segment] 2.84s/row · 1367 chunks/h · ETA 9.37h for the segment · last finish=stop gen_tok=32
  [450/13212 this process · 450/13212 segment] 4.18s/row · 1358 chunks/h · ETA 9.40h for the segment · last finish=stop gen_tok=42
  [500/13212 this process · 500/13212 segment] 2.43s/row · 1357 chunks/h · ETA 9.37h for the segment · last finish=stop gen_tok=24
  [550/13212 this process · 550/13212 segment] 1.88s/row · 1346 chunks/h · ETA 9.41h for the segment · last finish=stop gen_tok=15
  [600/13212 this process · 600/13212 segment] 4.66s/row · 1349 chunks/h · ETA 9.35h for the segment · last finish=stop gen_tok=78
  [650/13212 this process · 650/13212 segment] 1.65s/row · 1353 chunks/h · ETA 9.28h for the segment · last finish=stop gen_tok=16
  [700/13212 this process · 700/13212 segment] 2.44s/row · 1361 chunks/h · ETA 9.19h for the segment · last finish=stop gen_tok=16
  [750/13212 this process · 750/13212 segment] 2.41s/row · 1372 chunks/h · ETA 9.09h for the segment · last finish=stop gen_tok=16
  [800/13212 this process · 800/13212 segment] 2.40s/row · 1378 chunks/h · ETA 9.01h for the segment · last finish=stop gen_tok=25
  [850/13212 this process · 850/13212 segment] 2.45s/row · 1377 chunks/h · ETA 8.98h for the segment · last finish=stop gen_tok=32
  [900/13212 this process · 900/13212 segment] 1.92s/row · 1387 chunks/h · ETA 8.87h for the segment · last finish=stop gen_tok=16
  [950/13212 this process · 950/13212 segment] 2.35s/row · 1386 chunks/h · ETA 8.85h for the segment · last finish=stop gen_tok=16
  [1000/13212 this process · 1000/13212 segment] 3.20s/row · 1382 chunks/h · ETA 8.83h for the segment · last finish=stop gen_tok=32
  [1050/13212 this process · 1050/13212 segment] 3.73s/row · 1383 chunks/h · ETA 8.79h for the segment · last finish=stop gen_tok=59
  [1100/13212 this process · 1100/13212 segment] 2.03s/row · 1381 chunks/h · ETA 8.77h for the segment · last finish=stop gen_tok=16
  [1150/13212 this process · 1150/13212 segment] 2.89s/row · 1380 chunks/h · ETA 8.74h for the segment · last finish=stop gen_tok=15
  [1200/13212 this process · 1200/13212 segment] 1.90s/row · 1382 chunks/h · ETA 8.69h for the segment · last finish=stop gen_tok=16
  [1250/13212 this process · 1250/13212 segment] 3.02s/row · 1380 chunks/h · ETA 8.67h for the segment · last finish=stop gen_tok=32
  [1300/13212 this process · 1300/13212 segment] 2.27s/row · 1383 chunks/h · ETA 8.61h for the segment · last finish=stop gen_tok=16
  [1350/13212 this process · 1350/13212 segment] 2.89s/row · 1389 chunks/h · ETA 8.54h for the segment · last finish=stop gen_tok=37
  [1400/13212 this process · 1400/13212 segment] 2.19s/row · 1394 chunks/h · ETA 8.48h for the segment · last finish=stop gen_tok=16
  [1450/13212 this process · 1450/13212 segment] 1.49s/row · 1398 chunks/h · ETA 8.42h for the segment · last finish=stop gen_tok=16
  [1500/13212 this process · 1500/13212 segment] 2.01s/row · 1397 chunks/h · ETA 8.39h for the segment · last finish=stop gen_tok=16
  [1550/13212 this process · 1550/13212 segment] 2.87s/row · 1395 chunks/h · ETA 8.36h for the segment · last finish=stop gen_tok=33
  [1600/13212 this process · 1600/13212 segment] 2.05s/row · 1399 chunks/h · ETA 8.30h for the segment · last finish=stop gen_tok=16
  [1650/13212 this process · 1650/13212 segment] 2.33s/row · 1407 chunks/h · ETA 8.22h for the segment · last finish=stop gen_tok=16
  [1700/13212 this process · 1700/13212 segment] 3.35s/row · 1411 chunks/h · ETA 8.16h for the segment · last finish=stop gen_tok=51
  [1750/13212 this process · 1750/13212 segment] 3.37s/row · 1409 chunks/h · ETA 8.14h for the segment · last finish=stop gen_tok=34
  [1800/13212 this process · 1800/13212 segment] 1.88s/row · 1411 chunks/h · ETA 8.09h for the segment · last finish=stop gen_tok=15
  [1850/13212 this process · 1850/13212 segment] 2.39s/row · 1412 chunks/h · ETA 8.04h for the segment · last finish=stop gen_tok=24
  [1900/13212 this process · 1900/13212 segment] 4.22s/row · 1403 chunks/h · ETA 8.07h for the segment · last finish=stop gen_tok=69
  [1950/13212 this process · 1950/13212 segment] 2.08s/row · 1402 chunks/h · ETA 8.04h for the segment · last finish=stop gen_tok=16
  [2000/13212 this process · 2000/13212 segment] 4.08s/row · 1402 chunks/h · ETA 8.00h for the segment · last finish=stop gen_tok=40
  [2050/13212 this process · 2050/13212 segment] 2.65s/row · 1400 chunks/h · ETA 7.97h for the segment · last finish=stop gen_tok=32
  [2100/13212 this process · 2100/13212 segment] 2.83s/row · 1401 chunks/h · ETA 7.93h for the segment · last finish=stop gen_tok=34
  [2150/13212 this process · 2150/13212 segment] 2.02s/row · 1403 chunks/h · ETA 7.89h for the segment · last finish=stop gen_tok=16
  [2200/13212 this process · 2200/13212 segment] 2.81s/row · 1402 chunks/h · ETA 7.85h for the segment · last finish=stop gen_tok=32
  [2250/13212 this process · 2250/13212 segment] 2.28s/row · 1405 chunks/h · ETA 7.80h for the segment · last finish=stop gen_tok=16
  [2300/13212 this process · 2300/13212 segment] 2.53s/row · 1405 chunks/h · ETA 7.77h for the segment · last finish=stop gen_tok=32
  [2350/13212 this process · 2350/13212 segment] 2.30s/row · 1402 chunks/h · ETA 7.75h for the segment · last finish=stop gen_tok=33
  [2400/13212 this process · 2400/13212 segment] 2.44s/row · 1400 chunks/h · ETA 7.72h for the segment · last finish=stop gen_tok=24
  [2450/13212 this process · 2450/13212 segment] 2.29s/row · 1402 chunks/h · ETA 7.68h for the segment · last finish=stop gen_tok=16
  [2500/13212 this process · 2500/13212 segment] 2.47s/row · 1404 chunks/h · ETA 7.63h for the segment · last finish=stop gen_tok=27
  [2550/13212 this process · 2550/13212 segment] 2.60s/row · 1402 chunks/h · ETA 7.60h for the segment · last finish=stop gen_tok=24
  [2600/13212 this process · 2600/13212 segment] 2.77s/row · 1404 chunks/h · ETA 7.56h for the segment · last finish=stop gen_tok=33
  [2650/13212 this process · 2650/13212 segment] 2.38s/row · 1403 chunks/h · ETA 7.53h for the segment · last finish=stop gen_tok=15
  [2700/13212 this process · 2700/13212 segment] 3.38s/row · 1403 chunks/h · ETA 7.49h for the segment · last finish=stop gen_tok=51
  [2750/13212 this process · 2750/13212 segment] 3.12s/row · 1401 chunks/h · ETA 7.47h for the segment · last finish=stop gen_tok=42
  [2800/13212 this process · 2800/13212 segment] 1.93s/row · 1401 chunks/h · ETA 7.43h for the segment · last finish=stop gen_tok=16
  [2850/13212 this process · 2850/13212 segment] 3.22s/row · 1403 chunks/h · ETA 7.38h for the segment · last finish=stop gen_tok=42
  [2900/13212 this process · 2900/13212 segment] 2.39s/row · 1404 chunks/h · ETA 7.34h for the segment · last finish=stop gen_tok=28
  [2950/13212 this process · 2950/13212 segment] 2.81s/row · 1403 chunks/h · ETA 7.31h for the segment · last finish=stop gen_tok=33
  [3000/13212 this process · 3000/13212 segment] 2.59s/row · 1404 chunks/h · ETA 7.27h for the segment · last finish=stop gen_tok=33
  [3050/13212 this process · 3050/13212 segment] 2.33s/row · 1401 chunks/h · ETA 7.26h for the segment · last finish=stop gen_tok=16
  [3100/13212 this process · 3100/13212 segment] 2.28s/row · 1399 chunks/h · ETA 7.23h for the segment · last finish=stop gen_tok=27
  [3150/13212 this process · 3150/13212 segment] 2.33s/row · 1400 chunks/h · ETA 7.19h for the segment · last finish=stop gen_tok=16
  [3200/13212 this process · 3200/13212 segment] 2.00s/row · 1400 chunks/h · ETA 7.15h for the segment · last finish=stop gen_tok=16
  [3250/13212 this process · 3250/13212 segment] 3.40s/row · 1401 chunks/h · ETA 7.11h for the segment · last finish=stop gen_tok=51
  [3300/13212 this process · 3300/13212 segment] 2.62s/row · 1403 chunks/h · ETA 7.06h for the segment · last finish=stop gen_tok=33
  [3350/13212 this process · 3350/13212 segment] 2.09s/row · 1407 chunks/h · ETA 7.01h for the segment · last finish=stop gen_tok=16
  [3400/13212 this process · 3400/13212 segment] 3.40s/row · 1407 chunks/h · ETA 6.98h for the segment · last finish=stop gen_tok=50
  [3450/13212 this process · 3450/13212 segment] 2.49s/row · 1406 chunks/h · ETA 6.95h for the segment · last finish=stop gen_tok=32
  [3500/13212 this process · 3500/13212 segment] 2.63s/row · 1408 chunks/h · ETA 6.90h for the segment · last finish=stop gen_tok=33
  [3550/13212 this process · 3550/13212 segment] 2.74s/row · 1408 chunks/h · ETA 6.86h for the segment · last finish=stop gen_tok=34
  [3600/13212 this process · 3600/13212 segment] 2.29s/row · 1409 chunks/h · ETA 6.82h for the segment · last finish=stop gen_tok=27
  [3650/13212 this process · 3650/13212 segment] 3.10s/row · 1409 chunks/h · ETA 6.79h for the segment · last finish=stop gen_tok=16
  [3700/13212 this process · 3700/13212 segment] 2.92s/row · 1410 chunks/h · ETA 6.75h for the segment · last finish=stop gen_tok=32
  [3750/13212 this process · 3750/13212 segment] 3.44s/row · 1408 chunks/h · ETA 6.72h for the segment · last finish=stop gen_tok=50
  [3800/13212 this process · 3800/13212 segment] 3.06s/row · 1406 chunks/h · ETA 6.69h for the segment · last finish=stop gen_tok=46
  [3850/13212 this process · 3850/13212 segment] 1.05s/row · 1406 chunks/h · ETA 6.66h for the segment · last finish=stop gen_tok=7
  [3900/13212 this process · 3900/13212 segment] 2.81s/row · 1405 chunks/h · ETA 6.63h for the segment · last finish=stop gen_tok=33
  [3950/13212 this process · 3950/13212 segment] 2.70s/row · 1403 chunks/h · ETA 6.60h for the segment · last finish=stop gen_tok=33
  [4000/13212 this process · 4000/13212 segment] 2.12s/row · 1404 chunks/h · ETA 6.56h for the segment · last finish=stop gen_tok=16
  [4050/13212 this process · 4050/13212 segment] 3.94s/row · 1402 chunks/h · ETA 6.53h for the segment · last finish=stop gen_tok=59
  [4100/13212 this process · 4100/13212 segment] 1.66s/row · 1403 chunks/h · ETA 6.49h for the segment · last finish=stop gen_tok=16
  [4150/13212 this process · 4150/13212 segment] 2.03s/row · 1404 chunks/h · ETA 6.45h for the segment · last finish=stop gen_tok=15
  [4200/13212 this process · 4200/13212 segment] 2.66s/row · 1406 chunks/h · ETA 6.41h for the segment · last finish=stop gen_tok=33
  [4250/13212 this process · 4250/13212 segment] 2.58s/row · 1406 chunks/h · ETA 6.37h for the segment · last finish=stop gen_tok=33
  [4300/13212 this process · 4300/13212 segment] 3.07s/row · 1404 chunks/h · ETA 6.35h for the segment · last finish=stop gen_tok=16
  [4350/13212 this process · 4350/13212 segment] 2.52s/row · 1404 chunks/h · ETA 6.31h for the segment · last finish=stop gen_tok=16
  [4400/13212 this process · 4400/13212 segment] 2.26s/row · 1405 chunks/h · ETA 6.27h for the segment · last finish=stop gen_tok=27
  [4450/13212 this process · 4450/13212 segment] 1.73s/row · 1405 chunks/h · ETA 6.23h for the segment · last finish=stop gen_tok=7
  [4500/13212 this process · 4500/13212 segment] 2.63s/row · 1405 chunks/h · ETA 6.20h for the segment · last finish=stop gen_tok=16
  [4550/13212 this process · 4550/13212 segment] 2.18s/row · 1404 chunks/h · ETA 6.17h for the segment · last finish=stop gen_tok=16
  [4600/13212 this process · 4600/13212 segment] 2.37s/row · 1404 chunks/h · ETA 6.13h for the segment · last finish=stop gen_tok=15
  [4650/13212 this process · 4650/13212 segment] 3.52s/row · 1404 chunks/h · ETA 6.10h for the segment · last finish=stop gen_tok=51
  [4700/13212 this process · 4700/13212 segment] 2.85s/row · 1404 chunks/h · ETA 6.06h for the segment · last finish=stop gen_tok=33
  [4750/13212 this process · 4750/13212 segment] 3.04s/row · 1404 chunks/h · ETA 6.03h for the segment · last finish=stop gen_tok=46
  [4800/13212 this process · 4800/13212 segment] 1.88s/row · 1404 chunks/h · ETA 5.99h for the segment · last finish=stop gen_tok=16
  [4850/13212 this process · 4850/13212 segment] 2.47s/row · 1404 chunks/h · ETA 5.95h for the segment · last finish=stop gen_tok=27
  [4900/13212 this process · 4900/13212 segment] 2.29s/row · 1404 chunks/h · ETA 5.92h for the segment · last finish=stop gen_tok=16
  [4950/13212 this process · 4950/13212 segment] 3.21s/row · 1403 chunks/h · ETA 5.89h for the segment · last finish=stop gen_tok=43
  [5000/13212 this process · 5000/13212 segment] 3.39s/row · 1403 chunks/h · ETA 5.85h for the segment · last finish=stop gen_tok=50
  [5050/13212 this process · 5050/13212 segment] 3.39s/row · 1404 chunks/h · ETA 5.81h for the segment · last finish=stop gen_tok=50
  [5100/13212 this process · 5100/13212 segment] 1.77s/row · 1404 chunks/h · ETA 5.78h for the segment · last finish=stop gen_tok=15
  [5150/13212 this process · 5150/13212 segment] 2.64s/row · 1402 chunks/h · ETA 5.75h for the segment · last finish=stop gen_tok=32
  [5200/13212 this process · 5200/13212 segment] 1.75s/row · 1401 chunks/h · ETA 5.72h for the segment · last finish=stop gen_tok=24
  [5250/13212 this process · 5250/13212 segment] 3.09s/row · 1400 chunks/h · ETA 5.69h for the segment · last finish=stop gen_tok=16
  [5300/13212 this process · 5300/13212 segment] 2.43s/row · 1400 chunks/h · ETA 5.65h for the segment · last finish=stop gen_tok=16
  [5350/13212 this process · 5350/13212 segment] 2.29s/row · 1400 chunks/h · ETA 5.62h for the segment · last finish=stop gen_tok=15
  [5400/13212 this process · 5400/13212 segment] 2.72s/row · 1400 chunks/h · ETA 5.58h for the segment · last finish=stop gen_tok=25
  [5450/13212 this process · 5450/13212 segment] 2.14s/row · 1398 chunks/h · ETA 5.55h for the segment · last finish=stop gen_tok=15
  [5500/13212 this process · 5500/13212 segment] 3.08s/row · 1398 chunks/h · ETA 5.52h for the segment · last finish=stop gen_tok=44
  [5550/13212 this process · 5550/13212 segment] 3.58s/row · 1398 chunks/h · ETA 5.48h for the segment · last finish=stop gen_tok=52
  [5600/13212 this process · 5600/13212 segment] 2.56s/row · 1396 chunks/h · ETA 5.45h for the segment · last finish=stop gen_tok=15
  [5650/13212 this process · 5650/13212 segment] 2.92s/row · 1394 chunks/h · ETA 5.42h for the segment · last finish=stop gen_tok=32
  [5700/13212 this process · 5700/13212 segment] 2.15s/row · 1394 chunks/h · ETA 5.39h for the segment · last finish=stop gen_tok=15
  [5750/13212 this process · 5750/13212 segment] 2.18s/row · 1395 chunks/h · ETA 5.35h for the segment · last finish=stop gen_tok=16
  [5800/13212 this process · 5800/13212 segment] 2.37s/row · 1395 chunks/h · ETA 5.31h for the segment · last finish=stop gen_tok=27
  [5850/13212 this process · 5850/13212 segment] 2.18s/row · 1393 chunks/h · ETA 5.28h for the segment · last finish=stop gen_tok=16
  [5900/13212 this process · 5900/13212 segment] 2.25s/row · 1393 chunks/h · ETA 5.25h for the segment · last finish=stop gen_tok=27
  [5950/13212 this process · 5950/13212 segment] 2.75s/row · 1392 chunks/h · ETA 5.22h for the segment · last finish=stop gen_tok=32
  [6000/13212 this process · 6000/13212 segment] 2.74s/row · 1392 chunks/h · ETA 5.18h for the segment · last finish=stop gen_tok=36
  [6050/13212 this process · 6050/13212 segment] 2.49s/row · 1392 chunks/h · ETA 5.14h for the segment · last finish=stop gen_tok=24
  [6100/13212 this process · 6100/13212 segment] 2.31s/row · 1391 chunks/h · ETA 5.11h for the segment · last finish=stop gen_tok=24
  [6150/13212 this process · 6150/13212 segment] 4.05s/row · 1390 chunks/h · ETA 5.08h for the segment · last finish=stop gen_tok=59
  [6200/13212 this process · 6200/13212 segment] 2.33s/row · 1389 chunks/h · ETA 5.05h for the segment · last finish=stop gen_tok=16
  [6250/13212 this process · 6250/13212 segment] 3.21s/row · 1389 chunks/h · ETA 5.01h for the segment · last finish=stop gen_tok=48
  [6300/13212 this process · 6300/13212 segment] 2.70s/row · 1389 chunks/h · ETA 4.98h for the segment · last finish=stop gen_tok=33
  [6350/13212 this process · 6350/13212 segment] 2.62s/row · 1389 chunks/h · ETA 4.94h for the segment · last finish=stop gen_tok=23
  [6400/13212 this process · 6400/13212 segment] 2.81s/row · 1389 chunks/h · ETA 4.90h for the segment · last finish=stop gen_tok=34
  [6450/13212 this process · 6450/13212 segment] 1.91s/row · 1389 chunks/h · ETA 4.87h for the segment · last finish=stop gen_tok=15
  [6500/13212 this process · 6500/13212 segment] 2.16s/row · 1390 chunks/h · ETA 4.83h for the segment · last finish=stop gen_tok=16
  [6550/13212 this process · 6550/13212 segment] 2.25s/row · 1389 chunks/h · ETA 4.80h for the segment · last finish=stop gen_tok=24
  [6600/13212 this process · 6600/13212 segment] 2.43s/row · 1388 chunks/h · ETA 4.76h for the segment · last finish=stop gen_tok=23
  [6650/13212 this process · 6650/13212 segment] 2.27s/row · 1389 chunks/h · ETA 4.72h for the segment · last finish=stop gen_tok=15
  [6700/13212 this process · 6700/13212 segment] 3.44s/row · 1388 chunks/h · ETA 4.69h for the segment · last finish=stop gen_tok=51
  [6750/13212 this process · 6750/13212 segment] 3.01s/row · 1387 chunks/h · ETA 4.66h for the segment · last finish=stop gen_tok=41
  [6800/13212 this process · 6800/13212 segment] 2.68s/row · 1387 chunks/h · ETA 4.62h for the segment · last finish=stop gen_tok=34
  [6850/13212 this process · 6850/13212 segment] 2.44s/row · 1387 chunks/h · ETA 4.59h for the segment · last finish=stop gen_tok=23
  [6900/13212 this process · 6900/13212 segment] 2.78s/row · 1386 chunks/h · ETA 4.55h for the segment · last finish=stop gen_tok=32
  [6950/13212 this process · 6950/13212 segment] 2.99s/row · 1386 chunks/h · ETA 4.52h for the segment · last finish=stop gen_tok=34
  [7000/13212 this process · 7000/13212 segment] 3.30s/row · 1385 chunks/h · ETA 4.48h for the segment · last finish=stop gen_tok=50
  [7050/13212 this process · 7050/13212 segment] 2.87s/row · 1385 chunks/h · ETA 4.45h for the segment · last finish=stop gen_tok=33
  [7100/13212 this process · 7100/13212 segment] 3.44s/row · 1383 chunks/h · ETA 4.42h for the segment · last finish=stop gen_tok=43
  [7150/13212 this process · 7150/13212 segment] 4.22s/row · 1383 chunks/h · ETA 4.38h for the segment · last finish=stop gen_tok=69
  [7200/13212 this process · 7200/13212 segment] 2.28s/row · 1383 chunks/h · ETA 4.35h for the segment · last finish=stop gen_tok=23
  [7250/13212 this process · 7250/13212 segment] 2.01s/row · 1383 chunks/h · ETA 4.31h for the segment · last finish=stop gen_tok=16
  [7300/13212 this process · 7300/13212 segment] 2.71s/row · 1383 chunks/h · ETA 4.28h for the segment · last finish=stop gen_tok=32
  [7350/13212 this process · 7350/13212 segment] 2.23s/row · 1384 chunks/h · ETA 4.24h for the segment · last finish=stop gen_tok=16
  [7400/13212 this process · 7400/13212 segment] 3.07s/row · 1384 chunks/h · ETA 4.20h for the segment · last finish=stop gen_tok=40
  [7450/13212 this process · 7450/13212 segment] 1.98s/row · 1384 chunks/h · ETA 4.16h for the segment · last finish=stop gen_tok=16
  [7500/13212 this process · 7500/13212 segment] 3.05s/row · 1383 chunks/h · ETA 4.13h for the segment · last finish=stop gen_tok=32
  [7550/13212 this process · 7550/13212 segment] 3.64s/row · 1384 chunks/h · ETA 4.09h for the segment · last finish=stop gen_tok=52
  [7600/13212 this process · 7600/13212 segment] 2.66s/row · 1383 chunks/h · ETA 4.06h for the segment · last finish=stop gen_tok=16
  [7650/13212 this process · 7650/13212 segment] 2.53s/row · 1383 chunks/h · ETA 4.02h for the segment · last finish=stop gen_tok=32
  [7700/13212 this process · 7700/13212 segment] 2.00s/row · 1385 chunks/h · ETA 3.98h for the segment · last finish=stop gen_tok=16
  [7750/13212 this process · 7750/13212 segment] 2.69s/row · 1384 chunks/h · ETA 3.95h for the segment · last finish=stop gen_tok=25
  [7800/13212 this process · 7800/13212 segment] 3.91s/row · 1382 chunks/h · ETA 3.92h for the segment · last finish=stop gen_tok=57
  [7850/13212 this process · 7850/13212 segment] 2.87s/row · 1382 chunks/h · ETA 3.88h for the segment · last finish=stop gen_tok=33
  [7900/13212 this process · 7900/13212 segment] 1.92s/row · 1382 chunks/h · ETA 3.84h for the segment · last finish=stop gen_tok=16
  [7950/13212 this process · 7950/13212 segment] 2.01s/row · 1383 chunks/h · ETA 3.80h for the segment · last finish=stop gen_tok=16
  [8000/13212 this process · 8000/13212 segment] 2.02s/row · 1384 chunks/h · ETA 3.77h for the segment · last finish=stop gen_tok=16
  [8050/13212 this process · 8050/13212 segment] 2.18s/row · 1385 chunks/h · ETA 3.73h for the segment · last finish=stop gen_tok=16
  [8100/13212 this process · 8100/13212 segment] 2.85s/row · 1385 chunks/h · ETA 3.69h for the segment · last finish=stop gen_tok=33
  [8150/13212 this process · 8150/13212 segment] 3.90s/row · 1384 chunks/h · ETA 3.66h for the segment · last finish=stop gen_tok=59
  [8200/13212 this process · 8200/13212 segment] 2.19s/row · 1384 chunks/h · ETA 3.62h for the segment · last finish=stop gen_tok=24
  [8250/13212 this process · 8250/13212 segment] 2.24s/row · 1384 chunks/h · ETA 3.58h for the segment · last finish=stop gen_tok=16
  [8300/13212 this process · 8300/13212 segment] 2.26s/row · 1384 chunks/h · ETA 3.55h for the segment · last finish=stop gen_tok=16
  [8350/13212 this process · 8350/13212 segment] 2.24s/row · 1385 chunks/h · ETA 3.51h for the segment · last finish=stop gen_tok=16
  [8400/13212 this process · 8400/13212 segment] 1.92s/row · 1386 chunks/h · ETA 3.47h for the segment · last finish=stop gen_tok=15
  [8450/13212 this process · 8450/13212 segment] 2.38s/row · 1386 chunks/h · ETA 3.44h for the segment · last finish=stop gen_tok=23
  [8500/13212 this process · 8500/13212 segment] 2.98s/row · 1386 chunks/h · ETA 3.40h for the segment · last finish=stop gen_tok=40
  [8550/13212 this process · 8550/13212 segment] 3.02s/row · 1386 chunks/h · ETA 3.36h for the segment · last finish=stop gen_tok=41
  [8600/13212 this process · 8600/13212 segment] 3.35s/row · 1387 chunks/h · ETA 3.33h for the segment · last finish=stop gen_tok=33
  [8650/13212 this process · 8650/13212 segment] 1.74s/row · 1387 chunks/h · ETA 3.29h for the segment · last finish=stop gen_tok=16
  [8700/13212 this process · 8700/13212 segment] 2.16s/row · 1385 chunks/h · ETA 3.26h for the segment · last finish=stop gen_tok=16
  [8750/13212 this process · 8750/13212 segment] 2.65s/row · 1385 chunks/h · ETA 3.22h for the segment · last finish=stop gen_tok=24
  [8800/13212 this process · 8800/13212 segment] 2.21s/row · 1385 chunks/h · ETA 3.19h for the segment · last finish=stop gen_tok=15
  [8850/13212 this process · 8850/13212 segment] 1.96s/row · 1385 chunks/h · ETA 3.15h for the segment · last finish=stop gen_tok=16
  [8900/13212 this process · 8900/13212 segment] 2.61s/row · 1386 chunks/h · ETA 3.11h for the segment · last finish=stop gen_tok=34
  [8950/13212 this process · 8950/13212 segment] 3.22s/row · 1385 chunks/h · ETA 3.08h for the segment · last finish=stop gen_tok=40
  [9000/13212 this process · 9000/13212 segment] 2.08s/row · 1385 chunks/h · ETA 3.04h for the segment · last finish=stop gen_tok=16
  [9050/13212 this process · 9050/13212 segment] 2.18s/row · 1385 chunks/h · ETA 3.00h for the segment · last finish=stop gen_tok=23
  [9100/13212 this process · 9100/13212 segment] 3.88s/row · 1385 chunks/h · ETA 2.97h for the segment · last finish=stop gen_tok=59
  [9150/13212 this process · 9150/13212 segment] 2.36s/row · 1385 chunks/h · ETA 2.93h for the segment · last finish=stop gen_tok=23
  [9200/13212 this process · 9200/13212 segment] 1.88s/row · 1385 chunks/h · ETA 2.90h for the segment · last finish=stop gen_tok=16
  [9250/13212 this process · 9250/13212 segment] 2.74s/row · 1385 chunks/h · ETA 2.86h for the segment · last finish=stop gen_tok=32
  [9300/13212 this process · 9300/13212 segment] 2.89s/row · 1385 chunks/h · ETA 2.82h for the segment · last finish=stop gen_tok=32
  [9350/13212 this process · 9350/13212 segment] 1.89s/row · 1385 chunks/h · ETA 2.79h for the segment · last finish=stop gen_tok=16
  [9400/13212 this process · 9400/13212 segment] 2.90s/row · 1385 chunks/h · ETA 2.75h for the segment · last finish=stop gen_tok=34
  [9450/13212 this process · 9450/13212 segment] 3.28s/row · 1384 chunks/h · ETA 2.72h for the segment · last finish=stop gen_tok=50
  [9500/13212 this process · 9500/13212 segment] 2.07s/row · 1384 chunks/h · ETA 2.68h for the segment · last finish=stop gen_tok=16
  [9550/13212 this process · 9550/13212 segment] 2.59s/row · 1386 chunks/h · ETA 2.64h for the segment · last finish=stop gen_tok=33
  [9600/13212 this process · 9600/13212 segment] 2.98s/row · 1385 chunks/h · ETA 2.61h for the segment · last finish=stop gen_tok=34
  [9650/13212 this process · 9650/13212 segment] 1.85s/row · 1386 chunks/h · ETA 2.57h for the segment · last finish=stop gen_tok=27
  [9700/13212 this process · 9700/13212 segment] 1.90s/row · 1387 chunks/h · ETA 2.53h for the segment · last finish=stop gen_tok=16
  [9750/13212 this process · 9750/13212 segment] 2.58s/row · 1388 chunks/h · ETA 2.49h for the segment · last finish=stop gen_tok=33
  [9800/13212 this process · 9800/13212 segment] 2.63s/row · 1388 chunks/h · ETA 2.46h for the segment · last finish=stop gen_tok=34
  [9850/13212 this process · 9850/13212 segment] 2.25s/row · 1388 chunks/h · ETA 2.42h for the segment · last finish=stop gen_tok=16
  [9900/13212 this process · 9900/13212 segment] 2.12s/row · 1389 chunks/h · ETA 2.38h for the segment · last finish=stop gen_tok=24
  [9950/13212 this process · 9950/13212 segment] 2.49s/row · 1389 chunks/h · ETA 2.35h for the segment · last finish=stop gen_tok=16
  [10000/13212 this process · 10000/13212 segment] 2.20s/row · 1390 chunks/h · ETA 2.31h for the segment · last finish=stop gen_tok=24
  [10050/13212 this process · 10050/13212 segment] 2.10s/row · 1389 chunks/h · ETA 2.28h for the segment · last finish=stop gen_tok=15
  [10100/13212 this process · 10100/13212 segment] 1.85s/row · 1389 chunks/h · ETA 2.24h for the segment · last finish=stop gen_tok=16
  [10150/13212 this process · 10150/13212 segment] 2.23s/row · 1389 chunks/h · ETA 2.20h for the segment · last finish=stop gen_tok=15
  [10200/13212 this process · 10200/13212 segment] 1.77s/row · 1390 chunks/h · ETA 2.17h for the segment · last finish=stop gen_tok=7
  [10250/13212 this process · 10250/13212 segment] 3.42s/row · 1390 chunks/h · ETA 2.13h for the segment · last finish=stop gen_tok=50
  [10300/13212 this process · 10300/13212 segment] 1.83s/row · 1390 chunks/h · ETA 2.10h for the segment · last finish=stop gen_tok=16
  [10350/13212 this process · 10350/13212 segment] 2.81s/row · 1390 chunks/h · ETA 2.06h for the segment · last finish=stop gen_tok=33
  [10400/13212 this process · 10400/13212 segment] 2.32s/row · 1390 chunks/h · ETA 2.02h for the segment · last finish=stop gen_tok=24
  [10450/13212 this process · 10450/13212 segment] 2.73s/row · 1390 chunks/h · ETA 1.99h for the segment · last finish=stop gen_tok=32
  [10500/13212 this process · 10500/13212 segment] 3.52s/row · 1391 chunks/h · ETA 1.95h for the segment · last finish=stop gen_tok=51
  [10550/13212 this process · 10550/13212 segment] 2.95s/row · 1391 chunks/h · ETA 1.91h for the segment · last finish=stop gen_tok=32
  [10600/13212 this process · 10600/13212 segment] 2.18s/row · 1391 chunks/h · ETA 1.88h for the segment · last finish=stop gen_tok=16
  [10650/13212 this process · 10650/13212 segment] 3.03s/row · 1391 chunks/h · ETA 1.84h for the segment · last finish=stop gen_tok=34
  [10700/13212 this process · 10700/13212 segment] 2.56s/row · 1391 chunks/h · ETA 1.81h for the segment · last finish=stop gen_tok=15
  [10750/13212 this process · 10750/13212 segment] 2.27s/row · 1392 chunks/h · ETA 1.77h for the segment · last finish=stop gen_tok=27
  [10800/13212 this process · 10800/13212 segment] 3.07s/row · 1392 chunks/h · ETA 1.73h for the segment · last finish=stop gen_tok=41
  [10850/13212 this process · 10850/13212 segment] 2.02s/row · 1392 chunks/h · ETA 1.70h for the segment · last finish=stop gen_tok=15
  [10900/13212 this process · 10900/13212 segment] 3.01s/row · 1391 chunks/h · ETA 1.66h for the segment · last finish=stop gen_tok=41
  [10950/13212 this process · 10950/13212 segment] 3.01s/row · 1391 chunks/h · ETA 1.63h for the segment · last finish=stop gen_tok=34
  [11000/13212 this process · 11000/13212 segment] 2.09s/row · 1391 chunks/h · ETA 1.59h for the segment · last finish=stop gen_tok=16
  [11050/13212 this process · 11050/13212 segment] 2.22s/row · 1391 chunks/h · ETA 1.55h for the segment · last finish=stop gen_tok=24
  [11100/13212 this process · 11100/13212 segment] 2.76s/row · 1391 chunks/h · ETA 1.52h for the segment · last finish=stop gen_tok=34
  [11150/13212 this process · 11150/13212 segment] 1.99s/row · 1391 chunks/h · ETA 1.48h for the segment · last finish=stop gen_tok=16
  [11200/13212 this process · 11200/13212 segment] 2.87s/row · 1391 chunks/h · ETA 1.45h for the segment · last finish=stop gen_tok=33
  [11250/13212 this process · 11250/13212 segment] 2.90s/row · 1391 chunks/h · ETA 1.41h for the segment · last finish=stop gen_tok=33
  [11300/13212 this process · 11300/13212 segment] 2.69s/row · 1391 chunks/h · ETA 1.37h for the segment · last finish=stop gen_tok=32
  [11350/13212 this process · 11350/13212 segment] 2.26s/row · 1391 chunks/h · ETA 1.34h for the segment · last finish=stop gen_tok=16
  [11400/13212 this process · 11400/13212 segment] 1.83s/row · 1391 chunks/h · ETA 1.30h for the segment · last finish=stop gen_tok=16
  [11450/13212 this process · 11450/13212 segment] 1.97s/row · 1391 chunks/h · ETA 1.27h for the segment · last finish=stop gen_tok=16
  [11500/13212 this process · 11500/13212 segment] 2.39s/row · 1390 chunks/h · ETA 1.23h for the segment · last finish=stop gen_tok=15
  [11550/13212 this process · 11550/13212 segment] 3.68s/row · 1390 chunks/h · ETA 1.20h for the segment · last finish=stop gen_tok=50
  [11600/13212 this process · 11600/13212 segment] 3.76s/row · 1391 chunks/h · ETA 1.16h for the segment · last finish=stop gen_tok=59
  [11650/13212 this process · 11650/13212 segment] 2.46s/row · 1391 chunks/h · ETA 1.12h for the segment · last finish=stop gen_tok=23
  [11700/13212 this process · 11700/13212 segment] 2.42s/row · 1391 chunks/h · ETA 1.09h for the segment · last finish=stop gen_tok=24
  [11750/13212 this process · 11750/13212 segment] 2.38s/row · 1391 chunks/h · ETA 1.05h for the segment · last finish=stop gen_tok=23
  [11800/13212 this process · 11800/13212 segment] 2.74s/row · 1391 chunks/h · ETA 1.02h for the segment · last finish=stop gen_tok=16
  [11850/13212 this process · 11850/13212 segment] 2.27s/row · 1390 chunks/h · ETA 0.98h for the segment · last finish=stop gen_tok=16
  [11900/13212 this process · 11900/13212 segment] 2.73s/row · 1390 chunks/h · ETA 0.94h for the segment · last finish=stop gen_tok=32
  [11950/13212 this process · 11950/13212 segment] 2.47s/row · 1390 chunks/h · ETA 0.91h for the segment · last finish=stop gen_tok=23
  [12000/13212 this process · 12000/13212 segment] 1.99s/row · 1390 chunks/h · ETA 0.87h for the segment · last finish=stop gen_tok=16
  [12050/13212 this process · 12050/13212 segment] 3.20s/row · 1390 chunks/h · ETA 0.84h for the segment · last finish=stop gen_tok=41
  [12100/13212 this process · 12100/13212 segment] 2.67s/row · 1389 chunks/h · ETA 0.80h for the segment · last finish=stop gen_tok=32
  [12150/13212 this process · 12150/13212 segment] 2.37s/row · 1388 chunks/h · ETA 0.76h for the segment · last finish=stop gen_tok=16
  [12200/13212 this process · 12200/13212 segment] 2.57s/row · 1388 chunks/h · ETA 0.73h for the segment · last finish=stop gen_tok=15
  [12250/13212 this process · 12250/13212 segment] 2.37s/row · 1387 chunks/h · ETA 0.69h for the segment · last finish=stop gen_tok=16
  [12300/13212 this process · 12300/13212 segment] 1.48s/row · 1387 chunks/h · ETA 0.66h for the segment · last finish=stop gen_tok=16
  [12350/13212 this process · 12350/13212 segment] 3.60s/row · 1387 chunks/h · ETA 0.62h for the segment · last finish=stop gen_tok=52
  [12400/13212 this process · 12400/13212 segment] 2.64s/row · 1386 chunks/h · ETA 0.59h for the segment · last finish=stop gen_tok=23
  [12450/13212 this process · 12450/13212 segment] 2.34s/row · 1386 chunks/h · ETA 0.55h for the segment · last finish=stop gen_tok=27
  [12500/13212 this process · 12500/13212 segment] 2.68s/row · 1385 chunks/h · ETA 0.51h for the segment · last finish=stop gen_tok=24
  [12550/13212 this process · 12550/13212 segment] 3.95s/row · 1385 chunks/h · ETA 0.48h for the segment · last finish=stop gen_tok=59
  [12600/13212 this process · 12600/13212 segment] 2.70s/row · 1385 chunks/h · ETA 0.44h for the segment · last finish=stop gen_tok=33
  [12650/13212 this process · 12650/13212 segment] 3.26s/row · 1384 chunks/h · ETA 0.41h for the segment · last finish=stop gen_tok=42
  [12700/13212 this process · 12700/13212 segment] 3.19s/row · 1383 chunks/h · ETA 0.37h for the segment · last finish=stop gen_tok=41
  [12750/13212 this process · 12750/13212 segment] 3.55s/row · 1383 chunks/h · ETA 0.33h for the segment · last finish=stop gen_tok=33
  [12800/13212 this process · 12800/13212 segment] 2.02s/row · 1383 chunks/h · ETA 0.30h for the segment · last finish=stop gen_tok=15
  [12850/13212 this process · 12850/13212 segment] 3.00s/row · 1383 chunks/h · ETA 0.26h for the segment · last finish=stop gen_tok=34
  [12900/13212 this process · 12900/13212 segment] 2.08s/row · 1383 chunks/h · ETA 0.23h for the segment · last finish=stop gen_tok=16
  [12950/13212 this process · 12950/13212 segment] 2.42s/row · 1383 chunks/h · ETA 0.19h for the segment · last finish=stop gen_tok=24
  [13000/13212 this process · 13000/13212 segment] 2.34s/row · 1383 chunks/h · ETA 0.15h for the segment · last finish=stop gen_tok=24
  [13050/13212 this process · 13050/13212 segment] 3.53s/row · 1382 chunks/h · ETA 0.12h for the segment · last finish=stop gen_tok=50
  [13100/13212 this process · 13100/13212 segment] 4.14s/row · 1382 chunks/h · ETA 0.08h for the segment · last finish=stop gen_tok=59
  [13150/13212 this process · 13150/13212 segment] 1.88s/row · 1382 chunks/h · ETA 0.04h for the segment · last finish=stop gen_tok=15
  [13200/13212 this process · 13200/13212 segment] 3.52s/row · 1381 chunks/h · ETA 0.01h for the segment · last finish=stop gen_tok=55
  [13212/13212 this process · 13212/13212 segment] 1.59s/row · 1381 chunks/h · ETA 0.00h for the segment · last finish=stop gen_tok=16

SEGMENT seg-006 COMPLETE — 13212/13212 rows.
Now finalize with the SYSTEM python3 (no GPU, seconds):
    python3 finetune/label_e2.py --finalize-segment seg-006
