0 already in labels.jsonl · 13290 to generate
loading base model + adapter (the only GPU work) ...
  loaded in 1.1s
  [50/13290 this process · 50/13290 segment] 3.82s/row · 1376 chunks/h · ETA 9.62h for the segment · last finish=stop gen_tok=69
  [100/13290 this process · 100/13290 segment] 1.37s/row · 1361 chunks/h · ETA 9.69h for the segment · last finish=stop gen_tok=16
  [150/13290 this process · 150/13290 segment] 1.74s/row · 1365 chunks/h · ETA 9.62h for the segment · last finish=stop gen_tok=15
  [200/13290 this process · 200/13290 segment] 2.55s/row · 1405 chunks/h · ETA 9.31h for the segment · last finish=stop gen_tok=36
  [250/13290 this process · 250/13290 segment] 2.20s/row · 1398 chunks/h · ETA 9.33h for the segment · last finish=stop gen_tok=15
  [300/13290 this process · 300/13290 segment] 1.77s/row · 1390 chunks/h · ETA 9.34h for the segment · last finish=stop gen_tok=16
  [350/13290 this process · 350/13290 segment] 2.25s/row · 1395 chunks/h · ETA 9.28h for the segment · last finish=stop gen_tok=16
  [400/13290 this process · 400/13290 segment] 2.07s/row · 1414 chunks/h · ETA 9.11h for the segment · last finish=stop gen_tok=16
  [450/13290 this process · 450/13290 segment] 2.14s/row · 1442 chunks/h · ETA 8.90h for the segment · last finish=stop gen_tok=16
  [500/13290 this process · 500/13290 segment] 1.98s/row · 1461 chunks/h · ETA 8.75h for the segment · last finish=stop gen_tok=16
  [550/13290 this process · 550/13290 segment] 4.54s/row · 1464 chunks/h · ETA 8.70h for the segment · last finish=stop gen_tok=79
  [600/13290 this process · 600/13290 segment] 2.55s/row · 1443 chunks/h · ETA 8.80h for the segment · last finish=stop gen_tok=32
  [650/13290 this process · 650/13290 segment] 2.29s/row · 1437 chunks/h · ETA 8.80h for the segment · last finish=stop gen_tok=27
  [700/13290 this process · 700/13290 segment] 2.59s/row · 1444 chunks/h · ETA 8.72h for the segment · last finish=stop gen_tok=32
  [750/13290 this process · 750/13290 segment] 3.71s/row · 1445 chunks/h · ETA 8.68h for the segment · last finish=stop gen_tok=67
  [800/13290 this process · 800/13290 segment] 2.14s/row · 1446 chunks/h · ETA 8.64h for the segment · last finish=stop gen_tok=16
  [850/13290 this process · 850/13290 segment] 2.55s/row · 1453 chunks/h · ETA 8.56h for the segment · last finish=stop gen_tok=33
  [900/13290 this process · 900/13290 segment] 2.55s/row · 1448 chunks/h · ETA 8.56h for the segment · last finish=stop gen_tok=28
  [950/13290 this process · 950/13290 segment] 1.86s/row · 1454 chunks/h · ETA 8.49h for the segment · last finish=stop gen_tok=16
  [1000/13290 this process · 1000/13290 segment] 2.49s/row · 1443 chunks/h · ETA 8.52h for the segment · last finish=stop gen_tok=16
  [1050/13290 this process · 1050/13290 segment] 1.87s/row · 1437 chunks/h · ETA 8.52h for the segment · last finish=stop gen_tok=16
  [1100/13290 this process · 1100/13290 segment] 2.24s/row · 1437 chunks/h · ETA 8.48h for the segment · last finish=stop gen_tok=25
  [1150/13290 this process · 1150/13290 segment] 3.02s/row · 1432 chunks/h · ETA 8.48h for the segment · last finish=stop gen_tok=25
  [1200/13290 this process · 1200/13290 segment] 2.38s/row · 1426 chunks/h · ETA 8.48h for the segment · last finish=stop gen_tok=24
  [1250/13290 this process · 1250/13290 segment] 4.91s/row · 1420 chunks/h · ETA 8.48h for the segment · last finish=stop gen_tok=88
  [1300/13290 this process · 1300/13290 segment] 2.19s/row · 1404 chunks/h · ETA 8.54h for the segment · last finish=stop gen_tok=15
  [1350/13290 this process · 1350/13290 segment] 2.23s/row · 1401 chunks/h · ETA 8.52h for the segment · last finish=stop gen_tok=16
  [1400/13290 this process · 1400/13290 segment] 1.82s/row · 1396 chunks/h · ETA 8.52h for the segment · last finish=stop gen_tok=16
  [1450/13290 this process · 1450/13290 segment] 2.59s/row · 1392 chunks/h · ETA 8.51h for the segment · last finish=stop gen_tok=16
  [1500/13290 this process · 1500/13290 segment] 2.70s/row · 1389 chunks/h · ETA 8.49h for the segment · last finish=stop gen_tok=33
  [1550/13290 this process · 1550/13290 segment] 2.18s/row · 1392 chunks/h · ETA 8.43h for the segment · last finish=stop gen_tok=16
  [1600/13290 this process · 1600/13290 segment] 1.83s/row · 1394 chunks/h · ETA 8.39h for the segment · last finish=stop gen_tok=15
  [1650/13290 this process · 1650/13290 segment] 2.05s/row · 1399 chunks/h · ETA 8.32h for the segment · last finish=stop gen_tok=15
  [1700/13290 this process · 1700/13290 segment] 2.18s/row · 1400 chunks/h · ETA 8.28h for the segment · last finish=stop gen_tok=27
  [1750/13290 this process · 1750/13290 segment] 3.43s/row · 1404 chunks/h · ETA 8.22h for the segment · last finish=stop gen_tok=50
  [1800/13290 this process · 1800/13290 segment] 2.94s/row · 1407 chunks/h · ETA 8.17h for the segment · last finish=stop gen_tok=32
  [1850/13290 this process · 1850/13290 segment] 2.82s/row · 1410 chunks/h · ETA 8.11h for the segment · last finish=stop gen_tok=32
  [1900/13290 this process · 1900/13290 segment] 2.13s/row · 1416 chunks/h · ETA 8.05h for the segment · last finish=stop gen_tok=16
  [1950/13290 this process · 1950/13290 segment] 2.98s/row · 1415 chunks/h · ETA 8.01h for the segment · last finish=stop gen_tok=49
  [2000/13290 this process · 2000/13290 segment] 1.97s/row · 1414 chunks/h · ETA 7.99h for the segment · last finish=stop gen_tok=16
  [2050/13290 this process · 2050/13290 segment] 3.84s/row · 1410 chunks/h · ETA 7.97h for the segment · last finish=stop gen_tok=60
  [2100/13290 this process · 2100/13290 segment] 2.45s/row · 1403 chunks/h · ETA 7.97h for the segment · last finish=stop gen_tok=32
  [2150/13290 this process · 2150/13290 segment] 3.81s/row · 1399 chunks/h · ETA 7.96h for the segment · last finish=stop gen_tok=64
  [2200/13290 this process · 2200/13290 segment] 1.42s/row · 1399 chunks/h · ETA 7.93h for the segment · last finish=stop gen_tok=7
  [2250/13290 this process · 2250/13290 segment] 3.59s/row · 1398 chunks/h · ETA 7.90h for the segment · last finish=stop gen_tok=52
  [2300/13290 this process · 2300/13290 segment] 2.69s/row · 1395 chunks/h · ETA 7.88h for the segment · last finish=stop gen_tok=24
  [2350/13290 this process · 2350/13290 segment] 2.09s/row · 1395 chunks/h · ETA 7.84h for the segment · last finish=stop gen_tok=15
  [2400/13290 this process · 2400/13290 segment] 3.28s/row · 1397 chunks/h · ETA 7.79h for the segment · last finish=stop gen_tok=51
  [2450/13290 this process · 2450/13290 segment] 2.95s/row · 1399 chunks/h · ETA 7.75h for the segment · last finish=stop gen_tok=45
  [2500/13290 this process · 2500/13290 segment] 2.06s/row · 1397 chunks/h · ETA 7.72h for the segment · last finish=stop gen_tok=15
  [2550/13290 this process · 2550/13290 segment] 3.46s/row · 1397 chunks/h · ETA 7.69h for the segment · last finish=stop gen_tok=41
  [2600/13290 this process · 2600/13290 segment] 3.22s/row · 1395 chunks/h · ETA 7.66h for the segment · last finish=stop gen_tok=51
  [2650/13290 this process · 2650/13290 segment] 2.93s/row · 1397 chunks/h · ETA 7.62h for the segment · last finish=stop gen_tok=48
  [2700/13290 this process · 2700/13290 segment] 4.42s/row · 1398 chunks/h · ETA 7.57h for the segment · last finish=stop gen_tok=85
  [2750/13290 this process · 2750/13290 segment] 1.89s/row · 1395 chunks/h · ETA 7.55h for the segment · last finish=stop gen_tok=16
  [2800/13290 this process · 2800/13290 segment] 1.74s/row · 1392 chunks/h · ETA 7.53h for the segment · last finish=stop gen_tok=16
  [2850/13290 this process · 2850/13290 segment] 2.37s/row · 1391 chunks/h · ETA 7.50h for the segment · last finish=stop gen_tok=23
  [2900/13290 this process · 2900/13290 segment] 2.80s/row · 1389 chunks/h · ETA 7.48h for the segment · last finish=stop gen_tok=15
  [2950/13290 this process · 2950/13290 segment] 2.48s/row · 1390 chunks/h · ETA 7.44h for the segment · last finish=stop gen_tok=16
  [3000/13290 this process · 3000/13290 segment] 1.73s/row · 1391 chunks/h · ETA 7.40h for the segment · last finish=stop gen_tok=16
  [3050/13290 this process · 3050/13290 segment] 1.99s/row · 1393 chunks/h · ETA 7.35h for the segment · last finish=stop gen_tok=16
  [3100/13290 this process · 3100/13290 segment] 2.31s/row · 1393 chunks/h · ETA 7.32h for the segment · last finish=stop gen_tok=26
  [3150/13290 this process · 3150/13290 segment] 2.20s/row · 1393 chunks/h · ETA 7.28h for the segment · last finish=stop gen_tok=23
  [3200/13290 this process · 3200/13290 segment] 1.96s/row · 1391 chunks/h · ETA 7.25h for the segment · last finish=stop gen_tok=15
  [3250/13290 this process · 3250/13290 segment] 1.76s/row · 1391 chunks/h · ETA 7.22h for the segment · last finish=stop gen_tok=15
  [3300/13290 this process · 3300/13290 segment] 4.00s/row · 1390 chunks/h · ETA 7.19h for the segment · last finish=stop gen_tok=59
  [3350/13290 this process · 3350/13290 segment] 2.35s/row · 1387 chunks/h · ETA 7.16h for the segment · last finish=stop gen_tok=16
  [3400/13290 this process · 3400/13290 segment] 2.49s/row · 1386 chunks/h · ETA 7.13h for the segment · last finish=stop gen_tok=34
  [3450/13290 this process · 3450/13290 segment] 2.45s/row · 1386 chunks/h · ETA 7.10h for the segment · last finish=stop gen_tok=16
  [3500/13290 this process · 3500/13290 segment] 3.16s/row · 1386 chunks/h · ETA 7.07h for the segment · last finish=stop gen_tok=52
  [3550/13290 this process · 3550/13290 segment] 2.07s/row · 1385 chunks/h · ETA 7.03h for the segment · last finish=stop gen_tok=15
  [3600/13290 this process · 3600/13290 segment] 2.18s/row · 1385 chunks/h · ETA 6.99h for the segment · last finish=stop gen_tok=16
  [3650/13290 this process · 3650/13290 segment] 2.38s/row · 1386 chunks/h · ETA 6.96h for the segment · last finish=stop gen_tok=16
  [3700/13290 this process · 3700/13290 segment] 1.88s/row · 1384 chunks/h · ETA 6.93h for the segment · last finish=stop gen_tok=16
  [3750/13290 this process · 3750/13290 segment] 1.81s/row · 1383 chunks/h · ETA 6.90h for the segment · last finish=stop gen_tok=16
  [3800/13290 this process · 3800/13290 segment] 1.84s/row · 1382 chunks/h · ETA 6.87h for the segment · last finish=stop gen_tok=15
  [3850/13290 this process · 3850/13290 segment] 2.11s/row · 1383 chunks/h · ETA 6.82h for the segment · last finish=stop gen_tok=16
  [3900/13290 this process · 3900/13290 segment] 2.65s/row · 1381 chunks/h · ETA 6.80h for the segment · last finish=stop gen_tok=24
  [3950/13290 this process · 3950/13290 segment] 2.18s/row · 1380 chunks/h · ETA 6.77h for the segment · last finish=stop gen_tok=24
  [4000/13290 this process · 4000/13290 segment] 2.20s/row · 1380 chunks/h · ETA 6.73h for the segment · last finish=stop gen_tok=15
  [4050/13290 this process · 4050/13290 segment] 2.72s/row · 1376 chunks/h · ETA 6.72h for the segment · last finish=stop gen_tok=23
  [4100/13290 this process · 4100/13290 segment] 2.35s/row · 1377 chunks/h · ETA 6.67h for the segment · last finish=stop gen_tok=15
  [4150/13290 this process · 4150/13290 segment] 3.22s/row · 1374 chunks/h · ETA 6.65h for the segment · last finish=stop gen_tok=53
  [4200/13290 this process · 4200/13290 segment] 5.09s/row · 1374 chunks/h · ETA 6.61h for the segment · last finish=stop gen_tok=100
  [4250/13290 this process · 4250/13290 segment] 2.67s/row · 1375 chunks/h · ETA 6.58h for the segment · last finish=stop gen_tok=33
  [4300/13290 this process · 4300/13290 segment] 4.38s/row · 1375 chunks/h · ETA 6.54h for the segment · last finish=stop gen_tok=79
  [4350/13290 this process · 4350/13290 segment] 3.61s/row · 1374 chunks/h · ETA 6.51h for the segment · last finish=stop gen_tok=59
  [4400/13290 this process · 4400/13290 segment] 2.21s/row · 1373 chunks/h · ETA 6.47h for the segment · last finish=stop gen_tok=23
  [4450/13290 this process · 4450/13290 segment] 1.58s/row · 1373 chunks/h · ETA 6.44h for the segment · last finish=stop gen_tok=16
  [4500/13290 this process · 4500/13290 segment] 3.43s/row · 1374 chunks/h · ETA 6.40h for the segment · last finish=stop gen_tok=60
  [4550/13290 this process · 4550/13290 segment] 3.76s/row · 1372 chunks/h · ETA 6.37h for the segment · last finish=stop gen_tok=59
  [4600/13290 this process · 4600/13290 segment] 2.16s/row · 1370 chunks/h · ETA 6.34h for the segment · last finish=stop gen_tok=16
  [4650/13290 this process · 4650/13290 segment] 3.77s/row · 1370 chunks/h · ETA 6.31h for the segment · last finish=stop gen_tok=69
  [4700/13290 this process · 4700/13290 segment] 1.77s/row · 1369 chunks/h · ETA 6.28h for the segment · last finish=stop gen_tok=16
  [4750/13290 this process · 4750/13290 segment] 2.49s/row · 1370 chunks/h · ETA 6.24h for the segment · last finish=stop gen_tok=15
  [4800/13290 this process · 4800/13290 segment] 1.72s/row · 1370 chunks/h · ETA 6.20h for the segment · last finish=stop gen_tok=15
  [4850/13290 this process · 4850/13290 segment] 1.93s/row · 1372 chunks/h · ETA 6.15h for the segment · last finish=stop gen_tok=16
  [4900/13290 this process · 4900/13290 segment] 2.29s/row · 1372 chunks/h · ETA 6.11h for the segment · last finish=stop gen_tok=16
  [4950/13290 this process · 4950/13290 segment] 2.87s/row · 1374 chunks/h · ETA 6.07h for the segment · last finish=stop gen_tok=37
  [5000/13290 this process · 5000/13290 segment] 1.42s/row · 1375 chunks/h · ETA 6.03h for the segment · last finish=stop gen_tok=16
  [5050/13290 this process · 5050/13290 segment] 1.76s/row · 1377 chunks/h · ETA 5.98h for the segment · last finish=stop gen_tok=16
  [5100/13290 this process · 5100/13290 segment] 1.98s/row · 1377 chunks/h · ETA 5.95h for the segment · last finish=stop gen_tok=16
  [5150/13290 this process · 5150/13290 segment] 2.87s/row · 1379 chunks/h · ETA 5.90h for the segment · last finish=stop gen_tok=32
  [5200/13290 this process · 5200/13290 segment] 2.51s/row · 1380 chunks/h · ETA 5.86h for the segment · last finish=stop gen_tok=33
  [5250/13290 this process · 5250/13290 segment] 2.52s/row · 1381 chunks/h · ETA 5.82h for the segment · last finish=stop gen_tok=33
  [5300/13290 this process · 5300/13290 segment] 3.47s/row · 1380 chunks/h · ETA 5.79h for the segment · last finish=stop gen_tok=56
  [5350/13290 this process · 5350/13290 segment] 1.31s/row · 1383 chunks/h · ETA 5.74h for the segment · last finish=stop gen_tok=16
  [5400/13290 this process · 5400/13290 segment] 4.63s/row · 1383 chunks/h · ETA 5.71h for the segment · last finish=stop gen_tok=88
  [5450/13290 this process · 5450/13290 segment] 2.52s/row · 1382 chunks/h · ETA 5.67h for the segment · last finish=stop gen_tok=33
  [5500/13290 this process · 5500/13290 segment] 2.49s/row · 1384 chunks/h · ETA 5.63h for the segment · last finish=stop gen_tok=36
  [5550/13290 this process · 5550/13290 segment] 1.66s/row · 1386 chunks/h · ETA 5.59h for the segment · last finish=stop gen_tok=16
  [5600/13290 this process · 5600/13290 segment] 1.71s/row · 1387 chunks/h · ETA 5.54h for the segment · last finish=stop gen_tok=15
  [5650/13290 this process · 5650/13290 segment] 2.21s/row · 1390 chunks/h · ETA 5.50h for the segment · last finish=stop gen_tok=16
  [5700/13290 this process · 5700/13290 segment] 1.77s/row · 1393 chunks/h · ETA 5.45h for the segment · last finish=stop gen_tok=16
  [5750/13290 this process · 5750/13290 segment] 5.44s/row · 1394 chunks/h · ETA 5.41h for the segment · last finish=stop gen_tok=119
  [5800/13290 this process · 5800/13290 segment] 1.94s/row · 1395 chunks/h · ETA 5.37h for the segment · last finish=stop gen_tok=16
  [5850/13290 this process · 5850/13290 segment] 1.79s/row · 1397 chunks/h · ETA 5.32h for the segment · last finish=stop gen_tok=16
  [5900/13290 this process · 5900/13290 segment] 1.79s/row · 1400 chunks/h · ETA 5.28h for the segment · last finish=stop gen_tok=16
  [5950/13290 this process · 5950/13290 segment] 2.07s/row · 1402 chunks/h · ETA 5.23h for the segment · last finish=stop gen_tok=16
  [6000/13290 this process · 6000/13290 segment] 2.01s/row · 1403 chunks/h · ETA 5.20h for the segment · last finish=stop gen_tok=16
  [6050/13290 this process · 6050/13290 segment] 1.87s/row · 1403 chunks/h · ETA 5.16h for the segment · last finish=stop gen_tok=16
  [6100/13290 this process · 6100/13290 segment] 1.34s/row · 1405 chunks/h · ETA 5.12h for the segment · last finish=stop gen_tok=7
  [6150/13290 this process · 6150/13290 segment] 1.87s/row · 1406 chunks/h · ETA 5.08h for the segment · last finish=stop gen_tok=16
  [6200/13290 this process · 6200/13290 segment] 2.00s/row · 1408 chunks/h · ETA 5.04h for the segment · last finish=stop gen_tok=16
  [6250/13290 this process · 6250/13290 segment] 2.88s/row · 1410 chunks/h · ETA 4.99h for the segment · last finish=stop gen_tok=50
  [6300/13290 this process · 6300/13290 segment] 2.46s/row · 1410 chunks/h · ETA 4.96h for the segment · last finish=stop gen_tok=32
  [6350/13290 this process · 6350/13290 segment] 1.68s/row · 1411 chunks/h · ETA 4.92h for the segment · last finish=stop gen_tok=15
  [6400/13290 this process · 6400/13290 segment] 1.94s/row · 1411 chunks/h · ETA 4.88h for the segment · last finish=stop gen_tok=15
  [6450/13290 this process · 6450/13290 segment] 2.57s/row · 1411 chunks/h · ETA 4.85h for the segment · last finish=stop gen_tok=45
  [6500/13290 this process · 6500/13290 segment] 2.30s/row · 1411 chunks/h · ETA 4.81h for the segment · last finish=stop gen_tok=33
  [6550/13290 this process · 6550/13290 segment] 2.93s/row · 1412 chunks/h · ETA 4.77h for the segment · last finish=stop gen_tok=51
  [6600/13290 this process · 6600/13290 segment] 2.85s/row · 1414 chunks/h · ETA 4.73h for the segment · last finish=stop gen_tok=34
  [6650/13290 this process · 6650/13290 segment] 2.68s/row · 1414 chunks/h · ETA 4.70h for the segment · last finish=stop gen_tok=40
  [6700/13290 this process · 6700/13290 segment] 2.27s/row · 1414 chunks/h · ETA 4.66h for the segment · last finish=stop gen_tok=24
  [6750/13290 this process · 6750/13290 segment] 1.78s/row · 1415 chunks/h · ETA 4.62h for the segment · last finish=stop gen_tok=16
  [6800/13290 this process · 6800/13290 segment] 2.32s/row · 1416 chunks/h · ETA 4.58h for the segment · last finish=stop gen_tok=32
  [6850/13290 this process · 6850/13290 segment] 2.88s/row · 1417 chunks/h · ETA 4.54h for the segment · last finish=stop gen_tok=52
  [6900/13290 this process · 6900/13290 segment] 1.99s/row · 1419 chunks/h · ETA 4.50h for the segment · last finish=stop gen_tok=16
  [6950/13290 this process · 6950/13290 segment] 1.81s/row · 1420 chunks/h · ETA 4.46h for the segment · last finish=stop gen_tok=15
  [7000/13290 this process · 7000/13290 segment] 1.96s/row · 1422 chunks/h · ETA 4.42h for the segment · last finish=stop gen_tok=15
  [7050/13290 this process · 7050/13290 segment] 1.79s/row · 1424 chunks/h · ETA 4.38h for the segment · last finish=stop gen_tok=16
  [7100/13290 this process · 7100/13290 segment] 2.76s/row · 1425 chunks/h · ETA 4.34h for the segment · last finish=stop gen_tok=40
  [7150/13290 this process · 7150/13290 segment] 2.15s/row · 1426 chunks/h · ETA 4.31h for the segment · last finish=stop gen_tok=33
  [7200/13290 this process · 7200/13290 segment] 1.73s/row · 1428 chunks/h · ETA 4.27h for the segment · last finish=stop gen_tok=16
  [7250/13290 this process · 7250/13290 segment] 2.26s/row · 1429 chunks/h · ETA 4.23h for the segment · last finish=stop gen_tok=16
  [7300/13290 this process · 7300/13290 segment] 1.78s/row · 1431 chunks/h · ETA 4.19h for the segment · last finish=stop gen_tok=16
  [7350/13290 this process · 7350/13290 segment] 2.82s/row · 1433 chunks/h · ETA 4.15h for the segment · last finish=stop gen_tok=32
  [7400/13290 this process · 7400/13290 segment] 2.47s/row · 1432 chunks/h · ETA 4.11h for the segment · last finish=stop gen_tok=34
  [7450/13290 this process · 7450/13290 segment] 2.07s/row · 1432 chunks/h · ETA 4.08h for the segment · last finish=stop gen_tok=27
  [7500/13290 this process · 7500/13290 segment] 2.46s/row · 1432 chunks/h · ETA 4.04h for the segment · last finish=stop gen_tok=36
  [7550/13290 this process · 7550/13290 segment] 1.90s/row · 1432 chunks/h · ETA 4.01h for the segment · last finish=stop gen_tok=16
  [7600/13290 this process · 7600/13290 segment] 2.31s/row · 1432 chunks/h · ETA 3.97h for the segment · last finish=stop gen_tok=16
  [7650/13290 this process · 7650/13290 segment] 3.05s/row · 1434 chunks/h · ETA 3.93h for the segment · last finish=stop gen_tok=51
  [7700/13290 this process · 7700/13290 segment] 1.99s/row · 1434 chunks/h · ETA 3.90h for the segment · last finish=stop gen_tok=25
  [7750/13290 this process · 7750/13290 segment] 1.92s/row · 1434 chunks/h · ETA 3.86h for the segment · last finish=stop gen_tok=16
  [7800/13290 this process · 7800/13290 segment] 3.06s/row · 1435 chunks/h · ETA 3.82h for the segment · last finish=stop gen_tok=51
  [7850/13290 this process · 7850/13290 segment] 2.72s/row · 1437 chunks/h · ETA 3.79h for the segment · last finish=stop gen_tok=41
  [7900/13290 this process · 7900/13290 segment] 2.69s/row · 1438 chunks/h · ETA 3.75h for the segment · last finish=stop gen_tok=46
  [7950/13290 this process · 7950/13290 segment] 1.95s/row · 1438 chunks/h · ETA 3.71h for the segment · last finish=stop gen_tok=15
  [8000/13290 this process · 8000/13290 segment] 1.99s/row · 1439 chunks/h · ETA 3.68h for the segment · last finish=stop gen_tok=34
  [8050/13290 this process · 8050/13290 segment] 1.77s/row · 1439 chunks/h · ETA 3.64h for the segment · last finish=stop gen_tok=16
  [8100/13290 this process · 8100/13290 segment] 3.20s/row · 1439 chunks/h · ETA 3.61h for the segment · last finish=stop gen_tok=59
  [8150/13290 this process · 8150/13290 segment] 1.79s/row · 1440 chunks/h · ETA 3.57h for the segment · last finish=stop gen_tok=16
  [8200/13290 this process · 8200/13290 segment] 1.93s/row · 1440 chunks/h · ETA 3.54h for the segment · last finish=stop gen_tok=27
  [8250/13290 this process · 8250/13290 segment] 3.01s/row · 1440 chunks/h · ETA 3.50h for the segment · last finish=stop gen_tok=50
  [8300/13290 this process · 8300/13290 segment] 2.67s/row · 1440 chunks/h · ETA 3.47h for the segment · last finish=stop gen_tok=40
  [8350/13290 this process · 8350/13290 segment] 3.43s/row · 1440 chunks/h · ETA 3.43h for the segment · last finish=stop gen_tok=62
  [8400/13290 this process · 8400/13290 segment] 3.03s/row · 1440 chunks/h · ETA 3.39h for the segment · last finish=stop gen_tok=60
  [8450/13290 this process · 8450/13290 segment] 1.73s/row · 1440 chunks/h · ETA 3.36h for the segment · last finish=stop gen_tok=15
  [8500/13290 this process · 8500/13290 segment] 1.91s/row · 1441 chunks/h · ETA 3.32h for the segment · last finish=stop gen_tok=16
  [8550/13290 this process · 8550/13290 segment] 2.80s/row · 1442 chunks/h · ETA 3.29h for the segment · last finish=stop gen_tok=40
  [8600/13290 this process · 8600/13290 segment] 3.35s/row · 1441 chunks/h · ETA 3.25h for the segment · last finish=stop gen_tok=64
  [8650/13290 this process · 8650/13290 segment] 2.66s/row · 1441 chunks/h · ETA 3.22h for the segment · last finish=stop gen_tok=32
  [8700/13290 this process · 8700/13290 segment] 2.98s/row · 1442 chunks/h · ETA 3.18h for the segment · last finish=stop gen_tok=51
  [8750/13290 this process · 8750/13290 segment] 2.47s/row · 1442 chunks/h · ETA 3.15h for the segment · last finish=stop gen_tok=24
  [8800/13290 this process · 8800/13290 segment] 4.14s/row · 1441 chunks/h · ETA 3.12h for the segment · last finish=stop gen_tok=91
  [8850/13290 this process · 8850/13290 segment] 1.60s/row · 1442 chunks/h · ETA 3.08h for the segment · last finish=stop gen_tok=15
  [8900/13290 this process · 8900/13290 segment] 2.09s/row · 1441 chunks/h · ETA 3.05h for the segment · last finish=stop gen_tok=15
  [8950/13290 this process · 8950/13290 segment] 2.36s/row · 1441 chunks/h · ETA 3.01h for the segment · last finish=stop gen_tok=33
  [9000/13290 this process · 9000/13290 segment] 2.94s/row · 1441 chunks/h · ETA 2.98h for the segment · last finish=stop gen_tok=52
  [9050/13290 this process · 9050/13290 segment] 2.12s/row · 1440 chunks/h · ETA 2.94h for the segment · last finish=stop gen_tok=24
  [9100/13290 this process · 9100/13290 segment] 1.30s/row · 1440 chunks/h · ETA 2.91h for the segment · last finish=stop gen_tok=16
  [9150/13290 this process · 9150/13290 segment] 4.95s/row · 1441 chunks/h · ETA 2.87h for the segment · last finish=stop gen_tok=110
  [9200/13290 this process · 9200/13290 segment] 1.91s/row · 1442 chunks/h · ETA 2.84h for the segment · last finish=stop gen_tok=24
  [9250/13290 this process · 9250/13290 segment] 3.29s/row · 1442 chunks/h · ETA 2.80h for the segment · last finish=stop gen_tok=60
  [9300/13290 this process · 9300/13290 segment] 2.12s/row · 1442 chunks/h · ETA 2.77h for the segment · last finish=stop gen_tok=24
  [9350/13290 this process · 9350/13290 segment] 2.23s/row · 1442 chunks/h · ETA 2.73h for the segment · last finish=stop gen_tok=33
  [9400/13290 this process · 9400/13290 segment] 1.67s/row · 1444 chunks/h · ETA 2.69h for the segment · last finish=stop gen_tok=15
  [9450/13290 this process · 9450/13290 segment] 2.03s/row · 1444 chunks/h · ETA 2.66h for the segment · last finish=stop gen_tok=16
  [9500/13290 this process · 9500/13290 segment] 2.31s/row · 1443 chunks/h · ETA 2.63h for the segment · last finish=stop gen_tok=34
  [9550/13290 this process · 9550/13290 segment] 1.98s/row · 1444 chunks/h · ETA 2.59h for the segment · last finish=stop gen_tok=16
  [9600/13290 this process · 9600/13290 segment] 2.00s/row · 1444 chunks/h · ETA 2.56h for the segment · last finish=stop gen_tok=23
  [9650/13290 this process · 9650/13290 segment] 2.05s/row · 1443 chunks/h · ETA 2.52h for the segment · last finish=stop gen_tok=26
  [9700/13290 this process · 9700/13290 segment] 1.87s/row · 1444 chunks/h · ETA 2.49h for the segment · last finish=stop gen_tok=15
  [9750/13290 this process · 9750/13290 segment] 1.94s/row · 1445 chunks/h · ETA 2.45h for the segment · last finish=stop gen_tok=27
  [9800/13290 this process · 9800/13290 segment] 3.19s/row · 1445 chunks/h · ETA 2.42h for the segment · last finish=stop gen_tok=51
  [9850/13290 this process · 9850/13290 segment] 2.08s/row · 1445 chunks/h · ETA 2.38h for the segment · last finish=stop gen_tok=27
  [9900/13290 this process · 9900/13290 segment] 2.45s/row · 1446 chunks/h · ETA 2.34h for the segment · last finish=stop gen_tok=32
  [9950/13290 this process · 9950/13290 segment] 2.21s/row · 1448 chunks/h · ETA 2.31h for the segment · last finish=stop gen_tok=33
  [10000/13290 this process · 10000/13290 segment] 1.89s/row · 1447 chunks/h · ETA 2.27h for the segment · last finish=stop gen_tok=24
  [10050/13290 this process · 10050/13290 segment] 1.38s/row · 1448 chunks/h · ETA 2.24h for the segment · last finish=stop gen_tok=7
  [10100/13290 this process · 10100/13290 segment] 1.82s/row · 1448 chunks/h · ETA 2.20h for the segment · last finish=stop gen_tok=15
  [10150/13290 this process · 10150/13290 segment] 3.65s/row · 1448 chunks/h · ETA 2.17h for the segment · last finish=stop gen_tok=69
  [10200/13290 this process · 10200/13290 segment] 2.06s/row · 1447 chunks/h · ETA 2.13h for the segment · last finish=stop gen_tok=23
  [10250/13290 this process · 10250/13290 segment] 2.54s/row · 1448 chunks/h · ETA 2.10h for the segment · last finish=stop gen_tok=40
  [10300/13290 this process · 10300/13290 segment] 2.98s/row · 1447 chunks/h · ETA 2.07h for the segment · last finish=stop gen_tok=51
  [10350/13290 this process · 10350/13290 segment] 2.46s/row · 1447 chunks/h · ETA 2.03h for the segment · last finish=stop gen_tok=24
  [10400/13290 this process · 10400/13290 segment] 2.01s/row · 1447 chunks/h · ETA 2.00h for the segment · last finish=stop gen_tok=27
  [10450/13290 this process · 10450/13290 segment] 2.21s/row · 1448 chunks/h · ETA 1.96h for the segment · last finish=stop gen_tok=33
  [10500/13290 this process · 10500/13290 segment] 2.01s/row · 1450 chunks/h · ETA 1.92h for the segment · last finish=stop gen_tok=27
  [10550/13290 this process · 10550/13290 segment] 1.95s/row · 1450 chunks/h · ETA 1.89h for the segment · last finish=stop gen_tok=27
  [10600/13290 this process · 10600/13290 segment] 3.19s/row · 1451 chunks/h · ETA 1.85h for the segment · last finish=stop gen_tok=41
  [10650/13290 this process · 10650/13290 segment] 2.25s/row · 1451 chunks/h · ETA 1.82h for the segment · last finish=stop gen_tok=36
  [10700/13290 this process · 10700/13290 segment] 2.06s/row · 1451 chunks/h · ETA 1.78h for the segment · last finish=stop gen_tok=27
  [10750/13290 this process · 10750/13290 segment] 3.30s/row · 1451 chunks/h · ETA 1.75h for the segment · last finish=stop gen_tok=52
  [10800/13290 this process · 10800/13290 segment] 2.93s/row · 1451 chunks/h · ETA 1.72h for the segment · last finish=stop gen_tok=52
  [10850/13290 this process · 10850/13290 segment] 2.09s/row · 1451 chunks/h · ETA 1.68h for the segment · last finish=stop gen_tok=27
  [10900/13290 this process · 10900/13290 segment] 1.77s/row · 1451 chunks/h · ETA 1.65h for the segment · last finish=stop gen_tok=16
  [10950/13290 this process · 10950/13290 segment] 2.96s/row · 1450 chunks/h · ETA 1.61h for the segment · last finish=stop gen_tok=34
  [11000/13290 this process · 11000/13290 segment] 2.83s/row · 1450 chunks/h · ETA 1.58h for the segment · last finish=stop gen_tok=49
  [11050/13290 this process · 11050/13290 segment] 3.00s/row · 1450 chunks/h · ETA 1.54h for the segment · last finish=stop gen_tok=52
  [11100/13290 this process · 11100/13290 segment] 2.29s/row · 1450 chunks/h · ETA 1.51h for the segment · last finish=stop gen_tok=33
  [11150/13290 this process · 11150/13290 segment] 1.64s/row · 1450 chunks/h · ETA 1.48h for the segment · last finish=stop gen_tok=16
  [11200/13290 this process · 11200/13290 segment] 3.03s/row · 1449 chunks/h · ETA 1.44h for the segment · last finish=stop gen_tok=59
  [11250/13290 this process · 11250/13290 segment] 2.16s/row · 1449 chunks/h · ETA 1.41h for the segment · last finish=stop gen_tok=33
  [11300/13290 this process · 11300/13290 segment] 2.19s/row · 1449 chunks/h · ETA 1.37h for the segment · last finish=stop gen_tok=32
  [11350/13290 this process · 11350/13290 segment] 2.05s/row · 1450 chunks/h · ETA 1.34h for the segment · last finish=stop gen_tok=16
  [11400/13290 this process · 11400/13290 segment] 1.90s/row · 1451 chunks/h · ETA 1.30h for the segment · last finish=stop gen_tok=24
  [11450/13290 this process · 11450/13290 segment] 1.73s/row · 1451 chunks/h · ETA 1.27h for the segment · last finish=stop gen_tok=15
  [11500/13290 this process · 11500/13290 segment] 2.23s/row · 1452 chunks/h · ETA 1.23h for the segment · last finish=stop gen_tok=27
  [11550/13290 this process · 11550/13290 segment] 2.01s/row · 1453 chunks/h · ETA 1.20h for the segment · last finish=stop gen_tok=27
  [11600/13290 this process · 11600/13290 segment] 1.63s/row · 1453 chunks/h · ETA 1.16h for the segment · last finish=stop gen_tok=16
  [11650/13290 this process · 11650/13290 segment] 2.39s/row · 1454 chunks/h · ETA 1.13h for the segment · last finish=stop gen_tok=32
  [11700/13290 this process · 11700/13290 segment] 2.05s/row · 1455 chunks/h · ETA 1.09h for the segment · last finish=stop gen_tok=16
  [11750/13290 this process · 11750/13290 segment] 2.39s/row · 1456 chunks/h · ETA 1.06h for the segment · last finish=stop gen_tok=34
  [11800/13290 this process · 11800/13290 segment] 3.15s/row · 1456 chunks/h · ETA 1.02h for the segment · last finish=stop gen_tok=50
  [11850/13290 this process · 11850/13290 segment] 2.45s/row · 1457 chunks/h · ETA 0.99h for the segment · last finish=stop gen_tok=33
  [11900/13290 this process · 11900/13290 segment] 1.76s/row · 1458 chunks/h · ETA 0.95h for the segment · last finish=stop gen_tok=16
  [11950/13290 this process · 11950/13290 segment] 2.00s/row · 1459 chunks/h · ETA 0.92h for the segment · last finish=stop gen_tok=27
  [12000/13290 this process · 12000/13290 segment] 2.00s/row · 1460 chunks/h · ETA 0.88h for the segment · last finish=stop gen_tok=27
  [12050/13290 this process · 12050/13290 segment] 1.83s/row · 1461 chunks/h · ETA 0.85h for the segment · last finish=stop gen_tok=24
  [12100/13290 this process · 12100/13290 segment] 1.57s/row · 1461 chunks/h · ETA 0.81h for the segment · last finish=stop gen_tok=16
  [12150/13290 this process · 12150/13290 segment] 2.67s/row · 1462 chunks/h · ETA 0.78h for the segment · last finish=stop gen_tok=34
  [12200/13290 this process · 12200/13290 segment] 1.60s/row · 1462 chunks/h · ETA 0.75h for the segment · last finish=stop gen_tok=27
  [12250/13290 this process · 12250/13290 segment] 1.73s/row · 1463 chunks/h · ETA 0.71h for the segment · last finish=stop gen_tok=15
  [12300/13290 this process · 12300/13290 segment] 2.11s/row · 1464 chunks/h · ETA 0.68h for the segment · last finish=stop gen_tok=24
  [12350/13290 this process · 12350/13290 segment] 2.35s/row · 1464 chunks/h · ETA 0.64h for the segment · last finish=stop gen_tok=33
  [12400/13290 this process · 12400/13290 segment] 2.07s/row · 1464 chunks/h · ETA 0.61h for the segment · last finish=stop gen_tok=27
  [12450/13290 this process · 12450/13290 segment] 3.63s/row · 1464 chunks/h · ETA 0.57h for the segment · last finish=stop gen_tok=70
  [12500/13290 this process · 12500/13290 segment] 2.22s/row · 1465 chunks/h · ETA 0.54h for the segment · last finish=stop gen_tok=27
  [12550/13290 this process · 12550/13290 segment] 1.92s/row · 1465 chunks/h · ETA 0.51h for the segment · last finish=stop gen_tok=27
  [12600/13290 this process · 12600/13290 segment] 1.64s/row · 1465 chunks/h · ETA 0.47h for the segment · last finish=stop gen_tok=16
  [12650/13290 this process · 12650/13290 segment] 2.61s/row · 1466 chunks/h · ETA 0.44h for the segment · last finish=stop gen_tok=32
  [12700/13290 this process · 12700/13290 segment] 1.98s/row · 1466 chunks/h · ETA 0.40h for the segment · last finish=stop gen_tok=16
  [12750/13290 this process · 12750/13290 segment] 2.09s/row · 1466 chunks/h · ETA 0.37h for the segment · last finish=stop gen_tok=24
  [12800/13290 this process · 12800/13290 segment] 1.88s/row · 1467 chunks/h · ETA 0.33h for the segment · last finish=stop gen_tok=23
  [12850/13290 this process · 12850/13290 segment] 2.82s/row · 1468 chunks/h · ETA 0.30h for the segment · last finish=stop gen_tok=42
  [12900/13290 this process · 12900/13290 segment] 2.87s/row · 1468 chunks/h · ETA 0.27h for the segment · last finish=stop gen_tok=52
  [12950/13290 this process · 12950/13290 segment] 4.00s/row · 1468 chunks/h · ETA 0.23h for the segment · last finish=stop gen_tok=85
  [13000/13290 this process · 13000/13290 segment] 1.83s/row · 1469 chunks/h · ETA 0.20h for the segment · last finish=stop gen_tok=16
  [13050/13290 this process · 13050/13290 segment] 1.90s/row · 1469 chunks/h · ETA 0.16h for the segment · last finish=stop gen_tok=24
  [13100/13290 this process · 13100/13290 segment] 2.05s/row · 1470 chunks/h · ETA 0.13h for the segment · last finish=stop gen_tok=16
  [13150/13290 this process · 13150/13290 segment] 2.05s/row · 1471 chunks/h · ETA 0.10h for the segment · last finish=stop gen_tok=24
  [13200/13290 this process · 13200/13290 segment] 1.98s/row · 1471 chunks/h · ETA 0.06h for the segment · last finish=stop gen_tok=24
  [13250/13290 this process · 13250/13290 segment] 1.90s/row · 1472 chunks/h · ETA 0.03h for the segment · last finish=stop gen_tok=16
  [13290/13290 this process · 13290/13290 segment] 0.98s/row · 1473 chunks/h · ETA 0.00h for the segment · last finish=stop gen_tok=7

SEGMENT seg-023 COMPLETE — 13290/13290 rows.
Now finalize with the SYSTEM python3 (no GPU, seconds):
    python3 finetune/label_e2.py --finalize-segment seg-023
