0 already in labels.jsonl · 13248 to generate
loading base model + adapter (the only GPU work) ...
  loaded in 1.1s
  [50/13248 this process · 50/13248 segment] 2.36s/row · 1443 chunks/h · ETA 9.15h for the segment · last finish=stop gen_tok=42
  [100/13248 this process · 100/13248 segment] 2.00s/row · 1503 chunks/h · ETA 8.75h for the segment · last finish=stop gen_tok=24
  [150/13248 this process · 150/13248 segment] 1.86s/row · 1551 chunks/h · ETA 8.44h for the segment · last finish=stop gen_tok=16
  [200/13248 this process · 200/13248 segment] 2.74s/row · 1587 chunks/h · ETA 8.22h for the segment · last finish=stop gen_tok=41
  [250/13248 this process · 250/13248 segment] 2.31s/row · 1615 chunks/h · ETA 8.05h for the segment · last finish=stop gen_tok=24
  [300/13248 this process · 300/13248 segment] 2.16s/row · 1634 chunks/h · ETA 7.92h for the segment · last finish=stop gen_tok=23
  [350/13248 this process · 350/13248 segment] 1.70s/row · 1612 chunks/h · ETA 8.00h for the segment · last finish=stop gen_tok=15
  [400/13248 this process · 400/13248 segment] 1.67s/row · 1620 chunks/h · ETA 7.93h for the segment · last finish=stop gen_tok=16
  [450/13248 this process · 450/13248 segment] 2.02s/row · 1618 chunks/h · ETA 7.91h for the segment · last finish=stop gen_tok=16
  [500/13248 this process · 500/13248 segment] 2.08s/row · 1618 chunks/h · ETA 7.88h for the segment · last finish=stop gen_tok=16
  [550/13248 this process · 550/13248 segment] 3.00s/row · 1601 chunks/h · ETA 7.93h for the segment · last finish=stop gen_tok=51
  [600/13248 this process · 600/13248 segment] 2.39s/row · 1597 chunks/h · ETA 7.92h for the segment · last finish=stop gen_tok=33
  [650/13248 this process · 650/13248 segment] 2.33s/row · 1594 chunks/h · ETA 7.90h for the segment · last finish=stop gen_tok=33
  [700/13248 this process · 700/13248 segment] 1.72s/row · 1612 chunks/h · ETA 7.78h for the segment · last finish=stop gen_tok=16
  [750/13248 this process · 750/13248 segment] 2.91s/row · 1628 chunks/h · ETA 7.68h for the segment · last finish=stop gen_tok=51
  [800/13248 this process · 800/13248 segment] 1.77s/row · 1621 chunks/h · ETA 7.68h for the segment · last finish=stop gen_tok=15
  [850/13248 this process · 850/13248 segment] 2.62s/row · 1625 chunks/h · ETA 7.63h for the segment · last finish=stop gen_tok=34
  [900/13248 this process · 900/13248 segment] 1.86s/row · 1621 chunks/h · ETA 7.62h for the segment · last finish=stop gen_tok=24
  [950/13248 this process · 950/13248 segment] 2.39s/row · 1629 chunks/h · ETA 7.55h for the segment · last finish=stop gen_tok=33
  [1000/13248 this process · 1000/13248 segment] 2.01s/row · 1633 chunks/h · ETA 7.50h for the segment · last finish=stop gen_tok=16
  [1050/13248 this process · 1050/13248 segment] 1.92s/row · 1639 chunks/h · ETA 7.44h for the segment · last finish=stop gen_tok=16
  [1100/13248 this process · 1100/13248 segment] 1.91s/row · 1650 chunks/h · ETA 7.36h for the segment · last finish=stop gen_tok=16
  [1150/13248 this process · 1150/13248 segment] 2.15s/row · 1658 chunks/h · ETA 7.30h for the segment · last finish=stop gen_tok=33
  [1200/13248 this process · 1200/13248 segment] 2.34s/row · 1652 chunks/h · ETA 7.29h for the segment · last finish=stop gen_tok=32
  [1250/13248 this process · 1250/13248 segment] 2.13s/row · 1652 chunks/h · ETA 7.26h for the segment · last finish=stop gen_tok=23
  [1300/13248 this process · 1300/13248 segment] 1.79s/row · 1652 chunks/h · ETA 7.23h for the segment · last finish=stop gen_tok=16
  [1350/13248 this process · 1350/13248 segment] 1.68s/row · 1655 chunks/h · ETA 7.19h for the segment · last finish=stop gen_tok=15
  [1400/13248 this process · 1400/13248 segment] 2.84s/row · 1656 chunks/h · ETA 7.16h for the segment · last finish=stop gen_tok=50
  [1450/13248 this process · 1450/13248 segment] 1.66s/row · 1658 chunks/h · ETA 7.11h for the segment · last finish=stop gen_tok=16
  [1500/13248 this process · 1500/13248 segment] 1.78s/row · 1661 chunks/h · ETA 7.07h for the segment · last finish=stop gen_tok=16
  [1550/13248 this process · 1550/13248 segment] 1.67s/row · 1664 chunks/h · ETA 7.03h for the segment · last finish=stop gen_tok=16
  [1600/13248 this process · 1600/13248 segment] 2.61s/row · 1664 chunks/h · ETA 7.00h for the segment · last finish=stop gen_tok=33
  [1650/13248 this process · 1650/13248 segment] 1.62s/row · 1668 chunks/h · ETA 6.95h for the segment · last finish=stop gen_tok=16
  [1700/13248 this process · 1700/13248 segment] 2.43s/row · 1669 chunks/h · ETA 6.92h for the segment · last finish=stop gen_tok=32
  [1750/13248 this process · 1750/13248 segment] 2.66s/row · 1675 chunks/h · ETA 6.86h for the segment · last finish=stop gen_tok=48
  [1800/13248 this process · 1800/13248 segment] 2.28s/row · 1680 chunks/h · ETA 6.81h for the segment · last finish=stop gen_tok=16
  [1850/13248 this process · 1850/13248 segment] 2.14s/row · 1679 chunks/h · ETA 6.79h for the segment · last finish=stop gen_tok=16
  [1900/13248 this process · 1900/13248 segment] 1.72s/row · 1680 chunks/h · ETA 6.75h for the segment · last finish=stop gen_tok=16
  [1950/13248 this process · 1950/13248 segment] 2.34s/row · 1684 chunks/h · ETA 6.71h for the segment · last finish=stop gen_tok=32
  [2000/13248 this process · 2000/13248 segment] 1.28s/row · 1680 chunks/h · ETA 6.69h for the segment · last finish=stop gen_tok=7
  [2050/13248 this process · 2050/13248 segment] 2.35s/row · 1679 chunks/h · ETA 6.67h for the segment · last finish=stop gen_tok=32
  [2100/13248 this process · 2100/13248 segment] 2.73s/row · 1683 chunks/h · ETA 6.63h for the segment · last finish=stop gen_tok=33
  [2150/13248 this process · 2150/13248 segment] 1.80s/row · 1683 chunks/h · ETA 6.60h for the segment · last finish=stop gen_tok=16
  [2200/13248 this process · 2200/13248 segment] 1.32s/row · 1684 chunks/h · ETA 6.56h for the segment · last finish=stop gen_tok=16
  [2250/13248 this process · 2250/13248 segment] 2.44s/row · 1679 chunks/h · ETA 6.55h for the segment · last finish=stop gen_tok=34
  [2300/13248 this process · 2300/13248 segment] 1.33s/row · 1676 chunks/h · ETA 6.53h for the segment · last finish=stop gen_tok=16
  [2350/13248 this process · 2350/13248 segment] 1.96s/row · 1678 chunks/h · ETA 6.50h for the segment · last finish=stop gen_tok=27
  [2400/13248 this process · 2400/13248 segment] 1.82s/row · 1673 chunks/h · ETA 6.48h for the segment · last finish=stop gen_tok=24
  [2450/13248 this process · 2450/13248 segment] 2.84s/row · 1674 chunks/h · ETA 6.45h for the segment · last finish=stop gen_tok=50
  [2500/13248 this process · 2500/13248 segment] 2.59s/row · 1677 chunks/h · ETA 6.41h for the segment · last finish=stop gen_tok=33
  [2550/13248 this process · 2550/13248 segment] 2.00s/row · 1679 chunks/h · ETA 6.37h for the segment · last finish=stop gen_tok=16
  [2600/13248 this process · 2600/13248 segment] 2.36s/row · 1677 chunks/h · ETA 6.35h for the segment · last finish=stop gen_tok=32
  [2650/13248 this process · 2650/13248 segment] 3.06s/row · 1672 chunks/h · ETA 6.34h for the segment · last finish=stop gen_tok=52
  [2700/13248 this process · 2700/13248 segment] 1.67s/row · 1669 chunks/h · ETA 6.32h for the segment · last finish=stop gen_tok=16
  [2750/13248 this process · 2750/13248 segment] 1.80s/row · 1669 chunks/h · ETA 6.29h for the segment · last finish=stop gen_tok=16
  [2800/13248 this process · 2800/13248 segment] 1.64s/row · 1672 chunks/h · ETA 6.25h for the segment · last finish=stop gen_tok=16
  [2850/13248 this process · 2850/13248 segment] 1.76s/row · 1673 chunks/h · ETA 6.21h for the segment · last finish=stop gen_tok=16
  [2900/13248 this process · 2900/13248 segment] 4.51s/row · 1675 chunks/h · ETA 6.18h for the segment · last finish=stop gen_tok=99
  [2950/13248 this process · 2950/13248 segment] 1.89s/row · 1679 chunks/h · ETA 6.13h for the segment · last finish=stop gen_tok=23
  [3000/13248 this process · 3000/13248 segment] 1.65s/row · 1679 chunks/h · ETA 6.10h for the segment · last finish=stop gen_tok=16
  [3050/13248 this process · 3050/13248 segment] 2.64s/row · 1674 chunks/h · ETA 6.09h for the segment · last finish=stop gen_tok=46
  [3100/13248 this process · 3100/13248 segment] 2.54s/row · 1673 chunks/h · ETA 6.07h for the segment · last finish=stop gen_tok=33
  [3150/13248 this process · 3150/13248 segment] 2.08s/row · 1670 chunks/h · ETA 6.05h for the segment · last finish=stop gen_tok=24
  [3200/13248 this process · 3200/13248 segment] 2.11s/row · 1671 chunks/h · ETA 6.01h for the segment · last finish=stop gen_tok=23
  [3250/13248 this process · 3250/13248 segment] 2.12s/row · 1670 chunks/h · ETA 5.99h for the segment · last finish=stop gen_tok=27
  [3300/13248 this process · 3300/13248 segment] 2.03s/row · 1672 chunks/h · ETA 5.95h for the segment · last finish=stop gen_tok=27
  [3350/13248 this process · 3350/13248 segment] 1.98s/row · 1671 chunks/h · ETA 5.92h for the segment · last finish=stop gen_tok=15
  [3400/13248 this process · 3400/13248 segment] 3.24s/row · 1673 chunks/h · ETA 5.89h for the segment · last finish=stop gen_tok=51
  [3450/13248 this process · 3450/13248 segment] 2.91s/row · 1672 chunks/h · ETA 5.86h for the segment · last finish=stop gen_tok=48
  [3500/13248 this process · 3500/13248 segment] 2.00s/row · 1673 chunks/h · ETA 5.83h for the segment · last finish=stop gen_tok=24
  [3550/13248 this process · 3550/13248 segment] 2.11s/row · 1673 chunks/h · ETA 5.80h for the segment · last finish=stop gen_tok=27
  [3600/13248 this process · 3600/13248 segment] 1.97s/row · 1675 chunks/h · ETA 5.76h for the segment · last finish=stop gen_tok=37
  [3650/13248 this process · 3650/13248 segment] 1.79s/row · 1677 chunks/h · ETA 5.72h for the segment · last finish=stop gen_tok=24
  [3700/13248 this process · 3700/13248 segment] 2.26s/row · 1676 chunks/h · ETA 5.70h for the segment · last finish=stop gen_tok=33
  [3750/13248 this process · 3750/13248 segment] 3.30s/row · 1676 chunks/h · ETA 5.67h for the segment · last finish=stop gen_tok=61
  [3800/13248 this process · 3800/13248 segment] 2.29s/row · 1674 chunks/h · ETA 5.64h for the segment · last finish=stop gen_tok=16
  [3850/13248 this process · 3850/13248 segment] 3.38s/row · 1673 chunks/h · ETA 5.62h for the segment · last finish=stop gen_tok=70
  [3900/13248 this process · 3900/13248 segment] 1.08s/row · 1672 chunks/h · ETA 5.59h for the segment · last finish=stop gen_tok=7
  [3950/13248 this process · 3950/13248 segment] 2.54s/row · 1668 chunks/h · ETA 5.58h for the segment · last finish=stop gen_tok=33
  [4000/13248 this process · 4000/13248 segment] 2.58s/row · 1663 chunks/h · ETA 5.56h for the segment · last finish=stop gen_tok=34
  [4050/13248 this process · 4050/13248 segment] 2.27s/row · 1660 chunks/h · ETA 5.54h for the segment · last finish=stop gen_tok=15
  [4100/13248 this process · 4100/13248 segment] 2.52s/row · 1659 chunks/h · ETA 5.51h for the segment · last finish=stop gen_tok=24
  [4150/13248 this process · 4150/13248 segment] 2.20s/row · 1658 chunks/h · ETA 5.49h for the segment · last finish=stop gen_tok=16
  [4200/13248 this process · 4200/13248 segment] 2.06s/row · 1657 chunks/h · ETA 5.46h for the segment · last finish=stop gen_tok=16
  [4250/13248 this process · 4250/13248 segment] 1.63s/row · 1656 chunks/h · ETA 5.43h for the segment · last finish=stop gen_tok=16
  [4300/13248 this process · 4300/13248 segment] 3.31s/row · 1655 chunks/h · ETA 5.41h for the segment · last finish=stop gen_tok=60
  [4350/13248 this process · 4350/13248 segment] 2.62s/row · 1654 chunks/h · ETA 5.38h for the segment · last finish=stop gen_tok=16
  [4400/13248 this process · 4400/13248 segment] 2.87s/row · 1649 chunks/h · ETA 5.36h for the segment · last finish=stop gen_tok=34
  [4450/13248 this process · 4450/13248 segment] 2.62s/row · 1648 chunks/h · ETA 5.34h for the segment · last finish=stop gen_tok=16
  [4500/13248 this process · 4500/13248 segment] 1.65s/row · 1649 chunks/h · ETA 5.30h for the segment · last finish=stop gen_tok=16
  [4550/13248 this process · 4550/13248 segment] 1.33s/row · 1651 chunks/h · ETA 5.27h for the segment · last finish=stop gen_tok=7
  [4600/13248 this process · 4600/13248 segment] 2.04s/row · 1653 chunks/h · ETA 5.23h for the segment · last finish=stop gen_tok=15
  [4650/13248 this process · 4650/13248 segment] 2.28s/row · 1653 chunks/h · ETA 5.20h for the segment · last finish=stop gen_tok=32
  [4700/13248 this process · 4700/13248 segment] 3.50s/row · 1653 chunks/h · ETA 5.17h for the segment · last finish=stop gen_tok=69
  [4750/13248 this process · 4750/13248 segment] 2.07s/row · 1652 chunks/h · ETA 5.15h for the segment · last finish=stop gen_tok=24
  [4800/13248 this process · 4800/13248 segment] 1.90s/row · 1650 chunks/h · ETA 5.12h for the segment · last finish=stop gen_tok=15
  [4850/13248 this process · 4850/13248 segment] 2.42s/row · 1646 chunks/h · ETA 5.10h for the segment · last finish=stop gen_tok=34
  [4900/13248 this process · 4900/13248 segment] 2.26s/row · 1646 chunks/h · ETA 5.07h for the segment · last finish=stop gen_tok=33
  [4950/13248 this process · 4950/13248 segment] 1.90s/row · 1644 chunks/h · ETA 5.05h for the segment · last finish=stop gen_tok=15
  [5000/13248 this process · 5000/13248 segment] 3.10s/row · 1643 chunks/h · ETA 5.02h for the segment · last finish=stop gen_tok=51
  [5050/13248 this process · 5050/13248 segment] 2.91s/row · 1643 chunks/h · ETA 4.99h for the segment · last finish=stop gen_tok=42
  [5100/13248 this process · 5100/13248 segment] 4.13s/row · 1641 chunks/h · ETA 4.96h for the segment · last finish=stop gen_tok=64
  [5150/13248 this process · 5150/13248 segment] 2.48s/row · 1639 chunks/h · ETA 4.94h for the segment · last finish=stop gen_tok=23
  [5200/13248 this process · 5200/13248 segment] 1.98s/row · 1639 chunks/h · ETA 4.91h for the segment · last finish=stop gen_tok=15
  [5250/13248 this process · 5250/13248 segment] 1.90s/row · 1638 chunks/h · ETA 4.88h for the segment · last finish=stop gen_tok=27
  [5300/13248 this process · 5300/13248 segment] 3.56s/row · 1636 chunks/h · ETA 4.86h for the segment · last finish=stop gen_tok=69
  [5350/13248 this process · 5350/13248 segment] 2.81s/row · 1636 chunks/h · ETA 4.83h for the segment · last finish=stop gen_tok=49
  [5400/13248 this process · 5400/13248 segment] 1.87s/row · 1634 chunks/h · ETA 4.80h for the segment · last finish=stop gen_tok=16
  [5450/13248 this process · 5450/13248 segment] 3.59s/row · 1632 chunks/h · ETA 4.78h for the segment · last finish=stop gen_tok=70
  [5500/13248 this process · 5500/13248 segment] 1.90s/row · 1630 chunks/h · ETA 4.75h for the segment · last finish=stop gen_tok=15
  [5550/13248 this process · 5550/13248 segment] 2.50s/row · 1630 chunks/h · ETA 4.72h for the segment · last finish=stop gen_tok=24
  [5600/13248 this process · 5600/13248 segment] 2.71s/row · 1631 chunks/h · ETA 4.69h for the segment · last finish=stop gen_tok=24
  [5650/13248 this process · 5650/13248 segment] 2.31s/row · 1631 chunks/h · ETA 4.66h for the segment · last finish=stop gen_tok=33
  [5700/13248 this process · 5700/13248 segment] 1.87s/row · 1631 chunks/h · ETA 4.63h for the segment · last finish=stop gen_tok=16
  [5750/13248 this process · 5750/13248 segment] 2.38s/row · 1631 chunks/h · ETA 4.60h for the segment · last finish=stop gen_tok=23
  [5800/13248 this process · 5800/13248 segment] 3.48s/row · 1630 chunks/h · ETA 4.57h for the segment · last finish=stop gen_tok=69
  [5850/13248 this process · 5850/13248 segment] 2.75s/row · 1629 chunks/h · ETA 4.54h for the segment · last finish=stop gen_tok=45
  [5900/13248 this process · 5900/13248 segment] 2.50s/row · 1627 chunks/h · ETA 4.52h for the segment · last finish=stop gen_tok=32
  [5950/13248 this process · 5950/13248 segment] 2.05s/row · 1626 chunks/h · ETA 4.49h for the segment · last finish=stop gen_tok=23
  [6000/13248 this process · 6000/13248 segment] 2.86s/row · 1624 chunks/h · ETA 4.46h for the segment · last finish=stop gen_tok=42
  [6050/13248 this process · 6050/13248 segment] 2.22s/row · 1621 chunks/h · ETA 4.44h for the segment · last finish=stop gen_tok=32
  [6100/13248 this process · 6100/13248 segment] 1.83s/row · 1621 chunks/h · ETA 4.41h for the segment · last finish=stop gen_tok=15
  [6150/13248 this process · 6150/13248 segment] 1.86s/row · 1621 chunks/h · ETA 4.38h for the segment · last finish=stop gen_tok=16
  [6200/13248 this process · 6200/13248 segment] 2.26s/row · 1620 chunks/h · ETA 4.35h for the segment · last finish=stop gen_tok=23
  [6250/13248 this process · 6250/13248 segment] 2.14s/row · 1620 chunks/h · ETA 4.32h for the segment · last finish=stop gen_tok=28
  [6300/13248 this process · 6300/13248 segment] 2.87s/row · 1620 chunks/h · ETA 4.29h for the segment · last finish=stop gen_tok=50
  [6350/13248 this process · 6350/13248 segment] 2.14s/row · 1620 chunks/h · ETA 4.26h for the segment · last finish=stop gen_tok=24
  [6400/13248 this process · 6400/13248 segment] 2.97s/row · 1621 chunks/h · ETA 4.23h for the segment · last finish=stop gen_tok=50
  [6450/13248 this process · 6450/13248 segment] 2.63s/row · 1619 chunks/h · ETA 4.20h for the segment · last finish=stop gen_tok=42
  [6500/13248 this process · 6500/13248 segment] 2.44s/row · 1620 chunks/h · ETA 4.17h for the segment · last finish=stop gen_tok=16
  [6550/13248 this process · 6550/13248 segment] 1.87s/row · 1618 chunks/h · ETA 4.14h for the segment · last finish=stop gen_tok=24
  [6600/13248 this process · 6600/13248 segment] 1.74s/row · 1618 chunks/h · ETA 4.11h for the segment · last finish=stop gen_tok=16
  [6650/13248 this process · 6650/13248 segment] 2.01s/row · 1618 chunks/h · ETA 4.08h for the segment · last finish=stop gen_tok=16
  [6700/13248 this process · 6700/13248 segment] 1.71s/row · 1620 chunks/h · ETA 4.04h for the segment · last finish=stop gen_tok=16
  [6750/13248 this process · 6750/13248 segment] 1.67s/row · 1621 chunks/h · ETA 4.01h for the segment · last finish=stop gen_tok=15
  [6800/13248 this process · 6800/13248 segment] 2.76s/row · 1621 chunks/h · ETA 3.98h for the segment · last finish=stop gen_tok=40
  [6850/13248 this process · 6850/13248 segment] 1.39s/row · 1621 chunks/h · ETA 3.95h for the segment · last finish=stop gen_tok=16
  [6900/13248 this process · 6900/13248 segment] 2.85s/row · 1621 chunks/h · ETA 3.92h for the segment · last finish=stop gen_tok=46
  [6950/13248 this process · 6950/13248 segment] 2.56s/row · 1621 chunks/h · ETA 3.89h for the segment · last finish=stop gen_tok=34
  [7000/13248 this process · 7000/13248 segment] 2.29s/row · 1621 chunks/h · ETA 3.85h for the segment · last finish=stop gen_tok=32
  [7050/13248 this process · 7050/13248 segment] 3.53s/row · 1621 chunks/h · ETA 3.82h for the segment · last finish=stop gen_tok=70
  [7100/13248 this process · 7100/13248 segment] 2.29s/row · 1622 chunks/h · ETA 3.79h for the segment · last finish=stop gen_tok=34
  [7150/13248 this process · 7150/13248 segment] 2.37s/row · 1621 chunks/h · ETA 3.76h for the segment · last finish=stop gen_tok=34
  [7200/13248 this process · 7200/13248 segment] 2.33s/row · 1620 chunks/h · ETA 3.73h for the segment · last finish=stop gen_tok=33
  [7250/13248 this process · 7250/13248 segment] 2.57s/row · 1620 chunks/h · ETA 3.70h for the segment · last finish=stop gen_tok=32
  [7300/13248 this process · 7300/13248 segment] 2.38s/row · 1620 chunks/h · ETA 3.67h for the segment · last finish=stop gen_tok=33
  [7350/13248 this process · 7350/13248 segment] 1.66s/row · 1621 chunks/h · ETA 3.64h for the segment · last finish=stop gen_tok=24
  [7400/13248 this process · 7400/13248 segment] 1.64s/row · 1621 chunks/h · ETA 3.61h for the segment · last finish=stop gen_tok=16
  [7450/13248 this process · 7450/13248 segment] 1.76s/row · 1621 chunks/h · ETA 3.58h for the segment · last finish=stop gen_tok=15
  [7500/13248 this process · 7500/13248 segment] 2.20s/row · 1621 chunks/h · ETA 3.55h for the segment · last finish=stop gen_tok=32
  [7550/13248 this process · 7550/13248 segment] 2.65s/row · 1622 chunks/h · ETA 3.51h for the segment · last finish=stop gen_tok=41
  [7600/13248 this process · 7600/13248 segment] 1.94s/row · 1622 chunks/h · ETA 3.48h for the segment · last finish=stop gen_tok=16
  [7650/13248 this process · 7650/13248 segment] 1.80s/row · 1623 chunks/h · ETA 3.45h for the segment · last finish=stop gen_tok=16
  [7700/13248 this process · 7700/13248 segment] 2.59s/row · 1622 chunks/h · ETA 3.42h for the segment · last finish=stop gen_tok=45
  [7750/13248 this process · 7750/13248 segment] 1.70s/row · 1622 chunks/h · ETA 3.39h for the segment · last finish=stop gen_tok=15
  [7800/13248 this process · 7800/13248 segment] 2.21s/row · 1623 chunks/h · ETA 3.36h for the segment · last finish=stop gen_tok=32
  [7850/13248 this process · 7850/13248 segment] 1.73s/row · 1624 chunks/h · ETA 3.32h for the segment · last finish=stop gen_tok=16
  [7900/13248 this process · 7900/13248 segment] 2.64s/row · 1625 chunks/h · ETA 3.29h for the segment · last finish=stop gen_tok=33
  [7950/13248 this process · 7950/13248 segment] 2.49s/row · 1625 chunks/h · ETA 3.26h for the segment · last finish=stop gen_tok=32
  [8000/13248 this process · 8000/13248 segment] 1.66s/row · 1626 chunks/h · ETA 3.23h for the segment · last finish=stop gen_tok=16
  [8050/13248 this process · 8050/13248 segment] 1.73s/row · 1625 chunks/h · ETA 3.20h for the segment · last finish=stop gen_tok=16
  [8100/13248 this process · 8100/13248 segment] 2.28s/row · 1625 chunks/h · ETA 3.17h for the segment · last finish=stop gen_tok=16
  [8150/13248 this process · 8150/13248 segment] 1.71s/row · 1626 chunks/h · ETA 3.13h for the segment · last finish=stop gen_tok=16
  [8200/13248 this process · 8200/13248 segment] 1.63s/row · 1628 chunks/h · ETA 3.10h for the segment · last finish=stop gen_tok=16
  [8250/13248 this process · 8250/13248 segment] 2.28s/row · 1628 chunks/h · ETA 3.07h for the segment · last finish=stop gen_tok=33
  [8300/13248 this process · 8300/13248 segment] 1.74s/row · 1627 chunks/h · ETA 3.04h for the segment · last finish=stop gen_tok=16
  [8350/13248 this process · 8350/13248 segment] 2.16s/row · 1628 chunks/h · ETA 3.01h for the segment · last finish=stop gen_tok=27
  [8400/13248 this process · 8400/13248 segment] 3.18s/row · 1628 chunks/h · ETA 2.98h for the segment · last finish=stop gen_tok=51
  [8450/13248 this process · 8450/13248 segment] 1.54s/row · 1628 chunks/h · ETA 2.95h for the segment · last finish=stop gen_tok=16
  [8500/13248 this process · 8500/13248 segment] 3.03s/row · 1628 chunks/h · ETA 2.92h for the segment · last finish=stop gen_tok=51
  [8550/13248 this process · 8550/13248 segment] 1.69s/row · 1629 chunks/h · ETA 2.88h for the segment · last finish=stop gen_tok=15
  [8600/13248 this process · 8600/13248 segment] 3.16s/row · 1630 chunks/h · ETA 2.85h for the segment · last finish=stop gen_tok=49
  [8650/13248 this process · 8650/13248 segment] 1.72s/row · 1630 chunks/h · ETA 2.82h for the segment · last finish=stop gen_tok=16
  [8700/13248 this process · 8700/13248 segment] 2.67s/row · 1627 chunks/h · ETA 2.79h for the segment · last finish=stop gen_tok=41
  [8750/13248 this process · 8750/13248 segment] 1.94s/row · 1627 chunks/h · ETA 2.76h for the segment · last finish=stop gen_tok=24
  [8800/13248 this process · 8800/13248 segment] 2.29s/row · 1627 chunks/h · ETA 2.73h for the segment · last finish=stop gen_tok=32
  [8850/13248 this process · 8850/13248 segment] 2.29s/row · 1626 chunks/h · ETA 2.70h for the segment · last finish=stop gen_tok=32
  [8900/13248 this process · 8900/13248 segment] 1.72s/row · 1627 chunks/h · ETA 2.67h for the segment · last finish=stop gen_tok=16
  [8950/13248 this process · 8950/13248 segment] 2.29s/row · 1627 chunks/h · ETA 2.64h for the segment · last finish=stop gen_tok=33
  [9000/13248 this process · 9000/13248 segment] 1.59s/row · 1627 chunks/h · ETA 2.61h for the segment · last finish=stop gen_tok=16
  [9050/13248 this process · 9050/13248 segment] 1.65s/row · 1629 chunks/h · ETA 2.58h for the segment · last finish=stop gen_tok=16
  [9100/13248 this process · 9100/13248 segment] 1.73s/row · 1628 chunks/h · ETA 2.55h for the segment · last finish=stop gen_tok=16
  [9150/13248 this process · 9150/13248 segment] 2.79s/row · 1628 chunks/h · ETA 2.52h for the segment · last finish=stop gen_tok=42
  [9200/13248 this process · 9200/13248 segment] 2.20s/row · 1628 chunks/h · ETA 2.49h for the segment · last finish=stop gen_tok=32
  [9250/13248 this process · 9250/13248 segment] 1.80s/row · 1629 chunks/h · ETA 2.45h for the segment · last finish=stop gen_tok=16
  [9300/13248 this process · 9300/13248 segment] 1.58s/row · 1629 chunks/h · ETA 2.42h for the segment · last finish=stop gen_tok=16
  [9350/13248 this process · 9350/13248 segment] 2.33s/row · 1629 chunks/h · ETA 2.39h for the segment · last finish=stop gen_tok=32
  [9400/13248 this process · 9400/13248 segment] 2.92s/row · 1629 chunks/h · ETA 2.36h for the segment · last finish=stop gen_tok=51
  [9450/13248 this process · 9450/13248 segment] 1.99s/row · 1629 chunks/h · ETA 2.33h for the segment · last finish=stop gen_tok=23
  [9500/13248 this process · 9500/13248 segment] 2.29s/row · 1629 chunks/h · ETA 2.30h for the segment · last finish=stop gen_tok=34
  [9550/13248 this process · 9550/13248 segment] 1.73s/row · 1630 chunks/h · ETA 2.27h for the segment · last finish=stop gen_tok=16
  [9600/13248 this process · 9600/13248 segment] 2.37s/row · 1631 chunks/h · ETA 2.24h for the segment · last finish=stop gen_tok=33
  [9650/13248 this process · 9650/13248 segment] 3.72s/row · 1631 chunks/h · ETA 2.21h for the segment · last finish=stop gen_tok=69
  [9700/13248 this process · 9700/13248 segment] 2.88s/row · 1630 chunks/h · ETA 2.18h for the segment · last finish=stop gen_tok=34
  [9750/13248 this process · 9750/13248 segment] 3.19s/row · 1630 chunks/h · ETA 2.15h for the segment · last finish=stop gen_tok=62
  [9800/13248 this process · 9800/13248 segment] 2.09s/row · 1629 chunks/h · ETA 2.12h for the segment · last finish=stop gen_tok=24
  [9850/13248 this process · 9850/13248 segment] 2.00s/row · 1628 chunks/h · ETA 2.09h for the segment · last finish=stop gen_tok=16
  [9900/13248 this process · 9900/13248 segment] 2.37s/row · 1628 chunks/h · ETA 2.06h for the segment · last finish=stop gen_tok=33
  [9950/13248 this process · 9950/13248 segment] 2.28s/row · 1629 chunks/h · ETA 2.03h for the segment · last finish=stop gen_tok=34
  [10000/13248 this process · 10000/13248 segment] 2.67s/row · 1628 chunks/h · ETA 1.99h for the segment · last finish=stop gen_tok=41
  [10050/13248 this process · 10050/13248 segment] 1.64s/row · 1628 chunks/h · ETA 1.96h for the segment · last finish=stop gen_tok=16
  [10100/13248 this process · 10100/13248 segment] 1.63s/row · 1628 chunks/h · ETA 1.93h for the segment · last finish=stop gen_tok=16
  [10150/13248 this process · 10150/13248 segment] 1.84s/row · 1628 chunks/h · ETA 1.90h for the segment · last finish=stop gen_tok=16
  [10200/13248 this process · 10200/13248 segment] 2.76s/row · 1627 chunks/h · ETA 1.87h for the segment · last finish=stop gen_tok=49
  [10250/13248 this process · 10250/13248 segment] 2.09s/row · 1628 chunks/h · ETA 1.84h for the segment · last finish=stop gen_tok=27
  [10300/13248 this process · 10300/13248 segment] 2.05s/row · 1628 chunks/h · ETA 1.81h for the segment · last finish=stop gen_tok=16
  [10350/13248 this process · 10350/13248 segment] 2.05s/row · 1629 chunks/h · ETA 1.78h for the segment · last finish=stop gen_tok=24
  [10400/13248 this process · 10400/13248 segment] 2.31s/row · 1628 chunks/h · ETA 1.75h for the segment · last finish=stop gen_tok=34
  [10450/13248 this process · 10450/13248 segment] 2.25s/row · 1628 chunks/h · ETA 1.72h for the segment · last finish=stop gen_tok=32
  [10500/13248 this process · 10500/13248 segment] 2.48s/row · 1628 chunks/h · ETA 1.69h for the segment · last finish=stop gen_tok=16
  [10550/13248 this process · 10550/13248 segment] 1.97s/row · 1627 chunks/h · ETA 1.66h for the segment · last finish=stop gen_tok=16
  [10600/13248 this process · 10600/13248 segment] 2.71s/row · 1627 chunks/h · ETA 1.63h for the segment · last finish=stop gen_tok=33
  [10650/13248 this process · 10650/13248 segment] 1.92s/row · 1626 chunks/h · ETA 1.60h for the segment · last finish=stop gen_tok=16
  [10700/13248 this process · 10700/13248 segment] 2.57s/row · 1626 chunks/h · ETA 1.57h for the segment · last finish=stop gen_tok=16
  [10750/13248 this process · 10750/13248 segment] 2.98s/row · 1626 chunks/h · ETA 1.54h for the segment · last finish=stop gen_tok=50
  [10800/13248 this process · 10800/13248 segment] 1.97s/row · 1627 chunks/h · ETA 1.50h for the segment · last finish=stop gen_tok=16
  [10850/13248 this process · 10850/13248 segment] 2.28s/row · 1625 chunks/h · ETA 1.48h for the segment · last finish=stop gen_tok=32
  [10900/13248 this process · 10900/13248 segment] 2.40s/row · 1624 chunks/h · ETA 1.45h for the segment · last finish=stop gen_tok=33
  [10950/13248 this process · 10950/13248 segment] 1.83s/row · 1625 chunks/h · ETA 1.41h for the segment · last finish=stop gen_tok=16
  [11000/13248 this process · 11000/13248 segment] 3.01s/row · 1624 chunks/h · ETA 1.38h for the segment · last finish=stop gen_tok=52
  [11050/13248 this process · 11050/13248 segment] 2.45s/row · 1624 chunks/h · ETA 1.35h for the segment · last finish=stop gen_tok=32
  [11100/13248 this process · 11100/13248 segment] 1.76s/row · 1624 chunks/h · ETA 1.32h for the segment · last finish=stop gen_tok=16
  [11150/13248 this process · 11150/13248 segment] 2.19s/row · 1624 chunks/h · ETA 1.29h for the segment · last finish=stop gen_tok=33
  [11200/13248 this process · 11200/13248 segment] 2.93s/row · 1623 chunks/h · ETA 1.26h for the segment · last finish=stop gen_tok=50
  [11250/13248 this process · 11250/13248 segment] 1.61s/row · 1622 chunks/h · ETA 1.23h for the segment · last finish=stop gen_tok=16
  [11300/13248 this process · 11300/13248 segment] 1.91s/row · 1622 chunks/h · ETA 1.20h for the segment · last finish=stop gen_tok=16
  [11350/13248 this process · 11350/13248 segment] 2.46s/row · 1622 chunks/h · ETA 1.17h for the segment · last finish=stop gen_tok=16
  [11400/13248 this process · 11400/13248 segment] 1.88s/row · 1622 chunks/h · ETA 1.14h for the segment · last finish=stop gen_tok=16
  [11450/13248 this process · 11450/13248 segment] 1.69s/row · 1622 chunks/h · ETA 1.11h for the segment · last finish=stop gen_tok=16
  [11500/13248 this process · 11500/13248 segment] 1.98s/row · 1621 chunks/h · ETA 1.08h for the segment · last finish=stop gen_tok=15
  [11550/13248 this process · 11550/13248 segment] 1.94s/row · 1622 chunks/h · ETA 1.05h for the segment · last finish=stop gen_tok=16
  [11600/13248 this process · 11600/13248 segment] 2.45s/row · 1622 chunks/h · ETA 1.02h for the segment · last finish=stop gen_tok=32
  [11650/13248 this process · 11650/13248 segment] 3.22s/row · 1620 chunks/h · ETA 0.99h for the segment · last finish=stop gen_tok=51
  [11700/13248 this process · 11700/13248 segment] 1.79s/row · 1619 chunks/h · ETA 0.96h for the segment · last finish=stop gen_tok=16
  [11750/13248 this process · 11750/13248 segment] 2.53s/row · 1619 chunks/h · ETA 0.93h for the segment · last finish=stop gen_tok=33
  [11800/13248 this process · 11800/13248 segment] 2.51s/row · 1617 chunks/h · ETA 0.90h for the segment · last finish=stop gen_tok=33
  [11850/13248 this process · 11850/13248 segment] 1.81s/row · 1617 chunks/h · ETA 0.86h for the segment · last finish=stop gen_tok=15
  [11900/13248 this process · 11900/13248 segment] 2.70s/row · 1616 chunks/h · ETA 0.83h for the segment · last finish=stop gen_tok=24
  [11950/13248 this process · 11950/13248 segment] 1.79s/row · 1616 chunks/h · ETA 0.80h for the segment · last finish=stop gen_tok=16
  [12000/13248 this process · 12000/13248 segment] 3.25s/row · 1615 chunks/h · ETA 0.77h for the segment · last finish=stop gen_tok=32
  [12050/13248 this process · 12050/13248 segment] 2.66s/row · 1615 chunks/h · ETA 0.74h for the segment · last finish=stop gen_tok=33
  [12100/13248 this process · 12100/13248 segment] 4.81s/row · 1614 chunks/h · ETA 0.71h for the segment · last finish=stop gen_tok=95
  [12150/13248 this process · 12150/13248 segment] 2.22s/row · 1612 chunks/h · ETA 0.68h for the segment · last finish=stop gen_tok=24
  [12200/13248 this process · 12200/13248 segment] 2.69s/row · 1611 chunks/h · ETA 0.65h for the segment · last finish=stop gen_tok=16
  [12250/13248 this process · 12250/13248 segment] 2.27s/row · 1611 chunks/h · ETA 0.62h for the segment · last finish=stop gen_tok=23
  [12300/13248 this process · 12300/13248 segment] 1.92s/row · 1610 chunks/h · ETA 0.59h for the segment · last finish=stop gen_tok=16
  [12350/13248 this process · 12350/13248 segment] 2.18s/row · 1608 chunks/h · ETA 0.56h for the segment · last finish=stop gen_tok=23
  [12400/13248 this process · 12400/13248 segment] 3.19s/row · 1608 chunks/h · ETA 0.53h for the segment · last finish=stop gen_tok=51
  [12450/13248 this process · 12450/13248 segment] 1.93s/row · 1607 chunks/h · ETA 0.50h for the segment · last finish=stop gen_tok=24
  [12500/13248 this process · 12500/13248 segment] 2.39s/row · 1606 chunks/h · ETA 0.47h for the segment · last finish=stop gen_tok=16
  [12550/13248 this process · 12550/13248 segment] 1.93s/row · 1605 chunks/h · ETA 0.43h for the segment · last finish=stop gen_tok=16
  [12600/13248 this process · 12600/13248 segment] 2.04s/row · 1605 chunks/h · ETA 0.40h for the segment · last finish=stop gen_tok=15
  [12650/13248 this process · 12650/13248 segment] 2.77s/row · 1604 chunks/h · ETA 0.37h for the segment · last finish=stop gen_tok=32
  [12700/13248 this process · 12700/13248 segment] 2.30s/row · 1603 chunks/h · ETA 0.34h for the segment · last finish=stop gen_tok=16
  [12750/13248 this process · 12750/13248 segment] 1.73s/row · 1601 chunks/h · ETA 0.31h for the segment · last finish=stop gen_tok=15
  [12800/13248 this process · 12800/13248 segment] 2.45s/row · 1601 chunks/h · ETA 0.28h for the segment · last finish=stop gen_tok=32
  [12850/13248 this process · 12850/13248 segment] 2.67s/row · 1600 chunks/h · ETA 0.25h for the segment · last finish=stop gen_tok=33
  [12900/13248 this process · 12900/13248 segment] 1.93s/row · 1600 chunks/h · ETA 0.22h for the segment · last finish=stop gen_tok=16
  [12950/13248 this process · 12950/13248 segment] 2.52s/row · 1599 chunks/h · ETA 0.19h for the segment · last finish=stop gen_tok=32
  [13000/13248 this process · 13000/13248 segment] 2.47s/row · 1599 chunks/h · ETA 0.16h for the segment · last finish=stop gen_tok=36
  [13050/13248 this process · 13050/13248 segment] 3.22s/row · 1598 chunks/h · ETA 0.12h for the segment · last finish=stop gen_tok=52
  [13100/13248 this process · 13100/13248 segment] 3.81s/row · 1596 chunks/h · ETA 0.09h for the segment · last finish=stop gen_tok=59
  [13150/13248 this process · 13150/13248 segment] 1.90s/row · 1595 chunks/h · ETA 0.06h for the segment · last finish=stop gen_tok=15
  [13200/13248 this process · 13200/13248 segment] 2.95s/row · 1595 chunks/h · ETA 0.03h for the segment · last finish=stop gen_tok=33
  [13248/13248 this process · 13248/13248 segment] 1.72s/row · 1595 chunks/h · ETA 0.00h for the segment · last finish=stop gen_tok=24

SEGMENT seg-010 COMPLETE — 13248/13248 rows.
Now finalize with the SYSTEM python3 (no GPU, seconds):
    python3 finetune/label_e2.py --finalize-segment seg-010
