rendered 6746 prompts in 11.1s · 0 already in e1_relabel_student.jsonl · 6746 to generate
loading base model + adapter (the only GPU work) ...
  loaded in 1.4s
  [25/6746 this segment · 25/6746 overall] 2.02s/row · 1337 chunks/h · ETA 5.03h to finish the corpus · last finish=stop gen_tok=16
  [50/6746 this segment · 50/6746 overall] 1.65s/row · 1265 chunks/h · ETA 5.29h to finish the corpus · last finish=stop gen_tok=16
  [75/6746 this segment · 75/6746 overall] 1.82s/row · 1338 chunks/h · ETA 4.99h to finish the corpus · last finish=stop gen_tok=15
  [100/6746 this segment · 100/6746 overall] 4.57s/row · 1293 chunks/h · ETA 5.14h to finish the corpus · last finish=stop gen_tok=66
  [125/6746 this segment · 125/6746 overall] 2.39s/row · 1282 chunks/h · ETA 5.17h to finish the corpus · last finish=stop gen_tok=15
  [150/6746 this segment · 150/6746 overall] 1.85s/row · 1263 chunks/h · ETA 5.22h to finish the corpus · last finish=stop gen_tok=15
  [175/6746 this segment · 175/6746 overall] 2.70s/row · 1268 chunks/h · ETA 5.18h to finish the corpus · last finish=stop gen_tok=37
  [200/6746 this segment · 200/6746 overall] 1.84s/row · 1298 chunks/h · ETA 5.04h to finish the corpus · last finish=stop gen_tok=16
  [225/6746 this segment · 225/6746 overall] 4.09s/row · 1320 chunks/h · ETA 4.94h to finish the corpus · last finish=stop gen_tok=70
  [250/6746 this segment · 250/6746 overall] 1.85s/row · 1334 chunks/h · ETA 4.87h to finish the corpus · last finish=stop gen_tok=16
  [275/6746 this segment · 275/6746 overall] 1.84s/row · 1353 chunks/h · ETA 4.78h to finish the corpus · last finish=stop gen_tok=16
  [300/6746 this segment · 300/6746 overall] 2.83s/row · 1345 chunks/h · ETA 4.79h to finish the corpus · last finish=stop gen_tok=40
  [325/6746 this segment · 325/6746 overall] 1.83s/row · 1367 chunks/h · ETA 4.70h to finish the corpus · last finish=stop gen_tok=16
  [350/6746 this segment · 350/6746 overall] 2.09s/row · 1384 chunks/h · ETA 4.62h to finish the corpus · last finish=stop gen_tok=23
  [375/6746 this segment · 375/6746 overall] 2.39s/row · 1380 chunks/h · ETA 4.62h to finish the corpus · last finish=stop gen_tok=33
  [400/6746 this segment · 400/6746 overall] 2.46s/row · 1396 chunks/h · ETA 4.54h to finish the corpus · last finish=stop gen_tok=33
  [425/6746 this segment · 425/6746 overall] 1.74s/row · 1421 chunks/h · ETA 4.45h to finish the corpus · last finish=stop gen_tok=16
  [450/6746 this segment · 450/6746 overall] 2.38s/row · 1442 chunks/h · ETA 4.37h to finish the corpus · last finish=stop gen_tok=33
  [475/6746 this segment · 475/6746 overall] 2.39s/row · 1452 chunks/h · ETA 4.32h to finish the corpus · last finish=stop gen_tok=32
  [500/6746 this segment · 500/6746 overall] 1.83s/row · 1453 chunks/h · ETA 4.30h to finish the corpus · last finish=stop gen_tok=16
  [525/6746 this segment · 525/6746 overall] 3.71s/row · 1453 chunks/h · ETA 4.28h to finish the corpus · last finish=stop gen_tok=67
  [550/6746 this segment · 550/6746 overall] 1.96s/row · 1453 chunks/h · ETA 4.26h to finish the corpus · last finish=stop gen_tok=16
  [575/6746 this segment · 575/6746 overall] 1.64s/row · 1455 chunks/h · ETA 4.24h to finish the corpus · last finish=stop gen_tok=16
  [600/6746 this segment · 600/6746 overall] 1.65s/row · 1470 chunks/h · ETA 4.18h to finish the corpus · last finish=stop gen_tok=16
  [625/6746 this segment · 625/6746 overall] 1.83s/row · 1480 chunks/h · ETA 4.14h to finish the corpus · last finish=stop gen_tok=15
  [650/6746 this segment · 650/6746 overall] 1.71s/row · 1479 chunks/h · ETA 4.12h to finish the corpus · last finish=stop gen_tok=16
  [675/6746 this segment · 675/6746 overall] 2.53s/row · 1475 chunks/h · ETA 4.12h to finish the corpus · last finish=stop gen_tok=32
  [700/6746 this segment · 700/6746 overall] 2.37s/row · 1476 chunks/h · ETA 4.10h to finish the corpus · last finish=stop gen_tok=33
  [725/6746 this segment · 725/6746 overall] 1.17s/row · 1479 chunks/h · ETA 4.07h to finish the corpus · last finish=stop gen_tok=7
  [750/6746 this segment · 750/6746 overall] 2.03s/row · 1475 chunks/h · ETA 4.06h to finish the corpus · last finish=stop gen_tok=27
  [775/6746 this segment · 775/6746 overall] 3.52s/row · 1475 chunks/h · ETA 4.05h to finish the corpus · last finish=stop gen_tok=60
  [800/6746 this segment · 800/6746 overall] 1.32s/row · 1468 chunks/h · ETA 4.05h to finish the corpus · last finish=stop gen_tok=16
  [825/6746 this segment · 825/6746 overall] 3.32s/row · 1458 chunks/h · ETA 4.06h to finish the corpus · last finish=stop gen_tok=57
  [850/6746 this segment · 850/6746 overall] 2.97s/row · 1451 chunks/h · ETA 4.06h to finish the corpus · last finish=stop gen_tok=51
  [875/6746 this segment · 875/6746 overall] 2.27s/row · 1456 chunks/h · ETA 4.03h to finish the corpus · last finish=stop gen_tok=32
  [900/6746 this segment · 900/6746 overall] 2.20s/row · 1461 chunks/h · ETA 4.00h to finish the corpus · last finish=stop gen_tok=24
  [925/6746 this segment · 925/6746 overall] 2.85s/row · 1459 chunks/h · ETA 3.99h to finish the corpus · last finish=stop gen_tok=48
  [950/6746 this segment · 950/6746 overall] 2.59s/row · 1462 chunks/h · ETA 3.96h to finish the corpus · last finish=stop gen_tok=52
  [975/6746 this segment · 975/6746 overall] 2.08s/row · 1461 chunks/h · ETA 3.95h to finish the corpus · last finish=stop gen_tok=24
  [1000/6746 this segment · 1000/6746 overall] 1.81s/row · 1460 chunks/h · ETA 3.93h to finish the corpus · last finish=stop gen_tok=16
  [1025/6746 this segment · 1025/6746 overall] 1.96s/row · 1464 chunks/h · ETA 3.91h to finish the corpus · last finish=stop gen_tok=27
  [1050/6746 this segment · 1050/6746 overall] 3.83s/row · 1464 chunks/h · ETA 3.89h to finish the corpus · last finish=stop gen_tok=68
  [1075/6746 this segment · 1075/6746 overall] 3.58s/row · 1461 chunks/h · ETA 3.88h to finish the corpus · last finish=stop gen_tok=67
  [1100/6746 this segment · 1100/6746 overall] 2.39s/row · 1464 chunks/h · ETA 3.86h to finish the corpus · last finish=stop gen_tok=32
  [1125/6746 this segment · 1125/6746 overall] 3.29s/row · 1464 chunks/h · ETA 3.84h to finish the corpus · last finish=stop gen_tok=49
  [1150/6746 this segment · 1150/6746 overall] 3.21s/row · 1462 chunks/h · ETA 3.83h to finish the corpus · last finish=stop gen_tok=52
  [1175/6746 this segment · 1175/6746 overall] 3.24s/row · 1460 chunks/h · ETA 3.82h to finish the corpus · last finish=stop gen_tok=51
  [1200/6746 this segment · 1200/6746 overall] 1.66s/row · 1465 chunks/h · ETA 3.78h to finish the corpus · last finish=stop gen_tok=16
  [1225/6746 this segment · 1225/6746 overall] 2.47s/row · 1473 chunks/h · ETA 3.75h to finish the corpus · last finish=stop gen_tok=33
  [1250/6746 this segment · 1250/6746 overall] 2.98s/row · 1479 chunks/h · ETA 3.72h to finish the corpus · last finish=stop gen_tok=48
  [1275/6746 this segment · 1275/6746 overall] 2.57s/row · 1480 chunks/h · ETA 3.70h to finish the corpus · last finish=stop gen_tok=36
  [1300/6746 this segment · 1300/6746 overall] 5.11s/row · 1479 chunks/h · ETA 3.68h to finish the corpus · last finish=stop gen_tok=100
  [1325/6746 this segment · 1325/6746 overall] 1.83s/row · 1483 chunks/h · ETA 3.66h to finish the corpus · last finish=stop gen_tok=16
  [1350/6746 this segment · 1350/6746 overall] 1.70s/row · 1488 chunks/h · ETA 3.63h to finish the corpus · last finish=stop gen_tok=16
  [1375/6746 this segment · 1375/6746 overall] 2.94s/row · 1490 chunks/h · ETA 3.60h to finish the corpus · last finish=stop gen_tok=46
  [1400/6746 this segment · 1400/6746 overall] 3.09s/row · 1492 chunks/h · ETA 3.58h to finish the corpus · last finish=stop gen_tok=50
  [1425/6746 this segment · 1425/6746 overall] 1.89s/row · 1486 chunks/h · ETA 3.58h to finish the corpus · last finish=stop gen_tok=16
  [1450/6746 this segment · 1450/6746 overall] 2.64s/row · 1488 chunks/h · ETA 3.56h to finish the corpus · last finish=stop gen_tok=33
  [1475/6746 this segment · 1475/6746 overall] 3.00s/row · 1487 chunks/h · ETA 3.54h to finish the corpus · last finish=stop gen_tok=49
  [1500/6746 this segment · 1500/6746 overall] 1.78s/row · 1483 chunks/h · ETA 3.54h to finish the corpus · last finish=stop gen_tok=15
  [1525/6746 this segment · 1525/6746 overall] 2.32s/row · 1475 chunks/h · ETA 3.54h to finish the corpus · last finish=stop gen_tok=27
  [1550/6746 this segment · 1550/6746 overall] 3.46s/row · 1474 chunks/h · ETA 3.53h to finish the corpus · last finish=stop gen_tok=58
  [1575/6746 this segment · 1575/6746 overall] 2.23s/row · 1472 chunks/h · ETA 3.51h to finish the corpus · last finish=stop gen_tok=24
  [1600/6746 this segment · 1600/6746 overall] 1.69s/row · 1473 chunks/h · ETA 3.49h to finish the corpus · last finish=stop gen_tok=16
  [1625/6746 this segment · 1625/6746 overall] 1.90s/row · 1479 chunks/h · ETA 3.46h to finish the corpus · last finish=stop gen_tok=24
  [1650/6746 this segment · 1650/6746 overall] 2.80s/row · 1481 chunks/h · ETA 3.44h to finish the corpus · last finish=stop gen_tok=42
  [1675/6746 this segment · 1675/6746 overall] 2.96s/row · 1481 chunks/h · ETA 3.42h to finish the corpus · last finish=stop gen_tok=50
  [1700/6746 this segment · 1700/6746 overall] 3.76s/row · 1481 chunks/h · ETA 3.41h to finish the corpus · last finish=stop gen_tok=70
  [1725/6746 this segment · 1725/6746 overall] 1.52s/row · 1483 chunks/h · ETA 3.39h to finish the corpus · last finish=stop gen_tok=16
  [1750/6746 this segment · 1750/6746 overall] 2.17s/row · 1482 chunks/h · ETA 3.37h to finish the corpus · last finish=stop gen_tok=27
  [1775/6746 this segment · 1775/6746 overall] 2.94s/row · 1484 chunks/h · ETA 3.35h to finish the corpus · last finish=stop gen_tok=48
  [1800/6746 this segment · 1800/6746 overall] 3.51s/row · 1483 chunks/h · ETA 3.33h to finish the corpus · last finish=stop gen_tok=51
  [1825/6746 this segment · 1825/6746 overall] 3.51s/row · 1482 chunks/h · ETA 3.32h to finish the corpus · last finish=stop gen_tok=48
  [1850/6746 this segment · 1850/6746 overall] 2.09s/row · 1481 chunks/h · ETA 3.31h to finish the corpus · last finish=stop gen_tok=24
  [1875/6746 this segment · 1875/6746 overall] 2.27s/row · 1476 chunks/h · ETA 3.30h to finish the corpus · last finish=stop gen_tok=27
  [1900/6746 this segment · 1900/6746 overall] 5.80s/row · 1474 chunks/h · ETA 3.29h to finish the corpus · last finish=stop gen_tok=100
  [1925/6746 this segment · 1925/6746 overall] 3.43s/row · 1469 chunks/h · ETA 3.28h to finish the corpus · last finish=stop gen_tok=51
  [1950/6746 this segment · 1950/6746 overall] 1.91s/row · 1467 chunks/h · ETA 3.27h to finish the corpus · last finish=stop gen_tok=33
  [1975/6746 this segment · 1975/6746 overall] 2.15s/row · 1468 chunks/h · ETA 3.25h to finish the corpus · last finish=stop gen_tok=24
  [2000/6746 this segment · 2000/6746 overall] 3.82s/row · 1465 chunks/h · ETA 3.24h to finish the corpus · last finish=stop gen_tok=59
  [2025/6746 this segment · 2025/6746 overall] 2.72s/row · 1466 chunks/h · ETA 3.22h to finish the corpus · last finish=stop gen_tok=33
  [2050/6746 this segment · 2050/6746 overall] 3.38s/row · 1463 chunks/h · ETA 3.21h to finish the corpus · last finish=stop gen_tok=51
  [2075/6746 this segment · 2075/6746 overall] 1.89s/row · 1465 chunks/h · ETA 3.19h to finish the corpus · last finish=stop gen_tok=16
  [2100/6746 this segment · 2100/6746 overall] 2.54s/row · 1468 chunks/h · ETA 3.16h to finish the corpus · last finish=stop gen_tok=32
  [2125/6746 this segment · 2125/6746 overall] 2.33s/row · 1467 chunks/h · ETA 3.15h to finish the corpus · last finish=stop gen_tok=23
  [2150/6746 this segment · 2150/6746 overall] 3.48s/row · 1465 chunks/h · ETA 3.14h to finish the corpus · last finish=stop gen_tok=51
  [2175/6746 this segment · 2175/6746 overall] 2.74s/row · 1464 chunks/h · ETA 3.12h to finish the corpus · last finish=stop gen_tok=35
  [2200/6746 this segment · 2200/6746 overall] 1.94s/row · 1464 chunks/h · ETA 3.10h to finish the corpus · last finish=stop gen_tok=15
  [2225/6746 this segment · 2225/6746 overall] 1.46s/row · 1461 chunks/h · ETA 3.09h to finish the corpus · last finish=stop gen_tok=7
  [2250/6746 this segment · 2250/6746 overall] 2.57s/row · 1457 chunks/h · ETA 3.09h to finish the corpus · last finish=stop gen_tok=37
  [2275/6746 this segment · 2275/6746 overall] 2.31s/row · 1455 chunks/h · ETA 3.07h to finish the corpus · last finish=stop gen_tok=27
  [2300/6746 this segment · 2300/6746 overall] 3.17s/row · 1453 chunks/h · ETA 3.06h to finish the corpus · last finish=stop gen_tok=43
  [2325/6746 this segment · 2325/6746 overall] 2.53s/row · 1452 chunks/h · ETA 3.05h to finish the corpus · last finish=stop gen_tok=15
  [2350/6746 this segment · 2350/6746 overall] 1.99s/row · 1448 chunks/h · ETA 3.04h to finish the corpus · last finish=stop gen_tok=16
  [2375/6746 this segment · 2375/6746 overall] 1.60s/row · 1447 chunks/h · ETA 3.02h to finish the corpus · last finish=stop gen_tok=16
  [2400/6746 this segment · 2400/6746 overall] 2.57s/row · 1445 chunks/h · ETA 3.01h to finish the corpus · last finish=stop gen_tok=34
  [2425/6746 this segment · 2425/6746 overall] 2.77s/row · 1446 chunks/h · ETA 2.99h to finish the corpus · last finish=stop gen_tok=33
  [2450/6746 this segment · 2450/6746 overall] 2.10s/row · 1448 chunks/h · ETA 2.97h to finish the corpus · last finish=stop gen_tok=27
  [2475/6746 this segment · 2475/6746 overall] 3.65s/row · 1444 chunks/h · ETA 2.96h to finish the corpus · last finish=stop gen_tok=63
  [2500/6746 this segment · 2500/6746 overall] 1.97s/row · 1446 chunks/h · ETA 2.94h to finish the corpus · last finish=stop gen_tok=16
  [2525/6746 this segment · 2525/6746 overall] 1.79s/row · 1446 chunks/h · ETA 2.92h to finish the corpus · last finish=stop gen_tok=15
  [2550/6746 this segment · 2550/6746 overall] 1.96s/row · 1449 chunks/h · ETA 2.90h to finish the corpus · last finish=stop gen_tok=16
  [2575/6746 this segment · 2575/6746 overall] 2.35s/row · 1452 chunks/h · ETA 2.87h to finish the corpus · last finish=stop gen_tok=33
  [2600/6746 this segment · 2600/6746 overall] 3.60s/row · 1452 chunks/h · ETA 2.86h to finish the corpus · last finish=stop gen_tok=59
  [2625/6746 this segment · 2625/6746 overall] 2.41s/row · 1450 chunks/h · ETA 2.84h to finish the corpus · last finish=stop gen_tok=33
  [2650/6746 this segment · 2650/6746 overall] 2.89s/row · 1450 chunks/h · ETA 2.82h to finish the corpus · last finish=stop gen_tok=48
  [2675/6746 this segment · 2675/6746 overall] 2.30s/row · 1450 chunks/h · ETA 2.81h to finish the corpus · last finish=stop gen_tok=23
  [2700/6746 this segment · 2700/6746 overall] 1.92s/row · 1449 chunks/h · ETA 2.79h to finish the corpus · last finish=stop gen_tok=24
  [2725/6746 this segment · 2725/6746 overall] 1.59s/row · 1450 chunks/h · ETA 2.77h to finish the corpus · last finish=stop gen_tok=16
  [2750/6746 this segment · 2750/6746 overall] 3.60s/row · 1450 chunks/h · ETA 2.76h to finish the corpus · last finish=stop gen_tok=72
  [2775/6746 this segment · 2775/6746 overall] 2.90s/row · 1450 chunks/h · ETA 2.74h to finish the corpus · last finish=stop gen_tok=43
  [2800/6746 this segment · 2800/6746 overall] 3.72s/row · 1448 chunks/h · ETA 2.73h to finish the corpus · last finish=stop gen_tok=78
  [2825/6746 this segment · 2825/6746 overall] 2.33s/row · 1446 chunks/h · ETA 2.71h to finish the corpus · last finish=stop gen_tok=33
  [2850/6746 this segment · 2850/6746 overall] 1.62s/row · 1445 chunks/h · ETA 2.70h to finish the corpus · last finish=stop gen_tok=15
  [2875/6746 this segment · 2875/6746 overall] 2.42s/row · 1447 chunks/h · ETA 2.68h to finish the corpus · last finish=stop gen_tok=33
  [2900/6746 this segment · 2900/6746 overall] 2.09s/row · 1447 chunks/h · ETA 2.66h to finish the corpus · last finish=stop gen_tok=24
  [2925/6746 this segment · 2925/6746 overall] 1.88s/row · 1449 chunks/h · ETA 2.64h to finish the corpus · last finish=stop gen_tok=16
  [2950/6746 this segment · 2950/6746 overall] 2.39s/row · 1451 chunks/h · ETA 2.62h to finish the corpus · last finish=stop gen_tok=33
  [2975/6746 this segment · 2975/6746 overall] 1.65s/row · 1452 chunks/h · ETA 2.60h to finish the corpus · last finish=stop gen_tok=16
  [3000/6746 this segment · 3000/6746 overall] 3.03s/row · 1453 chunks/h · ETA 2.58h to finish the corpus · last finish=stop gen_tok=49
  [3025/6746 this segment · 3025/6746 overall] 1.66s/row · 1453 chunks/h · ETA 2.56h to finish the corpus · last finish=stop gen_tok=16
  [3050/6746 this segment · 3050/6746 overall] 2.89s/row · 1454 chunks/h · ETA 2.54h to finish the corpus · last finish=stop gen_tok=50
  [3075/6746 this segment · 3075/6746 overall] 3.13s/row · 1455 chunks/h · ETA 2.52h to finish the corpus · last finish=stop gen_tok=52
  [3100/6746 this segment · 3100/6746 overall] 1.87s/row · 1455 chunks/h · ETA 2.51h to finish the corpus · last finish=stop gen_tok=24
  [3125/6746 this segment · 3125/6746 overall] 1.93s/row · 1455 chunks/h · ETA 2.49h to finish the corpus · last finish=stop gen_tok=24
  [3150/6746 this segment · 3150/6746 overall] 1.65s/row · 1455 chunks/h · ETA 2.47h to finish the corpus · last finish=stop gen_tok=16
  [3175/6746 this segment · 3175/6746 overall] 2.24s/row · 1455 chunks/h · ETA 2.45h to finish the corpus · last finish=stop gen_tok=32
  [3200/6746 this segment · 3200/6746 overall] 2.08s/row · 1455 chunks/h · ETA 2.44h to finish the corpus · last finish=stop gen_tok=24
  [3225/6746 this segment · 3225/6746 overall] 2.55s/row · 1454 chunks/h · ETA 2.42h to finish the corpus · last finish=stop gen_tok=41
  [3250/6746 this segment · 3250/6746 overall] 3.41s/row · 1453 chunks/h · ETA 2.41h to finish the corpus · last finish=stop gen_tok=64
  [3275/6746 this segment · 3275/6746 overall] 1.44s/row · 1454 chunks/h · ETA 2.39h to finish the corpus · last finish=stop gen_tok=16
  [3300/6746 this segment · 3300/6746 overall] 3.30s/row · 1453 chunks/h · ETA 2.37h to finish the corpus · last finish=stop gen_tok=59
  [3325/6746 this segment · 3325/6746 overall] 2.76s/row · 1452 chunks/h · ETA 2.36h to finish the corpus · last finish=stop gen_tok=48
  [3350/6746 this segment · 3350/6746 overall] 1.78s/row · 1454 chunks/h · ETA 2.34h to finish the corpus · last finish=stop gen_tok=16
  [3375/6746 this segment · 3375/6746 overall] 1.39s/row · 1455 chunks/h · ETA 2.32h to finish the corpus · last finish=stop gen_tok=7
  [3400/6746 this segment · 3400/6746 overall] 5.16s/row · 1455 chunks/h · ETA 2.30h to finish the corpus · last finish=stop gen_tok=106
  [3425/6746 this segment · 3425/6746 overall] 2.29s/row · 1456 chunks/h · ETA 2.28h to finish the corpus · last finish=stop gen_tok=32
  [3450/6746 this segment · 3450/6746 overall] 1.79s/row · 1459 chunks/h · ETA 2.26h to finish the corpus · last finish=stop gen_tok=16
  [3475/6746 this segment · 3475/6746 overall] 1.99s/row · 1461 chunks/h · ETA 2.24h to finish the corpus · last finish=stop gen_tok=27
  [3500/6746 this segment · 3500/6746 overall] 1.82s/row · 1463 chunks/h · ETA 2.22h to finish the corpus · last finish=stop gen_tok=15
  [3525/6746 this segment · 3525/6746 overall] 1.31s/row · 1464 chunks/h · ETA 2.20h to finish the corpus · last finish=stop gen_tok=7
  [3550/6746 this segment · 3550/6746 overall] 2.78s/row · 1464 chunks/h · ETA 2.18h to finish the corpus · last finish=stop gen_tok=49
  [3575/6746 this segment · 3575/6746 overall] 2.41s/row · 1465 chunks/h · ETA 2.16h to finish the corpus · last finish=stop gen_tok=36
  [3600/6746 this segment · 3600/6746 overall] 1.60s/row · 1465 chunks/h · ETA 2.15h to finish the corpus · last finish=stop gen_tok=7
  [3625/6746 this segment · 3625/6746 overall] 1.74s/row · 1466 chunks/h · ETA 2.13h to finish the corpus · last finish=stop gen_tok=16
  [3650/6746 this segment · 3650/6746 overall] 2.38s/row · 1467 chunks/h · ETA 2.11h to finish the corpus · last finish=stop gen_tok=34
  [3675/6746 this segment · 3675/6746 overall] 3.82s/row · 1466 chunks/h · ETA 2.10h to finish the corpus · last finish=stop gen_tok=69
  [3700/6746 this segment · 3700/6746 overall] 2.81s/row · 1466 chunks/h · ETA 2.08h to finish the corpus · last finish=stop gen_tok=46
  [3725/6746 this segment · 3725/6746 overall] 1.76s/row · 1467 chunks/h · ETA 2.06h to finish the corpus · last finish=stop gen_tok=16
  [3750/6746 this segment · 3750/6746 overall] 3.00s/row · 1469 chunks/h · ETA 2.04h to finish the corpus · last finish=stop gen_tok=49
  [3775/6746 this segment · 3775/6746 overall] 1.92s/row · 1468 chunks/h · ETA 2.02h to finish the corpus · last finish=stop gen_tok=24
  [3800/6746 this segment · 3800/6746 overall] 2.05s/row · 1470 chunks/h · ETA 2.00h to finish the corpus · last finish=stop gen_tok=27
  [3825/6746 this segment · 3825/6746 overall] 1.75s/row · 1470 chunks/h · ETA 1.99h to finish the corpus · last finish=stop gen_tok=16
  [3850/6746 this segment · 3850/6746 overall] 1.61s/row · 1469 chunks/h · ETA 1.97h to finish the corpus · last finish=stop gen_tok=15
  [3875/6746 this segment · 3875/6746 overall] 1.21s/row · 1467 chunks/h · ETA 1.96h to finish the corpus · last finish=stop gen_tok=7
  [3900/6746 this segment · 3900/6746 overall] 1.58s/row · 1468 chunks/h · ETA 1.94h to finish the corpus · last finish=stop gen_tok=16
  [3925/6746 this segment · 3925/6746 overall] 2.98s/row · 1470 chunks/h · ETA 1.92h to finish the corpus · last finish=stop gen_tok=45
  [3950/6746 this segment · 3950/6746 overall] 2.88s/row · 1469 chunks/h · ETA 1.90h to finish the corpus · last finish=stop gen_tok=48
  [3975/6746 this segment · 3975/6746 overall] 2.10s/row · 1469 chunks/h · ETA 1.89h to finish the corpus · last finish=stop gen_tok=27
  [4000/6746 this segment · 4000/6746 overall] 4.50s/row · 1469 chunks/h · ETA 1.87h to finish the corpus · last finish=stop gen_tok=92
  [4025/6746 this segment · 4025/6746 overall] 1.86s/row · 1469 chunks/h · ETA 1.85h to finish the corpus · last finish=stop gen_tok=16
  [4050/6746 this segment · 4050/6746 overall] 2.93s/row · 1469 chunks/h · ETA 1.84h to finish the corpus · last finish=stop gen_tok=57
  [4075/6746 this segment · 4075/6746 overall] 2.33s/row · 1467 chunks/h · ETA 1.82h to finish the corpus · last finish=stop gen_tok=33
  [4100/6746 this segment · 4100/6746 overall] 2.20s/row · 1467 chunks/h · ETA 1.80h to finish the corpus · last finish=stop gen_tok=33
  [4125/6746 this segment · 4125/6746 overall] 2.30s/row · 1467 chunks/h · ETA 1.79h to finish the corpus · last finish=stop gen_tok=33
  [4150/6746 this segment · 4150/6746 overall] 1.72s/row · 1467 chunks/h · ETA 1.77h to finish the corpus · last finish=stop gen_tok=16
  [4175/6746 this segment · 4175/6746 overall] 3.12s/row · 1467 chunks/h · ETA 1.75h to finish the corpus · last finish=stop gen_tok=51
  [4200/6746 this segment · 4200/6746 overall] 1.92s/row · 1469 chunks/h · ETA 1.73h to finish the corpus · last finish=stop gen_tok=16
  [4225/6746 this segment · 4225/6746 overall] 1.65s/row · 1470 chunks/h · ETA 1.71h to finish the corpus · last finish=stop gen_tok=16
  [4250/6746 this segment · 4250/6746 overall] 1.75s/row · 1471 chunks/h · ETA 1.70h to finish the corpus · last finish=stop gen_tok=16
  [4275/6746 this segment · 4275/6746 overall] 1.86s/row · 1469 chunks/h · ETA 1.68h to finish the corpus · last finish=stop gen_tok=15
  [4300/6746 this segment · 4300/6746 overall] 3.16s/row · 1470 chunks/h · ETA 1.66h to finish the corpus · last finish=stop gen_tok=51
  [4325/6746 this segment · 4325/6746 overall] 6.82s/row · 1469 chunks/h · ETA 1.65h to finish the corpus · last finish=stop gen_tok=130
  [4350/6746 this segment · 4350/6746 overall] 2.67s/row · 1468 chunks/h · ETA 1.63h to finish the corpus · last finish=stop gen_tok=36
  [4375/6746 this segment · 4375/6746 overall] 3.39s/row · 1466 chunks/h · ETA 1.62h to finish the corpus · last finish=stop gen_tok=54
  [4400/6746 this segment · 4400/6746 overall] 3.71s/row · 1466 chunks/h · ETA 1.60h to finish the corpus · last finish=stop gen_tok=65
  [4425/6746 this segment · 4425/6746 overall] 2.52s/row · 1464 chunks/h · ETA 1.59h to finish the corpus · last finish=stop gen_tok=33
  [4450/6746 this segment · 4450/6746 overall] 3.54s/row · 1462 chunks/h · ETA 1.57h to finish the corpus · last finish=stop gen_tok=24
  [4475/6746 this segment · 4475/6746 overall] 3.29s/row · 1462 chunks/h · ETA 1.55h to finish the corpus · last finish=stop gen_tok=55
  [4500/6746 this segment · 4500/6746 overall] 2.66s/row · 1461 chunks/h · ETA 1.54h to finish the corpus · last finish=stop gen_tok=40
  [4525/6746 this segment · 4525/6746 overall] 2.12s/row · 1460 chunks/h · ETA 1.52h to finish the corpus · last finish=stop gen_tok=27
  [4550/6746 this segment · 4550/6746 overall] 1.78s/row · 1461 chunks/h · ETA 1.50h to finish the corpus · last finish=stop gen_tok=16
  [4575/6746 this segment · 4575/6746 overall] 3.15s/row · 1461 chunks/h · ETA 1.49h to finish the corpus · last finish=stop gen_tok=52
  [4600/6746 this segment · 4600/6746 overall] 1.96s/row · 1461 chunks/h · ETA 1.47h to finish the corpus · last finish=stop gen_tok=16
  [4625/6746 this segment · 4625/6746 overall] 2.94s/row · 1461 chunks/h · ETA 1.45h to finish the corpus · last finish=stop gen_tok=55
  [4650/6746 this segment · 4650/6746 overall] 2.81s/row · 1460 chunks/h · ETA 1.44h to finish the corpus · last finish=stop gen_tok=37
  [4675/6746 this segment · 4675/6746 overall] 1.62s/row · 1461 chunks/h · ETA 1.42h to finish the corpus · last finish=stop gen_tok=16
  [4700/6746 this segment · 4700/6746 overall] 2.96s/row · 1462 chunks/h · ETA 1.40h to finish the corpus · last finish=stop gen_tok=51
  [4725/6746 this segment · 4725/6746 overall] 3.13s/row · 1460 chunks/h · ETA 1.38h to finish the corpus · last finish=stop gen_tok=58
  [4750/6746 this segment · 4750/6746 overall] 2.38s/row · 1460 chunks/h · ETA 1.37h to finish the corpus · last finish=stop gen_tok=33
  [4775/6746 this segment · 4775/6746 overall] 2.77s/row · 1459 chunks/h · ETA 1.35h to finish the corpus · last finish=stop gen_tok=41
  [4800/6746 this segment · 4800/6746 overall] 3.28s/row · 1458 chunks/h · ETA 1.33h to finish the corpus · last finish=stop gen_tok=50
  [4825/6746 this segment · 4825/6746 overall] 5.11s/row · 1456 chunks/h · ETA 1.32h to finish the corpus · last finish=stop gen_tok=88
  [4850/6746 this segment · 4850/6746 overall] 1.91s/row · 1454 chunks/h · ETA 1.30h to finish the corpus · last finish=stop gen_tok=16
  [4875/6746 this segment · 4875/6746 overall] 3.04s/row · 1454 chunks/h · ETA 1.29h to finish the corpus · last finish=stop gen_tok=54
  [4900/6746 this segment · 4900/6746 overall] 3.00s/row · 1452 chunks/h · ETA 1.27h to finish the corpus · last finish=stop gen_tok=44
  [4925/6746 this segment · 4925/6746 overall] 1.99s/row · 1450 chunks/h · ETA 1.26h to finish the corpus · last finish=stop gen_tok=23
  [4950/6746 this segment · 4950/6746 overall] 2.75s/row · 1450 chunks/h · ETA 1.24h to finish the corpus · last finish=stop gen_tok=33
  [4975/6746 this segment · 4975/6746 overall] 2.14s/row · 1450 chunks/h · ETA 1.22h to finish the corpus · last finish=stop gen_tok=23
  [5000/6746 this segment · 5000/6746 overall] 1.34s/row · 1451 chunks/h · ETA 1.20h to finish the corpus · last finish=stop gen_tok=16
  [5025/6746 this segment · 5025/6746 overall] 1.76s/row · 1452 chunks/h · ETA 1.19h to finish the corpus · last finish=stop gen_tok=16
  [5050/6746 this segment · 5050/6746 overall] 2.32s/row · 1452 chunks/h · ETA 1.17h to finish the corpus · last finish=stop gen_tok=33
  [5075/6746 this segment · 5075/6746 overall] 1.82s/row · 1453 chunks/h · ETA 1.15h to finish the corpus · last finish=stop gen_tok=16
  [5100/6746 this segment · 5100/6746 overall] 2.99s/row · 1453 chunks/h · ETA 1.13h to finish the corpus · last finish=stop gen_tok=51
  [5125/6746 this segment · 5125/6746 overall] 1.95s/row · 1452 chunks/h · ETA 1.12h to finish the corpus · last finish=stop gen_tok=15
  [5150/6746 this segment · 5150/6746 overall] 2.52s/row · 1451 chunks/h · ETA 1.10h to finish the corpus · last finish=stop gen_tok=33
  [5175/6746 this segment · 5175/6746 overall] 2.98s/row · 1451 chunks/h · ETA 1.08h to finish the corpus · last finish=stop gen_tok=49
  [5200/6746 this segment · 5200/6746 overall] 1.37s/row · 1450 chunks/h · ETA 1.07h to finish the corpus · last finish=stop gen_tok=7
  [5225/6746 this segment · 5225/6746 overall] 4.52s/row · 1449 chunks/h · ETA 1.05h to finish the corpus · last finish=stop gen_tok=82
  [5250/6746 this segment · 5250/6746 overall] 2.28s/row · 1448 chunks/h · ETA 1.03h to finish the corpus · last finish=stop gen_tok=24
  [5275/6746 this segment · 5275/6746 overall] 2.44s/row · 1446 chunks/h · ETA 1.02h to finish the corpus · last finish=stop gen_tok=34
  [5300/6746 this segment · 5300/6746 overall] 4.48s/row · 1446 chunks/h · ETA 1.00h to finish the corpus · last finish=stop gen_tok=69
  [5325/6746 this segment · 5325/6746 overall] 2.30s/row · 1445 chunks/h · ETA 0.98h to finish the corpus · last finish=stop gen_tok=32
  [5350/6746 this segment · 5350/6746 overall] 2.51s/row · 1444 chunks/h · ETA 0.97h to finish the corpus · last finish=stop gen_tok=33
  [5375/6746 this segment · 5375/6746 overall] 2.17s/row · 1444 chunks/h · ETA 0.95h to finish the corpus · last finish=stop gen_tok=36
  [5400/6746 this segment · 5400/6746 overall] 1.03s/row · 1445 chunks/h · ETA 0.93h to finish the corpus · last finish=stop gen_tok=7
  [5425/6746 this segment · 5425/6746 overall] 2.51s/row · 1445 chunks/h · ETA 0.91h to finish the corpus · last finish=stop gen_tok=34
  [5450/6746 this segment · 5450/6746 overall] 1.99s/row · 1446 chunks/h · ETA 0.90h to finish the corpus · last finish=stop gen_tok=27
  [5475/6746 this segment · 5475/6746 overall] 1.73s/row · 1447 chunks/h · ETA 0.88h to finish the corpus · last finish=stop gen_tok=16
  [5500/6746 this segment · 5500/6746 overall] 2.08s/row · 1448 chunks/h · ETA 0.86h to finish the corpus · last finish=stop gen_tok=27
  [5525/6746 this segment · 5525/6746 overall] 3.02s/row · 1449 chunks/h · ETA 0.84h to finish the corpus · last finish=stop gen_tok=54
  [5550/6746 this segment · 5550/6746 overall] 1.58s/row · 1448 chunks/h · ETA 0.83h to finish the corpus · last finish=stop gen_tok=7
  [5575/6746 this segment · 5575/6746 overall] 1.79s/row · 1449 chunks/h · ETA 0.81h to finish the corpus · last finish=stop gen_tok=16
  [5600/6746 this segment · 5600/6746 overall] 2.81s/row · 1450 chunks/h · ETA 0.79h to finish the corpus · last finish=stop gen_tok=48
  [5625/6746 this segment · 5625/6746 overall] 2.98s/row · 1450 chunks/h · ETA 0.77h to finish the corpus · last finish=stop gen_tok=49
  [5650/6746 this segment · 5650/6746 overall] 4.77s/row · 1450 chunks/h · ETA 0.76h to finish the corpus · last finish=stop gen_tok=91
  [5675/6746 this segment · 5675/6746 overall] 2.54s/row · 1451 chunks/h · ETA 0.74h to finish the corpus · last finish=stop gen_tok=36
  [5700/6746 this segment · 5700/6746 overall] 3.16s/row · 1450 chunks/h · ETA 0.72h to finish the corpus · last finish=stop gen_tok=55
  [5725/6746 this segment · 5725/6746 overall] 4.44s/row · 1451 chunks/h · ETA 0.70h to finish the corpus · last finish=stop gen_tok=88
  [5750/6746 this segment · 5750/6746 overall] 2.70s/row · 1451 chunks/h · ETA 0.69h to finish the corpus · last finish=stop gen_tok=37
  [5775/6746 this segment · 5775/6746 overall] 1.62s/row · 1451 chunks/h · ETA 0.67h to finish the corpus · last finish=stop gen_tok=16
  [5800/6746 this segment · 5800/6746 overall] 1.60s/row · 1452 chunks/h · ETA 0.65h to finish the corpus · last finish=stop gen_tok=16
  [5825/6746 this segment · 5825/6746 overall] 1.31s/row · 1453 chunks/h · ETA 0.63h to finish the corpus · last finish=stop gen_tok=7
  [5850/6746 this segment · 5850/6746 overall] 2.39s/row · 1454 chunks/h · ETA 0.62h to finish the corpus · last finish=stop gen_tok=35
  [5875/6746 this segment · 5875/6746 overall] 2.90s/row · 1455 chunks/h · ETA 0.60h to finish the corpus · last finish=stop gen_tok=48
  [5900/6746 this segment · 5900/6746 overall] 3.52s/row · 1455 chunks/h · ETA 0.58h to finish the corpus · last finish=stop gen_tok=69
  [5925/6746 this segment · 5925/6746 overall] 2.76s/row · 1454 chunks/h · ETA 0.56h to finish the corpus · last finish=stop gen_tok=45
  [5950/6746 this segment · 5950/6746 overall] 1.45s/row · 1453 chunks/h · ETA 0.55h to finish the corpus · last finish=stop gen_tok=7
  [5975/6746 this segment · 5975/6746 overall] 2.08s/row · 1453 chunks/h · ETA 0.53h to finish the corpus · last finish=stop gen_tok=27
  [6000/6746 this segment · 6000/6746 overall] 2.11s/row · 1454 chunks/h · ETA 0.51h to finish the corpus · last finish=stop gen_tok=27
  [6025/6746 this segment · 6025/6746 overall] 2.95s/row · 1454 chunks/h · ETA 0.50h to finish the corpus · last finish=stop gen_tok=46
  [6050/6746 this segment · 6050/6746 overall] 2.02s/row · 1453 chunks/h · ETA 0.48h to finish the corpus · last finish=stop gen_tok=15
  [6075/6746 this segment · 6075/6746 overall] 1.98s/row · 1453 chunks/h · ETA 0.46h to finish the corpus · last finish=stop gen_tok=25
  [6100/6746 this segment · 6100/6746 overall] 2.74s/row · 1452 chunks/h · ETA 0.45h to finish the corpus · last finish=stop gen_tok=40
  [6125/6746 this segment · 6125/6746 overall] 2.87s/row · 1452 chunks/h · ETA 0.43h to finish the corpus · last finish=stop gen_tok=48
  [6150/6746 this segment · 6150/6746 overall] 1.79s/row · 1452 chunks/h · ETA 0.41h to finish the corpus · last finish=stop gen_tok=16
  [6175/6746 this segment · 6175/6746 overall] 2.52s/row · 1452 chunks/h · ETA 0.39h to finish the corpus · last finish=stop gen_tok=36
  [6200/6746 this segment · 6200/6746 overall] 2.45s/row · 1453 chunks/h · ETA 0.38h to finish the corpus · last finish=stop gen_tok=32
  [6225/6746 this segment · 6225/6746 overall] 1.74s/row · 1452 chunks/h · ETA 0.36h to finish the corpus · last finish=stop gen_tok=16
  [6250/6746 this segment · 6250/6746 overall] 1.80s/row · 1453 chunks/h · ETA 0.34h to finish the corpus · last finish=stop gen_tok=16
  [6275/6746 this segment · 6275/6746 overall] 1.75s/row · 1455 chunks/h · ETA 0.32h to finish the corpus · last finish=stop gen_tok=16
  [6300/6746 this segment · 6300/6746 overall] 2.63s/row · 1455 chunks/h · ETA 0.31h to finish the corpus · last finish=stop gen_tok=41
  [6325/6746 this segment · 6325/6746 overall] 3.92s/row · 1454 chunks/h · ETA 0.29h to finish the corpus · last finish=stop gen_tok=72
  [6350/6746 this segment · 6350/6746 overall] 1.56s/row · 1454 chunks/h · ETA 0.27h to finish the corpus · last finish=stop gen_tok=15
  [6375/6746 this segment · 6375/6746 overall] 4.37s/row · 1453 chunks/h · ETA 0.26h to finish the corpus · last finish=stop gen_tok=88
  [6400/6746 this segment · 6400/6746 overall] 3.38s/row · 1453 chunks/h · ETA 0.24h to finish the corpus · last finish=stop gen_tok=61
  [6425/6746 this segment · 6425/6746 overall] 2.23s/row · 1453 chunks/h · ETA 0.22h to finish the corpus · last finish=stop gen_tok=16
  [6450/6746 this segment · 6450/6746 overall] 1.99s/row · 1452 chunks/h · ETA 0.20h to finish the corpus · last finish=stop gen_tok=23
  [6475/6746 this segment · 6475/6746 overall] 2.57s/row · 1453 chunks/h · ETA 0.19h to finish the corpus · last finish=stop gen_tok=40
  [6500/6746 this segment · 6500/6746 overall] 1.72s/row · 1453 chunks/h · ETA 0.17h to finish the corpus · last finish=stop gen_tok=16
  [6525/6746 this segment · 6525/6746 overall] 2.86s/row · 1453 chunks/h · ETA 0.15h to finish the corpus · last finish=stop gen_tok=49
  [6550/6746 this segment · 6550/6746 overall] 3.55s/row · 1452 chunks/h · ETA 0.13h to finish the corpus · last finish=stop gen_tok=66
  [6575/6746 this segment · 6575/6746 overall] 1.79s/row · 1453 chunks/h · ETA 0.12h to finish the corpus · last finish=stop gen_tok=16
  [6600/6746 this segment · 6600/6746 overall] 3.10s/row · 1454 chunks/h · ETA 0.10h to finish the corpus · last finish=stop gen_tok=54
  [6625/6746 this segment · 6625/6746 overall] 3.66s/row · 1454 chunks/h · ETA 0.08h to finish the corpus · last finish=stop gen_tok=63
  [6650/6746 this segment · 6650/6746 overall] 1.64s/row · 1453 chunks/h · ETA 0.07h to finish the corpus · last finish=stop gen_tok=16
  [6675/6746 this segment · 6675/6746 overall] 2.26s/row · 1452 chunks/h · ETA 0.05h to finish the corpus · last finish=stop gen_tok=33
  [6700/6746 this segment · 6700/6746 overall] 1.67s/row · 1453 chunks/h · ETA 0.03h to finish the corpus · last finish=stop gen_tok=16
  [6725/6746 this segment · 6725/6746 overall] 2.29s/row · 1454 chunks/h · ETA 0.01h to finish the corpus · last finish=stop gen_tok=33
  [6746/6746 this segment · 6746/6746 overall] 1.52s/row · 1455 chunks/h · ETA 0.00h to finish the corpus · last finish=stop gen_tok=16

GENERATION COMPLETE — 6746/6746 rows.
Now run the finalize step with the SYSTEM python3 (no GPU, seconds):
    python3 finetune/relabel_e1.py --finalize-only
