0 already in labels.jsonl · 13228 to generate
loading base model + adapter (the only GPU work) ...
  loaded in 1.0s
  [50/13228 this process · 50/13228 segment] 3.15s/row · 1442 chunks/h · ETA 9.14h for the segment · last finish=stop gen_tok=60
  [100/13228 this process · 100/13228 segment] 2.13s/row · 1541 chunks/h · ETA 8.52h for the segment · last finish=stop gen_tok=23
  [150/13228 this process · 150/13228 segment] 1.48s/row · 1585 chunks/h · ETA 8.25h for the segment · last finish=stop gen_tok=16
  [200/13228 this process · 200/13228 segment] 2.61s/row · 1546 chunks/h · ETA 8.43h for the segment · last finish=stop gen_tok=45
  [250/13228 this process · 250/13228 segment] 2.98s/row · 1518 chunks/h · ETA 8.55h for the segment · last finish=stop gen_tok=36
  [300/13228 this process · 300/13228 segment] 2.71s/row · 1510 chunks/h · ETA 8.56h for the segment · last finish=stop gen_tok=48
  [350/13228 this process · 350/13228 segment] 3.01s/row · 1480 chunks/h · ETA 8.70h for the segment · last finish=stop gen_tok=49
  [400/13228 this process · 400/13228 segment] 2.80s/row · 1481 chunks/h · ETA 8.66h for the segment · last finish=stop gen_tok=48
  [450/13228 this process · 450/13228 segment] 2.12s/row · 1490 chunks/h · ETA 8.58h for the segment · last finish=stop gen_tok=24
  [500/13228 this process · 500/13228 segment] 1.94s/row · 1496 chunks/h · ETA 8.51h for the segment · last finish=stop gen_tok=24
  [550/13228 this process · 550/13228 segment] 1.29s/row · 1503 chunks/h · ETA 8.43h for the segment · last finish=stop gen_tok=7
  [600/13228 this process · 600/13228 segment] 2.15s/row · 1508 chunks/h · ETA 8.37h for the segment · last finish=stop gen_tok=25
  [650/13228 this process · 650/13228 segment] 2.95s/row · 1497 chunks/h · ETA 8.40h for the segment · last finish=stop gen_tok=24
  [700/13228 this process · 700/13228 segment] 2.34s/row · 1494 chunks/h · ETA 8.39h for the segment · last finish=stop gen_tok=33
  [750/13228 this process · 750/13228 segment] 4.30s/row · 1493 chunks/h · ETA 8.36h for the segment · last finish=stop gen_tok=88
  [800/13228 this process · 800/13228 segment] 3.80s/row · 1488 chunks/h · ETA 8.35h for the segment · last finish=stop gen_tok=70
  [850/13228 this process · 850/13228 segment] 2.53s/row · 1495 chunks/h · ETA 8.28h for the segment · last finish=stop gen_tok=34
  [900/13228 this process · 900/13228 segment] 2.65s/row · 1494 chunks/h · ETA 8.25h for the segment · last finish=stop gen_tok=44
  [950/13228 this process · 950/13228 segment] 3.24s/row · 1491 chunks/h · ETA 8.23h for the segment · last finish=stop gen_tok=58
  [1000/13228 this process · 1000/13228 segment] 2.55s/row · 1496 chunks/h · ETA 8.17h for the segment · last finish=stop gen_tok=42
  [1050/13228 this process · 1050/13228 segment] 3.00s/row · 1493 chunks/h · ETA 8.15h for the segment · last finish=stop gen_tok=45
  [1100/13228 this process · 1100/13228 segment] 3.71s/row · 1485 chunks/h · ETA 8.17h for the segment · last finish=stop gen_tok=69
  [1150/13228 this process · 1150/13228 segment] 2.85s/row · 1473 chunks/h · ETA 8.20h for the segment · last finish=stop gen_tok=23
  [1200/13228 this process · 1200/13228 segment] 3.38s/row · 1467 chunks/h · ETA 8.20h for the segment · last finish=stop gen_tok=67
  [1250/13228 this process · 1250/13228 segment] 1.99s/row · 1477 chunks/h · ETA 8.11h for the segment · last finish=stop gen_tok=27
  [1300/13228 this process · 1300/13228 segment] 2.98s/row · 1479 chunks/h · ETA 8.07h for the segment · last finish=stop gen_tok=51
  [1350/13228 this process · 1350/13228 segment] 2.88s/row · 1483 chunks/h · ETA 8.01h for the segment · last finish=stop gen_tok=50
  [1400/13228 this process · 1400/13228 segment] 1.38s/row · 1485 chunks/h · ETA 7.97h for the segment · last finish=stop gen_tok=7
  [1450/13228 this process · 1450/13228 segment] 3.13s/row · 1482 chunks/h · ETA 7.95h for the segment · last finish=stop gen_tok=51
  [1500/13228 this process · 1500/13228 segment] 1.46s/row · 1479 chunks/h · ETA 7.93h for the segment · last finish=stop gen_tok=7
  [1550/13228 this process · 1550/13228 segment] 3.58s/row · 1484 chunks/h · ETA 7.87h for the segment · last finish=stop gen_tok=70
  [1600/13228 this process · 1600/13228 segment] 2.75s/row · 1490 chunks/h · ETA 7.80h for the segment · last finish=stop gen_tok=48
  [1650/13228 this process · 1650/13228 segment] 1.65s/row · 1493 chunks/h · ETA 7.76h for the segment · last finish=stop gen_tok=15
  [1700/13228 this process · 1700/13228 segment] 4.91s/row · 1492 chunks/h · ETA 7.73h for the segment · last finish=stop gen_tok=108
  [1750/13228 this process · 1750/13228 segment] 2.67s/row · 1492 chunks/h · ETA 7.69h for the segment · last finish=stop gen_tok=41
  [1800/13228 this process · 1800/13228 segment] 4.15s/row · 1488 chunks/h · ETA 7.68h for the segment · last finish=stop gen_tok=86
  [1850/13228 this process · 1850/13228 segment] 2.05s/row · 1489 chunks/h · ETA 7.64h for the segment · last finish=stop gen_tok=16
  [1900/13228 this process · 1900/13228 segment] 4.47s/row · 1487 chunks/h · ETA 7.62h for the segment · last finish=stop gen_tok=93
  [1950/13228 this process · 1950/13228 segment] 2.42s/row · 1483 chunks/h · ETA 7.60h for the segment · last finish=stop gen_tok=33
  [2000/13228 this process · 2000/13228 segment] 3.31s/row · 1483 chunks/h · ETA 7.57h for the segment · last finish=stop gen_tok=59
  [2050/13228 this process · 2050/13228 segment] 1.99s/row · 1482 chunks/h · ETA 7.54h for the segment · last finish=stop gen_tok=27
  [2100/13228 this process · 2100/13228 segment] 2.34s/row · 1482 chunks/h · ETA 7.51h for the segment · last finish=stop gen_tok=35
  [2150/13228 this process · 2150/13228 segment] 2.24s/row · 1486 chunks/h · ETA 7.46h for the segment · last finish=stop gen_tok=33
  [2200/13228 this process · 2200/13228 segment] 2.42s/row · 1489 chunks/h · ETA 7.41h for the segment · last finish=stop gen_tok=33
  [2250/13228 this process · 2250/13228 segment] 5.13s/row · 1483 chunks/h · ETA 7.40h for the segment · last finish=stop gen_tok=94
  [2300/13228 this process · 2300/13228 segment] 1.43s/row · 1482 chunks/h · ETA 7.38h for the segment · last finish=stop gen_tok=7
  [2350/13228 this process · 2350/13228 segment] 2.41s/row · 1484 chunks/h · ETA 7.33h for the segment · last finish=stop gen_tok=33
  [2400/13228 this process · 2400/13228 segment] 2.04s/row · 1487 chunks/h · ETA 7.28h for the segment · last finish=stop gen_tok=27
  [2450/13228 this process · 2450/13228 segment] 3.23s/row · 1487 chunks/h · ETA 7.25h for the segment · last finish=stop gen_tok=51
  [2500/13228 this process · 2500/13228 segment] 2.20s/row · 1490 chunks/h · ETA 7.20h for the segment · last finish=stop gen_tok=16
  [2550/13228 this process · 2550/13228 segment] 1.78s/row · 1496 chunks/h · ETA 7.14h for the segment · last finish=stop gen_tok=16
  [2600/13228 this process · 2600/13228 segment] 2.51s/row · 1498 chunks/h · ETA 7.10h for the segment · last finish=stop gen_tok=42
  [2650/13228 this process · 2650/13228 segment] 1.95s/row · 1497 chunks/h · ETA 7.07h for the segment · last finish=stop gen_tok=24
  [2700/13228 this process · 2700/13228 segment] 1.70s/row · 1496 chunks/h · ETA 7.04h for the segment · last finish=stop gen_tok=16
  [2750/13228 this process · 2750/13228 segment] 2.40s/row · 1497 chunks/h · ETA 7.00h for the segment · last finish=stop gen_tok=33
  [2800/13228 this process · 2800/13228 segment] 1.86s/row · 1503 chunks/h · ETA 6.94h for the segment · last finish=stop gen_tok=24
  [2850/13228 this process · 2850/13228 segment] 1.82s/row · 1506 chunks/h · ETA 6.89h for the segment · last finish=stop gen_tok=16
  [2900/13228 this process · 2900/13228 segment] 3.36s/row · 1506 chunks/h · ETA 6.86h for the segment · last finish=stop gen_tok=51
  [2950/13228 this process · 2950/13228 segment] 1.70s/row · 1511 chunks/h · ETA 6.80h for the segment · last finish=stop gen_tok=16
  [3000/13228 this process · 3000/13228 segment] 2.35s/row · 1513 chunks/h · ETA 6.76h for the segment · last finish=stop gen_tok=36
  [3050/13228 this process · 3050/13228 segment] 1.89s/row · 1512 chunks/h · ETA 6.73h for the segment · last finish=stop gen_tok=24
  [3100/13228 this process · 3100/13228 segment] 2.02s/row · 1512 chunks/h · ETA 6.70h for the segment · last finish=stop gen_tok=27
  [3150/13228 this process · 3150/13228 segment] 1.66s/row · 1514 chunks/h · ETA 6.66h for the segment · last finish=stop gen_tok=16
  [3200/13228 this process · 3200/13228 segment] 1.72s/row · 1518 chunks/h · ETA 6.61h for the segment · last finish=stop gen_tok=16
  [3250/13228 this process · 3250/13228 segment] 1.66s/row · 1521 chunks/h · ETA 6.56h for the segment · last finish=stop gen_tok=16
  [3300/13228 this process · 3300/13228 segment] 2.21s/row · 1522 chunks/h · ETA 6.52h for the segment · last finish=stop gen_tok=27
  [3350/13228 this process · 3350/13228 segment] 4.55s/row · 1518 chunks/h · ETA 6.51h for the segment · last finish=stop gen_tok=99
  [3400/13228 this process · 3400/13228 segment] 3.50s/row · 1518 chunks/h · ETA 6.47h for the segment · last finish=stop gen_tok=69
  [3450/13228 this process · 3450/13228 segment] 1.35s/row · 1520 chunks/h · ETA 6.43h for the segment · last finish=stop gen_tok=7
  [3500/13228 this process · 3500/13228 segment] 2.40s/row · 1521 chunks/h · ETA 6.39h for the segment · last finish=stop gen_tok=32
  [3550/13228 this process · 3550/13228 segment] 2.75s/row · 1521 chunks/h · ETA 6.36h for the segment · last finish=stop gen_tok=44
  [3600/13228 this process · 3600/13228 segment] 4.25s/row · 1520 chunks/h · ETA 6.33h for the segment · last finish=stop gen_tok=88
  [3650/13228 this process · 3650/13228 segment] 1.69s/row · 1518 chunks/h · ETA 6.31h for the segment · last finish=stop gen_tok=16
  [3700/13228 this process · 3700/13228 segment] 1.97s/row · 1520 chunks/h · ETA 6.27h for the segment · last finish=stop gen_tok=16
  [3750/13228 this process · 3750/13228 segment] 1.33s/row · 1521 chunks/h · ETA 6.23h for the segment · last finish=stop gen_tok=7
  [3800/13228 this process · 3800/13228 segment] 2.66s/row · 1521 chunks/h · ETA 6.20h for the segment · last finish=stop gen_tok=46
  [3850/13228 this process · 3850/13228 segment] 1.70s/row · 1521 chunks/h · ETA 6.16h for the segment · last finish=stop gen_tok=16
  [3900/13228 this process · 3900/13228 segment] 2.07s/row · 1523 chunks/h · ETA 6.12h for the segment · last finish=stop gen_tok=27
  [3950/13228 this process · 3950/13228 segment] 1.79s/row · 1524 chunks/h · ETA 6.09h for the segment · last finish=stop gen_tok=16
  [4000/13228 this process · 4000/13228 segment] 3.02s/row · 1525 chunks/h · ETA 6.05h for the segment · last finish=stop gen_tok=41
  [4050/13228 this process · 4050/13228 segment] 2.66s/row · 1525 chunks/h · ETA 6.02h for the segment · last finish=stop gen_tok=34
  [4100/13228 this process · 4100/13228 segment] 2.33s/row · 1525 chunks/h · ETA 5.99h for the segment · last finish=stop gen_tok=27
  [4150/13228 this process · 4150/13228 segment] 3.53s/row · 1526 chunks/h · ETA 5.95h for the segment · last finish=stop gen_tok=70
  [4200/13228 this process · 4200/13228 segment] 2.18s/row · 1524 chunks/h · ETA 5.92h for the segment · last finish=stop gen_tok=24
  [4250/13228 this process · 4250/13228 segment] 2.92s/row · 1523 chunks/h · ETA 5.90h for the segment · last finish=stop gen_tok=51
  [4300/13228 this process · 4300/13228 segment] 1.93s/row · 1524 chunks/h · ETA 5.86h for the segment · last finish=stop gen_tok=15
  [4350/13228 this process · 4350/13228 segment] 1.68s/row · 1524 chunks/h · ETA 5.82h for the segment · last finish=stop gen_tok=16
  [4400/13228 this process · 4400/13228 segment] 1.73s/row · 1526 chunks/h · ETA 5.79h for the segment · last finish=stop gen_tok=16
  [4450/13228 this process · 4450/13228 segment] 2.92s/row · 1525 chunks/h · ETA 5.76h for the segment · last finish=stop gen_tok=52
  [4500/13228 this process · 4500/13228 segment] 1.92s/row · 1526 chunks/h · ETA 5.72h for the segment · last finish=stop gen_tok=16
  [4550/13228 this process · 4550/13228 segment] 2.08s/row · 1525 chunks/h · ETA 5.69h for the segment · last finish=stop gen_tok=27
  [4600/13228 this process · 4600/13228 segment] 2.04s/row · 1525 chunks/h · ETA 5.66h for the segment · last finish=stop gen_tok=24
  [4650/13228 this process · 4650/13228 segment] 2.46s/row · 1525 chunks/h · ETA 5.62h for the segment · last finish=stop gen_tok=37
  [4700/13228 this process · 4700/13228 segment] 1.84s/row · 1527 chunks/h · ETA 5.58h for the segment · last finish=stop gen_tok=16
  [4750/13228 this process · 4750/13228 segment] 2.43s/row · 1528 chunks/h · ETA 5.55h for the segment · last finish=stop gen_tok=33
  [4800/13228 this process · 4800/13228 segment] 1.82s/row · 1529 chunks/h · ETA 5.51h for the segment · last finish=stop gen_tok=16
  [4850/13228 this process · 4850/13228 segment] 2.64s/row · 1529 chunks/h · ETA 5.48h for the segment · last finish=stop gen_tok=16
  [4900/13228 this process · 4900/13228 segment] 1.94s/row · 1529 chunks/h · ETA 5.45h for the segment · last finish=stop gen_tok=25
  [4950/13228 this process · 4950/13228 segment] 3.57s/row · 1529 chunks/h · ETA 5.41h for the segment · last finish=stop gen_tok=69
  [5000/13228 this process · 5000/13228 segment] 2.00s/row · 1530 chunks/h · ETA 5.38h for the segment · last finish=stop gen_tok=23
  [5050/13228 this process · 5050/13228 segment] 1.99s/row · 1531 chunks/h · ETA 5.34h for the segment · last finish=stop gen_tok=27
  [5100/13228 this process · 5100/13228 segment] 2.38s/row · 1532 chunks/h · ETA 5.31h for the segment · last finish=stop gen_tok=34
  [5150/13228 this process · 5150/13228 segment] 1.63s/row · 1531 chunks/h · ETA 5.28h for the segment · last finish=stop gen_tok=16
  [5200/13228 this process · 5200/13228 segment] 1.91s/row · 1531 chunks/h · ETA 5.24h for the segment · last finish=stop gen_tok=16
  [5250/13228 this process · 5250/13228 segment] 2.47s/row · 1531 chunks/h · ETA 5.21h for the segment · last finish=stop gen_tok=36
  [5300/13228 this process · 5300/13228 segment] 1.99s/row · 1533 chunks/h · ETA 5.17h for the segment · last finish=stop gen_tok=27
  [5350/13228 this process · 5350/13228 segment] 1.77s/row · 1534 chunks/h · ETA 5.14h for the segment · last finish=stop gen_tok=16
  [5400/13228 this process · 5400/13228 segment] 2.63s/row · 1536 chunks/h · ETA 5.10h for the segment · last finish=stop gen_tok=43
  [5450/13228 this process · 5450/13228 segment] 1.67s/row · 1536 chunks/h · ETA 5.06h for the segment · last finish=stop gen_tok=16
  [5500/13228 this process · 5500/13228 segment] 1.82s/row · 1538 chunks/h · ETA 5.03h for the segment · last finish=stop gen_tok=16
  [5550/13228 this process · 5550/13228 segment] 2.65s/row · 1540 chunks/h · ETA 4.99h for the segment · last finish=stop gen_tok=45
  [5600/13228 this process · 5600/13228 segment] 2.02s/row · 1538 chunks/h · ETA 4.96h for the segment · last finish=stop gen_tok=27
  [5650/13228 this process · 5650/13228 segment] 2.05s/row · 1539 chunks/h · ETA 4.92h for the segment · last finish=stop gen_tok=28
  [5700/13228 this process · 5700/13228 segment] 3.74s/row · 1540 chunks/h · ETA 4.89h for the segment · last finish=stop gen_tok=70
  [5750/13228 this process · 5750/13228 segment] 2.99s/row · 1540 chunks/h · ETA 4.85h for the segment · last finish=stop gen_tok=32
  [5800/13228 this process · 5800/13228 segment] 2.12s/row · 1540 chunks/h · ETA 4.82h for the segment · last finish=stop gen_tok=27
  [5850/13228 this process · 5850/13228 segment] 2.56s/row · 1542 chunks/h · ETA 4.79h for the segment · last finish=stop gen_tok=37
  [5900/13228 this process · 5900/13228 segment] 2.08s/row · 1543 chunks/h · ETA 4.75h for the segment · last finish=stop gen_tok=27
  [5950/13228 this process · 5950/13228 segment] 2.91s/row · 1544 chunks/h · ETA 4.71h for the segment · last finish=stop gen_tok=48
  [6000/13228 this process · 6000/13228 segment] 1.71s/row · 1544 chunks/h · ETA 4.68h for the segment · last finish=stop gen_tok=16
  [6050/13228 this process · 6050/13228 segment] 2.97s/row · 1542 chunks/h · ETA 4.65h for the segment · last finish=stop gen_tok=50
  [6100/13228 this process · 6100/13228 segment] 2.00s/row · 1542 chunks/h · ETA 4.62h for the segment · last finish=stop gen_tok=15
  [6150/13228 this process · 6150/13228 segment] 2.76s/row · 1540 chunks/h · ETA 4.60h for the segment · last finish=stop gen_tok=32
  [6200/13228 this process · 6200/13228 segment] 2.99s/row · 1539 chunks/h · ETA 4.57h for the segment · last finish=stop gen_tok=50
  [6250/13228 this process · 6250/13228 segment] 1.71s/row · 1539 chunks/h · ETA 4.53h for the segment · last finish=stop gen_tok=16
  [6300/13228 this process · 6300/13228 segment] 1.90s/row · 1540 chunks/h · ETA 4.50h for the segment · last finish=stop gen_tok=16
  [6350/13228 this process · 6350/13228 segment] 1.78s/row · 1542 chunks/h · ETA 4.46h for the segment · last finish=stop gen_tok=16
  [6400/13228 this process · 6400/13228 segment] 2.09s/row · 1543 chunks/h · ETA 4.43h for the segment · last finish=stop gen_tok=27
  [6450/13228 this process · 6450/13228 segment] 1.58s/row · 1544 chunks/h · ETA 4.39h for the segment · last finish=stop gen_tok=16
  [6500/13228 this process · 6500/13228 segment] 2.21s/row · 1544 chunks/h · ETA 4.36h for the segment · last finish=stop gen_tok=23
  [6550/13228 this process · 6550/13228 segment] 1.99s/row · 1544 chunks/h · ETA 4.32h for the segment · last finish=stop gen_tok=27
  [6600/13228 this process · 6600/13228 segment] 2.07s/row · 1544 chunks/h · ETA 4.29h for the segment · last finish=stop gen_tok=27
  [6650/13228 this process · 6650/13228 segment] 2.22s/row · 1544 chunks/h · ETA 4.26h for the segment · last finish=stop gen_tok=27
  [6700/13228 this process · 6700/13228 segment] 3.10s/row · 1542 chunks/h · ETA 4.23h for the segment · last finish=stop gen_tok=52
  [6750/13228 this process · 6750/13228 segment] 2.41s/row · 1542 chunks/h · ETA 4.20h for the segment · last finish=stop gen_tok=33
  [6800/13228 this process · 6800/13228 segment] 2.80s/row · 1543 chunks/h · ETA 4.17h for the segment · last finish=stop gen_tok=33
  [6850/13228 this process · 6850/13228 segment] 2.38s/row · 1543 chunks/h · ETA 4.13h for the segment · last finish=stop gen_tok=34
  [6900/13228 this process · 6900/13228 segment] 4.15s/row · 1542 chunks/h · ETA 4.10h for the segment · last finish=stop gen_tok=85
  [6950/13228 this process · 6950/13228 segment] 2.04s/row · 1543 chunks/h · ETA 4.07h for the segment · last finish=stop gen_tok=24
  [7000/13228 this process · 7000/13228 segment] 3.42s/row · 1544 chunks/h · ETA 4.03h for the segment · last finish=stop gen_tok=67
  [7050/13228 this process · 7050/13228 segment] 1.83s/row · 1542 chunks/h · ETA 4.01h for the segment · last finish=stop gen_tok=16
  [7100/13228 this process · 7100/13228 segment] 3.60s/row · 1542 chunks/h · ETA 3.97h for the segment · last finish=stop gen_tok=67
  [7150/13228 this process · 7150/13228 segment] 2.38s/row · 1540 chunks/h · ETA 3.95h for the segment · last finish=stop gen_tok=33
  [7200/13228 this process · 7200/13228 segment] 1.67s/row · 1539 chunks/h · ETA 3.92h for the segment · last finish=stop gen_tok=16
  [7250/13228 this process · 7250/13228 segment] 2.28s/row · 1539 chunks/h · ETA 3.88h for the segment · last finish=stop gen_tok=27
  [7300/13228 this process · 7300/13228 segment] 2.24s/row · 1539 chunks/h · ETA 3.85h for the segment · last finish=stop gen_tok=23
  [7350/13228 this process · 7350/13228 segment] 3.51s/row · 1539 chunks/h · ETA 3.82h for the segment · last finish=stop gen_tok=59
  [7400/13228 this process · 7400/13228 segment] 2.63s/row · 1538 chunks/h · ETA 3.79h for the segment · last finish=stop gen_tok=16
  [7450/13228 this process · 7450/13228 segment] 2.61s/row · 1538 chunks/h · ETA 3.76h for the segment · last finish=stop gen_tok=41
  [7500/13228 this process · 7500/13228 segment] 2.29s/row · 1537 chunks/h · ETA 3.73h for the segment · last finish=stop gen_tok=33
  [7550/13228 this process · 7550/13228 segment] 2.67s/row · 1537 chunks/h · ETA 3.69h for the segment · last finish=stop gen_tok=40
  [7600/13228 this process · 7600/13228 segment] 1.96s/row · 1538 chunks/h · ETA 3.66h for the segment · last finish=stop gen_tok=24
  [7650/13228 this process · 7650/13228 segment] 1.73s/row · 1538 chunks/h · ETA 3.63h for the segment · last finish=stop gen_tok=16
  [7700/13228 this process · 7700/13228 segment] 3.15s/row · 1537 chunks/h · ETA 3.60h for the segment · last finish=stop gen_tok=51
  [7750/13228 this process · 7750/13228 segment] 1.98s/row · 1536 chunks/h · ETA 3.57h for the segment · last finish=stop gen_tok=23
  [7800/13228 this process · 7800/13228 segment] 1.57s/row · 1534 chunks/h · ETA 3.54h for the segment · last finish=stop gen_tok=15
  [7850/13228 this process · 7850/13228 segment] 3.95s/row · 1535 chunks/h · ETA 3.50h for the segment · last finish=stop gen_tok=79
  [7900/13228 this process · 7900/13228 segment] 1.86s/row · 1534 chunks/h · ETA 3.47h for the segment · last finish=stop gen_tok=15
  [7950/13228 this process · 7950/13228 segment] 3.36s/row · 1535 chunks/h · ETA 3.44h for the segment · last finish=stop gen_tok=59
  [8000/13228 this process · 8000/13228 segment] 3.03s/row · 1533 chunks/h · ETA 3.41h for the segment · last finish=stop gen_tok=50
  [8050/13228 this process · 8050/13228 segment] 1.85s/row · 1532 chunks/h · ETA 3.38h for the segment · last finish=stop gen_tok=15
  [8100/13228 this process · 8100/13228 segment] 3.32s/row · 1531 chunks/h · ETA 3.35h for the segment · last finish=stop gen_tok=50
  [8150/13228 this process · 8150/13228 segment] 2.43s/row · 1531 chunks/h · ETA 3.32h for the segment · last finish=stop gen_tok=33
  [8200/13228 this process · 8200/13228 segment] 1.83s/row · 1531 chunks/h · ETA 3.28h for the segment · last finish=stop gen_tok=16
  [8250/13228 this process · 8250/13228 segment] 2.02s/row · 1531 chunks/h · ETA 3.25h for the segment · last finish=stop gen_tok=25
  [8300/13228 this process · 8300/13228 segment] 2.33s/row · 1532 chunks/h · ETA 3.22h for the segment · last finish=stop gen_tok=32
  [8350/13228 this process · 8350/13228 segment] 2.10s/row · 1532 chunks/h · ETA 3.18h for the segment · last finish=stop gen_tok=24
  [8400/13228 this process · 8400/13228 segment] 2.74s/row · 1531 chunks/h · ETA 3.15h for the segment · last finish=stop gen_tok=24
  [8450/13228 this process · 8450/13228 segment] 3.64s/row · 1531 chunks/h · ETA 3.12h for the segment · last finish=stop gen_tok=71
  [8500/13228 this process · 8500/13228 segment] 2.10s/row · 1531 chunks/h · ETA 3.09h for the segment · last finish=stop gen_tok=16
  [8550/13228 this process · 8550/13228 segment] 2.43s/row · 1530 chunks/h · ETA 3.06h for the segment · last finish=stop gen_tok=32
  [8600/13228 this process · 8600/13228 segment] 2.45s/row · 1528 chunks/h · ETA 3.03h for the segment · last finish=stop gen_tok=24
  [8650/13228 this process · 8650/13228 segment] 1.88s/row · 1527 chunks/h · ETA 3.00h for the segment · last finish=stop gen_tok=16
  [8700/13228 this process · 8700/13228 segment] 1.99s/row · 1527 chunks/h · ETA 2.97h for the segment · last finish=stop gen_tok=24
  [8750/13228 this process · 8750/13228 segment] 2.01s/row · 1528 chunks/h · ETA 2.93h for the segment · last finish=stop gen_tok=24
  [8800/13228 this process · 8800/13228 segment] 2.15s/row · 1527 chunks/h · ETA 2.90h for the segment · last finish=stop gen_tok=24
  [8850/13228 this process · 8850/13228 segment] 2.25s/row · 1527 chunks/h · ETA 2.87h for the segment · last finish=stop gen_tok=33
  [8900/13228 this process · 8900/13228 segment] 2.38s/row · 1527 chunks/h · ETA 2.83h for the segment · last finish=stop gen_tok=24
  [8950/13228 this process · 8950/13228 segment] 2.06s/row · 1528 chunks/h · ETA 2.80h for the segment · last finish=stop gen_tok=16
  [9000/13228 this process · 9000/13228 segment] 2.38s/row · 1526 chunks/h · ETA 2.77h for the segment · last finish=stop gen_tok=46
  [9050/13228 this process · 9050/13228 segment] 2.22s/row · 1527 chunks/h · ETA 2.74h for the segment · last finish=stop gen_tok=33
  [9100/13228 this process · 9100/13228 segment] 1.75s/row · 1527 chunks/h · ETA 2.70h for the segment · last finish=stop gen_tok=16
  [9150/13228 this process · 9150/13228 segment] 1.89s/row · 1527 chunks/h · ETA 2.67h for the segment · last finish=stop gen_tok=16
  [9200/13228 this process · 9200/13228 segment] 2.44s/row · 1528 chunks/h · ETA 2.64h for the segment · last finish=stop gen_tok=33
  [9250/13228 this process · 9250/13228 segment] 2.29s/row · 1528 chunks/h · ETA 2.60h for the segment · last finish=stop gen_tok=16
  [9300/13228 this process · 9300/13228 segment] 2.68s/row · 1527 chunks/h · ETA 2.57h for the segment · last finish=stop gen_tok=33
  [9350/13228 this process · 9350/13228 segment] 2.60s/row · 1526 chunks/h · ETA 2.54h for the segment · last finish=stop gen_tok=16
  [9400/13228 this process · 9400/13228 segment] 1.67s/row · 1526 chunks/h · ETA 2.51h for the segment · last finish=stop gen_tok=16
  [9450/13228 this process · 9450/13228 segment] 1.82s/row · 1526 chunks/h · ETA 2.48h for the segment · last finish=stop gen_tok=16
  [9500/13228 this process · 9500/13228 segment] 1.70s/row · 1527 chunks/h · ETA 2.44h for the segment · last finish=stop gen_tok=15
  [9550/13228 this process · 9550/13228 segment] 1.65s/row · 1527 chunks/h · ETA 2.41h for the segment · last finish=stop gen_tok=15
  [9600/13228 this process · 9600/13228 segment] 1.64s/row · 1528 chunks/h · ETA 2.37h for the segment · last finish=stop gen_tok=16
  [9650/13228 this process · 9650/13228 segment] 2.36s/row · 1528 chunks/h · ETA 2.34h for the segment · last finish=stop gen_tok=32
  [9700/13228 this process · 9700/13228 segment] 2.22s/row · 1528 chunks/h · ETA 2.31h for the segment · last finish=stop gen_tok=33
  [9750/13228 this process · 9750/13228 segment] 2.04s/row · 1527 chunks/h · ETA 2.28h for the segment · last finish=stop gen_tok=27
  [9800/13228 this process · 9800/13228 segment] 1.89s/row · 1527 chunks/h · ETA 2.24h for the segment · last finish=stop gen_tok=16
  [9850/13228 this process · 9850/13228 segment] 2.39s/row · 1528 chunks/h · ETA 2.21h for the segment · last finish=stop gen_tok=16
  [9900/13228 this process · 9900/13228 segment] 2.16s/row · 1530 chunks/h · ETA 2.18h for the segment · last finish=stop gen_tok=16
  [9950/13228 this process · 9950/13228 segment] 1.80s/row · 1531 chunks/h · ETA 2.14h for the segment · last finish=stop gen_tok=16
  [10000/13228 this process · 10000/13228 segment] 2.37s/row · 1531 chunks/h · ETA 2.11h for the segment · last finish=stop gen_tok=32
  [10050/13228 this process · 10050/13228 segment] 3.52s/row · 1531 chunks/h · ETA 2.08h for the segment · last finish=stop gen_tok=59
  [10100/13228 this process · 10100/13228 segment] 2.81s/row · 1530 chunks/h · ETA 2.04h for the segment · last finish=stop gen_tok=33
  [10150/13228 this process · 10150/13228 segment] 1.72s/row · 1529 chunks/h · ETA 2.01h for the segment · last finish=stop gen_tok=15
  [10200/13228 this process · 10200/13228 segment] 3.05s/row · 1530 chunks/h · ETA 1.98h for the segment · last finish=stop gen_tok=50
  [10250/13228 this process · 10250/13228 segment] 2.70s/row · 1531 chunks/h · ETA 1.95h for the segment · last finish=stop gen_tok=40
  [10300/13228 this process · 10300/13228 segment] 2.36s/row · 1530 chunks/h · ETA 1.91h for the segment · last finish=stop gen_tok=32
  [10350/13228 this process · 10350/13228 segment] 1.94s/row · 1531 chunks/h · ETA 1.88h for the segment · last finish=stop gen_tok=16
  [10400/13228 this process · 10400/13228 segment] 1.68s/row · 1530 chunks/h · ETA 1.85h for the segment · last finish=stop gen_tok=16
  [10450/13228 this process · 10450/13228 segment] 1.41s/row · 1531 chunks/h · ETA 1.82h for the segment · last finish=stop gen_tok=16
  [10500/13228 this process · 10500/13228 segment] 2.37s/row · 1531 chunks/h · ETA 1.78h for the segment · last finish=stop gen_tok=32
  [10550/13228 this process · 10550/13228 segment] 3.82s/row · 1531 chunks/h · ETA 1.75h for the segment · last finish=stop gen_tok=78
  [10600/13228 this process · 10600/13228 segment] 2.17s/row · 1532 chunks/h · ETA 1.72h for the segment · last finish=stop gen_tok=16
  [10650/13228 this process · 10650/13228 segment] 1.75s/row · 1532 chunks/h · ETA 1.68h for the segment · last finish=stop gen_tok=16
  [10700/13228 this process · 10700/13228 segment] 3.44s/row · 1533 chunks/h · ETA 1.65h for the segment · last finish=stop gen_tok=65
  [10750/13228 this process · 10750/13228 segment] 2.03s/row · 1534 chunks/h · ETA 1.62h for the segment · last finish=stop gen_tok=16
  [10800/13228 this process · 10800/13228 segment] 2.51s/row · 1535 chunks/h · ETA 1.58h for the segment · last finish=stop gen_tok=33
  [10850/13228 this process · 10850/13228 segment] 2.00s/row · 1536 chunks/h · ETA 1.55h for the segment · last finish=stop gen_tok=23
  [10900/13228 this process · 10900/13228 segment] 1.89s/row · 1536 chunks/h · ETA 1.52h for the segment · last finish=stop gen_tok=16
  [10950/13228 this process · 10950/13228 segment] 2.11s/row · 1536 chunks/h · ETA 1.48h for the segment · last finish=stop gen_tok=24
  [11000/13228 this process · 11000/13228 segment] 1.82s/row · 1536 chunks/h · ETA 1.45h for the segment · last finish=stop gen_tok=15
  [11050/13228 this process · 11050/13228 segment] 2.97s/row · 1537 chunks/h · ETA 1.42h for the segment · last finish=stop gen_tok=54
  [11100/13228 this process · 11100/13228 segment] 2.99s/row · 1537 chunks/h · ETA 1.38h for the segment · last finish=stop gen_tok=50
  [11150/13228 this process · 11150/13228 segment] 3.46s/row · 1537 chunks/h · ETA 1.35h for the segment · last finish=stop gen_tok=51
  [11200/13228 this process · 11200/13228 segment] 1.79s/row · 1538 chunks/h · ETA 1.32h for the segment · last finish=stop gen_tok=16
  [11250/13228 this process · 11250/13228 segment] 2.30s/row · 1539 chunks/h · ETA 1.29h for the segment · last finish=stop gen_tok=33
  [11300/13228 this process · 11300/13228 segment] 2.64s/row · 1540 chunks/h · ETA 1.25h for the segment · last finish=stop gen_tok=16
  [11350/13228 this process · 11350/13228 segment] 2.71s/row · 1540 chunks/h · ETA 1.22h for the segment · last finish=stop gen_tok=41
  [11400/13228 this process · 11400/13228 segment] 3.00s/row · 1540 chunks/h · ETA 1.19h for the segment · last finish=stop gen_tok=41
  [11450/13228 this process · 11450/13228 segment] 2.18s/row · 1540 chunks/h · ETA 1.15h for the segment · last finish=stop gen_tok=16
  [11500/13228 this process · 11500/13228 segment] 2.44s/row · 1539 chunks/h · ETA 1.12h for the segment · last finish=stop gen_tok=15
  [11550/13228 this process · 11550/13228 segment] 2.34s/row · 1539 chunks/h · ETA 1.09h for the segment · last finish=stop gen_tok=16
  [11600/13228 this process · 11600/13228 segment] 1.75s/row · 1538 chunks/h · ETA 1.06h for the segment · last finish=stop gen_tok=16
  [11650/13228 this process · 11650/13228 segment] 1.87s/row · 1538 chunks/h · ETA 1.03h for the segment · last finish=stop gen_tok=24
  [11700/13228 this process · 11700/13228 segment] 2.42s/row · 1539 chunks/h · ETA 0.99h for the segment · last finish=stop gen_tok=32
  [11750/13228 this process · 11750/13228 segment] 1.77s/row · 1539 chunks/h · ETA 0.96h for the segment · last finish=stop gen_tok=16
  [11800/13228 this process · 11800/13228 segment] 1.76s/row · 1539 chunks/h · ETA 0.93h for the segment · last finish=stop gen_tok=16
  [11850/13228 this process · 11850/13228 segment] 2.74s/row · 1540 chunks/h · ETA 0.89h for the segment · last finish=stop gen_tok=32
  [11900/13228 this process · 11900/13228 segment] 1.73s/row · 1540 chunks/h · ETA 0.86h for the segment · last finish=stop gen_tok=24
  [11950/13228 this process · 11950/13228 segment] 2.27s/row · 1539 chunks/h · ETA 0.83h for the segment · last finish=stop gen_tok=24
  [12000/13228 this process · 12000/13228 segment] 2.42s/row · 1539 chunks/h · ETA 0.80h for the segment · last finish=stop gen_tok=32
  [12050/13228 this process · 12050/13228 segment] 3.35s/row · 1539 chunks/h · ETA 0.77h for the segment · last finish=stop gen_tok=64
  [12100/13228 this process · 12100/13228 segment] 2.06s/row · 1539 chunks/h · ETA 0.73h for the segment · last finish=stop gen_tok=16
  [12150/13228 this process · 12150/13228 segment] 1.28s/row · 1539 chunks/h · ETA 0.70h for the segment · last finish=stop gen_tok=7
  [12200/13228 this process · 12200/13228 segment] 1.61s/row · 1539 chunks/h · ETA 0.67h for the segment · last finish=stop gen_tok=7
  [12250/13228 this process · 12250/13228 segment] 1.86s/row · 1538 chunks/h · ETA 0.64h for the segment · last finish=stop gen_tok=16
  [12300/13228 this process · 12300/13228 segment] 3.02s/row · 1536 chunks/h · ETA 0.60h for the segment · last finish=stop gen_tok=41
  [12350/13228 this process · 12350/13228 segment] 2.05s/row · 1536 chunks/h · ETA 0.57h for the segment · last finish=stop gen_tok=23
  [12400/13228 this process · 12400/13228 segment] 2.40s/row · 1536 chunks/h · ETA 0.54h for the segment · last finish=stop gen_tok=34
  [12450/13228 this process · 12450/13228 segment] 5.03s/row · 1536 chunks/h · ETA 0.51h for the segment · last finish=stop gen_tok=108
  [12500/13228 this process · 12500/13228 segment] 2.98s/row · 1537 chunks/h · ETA 0.47h for the segment · last finish=stop gen_tok=51
  [12550/13228 this process · 12550/13228 segment] 1.03s/row · 1537 chunks/h · ETA 0.44h for the segment · last finish=stop gen_tok=7
  [12600/13228 this process · 12600/13228 segment] 2.05s/row · 1537 chunks/h · ETA 0.41h for the segment · last finish=stop gen_tok=27
  [12650/13228 this process · 12650/13228 segment] 1.95s/row · 1537 chunks/h · ETA 0.38h for the segment · last finish=stop gen_tok=24
  [12700/13228 this process · 12700/13228 segment] 3.56s/row · 1536 chunks/h · ETA 0.34h for the segment · last finish=stop gen_tok=59
  [12750/13228 this process · 12750/13228 segment] 2.43s/row · 1535 chunks/h · ETA 0.31h for the segment · last finish=stop gen_tok=33
  [12800/13228 this process · 12800/13228 segment] 3.19s/row · 1534 chunks/h · ETA 0.28h for the segment · last finish=stop gen_tok=58
  [12850/13228 this process · 12850/13228 segment] 2.56s/row · 1534 chunks/h · ETA 0.25h for the segment · last finish=stop gen_tok=16
  [12900/13228 this process · 12900/13228 segment] 2.99s/row · 1532 chunks/h · ETA 0.21h for the segment · last finish=stop gen_tok=42
  [12950/13228 this process · 12950/13228 segment] 2.37s/row · 1532 chunks/h · ETA 0.18h for the segment · last finish=stop gen_tok=15
  [13000/13228 this process · 13000/13228 segment] 2.03s/row · 1531 chunks/h · ETA 0.15h for the segment · last finish=stop gen_tok=16
  [13050/13228 this process · 13050/13228 segment] 2.35s/row · 1531 chunks/h · ETA 0.12h for the segment · last finish=stop gen_tok=16
  [13100/13228 this process · 13100/13228 segment] 1.85s/row · 1531 chunks/h · ETA 0.08h for the segment · last finish=stop gen_tok=16
  [13150/13228 this process · 13150/13228 segment] 2.44s/row · 1531 chunks/h · ETA 0.05h for the segment · last finish=stop gen_tok=33
  [13200/13228 this process · 13200/13228 segment] 1.77s/row · 1530 chunks/h · ETA 0.02h for the segment · last finish=stop gen_tok=16
  [13228/13228 this process · 13228/13228 segment] 1.29s/row · 1530 chunks/h · ETA 0.00h for the segment · last finish=stop gen_tok=7

SEGMENT seg-018 COMPLETE — 13228/13228 rows.
Now finalize with the SYSTEM python3 (no GPU, seconds):
    python3 finetune/label_e2.py --finalize-segment seg-018
