0 already in labels.jsonl · 13249 to generate
loading base model + adapter (the only GPU work) ...
  loaded in 1.2s
  [50/13249 this process · 50/13249 segment] 2.35s/row · 1578 chunks/h · ETA 8.37h for the segment · last finish=stop gen_tok=36
  [100/13249 this process · 100/13249 segment] 2.13s/row · 1554 chunks/h · ETA 8.46h for the segment · last finish=stop gen_tok=16
  [150/13249 this process · 150/13249 segment] 1.91s/row · 1637 chunks/h · ETA 8.00h for the segment · last finish=stop gen_tok=24
  [200/13249 this process · 200/13249 segment] 2.85s/row · 1643 chunks/h · ETA 7.94h for the segment · last finish=stop gen_tok=50
  [250/13249 this process · 250/13249 segment] 1.99s/row · 1640 chunks/h · ETA 7.93h for the segment · last finish=stop gen_tok=16
  [300/13249 this process · 300/13249 segment] 1.92s/row · 1653 chunks/h · ETA 7.83h for the segment · last finish=stop gen_tok=16
  [350/13249 this process · 350/13249 segment] 2.38s/row · 1648 chunks/h · ETA 7.83h for the segment · last finish=stop gen_tok=33
  [400/13249 this process · 400/13249 segment] 1.88s/row · 1632 chunks/h · ETA 7.87h for the segment · last finish=stop gen_tok=16
  [450/13249 this process · 450/13249 segment] 2.08s/row · 1629 chunks/h · ETA 7.86h for the segment · last finish=stop gen_tok=16
  [500/13249 this process · 500/13249 segment] 1.66s/row · 1632 chunks/h · ETA 7.81h for the segment · last finish=stop gen_tok=16
  [550/13249 this process · 550/13249 segment] 2.01s/row · 1643 chunks/h · ETA 7.73h for the segment · last finish=stop gen_tok=16
  [600/13249 this process · 600/13249 segment] 3.03s/row · 1652 chunks/h · ETA 7.66h for the segment · last finish=stop gen_tok=46
  [650/13249 this process · 650/13249 segment] 2.57s/row · 1641 chunks/h · ETA 7.68h for the segment · last finish=stop gen_tok=42
  [700/13249 this process · 700/13249 segment] 1.72s/row · 1638 chunks/h · ETA 7.66h for the segment · last finish=stop gen_tok=16
  [750/13249 this process · 750/13249 segment] 1.97s/row · 1648 chunks/h · ETA 7.59h for the segment · last finish=stop gen_tok=15
  [800/13249 this process · 800/13249 segment] 1.39s/row · 1652 chunks/h · ETA 7.53h for the segment · last finish=stop gen_tok=7
  [850/13249 this process · 850/13249 segment] 1.48s/row · 1666 chunks/h · ETA 7.44h for the segment · last finish=stop gen_tok=7
  [900/13249 this process · 900/13249 segment] 3.16s/row · 1669 chunks/h · ETA 7.40h for the segment · last finish=stop gen_tok=52
  [950/13249 this process · 950/13249 segment] 3.51s/row · 1656 chunks/h · ETA 7.43h for the segment · last finish=stop gen_tok=70
  [1000/13249 this process · 1000/13249 segment] 2.22s/row · 1642 chunks/h · ETA 7.46h for the segment · last finish=stop gen_tok=16
  [1050/13249 this process · 1050/13249 segment] 2.85s/row · 1631 chunks/h · ETA 7.48h for the segment · last finish=stop gen_tok=33
  [1100/13249 this process · 1100/13249 segment] 2.03s/row · 1625 chunks/h · ETA 7.48h for the segment · last finish=stop gen_tok=27
  [1150/13249 this process · 1150/13249 segment] 2.01s/row · 1625 chunks/h · ETA 7.45h for the segment · last finish=stop gen_tok=16
  [1200/13249 this process · 1200/13249 segment] 2.85s/row · 1619 chunks/h · ETA 7.44h for the segment · last finish=stop gen_tok=23
  [1250/13249 this process · 1250/13249 segment] 2.13s/row · 1620 chunks/h · ETA 7.41h for the segment · last finish=stop gen_tok=16
  [1300/13249 this process · 1300/13249 segment] 1.65s/row · 1627 chunks/h · ETA 7.34h for the segment · last finish=stop gen_tok=16
  [1350/13249 this process · 1350/13249 segment] 1.72s/row · 1634 chunks/h · ETA 7.28h for the segment · last finish=stop gen_tok=16
  [1400/13249 this process · 1400/13249 segment] 2.03s/row · 1638 chunks/h · ETA 7.23h for the segment · last finish=stop gen_tok=27
  [1450/13249 this process · 1450/13249 segment] 2.15s/row · 1631 chunks/h · ETA 7.23h for the segment · last finish=stop gen_tok=15
  [1500/13249 this process · 1500/13249 segment] 3.03s/row · 1632 chunks/h · ETA 7.20h for the segment · last finish=stop gen_tok=51
  [1550/13249 this process · 1550/13249 segment] 2.04s/row · 1624 chunks/h · ETA 7.20h for the segment · last finish=stop gen_tok=24
  [1600/13249 this process · 1600/13249 segment] 2.43s/row · 1619 chunks/h · ETA 7.19h for the segment · last finish=stop gen_tok=32
  [1650/13249 this process · 1650/13249 segment] 1.77s/row · 1614 chunks/h · ETA 7.18h for the segment · last finish=stop gen_tok=16
  [1700/13249 this process · 1700/13249 segment] 3.06s/row · 1608 chunks/h · ETA 7.18h for the segment · last finish=stop gen_tok=48
  [1750/13249 this process · 1750/13249 segment] 2.59s/row · 1610 chunks/h · ETA 7.14h for the segment · last finish=stop gen_tok=33
  [1800/13249 this process · 1800/13249 segment] 2.09s/row · 1609 chunks/h · ETA 7.12h for the segment · last finish=stop gen_tok=23
  [1850/13249 this process · 1850/13249 segment] 2.54s/row · 1604 chunks/h · ETA 7.11h for the segment · last finish=stop gen_tok=33
  [1900/13249 this process · 1900/13249 segment] 2.48s/row · 1603 chunks/h · ETA 7.08h for the segment · last finish=stop gen_tok=33
  [1950/13249 this process · 1950/13249 segment] 1.87s/row · 1596 chunks/h · ETA 7.08h for the segment · last finish=stop gen_tok=16
  [2000/13249 this process · 2000/13249 segment] 2.41s/row · 1597 chunks/h · ETA 7.04h for the segment · last finish=stop gen_tok=16
  [2050/13249 this process · 2050/13249 segment] 2.19s/row · 1598 chunks/h · ETA 7.01h for the segment · last finish=stop gen_tok=16
  [2100/13249 this process · 2100/13249 segment] 3.18s/row · 1596 chunks/h · ETA 6.98h for the segment · last finish=stop gen_tok=58
  [2150/13249 this process · 2150/13249 segment] 3.08s/row · 1589 chunks/h · ETA 6.98h for the segment · last finish=stop gen_tok=33
  [2200/13249 this process · 2200/13249 segment] 3.81s/row · 1589 chunks/h · ETA 6.95h for the segment · last finish=stop gen_tok=48
  [2250/13249 this process · 2250/13249 segment] 3.33s/row · 1587 chunks/h · ETA 6.93h for the segment · last finish=stop gen_tok=51
  [2300/13249 this process · 2300/13249 segment] 2.16s/row · 1584 chunks/h · ETA 6.91h for the segment · last finish=stop gen_tok=24
  [2350/13249 this process · 2350/13249 segment] 1.75s/row · 1583 chunks/h · ETA 6.89h for the segment · last finish=stop gen_tok=16
  [2400/13249 this process · 2400/13249 segment] 2.90s/row · 1580 chunks/h · ETA 6.86h for the segment · last finish=stop gen_tok=42
  [2450/13249 this process · 2450/13249 segment] 2.18s/row · 1580 chunks/h · ETA 6.83h for the segment · last finish=stop gen_tok=27
  [2500/13249 this process · 2500/13249 segment] 1.75s/row · 1574 chunks/h · ETA 6.83h for the segment · last finish=stop gen_tok=16
  [2550/13249 this process · 2550/13249 segment] 1.80s/row · 1572 chunks/h · ETA 6.81h for the segment · last finish=stop gen_tok=16
  [2600/13249 this process · 2600/13249 segment] 2.52s/row · 1567 chunks/h · ETA 6.80h for the segment · last finish=stop gen_tok=16
  [2650/13249 this process · 2650/13249 segment] 3.62s/row · 1563 chunks/h · ETA 6.78h for the segment · last finish=stop gen_tok=69
  [2700/13249 this process · 2700/13249 segment] 1.85s/row · 1559 chunks/h · ETA 6.77h for the segment · last finish=stop gen_tok=16
  [2750/13249 this process · 2750/13249 segment] 2.03s/row · 1557 chunks/h · ETA 6.74h for the segment · last finish=stop gen_tok=16
  [2800/13249 this process · 2800/13249 segment] 2.68s/row · 1557 chunks/h · ETA 6.71h for the segment · last finish=stop gen_tok=33
  [2850/13249 this process · 2850/13249 segment] 2.19s/row · 1555 chunks/h · ETA 6.69h for the segment · last finish=stop gen_tok=24
  [2900/13249 this process · 2900/13249 segment] 1.68s/row · 1555 chunks/h · ETA 6.65h for the segment · last finish=stop gen_tok=16
  [2950/13249 this process · 2950/13249 segment] 2.05s/row · 1557 chunks/h · ETA 6.61h for the segment · last finish=stop gen_tok=24
  [3000/13249 this process · 3000/13249 segment] 3.38s/row · 1560 chunks/h · ETA 6.57h for the segment · last finish=stop gen_tok=57
  [3050/13249 this process · 3050/13249 segment] 3.00s/row · 1559 chunks/h · ETA 6.54h for the segment · last finish=stop gen_tok=51
  [3100/13249 this process · 3100/13249 segment] 1.89s/row · 1558 chunks/h · ETA 6.51h for the segment · last finish=stop gen_tok=16
  [3150/13249 this process · 3150/13249 segment] 2.06s/row · 1556 chunks/h · ETA 6.49h for the segment · last finish=stop gen_tok=16
  [3200/13249 this process · 3200/13249 segment] 3.26s/row · 1560 chunks/h · ETA 6.44h for the segment · last finish=stop gen_tok=58
  [3250/13249 this process · 3250/13249 segment] 3.07s/row · 1559 chunks/h · ETA 6.41h for the segment · last finish=stop gen_tok=51
  [3300/13249 this process · 3300/13249 segment] 2.53s/row · 1556 chunks/h · ETA 6.40h for the segment · last finish=stop gen_tok=32
  [3350/13249 this process · 3350/13249 segment] 2.38s/row · 1555 chunks/h · ETA 6.36h for the segment · last finish=stop gen_tok=36
  [3400/13249 this process · 3400/13249 segment] 2.12s/row · 1556 chunks/h · ETA 6.33h for the segment · last finish=stop gen_tok=27
  [3450/13249 this process · 3450/13249 segment] 2.70s/row · 1552 chunks/h · ETA 6.31h for the segment · last finish=stop gen_tok=33
  [3500/13249 this process · 3500/13249 segment] 2.00s/row · 1552 chunks/h · ETA 6.28h for the segment · last finish=stop gen_tok=16
  [3550/13249 this process · 3550/13249 segment] 2.17s/row · 1554 chunks/h · ETA 6.24h for the segment · last finish=stop gen_tok=27
  [3600/13249 this process · 3600/13249 segment] 1.91s/row · 1557 chunks/h · ETA 6.20h for the segment · last finish=stop gen_tok=16
  [3650/13249 this process · 3650/13249 segment] 1.81s/row · 1557 chunks/h · ETA 6.17h for the segment · last finish=stop gen_tok=16
  [3700/13249 this process · 3700/13249 segment] 2.16s/row · 1556 chunks/h · ETA 6.14h for the segment · last finish=stop gen_tok=27
  [3750/13249 this process · 3750/13249 segment] 1.73s/row · 1556 chunks/h · ETA 6.11h for the segment · last finish=stop gen_tok=16
  [3800/13249 this process · 3800/13249 segment] 1.90s/row · 1553 chunks/h · ETA 6.09h for the segment · last finish=stop gen_tok=16
  [3850/13249 this process · 3850/13249 segment] 1.93s/row · 1552 chunks/h · ETA 6.06h for the segment · last finish=stop gen_tok=16
  [3900/13249 this process · 3900/13249 segment] 2.32s/row · 1552 chunks/h · ETA 6.03h for the segment · last finish=stop gen_tok=27
  [3950/13249 this process · 3950/13249 segment] 3.53s/row · 1550 chunks/h · ETA 6.00h for the segment · last finish=stop gen_tok=57
  [4000/13249 this process · 4000/13249 segment] 2.17s/row · 1549 chunks/h · ETA 5.97h for the segment · last finish=stop gen_tok=27
  [4050/13249 this process · 4050/13249 segment] 3.61s/row · 1547 chunks/h · ETA 5.95h for the segment · last finish=stop gen_tok=59
  [4100/13249 this process · 4100/13249 segment] 2.79s/row · 1548 chunks/h · ETA 5.91h for the segment · last finish=stop gen_tok=45
  [4150/13249 this process · 4150/13249 segment] 1.32s/row · 1548 chunks/h · ETA 5.88h for the segment · last finish=stop gen_tok=7
  [4200/13249 this process · 4200/13249 segment] 1.75s/row · 1544 chunks/h · ETA 5.86h for the segment · last finish=stop gen_tok=16
  [4250/13249 this process · 4250/13249 segment] 1.94s/row · 1546 chunks/h · ETA 5.82h for the segment · last finish=stop gen_tok=15
  [4300/13249 this process · 4300/13249 segment] 3.54s/row · 1545 chunks/h · ETA 5.79h for the segment · last finish=stop gen_tok=60
  [4350/13249 this process · 4350/13249 segment] 2.21s/row · 1545 chunks/h · ETA 5.76h for the segment · last finish=stop gen_tok=24
  [4400/13249 this process · 4400/13249 segment] 2.60s/row · 1546 chunks/h · ETA 5.73h for the segment · last finish=stop gen_tok=32
  [4450/13249 this process · 4450/13249 segment] 3.36s/row · 1544 chunks/h · ETA 5.70h for the segment · last finish=stop gen_tok=50
  [4500/13249 this process · 4500/13249 segment] 2.37s/row · 1544 chunks/h · ETA 5.67h for the segment · last finish=stop gen_tok=15
  [4550/13249 this process · 4550/13249 segment] 2.08s/row · 1543 chunks/h · ETA 5.64h for the segment · last finish=stop gen_tok=23
  [4600/13249 this process · 4600/13249 segment] 2.32s/row · 1544 chunks/h · ETA 5.60h for the segment · last finish=stop gen_tok=27
  [4650/13249 this process · 4650/13249 segment] 1.75s/row · 1545 chunks/h · ETA 5.57h for the segment · last finish=stop gen_tok=16
  [4700/13249 this process · 4700/13249 segment] 2.77s/row · 1546 chunks/h · ETA 5.53h for the segment · last finish=stop gen_tok=27
  [4750/13249 this process · 4750/13249 segment] 2.84s/row · 1546 chunks/h · ETA 5.50h for the segment · last finish=stop gen_tok=49
  [4800/13249 this process · 4800/13249 segment] 2.02s/row · 1547 chunks/h · ETA 5.46h for the segment · last finish=stop gen_tok=27
  [4850/13249 this process · 4850/13249 segment] 2.34s/row · 1548 chunks/h · ETA 5.43h for the segment · last finish=stop gen_tok=33
  [4900/13249 this process · 4900/13249 segment] 1.62s/row · 1546 chunks/h · ETA 5.40h for the segment · last finish=stop gen_tok=16
  [4950/13249 this process · 4950/13249 segment] 1.69s/row · 1545 chunks/h · ETA 5.37h for the segment · last finish=stop gen_tok=16
  [5000/13249 this process · 5000/13249 segment] 1.98s/row · 1542 chunks/h · ETA 5.35h for the segment · last finish=stop gen_tok=16
  [5050/13249 this process · 5050/13249 segment] 2.09s/row · 1543 chunks/h · ETA 5.31h for the segment · last finish=stop gen_tok=27
  [5100/13249 this process · 5100/13249 segment] 2.03s/row · 1542 chunks/h · ETA 5.28h for the segment · last finish=stop gen_tok=16
  [5150/13249 this process · 5150/13249 segment] 1.92s/row · 1541 chunks/h · ETA 5.26h for the segment · last finish=stop gen_tok=15
  [5200/13249 this process · 5200/13249 segment] 2.15s/row · 1540 chunks/h · ETA 5.23h for the segment · last finish=stop gen_tok=15
  [5250/13249 this process · 5250/13249 segment] 2.27s/row · 1539 chunks/h · ETA 5.20h for the segment · last finish=stop gen_tok=32
  [5300/13249 this process · 5300/13249 segment] 2.87s/row · 1539 chunks/h · ETA 5.16h for the segment · last finish=stop gen_tok=40
  [5350/13249 this process · 5350/13249 segment] 1.98s/row · 1540 chunks/h · ETA 5.13h for the segment · last finish=stop gen_tok=24
  [5400/13249 this process · 5400/13249 segment] 2.09s/row · 1539 chunks/h · ETA 5.10h for the segment · last finish=stop gen_tok=16
  [5450/13249 this process · 5450/13249 segment] 2.33s/row · 1538 chunks/h · ETA 5.07h for the segment · last finish=stop gen_tok=32
  [5500/13249 this process · 5500/13249 segment] 2.20s/row · 1538 chunks/h · ETA 5.04h for the segment · last finish=stop gen_tok=23
  [5550/13249 this process · 5550/13249 segment] 2.95s/row · 1536 chunks/h · ETA 5.01h for the segment · last finish=stop gen_tok=51
  [5600/13249 this process · 5600/13249 segment] 1.88s/row · 1536 chunks/h · ETA 4.98h for the segment · last finish=stop gen_tok=16
  [5650/13249 this process · 5650/13249 segment] 2.92s/row · 1536 chunks/h · ETA 4.95h for the segment · last finish=stop gen_tok=41
  [5700/13249 this process · 5700/13249 segment] 3.50s/row · 1535 chunks/h · ETA 4.92h for the segment · last finish=stop gen_tok=70
  [5750/13249 this process · 5750/13249 segment] 2.66s/row · 1536 chunks/h · ETA 4.88h for the segment · last finish=stop gen_tok=16
  [5800/13249 this process · 5800/13249 segment] 2.30s/row · 1536 chunks/h · ETA 4.85h for the segment · last finish=stop gen_tok=33
  [5850/13249 this process · 5850/13249 segment] 1.99s/row · 1536 chunks/h · ETA 4.82h for the segment · last finish=stop gen_tok=15
  [5900/13249 this process · 5900/13249 segment] 3.46s/row · 1537 chunks/h · ETA 4.78h for the segment · last finish=stop gen_tok=67
  [5950/13249 this process · 5950/13249 segment] 3.51s/row · 1536 chunks/h · ETA 4.75h for the segment · last finish=stop gen_tok=59
  [6000/13249 this process · 6000/13249 segment] 2.54s/row · 1537 chunks/h · ETA 4.72h for the segment · last finish=stop gen_tok=32
  [6050/13249 this process · 6050/13249 segment] 2.75s/row · 1537 chunks/h · ETA 4.68h for the segment · last finish=stop gen_tok=41
  [6100/13249 this process · 6100/13249 segment] 3.49s/row · 1536 chunks/h · ETA 4.65h for the segment · last finish=stop gen_tok=60
  [6150/13249 this process · 6150/13249 segment] 2.77s/row · 1536 chunks/h · ETA 4.62h for the segment · last finish=stop gen_tok=42
  [6200/13249 this process · 6200/13249 segment] 1.76s/row · 1535 chunks/h · ETA 4.59h for the segment · last finish=stop gen_tok=24
  [6250/13249 this process · 6250/13249 segment] 2.04s/row · 1534 chunks/h · ETA 4.56h for the segment · last finish=stop gen_tok=16
  [6300/13249 this process · 6300/13249 segment] 3.45s/row · 1534 chunks/h · ETA 4.53h for the segment · last finish=stop gen_tok=67
  [6350/13249 this process · 6350/13249 segment] 2.13s/row · 1533 chunks/h · ETA 4.50h for the segment · last finish=stop gen_tok=15
  [6400/13249 this process · 6400/13249 segment] 3.83s/row · 1533 chunks/h · ETA 4.47h for the segment · last finish=stop gen_tok=69
  [6450/13249 this process · 6450/13249 segment] 1.67s/row · 1532 chunks/h · ETA 4.44h for the segment · last finish=stop gen_tok=16
  [6500/13249 this process · 6500/13249 segment] 1.36s/row · 1532 chunks/h · ETA 4.41h for the segment · last finish=stop gen_tok=7
  [6550/13249 this process · 6550/13249 segment] 2.43s/row · 1532 chunks/h · ETA 4.37h for the segment · last finish=stop gen_tok=33
  [6600/13249 this process · 6600/13249 segment] 3.60s/row · 1532 chunks/h · ETA 4.34h for the segment · last finish=stop gen_tok=69
  [6650/13249 this process · 6650/13249 segment] 2.37s/row · 1533 chunks/h · ETA 4.30h for the segment · last finish=stop gen_tok=33
  [6700/13249 this process · 6700/13249 segment] 3.12s/row · 1533 chunks/h · ETA 4.27h for the segment · last finish=stop gen_tok=51
  [6750/13249 this process · 6750/13249 segment] 1.68s/row · 1533 chunks/h · ETA 4.24h for the segment · last finish=stop gen_tok=16
  [6800/13249 this process · 6800/13249 segment] 2.11s/row · 1534 chunks/h · ETA 4.20h for the segment · last finish=stop gen_tok=24
  [6850/13249 this process · 6850/13249 segment] 2.30s/row · 1533 chunks/h · ETA 4.17h for the segment · last finish=stop gen_tok=33
  [6900/13249 this process · 6900/13249 segment] 1.64s/row · 1533 chunks/h · ETA 4.14h for the segment · last finish=stop gen_tok=15
  [6950/13249 this process · 6950/13249 segment] 1.61s/row · 1534 chunks/h · ETA 4.11h for the segment · last finish=stop gen_tok=16
  [7000/13249 this process · 7000/13249 segment] 1.99s/row · 1534 chunks/h · ETA 4.07h for the segment · last finish=stop gen_tok=15
  [7050/13249 this process · 7050/13249 segment] 2.46s/row · 1535 chunks/h · ETA 4.04h for the segment · last finish=stop gen_tok=24
  [7100/13249 this process · 7100/13249 segment] 2.05s/row · 1536 chunks/h · ETA 4.00h for the segment · last finish=stop gen_tok=16
  [7150/13249 this process · 7150/13249 segment] 2.25s/row · 1537 chunks/h · ETA 3.97h for the segment · last finish=stop gen_tok=32
  [7200/13249 this process · 7200/13249 segment] 3.48s/row · 1536 chunks/h · ETA 3.94h for the segment · last finish=stop gen_tok=60
  [7250/13249 this process · 7250/13249 segment] 1.74s/row · 1537 chunks/h · ETA 3.90h for the segment · last finish=stop gen_tok=16
  [7300/13249 this process · 7300/13249 segment] 1.77s/row · 1538 chunks/h · ETA 3.87h for the segment · last finish=stop gen_tok=16
  [7350/13249 this process · 7350/13249 segment] 2.29s/row · 1538 chunks/h · ETA 3.84h for the segment · last finish=stop gen_tok=33
  [7400/13249 this process · 7400/13249 segment] 1.80s/row · 1537 chunks/h · ETA 3.80h for the segment · last finish=stop gen_tok=16
  [7450/13249 this process · 7450/13249 segment] 1.83s/row · 1537 chunks/h · ETA 3.77h for the segment · last finish=stop gen_tok=16
  [7500/13249 this process · 7500/13249 segment] 3.92s/row · 1536 chunks/h · ETA 3.74h for the segment · last finish=stop gen_tok=76
  [7550/13249 this process · 7550/13249 segment] 3.05s/row · 1536 chunks/h · ETA 3.71h for the segment · last finish=stop gen_tok=50
  [7600/13249 this process · 7600/13249 segment] 1.79s/row · 1536 chunks/h · ETA 3.68h for the segment · last finish=stop gen_tok=15
  [7650/13249 this process · 7650/13249 segment] 1.62s/row · 1538 chunks/h · ETA 3.64h for the segment · last finish=stop gen_tok=16
  [7700/13249 this process · 7700/13249 segment] 2.04s/row · 1539 chunks/h · ETA 3.61h for the segment · last finish=stop gen_tok=16
  [7750/13249 this process · 7750/13249 segment] 2.33s/row · 1541 chunks/h · ETA 3.57h for the segment · last finish=stop gen_tok=32
  [7800/13249 this process · 7800/13249 segment] 1.81s/row · 1541 chunks/h · ETA 3.54h for the segment · last finish=stop gen_tok=16
  [7850/13249 this process · 7850/13249 segment] 1.85s/row · 1542 chunks/h · ETA 3.50h for the segment · last finish=stop gen_tok=16
  [7900/13249 this process · 7900/13249 segment] 2.27s/row · 1543 chunks/h · ETA 3.47h for the segment · last finish=stop gen_tok=32
  [7950/13249 this process · 7950/13249 segment] 2.12s/row · 1544 chunks/h · ETA 3.43h for the segment · last finish=stop gen_tok=26
  [8000/13249 this process · 8000/13249 segment] 2.83s/row · 1545 chunks/h · ETA 3.40h for the segment · last finish=stop gen_tok=42
  [8050/13249 this process · 8050/13249 segment] 1.70s/row · 1546 chunks/h · ETA 3.36h for the segment · last finish=stop gen_tok=16
  [8100/13249 this process · 8100/13249 segment] 2.14s/row · 1546 chunks/h · ETA 3.33h for the segment · last finish=stop gen_tok=23
  [8150/13249 this process · 8150/13249 segment] 2.36s/row · 1546 chunks/h · ETA 3.30h for the segment · last finish=stop gen_tok=33
  [8200/13249 this process · 8200/13249 segment] 1.91s/row · 1546 chunks/h · ETA 3.27h for the segment · last finish=stop gen_tok=16
  [8250/13249 this process · 8250/13249 segment] 1.78s/row · 1546 chunks/h · ETA 3.23h for the segment · last finish=stop gen_tok=15
  [8300/13249 this process · 8300/13249 segment] 1.74s/row · 1547 chunks/h · ETA 3.20h for the segment · last finish=stop gen_tok=16
  [8350/13249 this process · 8350/13249 segment] 2.13s/row · 1547 chunks/h · ETA 3.17h for the segment · last finish=stop gen_tok=23
  [8400/13249 this process · 8400/13249 segment] 1.75s/row · 1546 chunks/h · ETA 3.14h for the segment · last finish=stop gen_tok=16
  [8450/13249 this process · 8450/13249 segment] 1.75s/row · 1546 chunks/h · ETA 3.10h for the segment · last finish=stop gen_tok=16
  [8500/13249 this process · 8500/13249 segment] 3.63s/row · 1546 chunks/h · ETA 3.07h for the segment · last finish=stop gen_tok=70
  [8550/13249 this process · 8550/13249 segment] 3.05s/row · 1545 chunks/h · ETA 3.04h for the segment · last finish=stop gen_tok=50
  [8600/13249 this process · 8600/13249 segment] 1.85s/row · 1545 chunks/h · ETA 3.01h for the segment · last finish=stop gen_tok=15
  [8650/13249 this process · 8650/13249 segment] 1.96s/row · 1546 chunks/h · ETA 2.97h for the segment · last finish=stop gen_tok=24
  [8700/13249 this process · 8700/13249 segment] 1.63s/row · 1546 chunks/h · ETA 2.94h for the segment · last finish=stop gen_tok=15
  [8750/13249 this process · 8750/13249 segment] 2.42s/row · 1546 chunks/h · ETA 2.91h for the segment · last finish=stop gen_tok=33
  [8800/13249 this process · 8800/13249 segment] 2.39s/row · 1547 chunks/h · ETA 2.88h for the segment · last finish=stop gen_tok=32
  [8850/13249 this process · 8850/13249 segment] 1.79s/row · 1548 chunks/h · ETA 2.84h for the segment · last finish=stop gen_tok=15
  [8900/13249 this process · 8900/13249 segment] 1.83s/row · 1549 chunks/h · ETA 2.81h for the segment · last finish=stop gen_tok=16
  [8950/13249 this process · 8950/13249 segment] 2.71s/row · 1548 chunks/h · ETA 2.78h for the segment · last finish=stop gen_tok=45
  [9000/13249 this process · 9000/13249 segment] 1.88s/row · 1548 chunks/h · ETA 2.74h for the segment · last finish=stop gen_tok=16
  [9050/13249 this process · 9050/13249 segment] 1.89s/row · 1549 chunks/h · ETA 2.71h for the segment · last finish=stop gen_tok=16
  [9100/13249 this process · 9100/13249 segment] 2.44s/row · 1549 chunks/h · ETA 2.68h for the segment · last finish=stop gen_tok=33
  [9150/13249 this process · 9150/13249 segment] 3.02s/row · 1549 chunks/h · ETA 2.65h for the segment · last finish=stop gen_tok=51
  [9200/13249 this process · 9200/13249 segment] 4.53s/row · 1549 chunks/h · ETA 2.61h for the segment · last finish=stop gen_tok=91
  [9250/13249 this process · 9250/13249 segment] 2.03s/row · 1549 chunks/h · ETA 2.58h for the segment · last finish=stop gen_tok=24
  [9300/13249 this process · 9300/13249 segment] 2.30s/row · 1550 chunks/h · ETA 2.55h for the segment · last finish=stop gen_tok=33
  [9350/13249 this process · 9350/13249 segment] 1.73s/row · 1551 chunks/h · ETA 2.51h for the segment · last finish=stop gen_tok=15
  [9400/13249 this process · 9400/13249 segment] 1.75s/row · 1552 chunks/h · ETA 2.48h for the segment · last finish=stop gen_tok=16
  [9450/13249 this process · 9450/13249 segment] 1.90s/row · 1553 chunks/h · ETA 2.45h for the segment · last finish=stop gen_tok=16
  [9500/13249 this process · 9500/13249 segment] 1.76s/row · 1554 chunks/h · ETA 2.41h for the segment · last finish=stop gen_tok=16
  [9550/13249 this process · 9550/13249 segment] 1.82s/row · 1554 chunks/h · ETA 2.38h for the segment · last finish=stop gen_tok=16
  [9600/13249 this process · 9600/13249 segment] 2.47s/row · 1555 chunks/h · ETA 2.35h for the segment · last finish=stop gen_tok=16
  [9650/13249 this process · 9650/13249 segment] 3.77s/row · 1555 chunks/h · ETA 2.31h for the segment · last finish=stop gen_tok=57
  [9700/13249 this process · 9700/13249 segment] 3.68s/row · 1555 chunks/h · ETA 2.28h for the segment · last finish=stop gen_tok=69
  [9750/13249 this process · 9750/13249 segment] 2.70s/row · 1556 chunks/h · ETA 2.25h for the segment · last finish=stop gen_tok=36
  [9800/13249 this process · 9800/13249 segment] 2.34s/row · 1557 chunks/h · ETA 2.22h for the segment · last finish=stop gen_tok=34
  [9850/13249 this process · 9850/13249 segment] 1.69s/row · 1557 chunks/h · ETA 2.18h for the segment · last finish=stop gen_tok=16
  [9900/13249 this process · 9900/13249 segment] 1.63s/row · 1556 chunks/h · ETA 2.15h for the segment · last finish=stop gen_tok=15
  [9950/13249 this process · 9950/13249 segment] 1.27s/row · 1558 chunks/h · ETA 2.12h for the segment · last finish=stop gen_tok=7
  [10000/13249 this process · 10000/13249 segment] 3.18s/row · 1559 chunks/h · ETA 2.08h for the segment · last finish=stop gen_tok=57
  [10050/13249 this process · 10050/13249 segment] 2.73s/row · 1559 chunks/h · ETA 2.05h for the segment · last finish=stop gen_tok=33
  [10100/13249 this process · 10100/13249 segment] 1.94s/row · 1558 chunks/h · ETA 2.02h for the segment · last finish=stop gen_tok=23
  [10150/13249 this process · 10150/13249 segment] 2.20s/row · 1559 chunks/h · ETA 1.99h for the segment · last finish=stop gen_tok=15
  [10200/13249 this process · 10200/13249 segment] 2.40s/row · 1558 chunks/h · ETA 1.96h for the segment · last finish=stop gen_tok=34
  [10250/13249 this process · 10250/13249 segment] 2.52s/row · 1558 chunks/h · ETA 1.92h for the segment · last finish=stop gen_tok=27
  [10300/13249 this process · 10300/13249 segment] 1.81s/row · 1558 chunks/h · ETA 1.89h for the segment · last finish=stop gen_tok=16
  [10350/13249 this process · 10350/13249 segment] 1.28s/row · 1559 chunks/h · ETA 1.86h for the segment · last finish=stop gen_tok=7
  [10400/13249 this process · 10400/13249 segment] 1.67s/row · 1560 chunks/h · ETA 1.83h for the segment · last finish=stop gen_tok=16
  [10450/13249 this process · 10450/13249 segment] 2.67s/row · 1560 chunks/h · ETA 1.79h for the segment · last finish=stop gen_tok=41
  [10500/13249 this process · 10500/13249 segment] 1.99s/row · 1560 chunks/h · ETA 1.76h for the segment · last finish=stop gen_tok=24
  [10550/13249 this process · 10550/13249 segment] 2.62s/row · 1559 chunks/h · ETA 1.73h for the segment · last finish=stop gen_tok=42
  [10600/13249 this process · 10600/13249 segment] 2.04s/row · 1560 chunks/h · ETA 1.70h for the segment · last finish=stop gen_tok=27
  [10650/13249 this process · 10650/13249 segment] 2.03s/row · 1560 chunks/h · ETA 1.67h for the segment · last finish=stop gen_tok=16
  [10700/13249 this process · 10700/13249 segment] 2.00s/row · 1560 chunks/h · ETA 1.63h for the segment · last finish=stop gen_tok=27
  [10750/13249 this process · 10750/13249 segment] 2.76s/row · 1561 chunks/h · ETA 1.60h for the segment · last finish=stop gen_tok=46
  [10800/13249 this process · 10800/13249 segment] 3.99s/row · 1561 chunks/h · ETA 1.57h for the segment · last finish=stop gen_tok=82
  [10850/13249 this process · 10850/13249 segment] 2.04s/row · 1561 chunks/h · ETA 1.54h for the segment · last finish=stop gen_tok=27
  [10900/13249 this process · 10900/13249 segment] 1.73s/row · 1561 chunks/h · ETA 1.50h for the segment · last finish=stop gen_tok=15
  [10950/13249 this process · 10950/13249 segment] 1.82s/row · 1560 chunks/h · ETA 1.47h for the segment · last finish=stop gen_tok=16
  [11000/13249 this process · 11000/13249 segment] 2.33s/row · 1560 chunks/h · ETA 1.44h for the segment · last finish=stop gen_tok=33
  [11050/13249 this process · 11050/13249 segment] 3.07s/row · 1559 chunks/h · ETA 1.41h for the segment · last finish=stop gen_tok=44
  [11100/13249 this process · 11100/13249 segment] 1.34s/row · 1559 chunks/h · ETA 1.38h for the segment · last finish=stop gen_tok=16
  [11150/13249 this process · 11150/13249 segment] 2.89s/row · 1559 chunks/h · ETA 1.35h for the segment · last finish=stop gen_tok=51
  [11200/13249 this process · 11200/13249 segment] 2.30s/row · 1559 chunks/h · ETA 1.31h for the segment · last finish=stop gen_tok=23
  [11250/13249 this process · 11250/13249 segment] 2.39s/row · 1559 chunks/h · ETA 1.28h for the segment · last finish=stop gen_tok=33
  [11300/13249 this process · 11300/13249 segment] 2.60s/row · 1559 chunks/h · ETA 1.25h for the segment · last finish=stop gen_tok=33
  [11350/13249 this process · 11350/13249 segment] 2.61s/row · 1559 chunks/h · ETA 1.22h for the segment · last finish=stop gen_tok=16
  [11400/13249 this process · 11400/13249 segment] 2.06s/row · 1558 chunks/h · ETA 1.19h for the segment · last finish=stop gen_tok=23
  [11450/13249 this process · 11450/13249 segment] 1.96s/row · 1557 chunks/h · ETA 1.16h for the segment · last finish=stop gen_tok=16
  [11500/13249 this process · 11500/13249 segment] 2.79s/row · 1557 chunks/h · ETA 1.12h for the segment · last finish=stop gen_tok=41
  [11550/13249 this process · 11550/13249 segment] 2.36s/row · 1556 chunks/h · ETA 1.09h for the segment · last finish=stop gen_tok=15
  [11600/13249 this process · 11600/13249 segment] 2.78s/row · 1555 chunks/h · ETA 1.06h for the segment · last finish=stop gen_tok=33
  [11650/13249 this process · 11650/13249 segment] 2.64s/row · 1554 chunks/h · ETA 1.03h for the segment · last finish=stop gen_tok=15
  [11700/13249 this process · 11700/13249 segment] 2.16s/row · 1554 chunks/h · ETA 1.00h for the segment · last finish=stop gen_tok=23
  [11750/13249 this process · 11750/13249 segment] 2.71s/row · 1553 chunks/h · ETA 0.97h for the segment · last finish=stop gen_tok=34
  [11800/13249 this process · 11800/13249 segment] 2.04s/row · 1552 chunks/h · ETA 0.93h for the segment · last finish=stop gen_tok=15
  [11850/13249 this process · 11850/13249 segment] 1.87s/row · 1552 chunks/h · ETA 0.90h for the segment · last finish=stop gen_tok=15
  [11900/13249 this process · 11900/13249 segment] 3.83s/row · 1552 chunks/h · ETA 0.87h for the segment · last finish=stop gen_tok=69
  [11950/13249 this process · 11950/13249 segment] 2.23s/row · 1550 chunks/h · ETA 0.84h for the segment · last finish=stop gen_tok=16
  [12000/13249 this process · 12000/13249 segment] 2.36s/row · 1550 chunks/h · ETA 0.81h for the segment · last finish=stop gen_tok=15
  [12050/13249 this process · 12050/13249 segment] 3.96s/row · 1549 chunks/h · ETA 0.77h for the segment · last finish=stop gen_tok=60
  [12100/13249 this process · 12100/13249 segment] 2.51s/row · 1547 chunks/h · ETA 0.74h for the segment · last finish=stop gen_tok=15
  [12150/13249 this process · 12150/13249 segment] 2.55s/row · 1547 chunks/h · ETA 0.71h for the segment · last finish=stop gen_tok=32
  [12200/13249 this process · 12200/13249 segment] 2.39s/row · 1546 chunks/h · ETA 0.68h for the segment · last finish=stop gen_tok=16
  [12250/13249 this process · 12250/13249 segment] 1.87s/row · 1545 chunks/h · ETA 0.65h for the segment · last finish=stop gen_tok=16
  [12300/13249 this process · 12300/13249 segment] 2.42s/row · 1544 chunks/h · ETA 0.61h for the segment · last finish=stop gen_tok=15
  [12350/13249 this process · 12350/13249 segment] 4.14s/row · 1543 chunks/h · ETA 0.58h for the segment · last finish=stop gen_tok=70
  [12400/13249 this process · 12400/13249 segment] 2.00s/row · 1543 chunks/h · ETA 0.55h for the segment · last finish=stop gen_tok=15
  [12450/13249 this process · 12450/13249 segment] 2.27s/row · 1542 chunks/h · ETA 0.52h for the segment · last finish=stop gen_tok=24
  [12500/13249 this process · 12500/13249 segment] 2.42s/row · 1541 chunks/h · ETA 0.49h for the segment · last finish=stop gen_tok=16
  [12550/13249 this process · 12550/13249 segment] 2.56s/row · 1540 chunks/h · ETA 0.45h for the segment · last finish=stop gen_tok=33
  [12600/13249 this process · 12600/13249 segment] 2.84s/row · 1539 chunks/h · ETA 0.42h for the segment · last finish=stop gen_tok=33
  [12650/13249 this process · 12650/13249 segment] 1.95s/row · 1539 chunks/h · ETA 0.39h for the segment · last finish=stop gen_tok=15
  [12700/13249 this process · 12700/13249 segment] 3.73s/row · 1537 chunks/h · ETA 0.36h for the segment · last finish=stop gen_tok=60
  [12750/13249 this process · 12750/13249 segment] 2.54s/row · 1537 chunks/h · ETA 0.32h for the segment · last finish=stop gen_tok=33
  [12800/13249 this process · 12800/13249 segment] 1.95s/row · 1536 chunks/h · ETA 0.29h for the segment · last finish=stop gen_tok=16
  [12850/13249 this process · 12850/13249 segment] 3.01s/row · 1535 chunks/h · ETA 0.26h for the segment · last finish=stop gen_tok=33
  [12900/13249 this process · 12900/13249 segment] 2.23s/row · 1534 chunks/h · ETA 0.23h for the segment · last finish=stop gen_tok=27
  [12950/13249 this process · 12950/13249 segment] 2.19s/row · 1533 chunks/h · ETA 0.19h for the segment · last finish=stop gen_tok=15
  [13000/13249 this process · 13000/13249 segment] 2.47s/row · 1534 chunks/h · ETA 0.16h for the segment · last finish=stop gen_tok=23
  [13050/13249 this process · 13050/13249 segment] 2.00s/row · 1532 chunks/h · ETA 0.13h for the segment · last finish=stop gen_tok=15
  [13100/13249 this process · 13100/13249 segment] 2.75s/row · 1532 chunks/h · ETA 0.10h for the segment · last finish=stop gen_tok=33
  [13150/13249 this process · 13150/13249 segment] 2.45s/row · 1531 chunks/h · ETA 0.06h for the segment · last finish=stop gen_tok=16
  [13200/13249 this process · 13200/13249 segment] 2.53s/row · 1531 chunks/h · ETA 0.03h for the segment · last finish=stop gen_tok=33
  [13249/13249 this process · 13249/13249 segment] 1.45s/row · 1531 chunks/h · ETA 0.00h for the segment · last finish=stop gen_tok=16

SEGMENT seg-014 COMPLETE — 13249/13249 rows.
Now finalize with the SYSTEM python3 (no GPU, seconds):
    python3 finetune/label_e2.py --finalize-segment seg-014
