0 already in labels.jsonl · 13229 to generate
loading base model + adapter (the only GPU work) ...
  loaded in 1.4s
  [50/13229 this process · 50/13229 segment] 2.14s/row · 1466 chunks/h · ETA 8.99h for the segment · last finish=stop gen_tok=24
  [100/13229 this process · 100/13229 segment] 1.92s/row · 1402 chunks/h · ETA 9.37h for the segment · last finish=stop gen_tok=16
  [150/13229 this process · 150/13229 segment] 1.94s/row · 1431 chunks/h · ETA 9.14h for the segment · last finish=stop gen_tok=15
  [200/13229 this process · 200/13229 segment] 2.37s/row · 1449 chunks/h · ETA 8.99h for the segment · last finish=stop gen_tok=32
  [250/13229 this process · 250/13229 segment] 1.67s/row · 1462 chunks/h · ETA 8.88h for the segment · last finish=stop gen_tok=15
  [300/13229 this process · 300/13229 segment] 2.48s/row · 1420 chunks/h · ETA 9.11h for the segment · last finish=stop gen_tok=33
  [350/13229 this process · 350/13229 segment] 2.64s/row · 1413 chunks/h · ETA 9.11h for the segment · last finish=stop gen_tok=33
  [400/13229 this process · 400/13229 segment] 2.26s/row · 1411 chunks/h · ETA 9.09h for the segment · last finish=stop gen_tok=24
  [450/13229 this process · 450/13229 segment] 1.79s/row · 1410 chunks/h · ETA 9.06h for the segment · last finish=stop gen_tok=16
  [500/13229 this process · 500/13229 segment] 2.52s/row · 1420 chunks/h · ETA 8.96h for the segment · last finish=stop gen_tok=34
  [550/13229 this process · 550/13229 segment] 3.00s/row · 1416 chunks/h · ETA 8.95h for the segment · last finish=stop gen_tok=40
  [600/13229 this process · 600/13229 segment] 2.48s/row · 1412 chunks/h · ETA 8.94h for the segment · last finish=stop gen_tok=33
  [650/13229 this process · 650/13229 segment] 2.88s/row · 1419 chunks/h · ETA 8.86h for the segment · last finish=stop gen_tok=48
  [700/13229 this process · 700/13229 segment] 2.98s/row · 1430 chunks/h · ETA 8.76h for the segment · last finish=stop gen_tok=41
  [750/13229 this process · 750/13229 segment] 2.40s/row · 1427 chunks/h · ETA 8.74h for the segment · last finish=stop gen_tok=33
  [800/13229 this process · 800/13229 segment] 2.15s/row · 1426 chunks/h · ETA 8.71h for the segment · last finish=stop gen_tok=27
  [850/13229 this process · 850/13229 segment] 2.62s/row · 1434 chunks/h · ETA 8.63h for the segment · last finish=stop gen_tok=32
  [900/13229 this process · 900/13229 segment] 1.98s/row · 1448 chunks/h · ETA 8.52h for the segment · last finish=stop gen_tok=16
  [950/13229 this process · 950/13229 segment] 2.05s/row · 1458 chunks/h · ETA 8.42h for the segment · last finish=stop gen_tok=16
  [1000/13229 this process · 1000/13229 segment] 2.99s/row · 1457 chunks/h · ETA 8.40h for the segment · last finish=stop gen_tok=41
  [1050/13229 this process · 1050/13229 segment] 2.57s/row · 1449 chunks/h · ETA 8.40h for the segment · last finish=stop gen_tok=32
  [1100/13229 this process · 1100/13229 segment] 3.69s/row · 1454 chunks/h · ETA 8.34h for the segment · last finish=stop gen_tok=68
  [1150/13229 this process · 1150/13229 segment] 1.77s/row · 1460 chunks/h · ETA 8.27h for the segment · last finish=stop gen_tok=15
  [1200/13229 this process · 1200/13229 segment] 1.91s/row · 1453 chunks/h · ETA 8.28h for the segment · last finish=stop gen_tok=16
  [1250/13229 this process · 1250/13229 segment] 2.87s/row · 1449 chunks/h · ETA 8.27h for the segment · last finish=stop gen_tok=33
  [1300/13229 this process · 1300/13229 segment] 1.94s/row · 1452 chunks/h · ETA 8.22h for the segment · last finish=stop gen_tok=23
  [1350/13229 this process · 1350/13229 segment] 2.08s/row · 1459 chunks/h · ETA 8.14h for the segment · last finish=stop gen_tok=16
  [1400/13229 this process · 1400/13229 segment] 2.29s/row · 1466 chunks/h · ETA 8.07h for the segment · last finish=stop gen_tok=33
  [1450/13229 this process · 1450/13229 segment] 2.48s/row · 1471 chunks/h · ETA 8.01h for the segment · last finish=stop gen_tok=32
  [1500/13229 this process · 1500/13229 segment] 2.18s/row · 1480 chunks/h · ETA 7.93h for the segment · last finish=stop gen_tok=33
  [1550/13229 this process · 1550/13229 segment] 2.24s/row · 1477 chunks/h · ETA 7.91h for the segment · last finish=stop gen_tok=33
  [1600/13229 this process · 1600/13229 segment] 2.43s/row · 1483 chunks/h · ETA 7.84h for the segment · last finish=stop gen_tok=15
  [1650/13229 this process · 1650/13229 segment] 3.55s/row · 1483 chunks/h · ETA 7.81h for the segment · last finish=stop gen_tok=59
  [1700/13229 this process · 1700/13229 segment] 2.80s/row · 1481 chunks/h · ETA 7.78h for the segment · last finish=stop gen_tok=33
  [1750/13229 this process · 1750/13229 segment] 1.72s/row · 1477 chunks/h · ETA 7.77h for the segment · last finish=stop gen_tok=15
  [1800/13229 this process · 1800/13229 segment] 2.26s/row · 1479 chunks/h · ETA 7.73h for the segment · last finish=stop gen_tok=16
  [1850/13229 this process · 1850/13229 segment] 2.56s/row · 1473 chunks/h · ETA 7.72h for the segment · last finish=stop gen_tok=32
  [1900/13229 this process · 1900/13229 segment] 2.53s/row · 1473 chunks/h · ETA 7.69h for the segment · last finish=stop gen_tok=24
  [1950/13229 this process · 1950/13229 segment] 3.12s/row · 1475 chunks/h · ETA 7.64h for the segment · last finish=stop gen_tok=58
  [2000/13229 this process · 2000/13229 segment] 2.61s/row · 1477 chunks/h · ETA 7.60h for the segment · last finish=stop gen_tok=40
  [2050/13229 this process · 2050/13229 segment] 1.66s/row · 1478 chunks/h · ETA 7.56h for the segment · last finish=stop gen_tok=16
  [2100/13229 this process · 2100/13229 segment] 1.79s/row · 1477 chunks/h · ETA 7.54h for the segment · last finish=stop gen_tok=24
  [2150/13229 this process · 2150/13229 segment] 1.95s/row · 1480 chunks/h · ETA 7.49h for the segment · last finish=stop gen_tok=16
  [2200/13229 this process · 2200/13229 segment] 2.48s/row · 1484 chunks/h · ETA 7.43h for the segment · last finish=stop gen_tok=24
  [2250/13229 this process · 2250/13229 segment] 1.96s/row · 1483 chunks/h · ETA 7.40h for the segment · last finish=stop gen_tok=16
  [2300/13229 this process · 2300/13229 segment] 2.18s/row · 1481 chunks/h · ETA 7.38h for the segment · last finish=stop gen_tok=16
  [2350/13229 this process · 2350/13229 segment] 2.61s/row · 1482 chunks/h · ETA 7.34h for the segment · last finish=stop gen_tok=33
  [2400/13229 this process · 2400/13229 segment] 3.29s/row · 1481 chunks/h · ETA 7.31h for the segment · last finish=stop gen_tok=51
  [2450/13229 this process · 2450/13229 segment] 1.85s/row · 1479 chunks/h · ETA 7.29h for the segment · last finish=stop gen_tok=24
  [2500/13229 this process · 2500/13229 segment] 2.48s/row · 1479 chunks/h · ETA 7.25h for the segment · last finish=stop gen_tok=33
  [2550/13229 this process · 2550/13229 segment] 2.50s/row · 1481 chunks/h · ETA 7.21h for the segment · last finish=stop gen_tok=34
  [2600/13229 this process · 2600/13229 segment] 2.48s/row · 1482 chunks/h · ETA 7.17h for the segment · last finish=stop gen_tok=33
  [2650/13229 this process · 2650/13229 segment] 3.62s/row · 1480 chunks/h · ETA 7.15h for the segment · last finish=stop gen_tok=59
  [2700/13229 this process · 2700/13229 segment] 1.80s/row · 1481 chunks/h · ETA 7.11h for the segment · last finish=stop gen_tok=15
  [2750/13229 this process · 2750/13229 segment] 3.20s/row · 1480 chunks/h · ETA 7.08h for the segment · last finish=stop gen_tok=45
  [2800/13229 this process · 2800/13229 segment] 2.08s/row · 1480 chunks/h · ETA 7.04h for the segment · last finish=stop gen_tok=15
  [2850/13229 this process · 2850/13229 segment] 2.40s/row · 1483 chunks/h · ETA 7.00h for the segment · last finish=stop gen_tok=33
  [2900/13229 this process · 2900/13229 segment] 1.79s/row · 1489 chunks/h · ETA 6.94h for the segment · last finish=stop gen_tok=16
  [2950/13229 this process · 2950/13229 segment] 1.92s/row · 1494 chunks/h · ETA 6.88h for the segment · last finish=stop gen_tok=16
  [3000/13229 this process · 3000/13229 segment] 2.24s/row · 1496 chunks/h · ETA 6.84h for the segment · last finish=stop gen_tok=32
  [3050/13229 this process · 3050/13229 segment] 2.04s/row · 1497 chunks/h · ETA 6.80h for the segment · last finish=stop gen_tok=16
  [3100/13229 this process · 3100/13229 segment] 1.96s/row · 1498 chunks/h · ETA 6.76h for the segment · last finish=stop gen_tok=16
  [3150/13229 this process · 3150/13229 segment] 2.40s/row · 1498 chunks/h · ETA 6.73h for the segment · last finish=stop gen_tok=32
  [3200/13229 this process · 3200/13229 segment] 1.89s/row · 1497 chunks/h · ETA 6.70h for the segment · last finish=stop gen_tok=16
  [3250/13229 this process · 3250/13229 segment] 2.54s/row · 1499 chunks/h · ETA 6.66h for the segment · last finish=stop gen_tok=33
  [3300/13229 this process · 3300/13229 segment] 1.27s/row · 1501 chunks/h · ETA 6.62h for the segment · last finish=stop gen_tok=7
  [3350/13229 this process · 3350/13229 segment] 2.35s/row · 1504 chunks/h · ETA 6.57h for the segment · last finish=stop gen_tok=32
  [3400/13229 this process · 3400/13229 segment] 2.38s/row · 1506 chunks/h · ETA 6.52h for the segment · last finish=stop gen_tok=33
  [3450/13229 this process · 3450/13229 segment] 1.81s/row · 1507 chunks/h · ETA 6.49h for the segment · last finish=stop gen_tok=16
  [3500/13229 this process · 3500/13229 segment] 1.55s/row · 1509 chunks/h · ETA 6.45h for the segment · last finish=stop gen_tok=16
  [3550/13229 this process · 3550/13229 segment] 3.65s/row · 1510 chunks/h · ETA 6.41h for the segment · last finish=stop gen_tok=68
  [3600/13229 this process · 3600/13229 segment] 2.04s/row · 1512 chunks/h · ETA 6.37h for the segment · last finish=stop gen_tok=27
  [3650/13229 this process · 3650/13229 segment] 1.52s/row · 1513 chunks/h · ETA 6.33h for the segment · last finish=stop gen_tok=16
  [3700/13229 this process · 3700/13229 segment] 2.69s/row · 1512 chunks/h · ETA 6.30h for the segment · last finish=stop gen_tok=33
  [3750/13229 this process · 3750/13229 segment] 2.91s/row · 1512 chunks/h · ETA 6.27h for the segment · last finish=stop gen_tok=48
  [3800/13229 this process · 3800/13229 segment] 2.73s/row · 1511 chunks/h · ETA 6.24h for the segment · last finish=stop gen_tok=32
  [3850/13229 this process · 3850/13229 segment] 1.61s/row · 1511 chunks/h · ETA 6.21h for the segment · last finish=stop gen_tok=16
  [3900/13229 this process · 3900/13229 segment] 2.64s/row · 1509 chunks/h · ETA 6.18h for the segment · last finish=stop gen_tok=16
  [3950/13229 this process · 3950/13229 segment] 2.41s/row · 1511 chunks/h · ETA 6.14h for the segment · last finish=stop gen_tok=33
  [4000/13229 this process · 4000/13229 segment] 2.12s/row · 1512 chunks/h · ETA 6.10h for the segment · last finish=stop gen_tok=16
  [4050/13229 this process · 4050/13229 segment] 2.81s/row · 1510 chunks/h · ETA 6.08h for the segment · last finish=stop gen_tok=32
  [4100/13229 this process · 4100/13229 segment] 2.35s/row · 1509 chunks/h · ETA 6.05h for the segment · last finish=stop gen_tok=33
  [4150/13229 this process · 4150/13229 segment] 2.46s/row · 1506 chunks/h · ETA 6.03h for the segment · last finish=stop gen_tok=33
  [4200/13229 this process · 4200/13229 segment] 2.33s/row · 1508 chunks/h · ETA 5.99h for the segment · last finish=stop gen_tok=32
  [4250/13229 this process · 4250/13229 segment] 1.68s/row · 1510 chunks/h · ETA 5.95h for the segment · last finish=stop gen_tok=7
  [4300/13229 this process · 4300/13229 segment] 2.36s/row · 1511 chunks/h · ETA 5.91h for the segment · last finish=stop gen_tok=32
  [4350/13229 this process · 4350/13229 segment] 2.36s/row · 1514 chunks/h · ETA 5.87h for the segment · last finish=stop gen_tok=24
  [4400/13229 this process · 4400/13229 segment] 2.64s/row · 1512 chunks/h · ETA 5.84h for the segment · last finish=stop gen_tok=32
  [4450/13229 this process · 4450/13229 segment] 1.75s/row · 1511 chunks/h · ETA 5.81h for the segment · last finish=stop gen_tok=15
  [4500/13229 this process · 4500/13229 segment] 3.45s/row · 1508 chunks/h · ETA 5.79h for the segment · last finish=stop gen_tok=51
  [4550/13229 this process · 4550/13229 segment] 3.68s/row · 1506 chunks/h · ETA 5.76h for the segment · last finish=stop gen_tok=50
  [4600/13229 this process · 4600/13229 segment] 4.20s/row · 1505 chunks/h · ETA 5.73h for the segment · last finish=stop gen_tok=60
  [4650/13229 this process · 4650/13229 segment] 3.22s/row · 1502 chunks/h · ETA 5.71h for the segment · last finish=stop gen_tok=55
  [4700/13229 this process · 4700/13229 segment] 2.17s/row · 1501 chunks/h · ETA 5.68h for the segment · last finish=stop gen_tok=16
  [4750/13229 this process · 4750/13229 segment] 2.99s/row · 1500 chunks/h · ETA 5.65h for the segment · last finish=stop gen_tok=41
  [4800/13229 this process · 4800/13229 segment] 2.32s/row · 1500 chunks/h · ETA 5.62h for the segment · last finish=stop gen_tok=15
  [4850/13229 this process · 4850/13229 segment] 3.03s/row · 1499 chunks/h · ETA 5.59h for the segment · last finish=stop gen_tok=50
  [4900/13229 this process · 4900/13229 segment] 2.36s/row · 1498 chunks/h · ETA 5.56h for the segment · last finish=stop gen_tok=34
  [4950/13229 this process · 4950/13229 segment] 1.72s/row · 1498 chunks/h · ETA 5.53h for the segment · last finish=stop gen_tok=15
  [5000/13229 this process · 5000/13229 segment] 2.02s/row · 1498 chunks/h · ETA 5.49h for the segment · last finish=stop gen_tok=27
  [5050/13229 this process · 5050/13229 segment] 1.81s/row · 1499 chunks/h · ETA 5.45h for the segment · last finish=stop gen_tok=16
  [5100/13229 this process · 5100/13229 segment] 1.99s/row · 1500 chunks/h · ETA 5.42h for the segment · last finish=stop gen_tok=16
  [5150/13229 this process · 5150/13229 segment] 1.76s/row · 1502 chunks/h · ETA 5.38h for the segment · last finish=stop gen_tok=16
  [5200/13229 this process · 5200/13229 segment] 3.54s/row · 1500 chunks/h · ETA 5.35h for the segment · last finish=stop gen_tok=50
  [5250/13229 this process · 5250/13229 segment] 2.27s/row · 1499 chunks/h · ETA 5.32h for the segment · last finish=stop gen_tok=24
  [5300/13229 this process · 5300/13229 segment] 3.10s/row · 1498 chunks/h · ETA 5.29h for the segment · last finish=stop gen_tok=40
  [5350/13229 this process · 5350/13229 segment] 3.21s/row · 1495 chunks/h · ETA 5.27h for the segment · last finish=stop gen_tok=48
  [5400/13229 this process · 5400/13229 segment] 3.56s/row · 1492 chunks/h · ETA 5.25h for the segment · last finish=stop gen_tok=59
  [5450/13229 this process · 5450/13229 segment] 1.63s/row · 1491 chunks/h · ETA 5.22h for the segment · last finish=stop gen_tok=16
  [5500/13229 this process · 5500/13229 segment] 1.78s/row · 1489 chunks/h · ETA 5.19h for the segment · last finish=stop gen_tok=16
  [5550/13229 this process · 5550/13229 segment] 2.18s/row · 1487 chunks/h · ETA 5.17h for the segment · last finish=stop gen_tok=23
  [5600/13229 this process · 5600/13229 segment] 2.11s/row · 1485 chunks/h · ETA 5.14h for the segment · last finish=stop gen_tok=23
  [5650/13229 this process · 5650/13229 segment] 3.23s/row · 1482 chunks/h · ETA 5.11h for the segment · last finish=stop gen_tok=40
  [5700/13229 this process · 5700/13229 segment] 2.24s/row · 1481 chunks/h · ETA 5.08h for the segment · last finish=stop gen_tok=23
  [5750/13229 this process · 5750/13229 segment] 1.79s/row · 1480 chunks/h · ETA 5.05h for the segment · last finish=stop gen_tok=16
  [5800/13229 this process · 5800/13229 segment] 1.82s/row · 1479 chunks/h · ETA 5.02h for the segment · last finish=stop gen_tok=16
  [5850/13229 this process · 5850/13229 segment] 3.49s/row · 1478 chunks/h · ETA 4.99h for the segment · last finish=stop gen_tok=52
  [5900/13229 this process · 5900/13229 segment] 3.17s/row · 1476 chunks/h · ETA 4.96h for the segment · last finish=stop gen_tok=24
  [5950/13229 this process · 5950/13229 segment] 3.19s/row · 1475 chunks/h · ETA 4.94h for the segment · last finish=stop gen_tok=41
  [6000/13229 this process · 6000/13229 segment] 2.59s/row · 1474 chunks/h · ETA 4.90h for the segment · last finish=stop gen_tok=33
  [6050/13229 this process · 6050/13229 segment] 2.31s/row · 1473 chunks/h · ETA 4.87h for the segment · last finish=stop gen_tok=24
  [6100/13229 this process · 6100/13229 segment] 1.91s/row · 1473 chunks/h · ETA 4.84h for the segment · last finish=stop gen_tok=15
  [6150/13229 this process · 6150/13229 segment] 2.71s/row · 1471 chunks/h · ETA 4.81h for the segment · last finish=stop gen_tok=33
  [6200/13229 this process · 6200/13229 segment] 3.16s/row · 1468 chunks/h · ETA 4.79h for the segment · last finish=stop gen_tok=50
  [6250/13229 this process · 6250/13229 segment] 3.43s/row · 1467 chunks/h · ETA 4.76h for the segment · last finish=stop gen_tok=57
  [6300/13229 this process · 6300/13229 segment] 2.10s/row · 1467 chunks/h · ETA 4.72h for the segment · last finish=stop gen_tok=16
  [6350/13229 this process · 6350/13229 segment] 2.01s/row · 1465 chunks/h · ETA 4.69h for the segment · last finish=stop gen_tok=15
  [6400/13229 this process · 6400/13229 segment] 2.53s/row · 1465 chunks/h · ETA 4.66h for the segment · last finish=stop gen_tok=32
  [6450/13229 this process · 6450/13229 segment] 2.14s/row · 1464 chunks/h · ETA 4.63h for the segment · last finish=stop gen_tok=24
  [6500/13229 this process · 6500/13229 segment] 1.84s/row · 1464 chunks/h · ETA 4.60h for the segment · last finish=stop gen_tok=15
  [6550/13229 this process · 6550/13229 segment] 2.76s/row · 1464 chunks/h · ETA 4.56h for the segment · last finish=stop gen_tok=33
  [6600/13229 this process · 6600/13229 segment] 2.55s/row · 1462 chunks/h · ETA 4.53h for the segment · last finish=stop gen_tok=34
  [6650/13229 this process · 6650/13229 segment] 2.16s/row · 1460 chunks/h · ETA 4.51h for the segment · last finish=stop gen_tok=24
  [6700/13229 this process · 6700/13229 segment] 2.44s/row · 1460 chunks/h · ETA 4.47h for the segment · last finish=stop gen_tok=24
  [6750/13229 this process · 6750/13229 segment] 2.00s/row · 1459 chunks/h · ETA 4.44h for the segment · last finish=stop gen_tok=15
  [6800/13229 this process · 6800/13229 segment] 2.51s/row · 1459 chunks/h · ETA 4.41h for the segment · last finish=stop gen_tok=33
  [6850/13229 this process · 6850/13229 segment] 2.09s/row · 1458 chunks/h · ETA 4.37h for the segment · last finish=stop gen_tok=24
  [6900/13229 this process · 6900/13229 segment] 2.53s/row · 1460 chunks/h · ETA 4.34h for the segment · last finish=stop gen_tok=33
  [6950/13229 this process · 6950/13229 segment] 1.85s/row · 1459 chunks/h · ETA 4.30h for the segment · last finish=stop gen_tok=24
  [7000/13229 this process · 7000/13229 segment] 1.89s/row · 1458 chunks/h · ETA 4.27h for the segment · last finish=stop gen_tok=15
  [7050/13229 this process · 7050/13229 segment] 1.85s/row · 1458 chunks/h · ETA 4.24h for the segment · last finish=stop gen_tok=15
  [7100/13229 this process · 7100/13229 segment] 1.95s/row · 1458 chunks/h · ETA 4.21h for the segment · last finish=stop gen_tok=16
  [7150/13229 this process · 7150/13229 segment] 2.56s/row · 1456 chunks/h · ETA 4.18h for the segment · last finish=stop gen_tok=32
  [7200/13229 this process · 7200/13229 segment] 2.76s/row · 1454 chunks/h · ETA 4.15h for the segment · last finish=stop gen_tok=23
  [7250/13229 this process · 7250/13229 segment] 1.79s/row · 1454 chunks/h · ETA 4.11h for the segment · last finish=stop gen_tok=16
  [7300/13229 this process · 7300/13229 segment] 1.97s/row · 1455 chunks/h · ETA 4.08h for the segment · last finish=stop gen_tok=16
  [7350/13229 this process · 7350/13229 segment] 2.64s/row · 1455 chunks/h · ETA 4.04h for the segment · last finish=stop gen_tok=32
  [7400/13229 this process · 7400/13229 segment] 2.91s/row · 1455 chunks/h · ETA 4.01h for the segment · last finish=stop gen_tok=32
  [7450/13229 this process · 7450/13229 segment] 2.26s/row · 1456 chunks/h · ETA 3.97h for the segment · last finish=stop gen_tok=33
  [7500/13229 this process · 7500/13229 segment] 2.44s/row · 1456 chunks/h · ETA 3.94h for the segment · last finish=stop gen_tok=33
  [7550/13229 this process · 7550/13229 segment] 2.84s/row · 1455 chunks/h · ETA 3.90h for the segment · last finish=stop gen_tok=50
  [7600/13229 this process · 7600/13229 segment] 2.29s/row · 1456 chunks/h · ETA 3.87h for the segment · last finish=stop gen_tok=32
  [7650/13229 this process · 7650/13229 segment] 2.20s/row · 1456 chunks/h · ETA 3.83h for the segment · last finish=stop gen_tok=15
  [7700/13229 this process · 7700/13229 segment] 1.98s/row · 1456 chunks/h · ETA 3.80h for the segment · last finish=stop gen_tok=23
  [7750/13229 this process · 7750/13229 segment] 2.13s/row · 1457 chunks/h · ETA 3.76h for the segment · last finish=stop gen_tok=16
  [7800/13229 this process · 7800/13229 segment] 2.08s/row · 1458 chunks/h · ETA 3.72h for the segment · last finish=stop gen_tok=16
  [7850/13229 this process · 7850/13229 segment] 1.84s/row · 1459 chunks/h · ETA 3.69h for the segment · last finish=stop gen_tok=16
  [7900/13229 this process · 7900/13229 segment] 2.75s/row · 1460 chunks/h · ETA 3.65h for the segment · last finish=stop gen_tok=16
  [7950/13229 this process · 7950/13229 segment] 1.96s/row · 1461 chunks/h · ETA 3.61h for the segment · last finish=stop gen_tok=16
  [8000/13229 this process · 8000/13229 segment] 1.66s/row · 1460 chunks/h · ETA 3.58h for the segment · last finish=stop gen_tok=16
  [8050/13229 this process · 8050/13229 segment] 2.06s/row · 1461 chunks/h · ETA 3.54h for the segment · last finish=stop gen_tok=16
  [8100/13229 this process · 8100/13229 segment] 3.68s/row · 1460 chunks/h · ETA 3.51h for the segment · last finish=stop gen_tok=72
  [8150/13229 this process · 8150/13229 segment] 1.95s/row · 1462 chunks/h · ETA 3.47h for the segment · last finish=stop gen_tok=27
  [8200/13229 this process · 8200/13229 segment] 1.61s/row · 1461 chunks/h · ETA 3.44h for the segment · last finish=stop gen_tok=16
  [8250/13229 this process · 8250/13229 segment] 2.50s/row · 1461 chunks/h · ETA 3.41h for the segment · last finish=stop gen_tok=23
  [8300/13229 this process · 8300/13229 segment] 3.08s/row · 1461 chunks/h · ETA 3.37h for the segment · last finish=stop gen_tok=52
  [8350/13229 this process · 8350/13229 segment] 2.46s/row · 1461 chunks/h · ETA 3.34h for the segment · last finish=stop gen_tok=16
  [8400/13229 this process · 8400/13229 segment] 1.91s/row · 1461 chunks/h · ETA 3.31h for the segment · last finish=stop gen_tok=16
  [8450/13229 this process · 8450/13229 segment] 2.06s/row · 1462 chunks/h · ETA 3.27h for the segment · last finish=stop gen_tok=16
  [8500/13229 this process · 8500/13229 segment] 1.80s/row · 1463 chunks/h · ETA 3.23h for the segment · last finish=stop gen_tok=15
  [8550/13229 this process · 8550/13229 segment] 2.30s/row · 1463 chunks/h · ETA 3.20h for the segment · last finish=stop gen_tok=32
  [8600/13229 this process · 8600/13229 segment] 2.10s/row · 1464 chunks/h · ETA 3.16h for the segment · last finish=stop gen_tok=16
  [8650/13229 this process · 8650/13229 segment] 2.23s/row · 1465 chunks/h · ETA 3.13h for the segment · last finish=stop gen_tok=15
  [8700/13229 this process · 8700/13229 segment] 1.89s/row · 1465 chunks/h · ETA 3.09h for the segment · last finish=stop gen_tok=24
  [8750/13229 this process · 8750/13229 segment] 2.06s/row · 1466 chunks/h · ETA 3.05h for the segment · last finish=stop gen_tok=16
  [8800/13229 this process · 8800/13229 segment] 1.76s/row · 1468 chunks/h · ETA 3.02h for the segment · last finish=stop gen_tok=16
  [8850/13229 this process · 8850/13229 segment] 3.17s/row · 1469 chunks/h · ETA 2.98h for the segment · last finish=stop gen_tok=52
  [8900/13229 this process · 8900/13229 segment] 2.32s/row · 1470 chunks/h · ETA 2.95h for the segment · last finish=stop gen_tok=32
  [8950/13229 this process · 8950/13229 segment] 2.22s/row · 1471 chunks/h · ETA 2.91h for the segment · last finish=stop gen_tok=33
  [9000/13229 this process · 9000/13229 segment] 1.99s/row · 1473 chunks/h · ETA 2.87h for the segment · last finish=stop gen_tok=16
  [9050/13229 this process · 9050/13229 segment] 1.75s/row · 1473 chunks/h · ETA 2.84h for the segment · last finish=stop gen_tok=16
  [9100/13229 this process · 9100/13229 segment] 2.78s/row · 1474 chunks/h · ETA 2.80h for the segment · last finish=stop gen_tok=41
  [9150/13229 this process · 9150/13229 segment] 2.28s/row · 1474 chunks/h · ETA 2.77h for the segment · last finish=stop gen_tok=33
  [9200/13229 this process · 9200/13229 segment] 1.73s/row · 1475 chunks/h · ETA 2.73h for the segment · last finish=stop gen_tok=15
  [9250/13229 this process · 9250/13229 segment] 2.42s/row · 1476 chunks/h · ETA 2.70h for the segment · last finish=stop gen_tok=33
  [9300/13229 this process · 9300/13229 segment] 3.59s/row · 1477 chunks/h · ETA 2.66h for the segment · last finish=stop gen_tok=73
  [9350/13229 this process · 9350/13229 segment] 2.37s/row · 1477 chunks/h · ETA 2.63h for the segment · last finish=stop gen_tok=32
  [9400/13229 this process · 9400/13229 segment] 2.91s/row · 1477 chunks/h · ETA 2.59h for the segment · last finish=stop gen_tok=51
  [9450/13229 this process · 9450/13229 segment] 1.83s/row · 1478 chunks/h · ETA 2.56h for the segment · last finish=stop gen_tok=16
  [9500/13229 this process · 9500/13229 segment] 2.89s/row · 1479 chunks/h · ETA 2.52h for the segment · last finish=stop gen_tok=46
  [9550/13229 this process · 9550/13229 segment] 1.76s/row · 1480 chunks/h · ETA 2.49h for the segment · last finish=stop gen_tok=15
  [9600/13229 this process · 9600/13229 segment] 2.39s/row · 1480 chunks/h · ETA 2.45h for the segment · last finish=stop gen_tok=32
  [9650/13229 this process · 9650/13229 segment] 1.86s/row · 1481 chunks/h · ETA 2.42h for the segment · last finish=stop gen_tok=15
  [9700/13229 this process · 9700/13229 segment] 2.26s/row · 1481 chunks/h · ETA 2.38h for the segment · last finish=stop gen_tok=32
  [9750/13229 this process · 9750/13229 segment] 2.47s/row · 1482 chunks/h · ETA 2.35h for the segment · last finish=stop gen_tok=34
  [9800/13229 this process · 9800/13229 segment] 1.19s/row · 1482 chunks/h · ETA 2.31h for the segment · last finish=stop gen_tok=7
  [9850/13229 this process · 9850/13229 segment] 2.50s/row · 1482 chunks/h · ETA 2.28h for the segment · last finish=stop gen_tok=33
  [9900/13229 this process · 9900/13229 segment] 2.41s/row · 1483 chunks/h · ETA 2.25h for the segment · last finish=stop gen_tok=16
  [9950/13229 this process · 9950/13229 segment] 1.24s/row · 1483 chunks/h · ETA 2.21h for the segment · last finish=stop gen_tok=7
  [10000/13229 this process · 10000/13229 segment] 1.97s/row · 1483 chunks/h · ETA 2.18h for the segment · last finish=stop gen_tok=16
  [10050/13229 this process · 10050/13229 segment] 2.30s/row · 1483 chunks/h · ETA 2.14h for the segment · last finish=stop gen_tok=15
  [10100/13229 this process · 10100/13229 segment] 1.71s/row · 1483 chunks/h · ETA 2.11h for the segment · last finish=stop gen_tok=16
  [10150/13229 this process · 10150/13229 segment] 2.05s/row · 1484 chunks/h · ETA 2.08h for the segment · last finish=stop gen_tok=16
  [10200/13229 this process · 10200/13229 segment] 3.42s/row · 1483 chunks/h · ETA 2.04h for the segment · last finish=stop gen_tok=59
  [10250/13229 this process · 10250/13229 segment] 1.64s/row · 1484 chunks/h · ETA 2.01h for the segment · last finish=stop gen_tok=16
  [10300/13229 this process · 10300/13229 segment] 3.19s/row · 1485 chunks/h · ETA 1.97h for the segment · last finish=stop gen_tok=51
  [10350/13229 this process · 10350/13229 segment] 3.34s/row · 1485 chunks/h · ETA 1.94h for the segment · last finish=stop gen_tok=65
  [10400/13229 this process · 10400/13229 segment] 2.06s/row · 1486 chunks/h · ETA 1.90h for the segment · last finish=stop gen_tok=24
  [10450/13229 this process · 10450/13229 segment] 1.93s/row · 1486 chunks/h · ETA 1.87h for the segment · last finish=stop gen_tok=15
  [10500/13229 this process · 10500/13229 segment] 2.37s/row · 1486 chunks/h · ETA 1.84h for the segment · last finish=stop gen_tok=48
  [10550/13229 this process · 10550/13229 segment] 2.82s/row · 1485 chunks/h · ETA 1.80h for the segment · last finish=stop gen_tok=42
  [10600/13229 this process · 10600/13229 segment] 2.36s/row · 1485 chunks/h · ETA 1.77h for the segment · last finish=stop gen_tok=33
  [10650/13229 this process · 10650/13229 segment] 1.96s/row · 1485 chunks/h · ETA 1.74h for the segment · last finish=stop gen_tok=27
  [10700/13229 this process · 10700/13229 segment] 2.43s/row · 1485 chunks/h · ETA 1.70h for the segment · last finish=stop gen_tok=33
  [10750/13229 this process · 10750/13229 segment] 3.58s/row · 1486 chunks/h · ETA 1.67h for the segment · last finish=stop gen_tok=63
  [10800/13229 this process · 10800/13229 segment] 3.91s/row · 1487 chunks/h · ETA 1.63h for the segment · last finish=stop gen_tok=79
  [10850/13229 this process · 10850/13229 segment] 2.69s/row · 1486 chunks/h · ETA 1.60h for the segment · last finish=stop gen_tok=42
  [10900/13229 this process · 10900/13229 segment] 3.83s/row · 1487 chunks/h · ETA 1.57h for the segment · last finish=stop gen_tok=72
  [10950/13229 this process · 10950/13229 segment] 1.84s/row · 1488 chunks/h · ETA 1.53h for the segment · last finish=stop gen_tok=16
  [11000/13229 this process · 11000/13229 segment] 2.42s/row · 1488 chunks/h · ETA 1.50h for the segment · last finish=stop gen_tok=36
  [11050/13229 this process · 11050/13229 segment] 2.67s/row · 1488 chunks/h · ETA 1.46h for the segment · last finish=stop gen_tok=48
  [11100/13229 this process · 11100/13229 segment] 1.86s/row · 1489 chunks/h · ETA 1.43h for the segment · last finish=stop gen_tok=24
  [11150/13229 this process · 11150/13229 segment] 2.58s/row · 1489 chunks/h · ETA 1.40h for the segment · last finish=stop gen_tok=45
  [11200/13229 this process · 11200/13229 segment] 1.89s/row · 1488 chunks/h · ETA 1.36h for the segment · last finish=stop gen_tok=27
  [11250/13229 this process · 11250/13229 segment] 2.17s/row · 1488 chunks/h · ETA 1.33h for the segment · last finish=stop gen_tok=27
  [11300/13229 this process · 11300/13229 segment] 2.89s/row · 1488 chunks/h · ETA 1.30h for the segment · last finish=stop gen_tok=50
  [11350/13229 this process · 11350/13229 segment] 1.97s/row · 1488 chunks/h · ETA 1.26h for the segment · last finish=stop gen_tok=15
  [11400/13229 this process · 11400/13229 segment] 2.29s/row · 1488 chunks/h · ETA 1.23h for the segment · last finish=stop gen_tok=16
  [11450/13229 this process · 11450/13229 segment] 2.43s/row · 1487 chunks/h · ETA 1.20h for the segment · last finish=stop gen_tok=33
  [11500/13229 this process · 11500/13229 segment] 1.38s/row · 1487 chunks/h · ETA 1.16h for the segment · last finish=stop gen_tok=16
  [11550/13229 this process · 11550/13229 segment] 3.37s/row · 1486 chunks/h · ETA 1.13h for the segment · last finish=stop gen_tok=66
  [11600/13229 this process · 11600/13229 segment] 3.28s/row · 1485 chunks/h · ETA 1.10h for the segment · last finish=stop gen_tok=52
  [11650/13229 this process · 11650/13229 segment] 3.72s/row · 1485 chunks/h · ETA 1.06h for the segment · last finish=stop gen_tok=59
  [11700/13229 this process · 11700/13229 segment] 3.40s/row · 1486 chunks/h · ETA 1.03h for the segment · last finish=stop gen_tok=60
  [11750/13229 this process · 11750/13229 segment] 4.93s/row · 1485 chunks/h · ETA 1.00h for the segment · last finish=stop gen_tok=100
  [11800/13229 this process · 11800/13229 segment] 2.36s/row · 1485 chunks/h · ETA 0.96h for the segment · last finish=stop gen_tok=24
  [11850/13229 this process · 11850/13229 segment] 2.78s/row · 1485 chunks/h · ETA 0.93h for the segment · last finish=stop gen_tok=49
  [11900/13229 this process · 11900/13229 segment] 2.09s/row · 1485 chunks/h · ETA 0.90h for the segment · last finish=stop gen_tok=24
  [11950/13229 this process · 11950/13229 segment] 2.49s/row · 1485 chunks/h · ETA 0.86h for the segment · last finish=stop gen_tok=34
  [12000/13229 this process · 12000/13229 segment] 1.82s/row · 1484 chunks/h · ETA 0.83h for the segment · last finish=stop gen_tok=16
  [12050/13229 this process · 12050/13229 segment] 2.64s/row · 1485 chunks/h · ETA 0.79h for the segment · last finish=stop gen_tok=16
  [12100/13229 this process · 12100/13229 segment] 1.65s/row · 1485 chunks/h · ETA 0.76h for the segment · last finish=stop gen_tok=16
  [12150/13229 this process · 12150/13229 segment] 3.24s/row · 1486 chunks/h · ETA 0.73h for the segment · last finish=stop gen_tok=64
  [12200/13229 this process · 12200/13229 segment] 2.31s/row · 1486 chunks/h · ETA 0.69h for the segment · last finish=stop gen_tok=33
  [12250/13229 this process · 12250/13229 segment] 1.78s/row · 1485 chunks/h · ETA 0.66h for the segment · last finish=stop gen_tok=16
  [12300/13229 this process · 12300/13229 segment] 1.66s/row · 1487 chunks/h · ETA 0.62h for the segment · last finish=stop gen_tok=16
  [12350/13229 this process · 12350/13229 segment] 1.67s/row · 1487 chunks/h · ETA 0.59h for the segment · last finish=stop gen_tok=15
  [12400/13229 this process · 12400/13229 segment] 2.40s/row · 1487 chunks/h · ETA 0.56h for the segment · last finish=stop gen_tok=15
  [12450/13229 this process · 12450/13229 segment] 2.49s/row · 1487 chunks/h · ETA 0.52h for the segment · last finish=stop gen_tok=40
  [12500/13229 this process · 12500/13229 segment] 2.42s/row · 1486 chunks/h · ETA 0.49h for the segment · last finish=stop gen_tok=34
  [12550/13229 this process · 12550/13229 segment] 1.94s/row · 1486 chunks/h · ETA 0.46h for the segment · last finish=stop gen_tok=16
  [12600/13229 this process · 12600/13229 segment] 1.95s/row · 1486 chunks/h · ETA 0.42h for the segment · last finish=stop gen_tok=27
  [12650/13229 this process · 12650/13229 segment] 1.85s/row · 1486 chunks/h · ETA 0.39h for the segment · last finish=stop gen_tok=24
  [12700/13229 this process · 12700/13229 segment] 2.63s/row · 1486 chunks/h · ETA 0.36h for the segment · last finish=stop gen_tok=36
  [12750/13229 this process · 12750/13229 segment] 2.92s/row · 1486 chunks/h · ETA 0.32h for the segment · last finish=stop gen_tok=42
  [12800/13229 this process · 12800/13229 segment] 2.40s/row · 1486 chunks/h · ETA 0.29h for the segment · last finish=stop gen_tok=32
  [12850/13229 this process · 12850/13229 segment] 1.58s/row · 1486 chunks/h · ETA 0.25h for the segment · last finish=stop gen_tok=16
  [12900/13229 this process · 12900/13229 segment] 2.84s/row · 1487 chunks/h · ETA 0.22h for the segment · last finish=stop gen_tok=51
  [12950/13229 this process · 12950/13229 segment] 2.82s/row · 1486 chunks/h · ETA 0.19h for the segment · last finish=stop gen_tok=40
  [13000/13229 this process · 13000/13229 segment] 2.53s/row · 1487 chunks/h · ETA 0.15h for the segment · last finish=stop gen_tok=33
  [13050/13229 this process · 13050/13229 segment] 1.77s/row · 1487 chunks/h · ETA 0.12h for the segment · last finish=stop gen_tok=16
  [13100/13229 this process · 13100/13229 segment] 1.61s/row · 1486 chunks/h · ETA 0.09h for the segment · last finish=stop gen_tok=27
  [13150/13229 this process · 13150/13229 segment] 2.50s/row · 1486 chunks/h · ETA 0.05h for the segment · last finish=stop gen_tok=24
  [13200/13229 this process · 13200/13229 segment] 3.25s/row · 1486 chunks/h · ETA 0.02h for the segment · last finish=stop gen_tok=51
  [13229/13229 this process · 13229/13229 segment] 2.95s/row · 1486 chunks/h · ETA 0.00h for the segment · last finish=stop gen_tok=45

SEGMENT seg-019 COMPLETE — 13229/13229 rows.
Now finalize with the SYSTEM python3 (no GPU, seconds):
    python3 finetune/label_e2.py --finalize-segment seg-019
